14:50:13.927  INIT  user_agent=OAuth pypoe/0.1.0 (flipper) delay=0.0 min_gap=1.0
14:50:13.929  PRE   POST /api/trade/search/Standard  delay=0.000 min_gap=1.000 last=1784638213.927
14:50:13.929  ENF   delay=0.000 min_gap=1.000 jitter=2.436 gap=3.436 since_last=0.002 sleep=3.434
14:50:17.669  PARSE Account 3:5:60 → 3.333s/req pen=60s (used=3); Ip 8:10:60 → 1.328s/req pen=60s (used=3); Ip 15:60:120 → 3.200s/req pen=120s (used=3); Ip 60:300:1800 → 2.875s/req pen=1800s (used=3)  delay 0.000→4.333  min_gap→0  max_usage=20%
14:50:17.669  RAW   content-type: application/json
14:50:17.669  RAW   x-rate-limit-policy: trade-search-request-limit
14:50:17.669  RAW   x-rate-limit-rules: Account,Ip
14:50:17.669  RAW   x-rate-limit-account: 3:5:60
14:50:17.669  RAW   x-rate-limit-account-state: 3:5:0
14:50:17.669  RAW   x-rate-limit-ip: 8:10:60,15:60:120,60:300:1800
14:50:17.669  RAW   x-rate-limit-ip-state: 3:10:0,3:60:0,3:300:0
14:50:17.669  RAW   cf-cache-status: DYNAMIC
14:50:17.669  RAW   cf-ray: a1ea549aabb233bf-WAW
14:50:17.669  RESP  POST /api/trade/search/Standard → 200  3.741s  delay=4.333 min_gap=0.000 last=1784638217.670
14:50:17.670  PRE   GET /api/trade/fetch/5429f8056eb356298f7b98a655d76dca80534812d7950281c152e00920b74cb8%2Cffc29bb91570ac4a9d94e5abd3d78e3303e727c9de4cd278d2ef903cd3ab2fe8%2Cfcd909c1f7cb653d2a35e1b688a94769e470d1117a4cc10f123e801e620b6073%2Cab12916929d15e6d9bcc1aeedfb5634d04faae42d9763ba9a645d3228ee625c0%2Cfbe38ad27bddab046f0a08d94bd634fe26b61a3e17dff48f56e2b73b1ad537ba  delay=4.333 min_gap=0.000 last=1784638217.670
14:50:17.670  ENF   delay=4.333 min_gap=0.000 jitter=2.048 gap=6.382 since_last=0.000 sleep=6.382
14:50:24.382  PARSE Account 6:4:10 → 0.833s/req pen=10s (used=3); Ip 12:4:60 → 0.292s/req pen=60s (used=3); Ip 16:12:60 → 0.586s/req pen=60s (used=3)  delay 4.333→1.833  min_gap→0  max_usage=0%
14:50:24.382  RAW   content-type: application/json
14:50:24.382  RAW   x-rate-limit-policy: trade-fetch-request-limit
14:50:24.382  RAW   x-rate-limit-rules: Account,Ip
14:50:24.382  RAW   x-rate-limit-account: 6:4:10
14:50:24.382  RAW   x-rate-limit-account-state: 3:4:0
14:50:24.382  RAW   x-rate-limit-ip: 12:4:60,16:12:60
14:50:24.382  RAW   x-rate-limit-ip-state: 3:4:0,3:12:0
14:50:24.382  RAW   cf-cache-status: DYNAMIC
14:50:24.382  RAW   cf-ray: a1ea54c45ad733bf-WAW
14:50:24.382  RESP  GET /api/trade/fetch/5429f8056eb356298f7b98a655d76dca80534812d7950281c152e00920b74cb8%2Cffc29bb91570ac4a9d94e5abd3d78e3303e727c9de4cd278d2ef903cd3ab2fe8%2Cfcd909c1f7cb653d2a35e1b688a94769e470d1117a4cc10f123e801e620b6073%2Cab12916929d15e6d9bcc1aeedfb5634d04faae42d9763ba9a645d3228ee625c0%2Cfbe38ad27bddab046f0a08d94bd634fe26b61a3e17dff48f56e2b73b1ad537ba → 200  6.712s  delay=1.833 min_gap=0.000 last=1784638224.383
14:50:24.382  PRE   POST /api/trade/search/Standard  delay=1.833 min_gap=0.000 last=1784638224.383
14:50:24.382  ENF   delay=1.833 min_gap=0.000 jitter=3.571 gap=5.405 since_last=0.000 sleep=5.404
14:50:30.078  PARSE Account 3:5:60 → 3.333s/req pen=60s (used=3); Ip 8:10:60 → 1.328s/req pen=60s (used=3); Ip 15:60:120 → 4.400s/req pen=120s (used=6); Ip 60:300:1800 → 3.250s/req pen=1800s (used=6)  delay 1.833→5.400  min_gap→0  max_usage=40%
14:50:30.078  RAW   content-type: application/json
14:50:30.078  RAW   x-rate-limit-policy: trade-search-request-limit
14:50:30.078  RAW   x-rate-limit-rules: Account,Ip
14:50:30.078  RAW   x-rate-limit-account: 3:5:60
14:50:30.078  RAW   x-rate-limit-account-state: 3:5:0
14:50:30.078  RAW   x-rate-limit-ip: 8:10:60,15:60:120,60:300:1800
14:50:30.078  RAW   x-rate-limit-ip-state: 3:10:0,6:60:0,6:300:0
14:50:30.078  RAW   cf-cache-status: DYNAMIC
14:50:30.078  RAW   cf-ray: a1ea54e82aaa33bf-WAW
14:50:30.078  RESP  POST /api/trade/search/Standard → 200  5.696s  delay=5.400 min_gap=0.000 last=1784638230.079
14:50:30.078  PRE   GET /api/trade/fetch/c5f811c44780de6c24bd51458de33695637d96b3a9a56fa9d4d36bb0b8734688%2Ca5a215e8ab4f5a40b2290915d7ed7e50c0cedef4bae8bf8484df5e90df045a90%2C86a2ea49a3550a35d26eebbaa24f4ba28a99c74fd3b0bcdcf30cc90700e29ae7%2C202b74cf377b8c40e3c001bc81ff4ecaceee6f1ee883dab94bdc2faaa7701aa6%2C7d7e2f3c3d70dad17d62c919768de0c05245787c879999c18423791e7b348d8c  delay=5.400 min_gap=0.000 last=1784638230.079
14:50:30.078  ENF   delay=5.400 min_gap=0.000 jitter=2.660 gap=8.060 since_last=0.000 sleep=8.060
14:50:38.408  PARSE Account 6:4:10 → 0.667s/req pen=10s (used=2); Ip 12:4:60 → 0.250s/req pen=60s (used=2); Ip 16:12:60 → 0.516s/req pen=60s (used=2)  delay 5.400→1.667  min_gap→0  max_usage=0%
14:50:38.408  RAW   content-type: application/json
14:50:38.408  RAW   x-rate-limit-policy: trade-fetch-request-limit
14:50:38.408  RAW   x-rate-limit-rules: Account,Ip
14:50:38.408  RAW   x-rate-limit-account: 6:4:10
14:50:38.408  RAW   x-rate-limit-account-state: 2:4:0
14:50:38.408  RAW   x-rate-limit-ip: 12:4:60,16:12:60
14:50:38.408  RAW   x-rate-limit-ip-state: 2:4:0,2:12:0
14:50:38.408  RAW   cf-cache-status: DYNAMIC
14:50:38.408  RAW   cf-ray: a1ea551c5a7d33bf-WAW
14:50:38.408  RESP  GET /api/trade/fetch/c5f811c44780de6c24bd51458de33695637d96b3a9a56fa9d4d36bb0b8734688%2Ca5a215e8ab4f5a40b2290915d7ed7e50c0cedef4bae8bf8484df5e90df045a90%2C86a2ea49a3550a35d26eebbaa24f4ba28a99c74fd3b0bcdcf30cc90700e29ae7%2C202b74cf377b8c40e3c001bc81ff4ecaceee6f1ee883dab94bdc2faaa7701aa6%2C7d7e2f3c3d70dad17d62c919768de0c05245787c879999c18423791e7b348d8c → 200  8.329s  delay=1.667 min_gap=0.000 last=1784638238.408
14:50:38.408  PRE   POST /api/trade/search/Standard  delay=1.667 min_gap=0.000 last=1784638238.408
14:50:38.408  ENF   delay=1.667 min_gap=0.000 jitter=4.959 gap=6.625 since_last=0.000 sleep=6.625
14:50:45.309  PARSE Account 3:5:60 → 2.500s/req pen=60s (used=2); Ip 8:10:60 → 1.328s/req pen=60s (used=3); Ip 15:60:120 → 5.600s/req pen=120s (used=9); Ip 60:300:1800 → 3.625s/req pen=1800s (used=9)  delay 1.667→6.600  min_gap→0  max_usage=60%
14:50:45.309  RAW   content-type: application/json
14:50:45.309  RAW   x-rate-limit-policy: trade-search-request-limit
14:50:45.309  RAW   x-rate-limit-rules: Account,Ip
14:50:45.309  RAW   x-rate-limit-account: 3:5:60
14:50:45.309  RAW   x-rate-limit-account-state: 2:5:0
14:50:45.309  RAW   x-rate-limit-ip: 8:10:60,15:60:120,60:300:1800
14:50:45.309  RAW   x-rate-limit-ip-state: 3:10:0,9:60:0,9:300:0
14:50:45.309  RAW   cf-cache-status: DYNAMIC
14:50:45.309  RAW   cf-ray: a1ea55477b1f33bf-WAW
14:50:45.309  RESP  POST /api/trade/search/Standard → 200  6.901s  delay=6.600 min_gap=0.000 last=1784638245.310
14:50:45.309  PRE   GET /api/trade/fetch/fcd909c1f7cb653d2a35e1b688a94769e470d1117a4cc10f123e801e620b6073%2C5429f8056eb356298f7b98a655d76dca80534812d7950281c152e00920b74cb8%2Cab12916929d15e6d9bcc1aeedfb5634d04faae42d9763ba9a645d3228ee625c0%2Cfbe38ad27bddab046f0a08d94bd634fe26b61a3e17dff48f56e2b73b1ad537ba%2Cfbe47d7db8fe7df78947782e2fff73b894ac7d836febc5c899140a02f979513d  delay=6.600 min_gap=0.000 last=1784638245.310
14:50:45.309  ENF   delay=6.600 min_gap=0.000 jitter=2.610 gap=9.210 since_last=0.000 sleep=9.210
14:50:54.841  PARSE Account 6:4:10 → 0.667s/req pen=10s (used=2); Ip 12:4:60 → 0.250s/req pen=60s (used=2); Ip 16:12:60 → 0.586s/req pen=60s (used=3)  delay 6.600→1.667  min_gap→0  max_usage=0%
14:50:54.841  RAW   content-type: application/json
14:50:54.841  RAW   x-rate-limit-policy: trade-fetch-request-limit
14:50:54.841  RAW   x-rate-limit-rules: Account,Ip
14:50:54.841  RAW   x-rate-limit-account: 6:4:10
14:50:54.841  RAW   x-rate-limit-account-state: 2:4:0
14:50:54.841  RAW   x-rate-limit-ip: 12:4:60,16:12:60
14:50:54.841  RAW   x-rate-limit-ip-state: 2:4:0,3:12:0
14:50:54.841  RAW   cf-cache-status: DYNAMIC
14:50:54.841  RAW   cf-ray: a1ea5582cd8933bf-WAW
14:50:54.841  RESP  GET /api/trade/fetch/fcd909c1f7cb653d2a35e1b688a94769e470d1117a4cc10f123e801e620b6073%2C5429f8056eb356298f7b98a655d76dca80534812d7950281c152e00920b74cb8%2Cab12916929d15e6d9bcc1aeedfb5634d04faae42d9763ba9a645d3228ee625c0%2Cfbe38ad27bddab046f0a08d94bd634fe26b61a3e17dff48f56e2b73b1ad537ba%2Cfbe47d7db8fe7df78947782e2fff73b894ac7d836febc5c899140a02f979513d → 200  9.532s  delay=1.667 min_gap=0.000 last=1784638254.842
14:50:54.868  PRE   POST /api/trade/search/Standard  delay=1.667 min_gap=0.000 last=1784638254.842
14:50:54.868  ENF   delay=1.667 min_gap=0.000 jitter=3.802 gap=5.468 since_last=0.026 sleep=5.442
14:51:00.585  PARSE Account 3:5:60 → 3.333s/req pen=60s (used=3); Ip 8:10:60 → 1.328s/req pen=60s (used=3); Ip 15:60:120 → 6.400s/req pen=120s (used=11); Ip 60:300:1800 → 4.000s/req pen=1800s (used=12)  delay 1.667→7.400  min_gap→0  max_usage=73%
14:51:00.585  BACK  set 33s backoff at 73% usage
14:51:00.585  RAW   content-type: application/json
14:51:00.585  RAW   x-rate-limit-policy: trade-search-request-limit
14:51:00.585  RAW   x-rate-limit-rules: Account,Ip
14:51:00.585  RAW   x-rate-limit-account: 3:5:60
14:51:00.585  RAW   x-rate-limit-account-state: 3:5:0
14:51:00.585  RAW   x-rate-limit-ip: 8:10:60,15:60:120,60:300:1800
14:51:00.585  RAW   x-rate-limit-ip-state: 3:10:0,11:60:0,12:300:0
14:51:00.585  RAW   cf-cache-status: DYNAMIC
14:51:00.585  RAW   cf-ray: a1ea55a6f87333bf-WAW
14:51:00.585  RESP  POST /api/trade/search/Standard → 200  5.717s  delay=7.400 min_gap=0.000 last=1784638260.586
14:51:00.585  PRE   GET /api/trade/fetch/fcd909c1f7cb653d2a35e1b688a94769e470d1117a4cc10f123e801e620b6073%2Cffc29bb91570ac4a9d94e5abd3d78e3303e727c9de4cd278d2ef903cd3ab2fe8%2C5429f8056eb356298f7b98a655d76dca80534812d7950281c152e00920b74cb8%2Ce255eb2bceb81626ef352f14a177de71cdc0756045e71255a66a17aa77a29d05%2C9fb7ae5ffa2d0e2fbf36606ddd5b92a18918a145fe6ff15ebb29d083eef39865  delay=7.400 min_gap=0.000 last=1784638260.586
14:51:00.585  BACK  sleep=33.3
14:51:33.919  ENF   delay=7.400 min_gap=0.000 jitter=2.312 gap=9.712 since_last=0.000 sleep=9.712
14:51:43.905  PARSE Account 6:4:10 → 0.667s/req pen=10s (used=2); Ip 12:4:60 → 0.250s/req pen=60s (used=2); Ip 16:12:60 → 0.516s/req pen=60s (used=2)  delay 7.400→1.667  min_gap→0  max_usage=0%
14:51:43.905  RAW   content-type: application/json
14:51:43.905  RAW   x-rate-limit-policy: trade-fetch-request-limit
14:51:43.905  RAW   x-rate-limit-rules: Account,Ip
14:51:43.905  RAW   x-rate-limit-account: 6:4:10
14:51:43.905  RAW   x-rate-limit-account-state: 2:4:0
14:51:43.905  RAW   x-rate-limit-ip: 12:4:60,16:12:60
14:51:43.905  RAW   x-rate-limit-ip-state: 2:4:0,2:12:0
14:51:43.905  RAW   cf-cache-status: DYNAMIC
14:51:43.905  RAW   cf-ray: a1ea56b5bdb233bf-WAW
14:51:43.905  RESP  GET /api/trade/fetch/fcd909c1f7cb653d2a35e1b688a94769e470d1117a4cc10f123e801e620b6073%2Cffc29bb91570ac4a9d94e5abd3d78e3303e727c9de4cd278d2ef903cd3ab2fe8%2C5429f8056eb356298f7b98a655d76dca80534812d7950281c152e00920b74cb8%2Ce255eb2bceb81626ef352f14a177de71cdc0756045e71255a66a17aa77a29d05%2C9fb7ae5ffa2d0e2fbf36606ddd5b92a18918a145fe6ff15ebb29d083eef39865 → 200  43.319s  delay=1.667 min_gap=0.000 last=1784638303.905
14:51:43.905  PRE   POST /api/trade/search/Standard  delay=1.667 min_gap=0.000 last=1784638303.905
14:51:43.905  ENF   delay=1.667 min_gap=0.000 jitter=4.447 gap=6.113 since_last=0.000 sleep=6.113
14:51:50.312  PARSE Account 3:5:60 → 2.500s/req pen=60s (used=2); Ip 8:10:60 → 1.094s/req pen=60s (used=2); Ip 15:60:120 → 3.600s/req pen=120s (used=4); Ip 60:300:1800 → 4.375s/req pen=1800s (used=15)  delay 1.667→5.375  min_gap→0  max_usage=27%
14:51:50.312  RAW   content-type: application/json
14:51:50.312  RAW   x-rate-limit-policy: trade-search-request-limit
14:51:50.312  RAW   x-rate-limit-rules: Account,Ip
14:51:50.312  RAW   x-rate-limit-account: 3:5:60
14:51:50.312  RAW   x-rate-limit-account-state: 2:5:0
14:51:50.312  RAW   x-rate-limit-ip: 8:10:60,15:60:120,60:300:1800
14:51:50.312  RAW   x-rate-limit-ip-state: 2:10:0,4:60:0,15:300:0
14:51:50.312  RAW   cf-cache-status: DYNAMIC
14:51:50.312  RAW   cf-ray: a1ea56ddaa6933bf-WAW
14:51:50.312  RESP  POST /api/trade/search/Standard → 200  6.407s  delay=5.375 min_gap=0.000 last=1784638310.312
14:51:50.312  PRE   GET /api/trade/fetch/c5f811c44780de6c24bd51458de33695637d96b3a9a56fa9d4d36bb0b8734688%2Ca5a215e8ab4f5a40b2290915d7ed7e50c0cedef4bae8bf8484df5e90df045a90%2C202b74cf377b8c40e3c001bc81ff4ecaceee6f1ee883dab94bdc2faaa7701aa6%2C7d7e2f3c3d70dad17d62c919768de0c05245787c879999c18423791e7b348d8c%2C96b8cd2a9bb21117f2fca7d9bc29b3f624913db9c6511816a8f8d8f4c96ab6bd  delay=5.375 min_gap=0.000 last=1784638310.312
14:51:50.312  ENF   delay=5.375 min_gap=0.000 jitter=3.096 gap=8.471 since_last=0.000 sleep=8.471
14:51:59.046  PARSE Account 6:4:10 → 0.667s/req pen=10s (used=2); Ip 12:4:60 → 0.250s/req pen=60s (used=2); Ip 16:12:60 → 0.516s/req pen=60s (used=2)  delay 5.375→1.667  min_gap→0  max_usage=0%
14:51:59.046  RAW   content-type: application/json
14:51:59.046  RAW   x-rate-limit-policy: trade-fetch-request-limit
14:51:59.046  RAW   x-rate-limit-rules: Account,Ip
14:51:59.046  RAW   x-rate-limit-account: 6:4:10
14:51:59.046  RAW   x-rate-limit-account-state: 2:4:0
14:51:59.046  RAW   x-rate-limit-ip: 12:4:60,16:12:60
14:51:59.046  RAW   x-rate-limit-ip-state: 2:4:0,2:12:0
14:51:59.046  RAW   cf-cache-status: DYNAMIC
14:51:59.046  RAW   cf-ray: a1ea57146ba933bf-WAW
14:51:59.046  RESP  GET /api/trade/fetch/c5f811c44780de6c24bd51458de33695637d96b3a9a56fa9d4d36bb0b8734688%2Ca5a215e8ab4f5a40b2290915d7ed7e50c0cedef4bae8bf8484df5e90df045a90%2C202b74cf377b8c40e3c001bc81ff4ecaceee6f1ee883dab94bdc2faaa7701aa6%2C7d7e2f3c3d70dad17d62c919768de0c05245787c879999c18423791e7b348d8c%2C96b8cd2a9bb21117f2fca7d9bc29b3f624913db9c6511816a8f8d8f4c96ab6bd → 200  8.734s  delay=1.667 min_gap=0.000 last=1784638319.047
14:51:59.046  PRE   POST /api/trade/search/Standard  delay=1.667 min_gap=0.000 last=1784638319.047
14:51:59.046  ENF   delay=1.667 min_gap=0.000 jitter=3.446 gap=5.112 since_last=0.000 sleep=5.112
14:52:04.463  PARSE Account 3:5:60 → 1.667s/req pen=60s (used=1); Ip 8:10:60 → 0.859s/req pen=60s (used=1); Ip 15:60:120 → 3.200s/req pen=120s (used=3); Ip 60:300:1800 → 4.500s/req pen=1800s (used=16)  delay 1.667→5.500  min_gap→0  max_usage=27%
14:52:04.463  RAW   content-type: application/json
14:52:04.463  RAW   x-rate-limit-policy: trade-search-request-limit
14:52:04.463  RAW   x-rate-limit-rules: Account,Ip
14:52:04.463  RAW   x-rate-limit-account: 3:5:60
14:52:04.463  RAW   x-rate-limit-account-state: 1:5:0
14:52:04.463  RAW   x-rate-limit-ip: 8:10:60,15:60:120,60:300:1800
14:52:04.463  RAW   x-rate-limit-ip-state: 1:10:0,3:60:0,16:300:0
14:52:04.463  RAW   cf-cache-status: DYNAMIC
14:52:04.463  RAW   cf-ray: a1ea57360fab33bf-WAW
14:52:04.463  RESP  POST /api/trade/search/Standard → 200  5.417s  delay=5.500 min_gap=0.000 last=1784638324.464
14:52:04.463  PRE   GET /api/trade/fetch/fcd909c1f7cb653d2a35e1b688a94769e470d1117a4cc10f123e801e620b6073%2C5429f8056eb356298f7b98a655d76dca80534812d7950281c152e00920b74cb8%2Cb25d22414e4d03f8371b768511cdd46bf7e3800a63ec182efb47618a83642339%2C5af7257abb3aae9adfff6a4f3960d545cf464774b7ef3f23255a02b88b0e213f%2C0c24722934d0577d8cc9e5220a0b9fad8720f765fe4743c12ed4a4e1f538867c  delay=5.500 min_gap=0.000 last=1784638324.464
14:52:04.463  ENF   delay=5.500 min_gap=0.000 jitter=2.883 gap=8.383 since_last=0.000 sleep=8.383
14:52:13.113  PARSE Account 6:4:10 → 0.500s/req pen=10s (used=1); Ip 12:4:60 → 0.208s/req pen=60s (used=1); Ip 16:12:60 → 0.445s/req pen=60s (used=1)  delay 5.500→1.500  min_gap→0  max_usage=0%
14:52:13.113  RAW   content-type: application/json
14:52:13.113  RAW   x-rate-limit-policy: trade-fetch-request-limit
14:52:13.113  RAW   x-rate-limit-rules: Account,Ip
14:52:13.113  RAW   x-rate-limit-account: 6:4:10
14:52:13.113  RAW   x-rate-limit-account-state: 1:4:0
14:52:13.113  RAW   x-rate-limit-ip: 12:4:60,16:12:60
14:52:13.113  RAW   x-rate-limit-ip-state: 1:4:0,1:12:0
14:52:13.113  RAW   cf-cache-status: DYNAMIC
14:52:13.113  RAW   cf-ray: a1ea576c4b7233bf-WAW
14:52:13.113  RESP  GET /api/trade/fetch/fcd909c1f7cb653d2a35e1b688a94769e470d1117a4cc10f123e801e620b6073%2C5429f8056eb356298f7b98a655d76dca80534812d7950281c152e00920b74cb8%2Cb25d22414e4d03f8371b768511cdd46bf7e3800a63ec182efb47618a83642339%2C5af7257abb3aae9adfff6a4f3960d545cf464774b7ef3f23255a02b88b0e213f%2C0c24722934d0577d8cc9e5220a0b9fad8720f765fe4743c12ed4a4e1f538867c → 200  8.649s  delay=1.500 min_gap=0.000 last=1784638333.114
14:52:13.138  PRE   POST /api/trade/search/Standard  delay=1.500 min_gap=0.000 last=1784638333.114
14:52:13.138  ENF   delay=1.500 min_gap=0.000 jitter=4.736 gap=6.236 since_last=0.025 sleep=6.211
14:52:19.633  PARSE Account 3:5:60 → 1.667s/req pen=60s (used=1); Ip 8:10:60 → 0.859s/req pen=60s (used=1); Ip 15:60:120 → 4.000s/req pen=120s (used=5); Ip 60:300:1800 → 4.750s/req pen=1800s (used=18)  delay 1.500→5.750  min_gap→0  max_usage=33%
14:52:19.633  RAW   content-type: application/json
14:52:19.633  RAW   x-rate-limit-policy: trade-search-request-limit
14:52:19.633  RAW   x-rate-limit-rules: Account,Ip
14:52:19.634  RAW   x-rate-limit-account: 3:5:60
14:52:19.634  RAW   x-rate-limit-account-state: 1:5:0
14:52:19.634  RAW   x-rate-limit-ip: 8:10:60,15:60:120,60:300:1800
14:52:19.634  RAW   x-rate-limit-ip-state: 1:10:0,5:60:0,18:300:0
14:52:19.634  RAW   cf-cache-status: DYNAMIC
14:52:19.634  RAW   cf-ray: a1ea5794ff0033bf-WAW
14:52:19.634  RESP  POST /api/trade/search/Standard → 200  6.495s  delay=5.750 min_gap=0.000 last=1784638339.634
14:52:19.634  PRE   GET /api/trade/fetch/5429f8056eb356298f7b98a655d76dca80534812d7950281c152e00920b74cb8%2Cffc29bb91570ac4a9d94e5abd3d78e3303e727c9de4cd278d2ef903cd3ab2fe8%2Cfcd909c1f7cb653d2a35e1b688a94769e470d1117a4cc10f123e801e620b6073%2C0c24722934d0577d8cc9e5220a0b9fad8720f765fe4743c12ed4a4e1f538867c%2C39cfb56e528b399778de6daef3506aa211e42344383441a029a61caafb3e3aa3  delay=5.750 min_gap=0.000 last=1784638339.634
14:52:19.634  ENF   delay=5.750 min_gap=0.000 jitter=4.150 gap=9.900 since_last=0.000 sleep=9.900
14:52:29.843  PARSE Account 6:4:10 → 0.500s/req pen=10s (used=1); Ip 12:4:60 → 0.208s/req pen=60s (used=1); Ip 16:12:60 → 0.445s/req pen=60s (used=1)  delay 5.750→1.500  min_gap→0  max_usage=0%
14:52:29.843  RAW   content-type: application/json
14:52:29.843  RAW   x-rate-limit-policy: trade-fetch-request-limit
14:52:29.843  RAW   x-rate-limit-rules: Account,Ip
14:52:29.843  RAW   x-rate-limit-account: 6:4:10
14:52:29.843  RAW   x-rate-limit-account-state: 1:4:0
14:52:29.843  RAW   x-rate-limit-ip: 12:4:60,16:12:60
14:52:29.843  RAW   x-rate-limit-ip-state: 1:4:0,1:12:0
14:52:29.843  RAW   cf-cache-status: DYNAMIC
14:52:29.843  RAW   cf-ray: a1ea57d49f2333bf-WAW
14:52:29.843  RESP  GET /api/trade/fetch/5429f8056eb356298f7b98a655d76dca80534812d7950281c152e00920b74cb8%2Cffc29bb91570ac4a9d94e5abd3d78e3303e727c9de4cd278d2ef903cd3ab2fe8%2Cfcd909c1f7cb653d2a35e1b688a94769e470d1117a4cc10f123e801e620b6073%2C0c24722934d0577d8cc9e5220a0b9fad8720f765fe4743c12ed4a4e1f538867c%2C39cfb56e528b399778de6daef3506aa211e42344383441a029a61caafb3e3aa3 → 200  10.209s  delay=1.500 min_gap=0.000 last=1784638349.843
14:52:29.843  PRE   POST /api/trade/search/Standard  delay=1.500 min_gap=0.000 last=1784638349.843
14:52:29.843  ENF   delay=1.500 min_gap=0.000 jitter=3.198 gap=4.698 since_last=0.000 sleep=4.698
14:52:34.829  PARSE Account 3:5:60 → 1.667s/req pen=60s (used=1); Ip 8:10:60 → 0.859s/req pen=60s (used=1); Ip 15:60:120 → 4.800s/req pen=120s (used=7); Ip 60:300:1800 → 5.000s/req pen=1800s (used=20)  delay 1.500→6.000  min_gap→0  max_usage=47%
14:52:34.829  RAW   content-type: application/json
14:52:34.829  RAW   x-rate-limit-policy: trade-search-request-limit
14:52:34.829  RAW   x-rate-limit-rules: Account,Ip
14:52:34.829  RAW   x-rate-limit-account: 3:5:60
14:52:34.829  RAW   x-rate-limit-account-state: 1:5:0
14:52:34.829  RAW   x-rate-limit-ip: 8:10:60,15:60:120,60:300:1800
14:52:34.829  RAW   x-rate-limit-ip-state: 1:10:0,7:60:0,20:300:0
14:52:34.829  RAW   cf-cache-status: DYNAMIC
14:52:34.829  RAW   cf-ray: a1ea57f3eb1b33bf-WAW
14:52:34.829  RESP  POST /api/trade/search/Standard → 200  4.986s  delay=6.000 min_gap=0.000 last=1784638354.829
14:52:34.829  PRE   GET /api/trade/fetch/c5f811c44780de6c24bd51458de33695637d96b3a9a56fa9d4d36bb0b8734688%2Ca5a215e8ab4f5a40b2290915d7ed7e50c0cedef4bae8bf8484df5e90df045a90%2C7d7e2f3c3d70dad17d62c919768de0c05245787c879999c18423791e7b348d8c%2C270c7093e3d90d6ac164325676ae12c447cad5a5afa7410bb67ebbb2e768aacc%2C86a2ea49a3550a35d26eebbaa24f4ba28a99c74fd3b0bcdcf30cc90700e29ae7  delay=6.000 min_gap=0.000 last=1784638354.829
14:52:34.829  ENF   delay=6.000 min_gap=0.000 jitter=4.364 gap=10.364 since_last=0.000 sleep=10.364
14:52:45.456  PARSE Account 6:4:10 → 0.500s/req pen=10s (used=1); Ip 12:4:60 → 0.208s/req pen=60s (used=1); Ip 16:12:60 → 0.445s/req pen=60s (used=1)  delay 6.000→1.500  min_gap→0  max_usage=0%
14:52:45.456  RAW   content-type: application/json
14:52:45.456  RAW   x-rate-limit-policy: trade-fetch-request-limit
14:52:45.456  RAW   x-rate-limit-rules: Account,Ip
14:52:45.456  RAW   x-rate-limit-account: 6:4:10
14:52:45.456  RAW   x-rate-limit-account-state: 1:4:0
14:52:45.456  RAW   x-rate-limit-ip: 12:4:60,16:12:60
14:52:45.456  RAW   x-rate-limit-ip-state: 1:4:0,1:12:0
14:52:45.456  RAW   cf-cache-status: DYNAMIC
14:52:45.456  RAW   cf-ray: a1ea58367b2233bf-WAW
14:52:45.456  RESP  GET /api/trade/fetch/c5f811c44780de6c24bd51458de33695637d96b3a9a56fa9d4d36bb0b8734688%2Ca5a215e8ab4f5a40b2290915d7ed7e50c0cedef4bae8bf8484df5e90df045a90%2C7d7e2f3c3d70dad17d62c919768de0c05245787c879999c18423791e7b348d8c%2C270c7093e3d90d6ac164325676ae12c447cad5a5afa7410bb67ebbb2e768aacc%2C86a2ea49a3550a35d26eebbaa24f4ba28a99c74fd3b0bcdcf30cc90700e29ae7 → 200  10.627s  delay=1.500 min_gap=0.000 last=1784638365.456
14:52:45.456  PRE   POST /api/trade/search/Standard  delay=1.500 min_gap=0.000 last=1784638365.456
14:52:45.456  ENF   delay=1.500 min_gap=0.000 jitter=4.231 gap=5.731 since_last=0.000 sleep=5.730
14:52:51.498  PARSE Account 3:5:60 → 1.667s/req pen=60s (used=1); Ip 8:10:60 → 0.859s/req pen=60s (used=1); Ip 15:60:120 → 4.800s/req pen=120s (used=7); Ip 60:300:1800 → 5.250s/req pen=1800s (used=22)  delay 1.500→6.250  min_gap→0  max_usage=47%
14:52:51.498  RAW   content-type: application/json
14:52:51.498  RAW   x-rate-limit-policy: trade-search-request-limit
14:52:51.498  RAW   x-rate-limit-rules: Account,Ip
14:52:51.498  RAW   x-rate-limit-account: 3:5:60
14:52:51.498  RAW   x-rate-limit-account-state: 1:5:0
14:52:51.498  RAW   x-rate-limit-ip: 8:10:60,15:60:120,60:300:1800
14:52:51.498  RAW   x-rate-limit-ip-state: 1:10:0,7:60:0,22:300:0
14:52:51.498  RAW   cf-cache-status: DYNAMIC
14:52:51.498  RAW   cf-ray: a1ea585bebcd33bf-WAW
14:52:51.498  RESP  POST /api/trade/search/Standard → 200  6.042s  delay=6.250 min_gap=0.000 last=1784638371.498
14:52:51.498  PRE   GET /api/trade/fetch/fcd909c1f7cb653d2a35e1b688a94769e470d1117a4cc10f123e801e620b6073%2C5429f8056eb356298f7b98a655d76dca80534812d7950281c152e00920b74cb8%2C0c24722934d0577d8cc9e5220a0b9fad8720f765fe4743c12ed4a4e1f538867c%2C5af7257abb3aae9adfff6a4f3960d545cf464774b7ef3f23255a02b88b0e213f%2C427d31a39ece9a8672a2f131c86547845e08481f270baa6e24503bcf58f37122  delay=6.250 min_gap=0.000 last=1784638371.498
14:52:51.498  ENF   delay=6.250 min_gap=0.000 jitter=2.911 gap=9.161 since_last=0.000 sleep=9.161
14:53:00.933  PARSE Account 6:4:10 → 0.500s/req pen=10s (used=1); Ip 12:4:60 → 0.208s/req pen=60s (used=1); Ip 16:12:60 → 0.445s/req pen=60s (used=1)  delay 6.250→1.500  min_gap→0  max_usage=0%
14:53:00.933  RAW   content-type: application/json
14:53:00.933  RAW   x-rate-limit-policy: trade-fetch-request-limit
14:53:00.933  RAW   x-rate-limit-rules: Account,Ip
14:53:00.933  RAW   x-rate-limit-account: 6:4:10
14:53:00.933  RAW   x-rate-limit-account-state: 1:4:0
14:53:00.933  RAW   x-rate-limit-ip: 12:4:60,16:12:60
14:53:00.933  RAW   x-rate-limit-ip-state: 1:4:0,1:12:0
14:53:00.933  RAW   cf-cache-status: DYNAMIC
14:53:00.933  RAW   cf-ray: a1ea58972a9333bf-WAW
14:53:00.933  RESP  GET /api/trade/fetch/fcd909c1f7cb653d2a35e1b688a94769e470d1117a4cc10f123e801e620b6073%2C5429f8056eb356298f7b98a655d76dca80534812d7950281c152e00920b74cb8%2C0c24722934d0577d8cc9e5220a0b9fad8720f765fe4743c12ed4a4e1f538867c%2C5af7257abb3aae9adfff6a4f3960d545cf464774b7ef3f23255a02b88b0e213f%2C427d31a39ece9a8672a2f131c86547845e08481f270baa6e24503bcf58f37122 → 200  9.435s  delay=1.500 min_gap=0.000 last=1784638380.933
14:53:00.959  PRE   POST /api/trade/search/Standard  delay=1.500 min_gap=0.000 last=1784638380.933
14:53:00.959  ENF   delay=1.500 min_gap=0.000 jitter=2.242 gap=3.742 since_last=0.027 sleep=3.716
14:53:04.973  PARSE Account 3:5:60 → 1.667s/req pen=60s (used=1); Ip 8:10:60 → 0.859s/req pen=60s (used=1); Ip 15:60:120 → 4.800s/req pen=120s (used=7); Ip 60:300:1800 → 5.500s/req pen=1800s (used=24)  delay 1.500→6.500  min_gap→0  max_usage=47%
14:53:04.973  RAW   content-type: application/json
14:53:04.973  RAW   x-rate-limit-policy: trade-search-request-limit
14:53:04.973  RAW   x-rate-limit-rules: Account,Ip
14:53:04.973  RAW   x-rate-limit-account: 3:5:60
14:53:04.973  RAW   x-rate-limit-account-state: 1:5:0
14:53:04.973  RAW   x-rate-limit-ip: 8:10:60,15:60:120,60:300:1800
14:53:04.973  RAW   x-rate-limit-ip-state: 1:10:0,7:60:0,24:300:0
14:53:04.973  RAW   cf-cache-status: DYNAMIC
14:53:04.973  RAW   cf-ray: a1ea58b03d2333bf-WAW
14:53:04.974  RESP  POST /api/trade/search/Standard → 200  4.014s  delay=6.500 min_gap=0.000 last=1784638384.974
14:53:04.974  PRE   GET /api/trade/fetch/0c24722934d0577d8cc9e5220a0b9fad8720f765fe4743c12ed4a4e1f538867c%2C6dcaf683b46c50084e1f4fb9c9d56523d5bae3121a34305810a8b326bd7c2130%2C89bfe0f5c200042bb8bae835efd3589e323c67c8f0dca9a85bc560a39ba2f3c9%2C362ed8289b7128f54942c6f368bf9c7cde803a9f8f2174c34a5ac8491dda0f8c%2Cba349e8c26d00ff5685d585e84b036938ff818727e4e4b424d39a2eedacbde66  delay=6.500 min_gap=0.000 last=1784638384.974
14:53:04.974  ENF   delay=6.500 min_gap=0.000 jitter=4.542 gap=11.042 since_last=0.000 sleep=11.042
14:53:16.334  PARSE Account 6:4:10 → 0.500s/req pen=10s (used=1); Ip 12:4:60 → 0.208s/req pen=60s (used=1); Ip 16:12:60 → 0.445s/req pen=60s (used=1)  delay 6.500→1.500  min_gap→0  max_usage=0%
14:53:16.334  RAW   content-type: application/json
14:53:16.334  RAW   x-rate-limit-policy: trade-fetch-request-limit
14:53:16.334  RAW   x-rate-limit-rules: Account,Ip
14:53:16.334  RAW   x-rate-limit-account: 6:4:10
14:53:16.334  RAW   x-rate-limit-account-state: 1:4:0
14:53:16.334  RAW   x-rate-limit-ip: 12:4:60,16:12:60
14:53:16.334  RAW   x-rate-limit-ip-state: 1:4:0,1:12:0
14:53:16.335  RAW   cf-cache-status: DYNAMIC
14:53:16.335  RAW   cf-ray: a1ea58f7197a33bf-WAW
14:53:16.335  RESP  GET /api/trade/fetch/0c24722934d0577d8cc9e5220a0b9fad8720f765fe4743c12ed4a4e1f538867c%2C6dcaf683b46c50084e1f4fb9c9d56523d5bae3121a34305810a8b326bd7c2130%2C89bfe0f5c200042bb8bae835efd3589e323c67c8f0dca9a85bc560a39ba2f3c9%2C362ed8289b7128f54942c6f368bf9c7cde803a9f8f2174c34a5ac8491dda0f8c%2Cba349e8c26d00ff5685d585e84b036938ff818727e4e4b424d39a2eedacbde66 → 200  11.361s  delay=1.500 min_gap=0.000 last=1784638396.335
14:53:16.335  PRE   POST /api/trade/search/Standard  delay=1.500 min_gap=0.000 last=1784638396.335
14:53:16.335  ENF   delay=1.500 min_gap=0.000 jitter=2.201 gap=3.701 since_last=0.000 sleep=3.700
14:53:20.320  PARSE Account 3:5:60 → 1.667s/req pen=60s (used=1); Ip 8:10:60 → 0.859s/req pen=60s (used=1); Ip 15:60:120 → 5.200s/req pen=120s (used=8); Ip 60:300:1800 → 5.875s/req pen=1800s (used=27)  delay 1.500→6.875  min_gap→0  max_usage=53%
14:53:20.320  RAW   content-type: application/json
14:53:20.320  RAW   x-rate-limit-policy: trade-search-request-limit
14:53:20.320  RAW   x-rate-limit-rules: Account,Ip
14:53:20.320  RAW   x-rate-limit-account: 3:5:60
14:53:20.320  RAW   x-rate-limit-account-state: 1:5:0
14:53:20.320  RAW   x-rate-limit-ip: 8:10:60,15:60:120,60:300:1800
14:53:20.320  RAW   x-rate-limit-ip-state: 1:10:0,8:60:0,27:300:0
14:53:20.320  RAW   cf-cache-status: DYNAMIC
14:53:20.320  RAW   cf-ray: a1ea591038b033bf-WAW
14:53:20.320  RESP  POST /api/trade/search/Standard → 200  3.985s  delay=6.875 min_gap=0.000 last=1784638400.321
14:53:20.320  PRE   GET /api/trade/fetch/c5f811c44780de6c24bd51458de33695637d96b3a9a56fa9d4d36bb0b8734688%2Ca5a215e8ab4f5a40b2290915d7ed7e50c0cedef4bae8bf8484df5e90df045a90%2C202b74cf377b8c40e3c001bc81ff4ecaceee6f1ee883dab94bdc2faaa7701aa6%2C4ae092dd8291e214a47095960a47cde0c566ccdad2d314601eafc7fa1ce861a6%2C7d7e2f3c3d70dad17d62c919768de0c05245787c879999c18423791e7b348d8c  delay=6.875 min_gap=0.000 last=1784638400.321
14:53:20.320  ENF   delay=6.875 min_gap=0.000 jitter=3.715 gap=10.590 since_last=0.000 sleep=10.590
14:53:31.181  PARSE Account 6:4:10 → 0.500s/req pen=10s (used=1); Ip 12:4:60 → 0.208s/req pen=60s (used=1); Ip 16:12:60 → 0.445s/req pen=60s (used=1)  delay 6.875→1.500  min_gap→0  max_usage=0%
14:53:31.181  RAW   content-type: application/json
14:53:31.181  RAW   x-rate-limit-policy: trade-fetch-request-limit
14:53:31.181  RAW   x-rate-limit-rules: Account,Ip
14:53:31.181  RAW   x-rate-limit-account: 6:4:10
14:53:31.181  RAW   x-rate-limit-account-state: 1:4:0
14:53:31.181  RAW   x-rate-limit-ip: 12:4:60,16:12:60
14:53:31.181  RAW   x-rate-limit-ip-state: 1:4:0,1:12:0
14:53:31.181  RAW   cf-cache-status: DYNAMIC
14:53:31.181  RAW   cf-ray: a1ea595438cb33bf-WAW
14:53:31.181  RESP  GET /api/trade/fetch/c5f811c44780de6c24bd51458de33695637d96b3a9a56fa9d4d36bb0b8734688%2Ca5a215e8ab4f5a40b2290915d7ed7e50c0cedef4bae8bf8484df5e90df045a90%2C202b74cf377b8c40e3c001bc81ff4ecaceee6f1ee883dab94bdc2faaa7701aa6%2C4ae092dd8291e214a47095960a47cde0c566ccdad2d314601eafc7fa1ce861a6%2C7d7e2f3c3d70dad17d62c919768de0c05245787c879999c18423791e7b348d8c → 200  10.860s  delay=1.500 min_gap=0.000 last=1784638411.181
14:53:31.181  PRE   POST /api/trade/search/Standard  delay=1.500 min_gap=0.000 last=1784638411.181
14:53:31.181  ENF   delay=1.500 min_gap=0.000 jitter=4.577 gap=6.077 since_last=0.000 sleep=6.077
14:53:37.547  PARSE Account 3:5:60 → 1.667s/req pen=60s (used=1); Ip 8:10:60 → 0.859s/req pen=60s (used=1); Ip 15:60:120 → 5.600s/req pen=120s (used=9); Ip 60:300:1800 → 6.250s/req pen=1800s (used=30)  delay 1.500→7.250  min_gap→0  max_usage=60%
14:53:37.547  RAW   content-type: application/json
14:53:37.547  RAW   x-rate-limit-policy: trade-search-request-limit
14:53:37.548  RAW   x-rate-limit-rules: Account,Ip
14:53:37.548  RAW   x-rate-limit-account: 3:5:60
14:53:37.548  RAW   x-rate-limit-account-state: 1:5:0
14:53:37.548  RAW   x-rate-limit-ip: 8:10:60,15:60:120,60:300:1800
14:53:37.548  RAW   x-rate-limit-ip-state: 1:10:0,9:60:0,30:300:0
14:53:37.548  RAW   cf-cache-status: DYNAMIC
14:53:37.548  RAW   cf-ray: a1ea597bda1633bf-WAW
14:53:37.548  RESP  POST /api/trade/search/Standard → 200  6.366s  delay=7.250 min_gap=0.000 last=1784638417.548
14:53:37.548  PRE   GET /api/trade/fetch/0c24722934d0577d8cc9e5220a0b9fad8720f765fe4743c12ed4a4e1f538867c%2C6dcaf683b46c50084e1f4fb9c9d56523d5bae3121a34305810a8b326bd7c2130%2C6c1c50f797fd2f5f86b05413e997f0f5e8585523804102d0248958fa228c84b5%2C950fa83ea9f7f26543972bb7cb5615c0f0ad1b950b1b02420786ee9a52f31536%2C705d268058821a6eab62a053ae5e785b71efc0025d2764fad41c5ed94cc99f66  delay=7.250 min_gap=0.000 last=1784638417.548
14:53:37.548  ENF   delay=7.250 min_gap=0.000 jitter=3.330 gap=10.580 since_last=0.000 sleep=10.580
14:53:48.397  PARSE Account 6:4:10 → 0.500s/req pen=10s (used=1); Ip 12:4:60 → 0.208s/req pen=60s (used=1); Ip 16:12:60 → 0.445s/req pen=60s (used=1)  delay 7.250→1.500  min_gap→0  max_usage=0%
14:53:48.397  RAW   content-type: application/json
14:53:48.397  RAW   x-rate-limit-policy: trade-fetch-request-limit
14:53:48.397  RAW   x-rate-limit-rules: Account,Ip
14:53:48.397  RAW   x-rate-limit-account: 6:4:10
14:53:48.397  RAW   x-rate-limit-account-state: 1:4:0
14:53:48.397  RAW   x-rate-limit-ip: 12:4:60,16:12:60
14:53:48.397  RAW   x-rate-limit-ip-state: 1:4:0,1:12:0
14:53:48.397  RAW   cf-cache-status: DYNAMIC
14:53:48.397  RAW   cf-ray: a1ea59bfdcdd33bf-WAW
14:53:48.397  RESP  GET /api/trade/fetch/0c24722934d0577d8cc9e5220a0b9fad8720f765fe4743c12ed4a4e1f538867c%2C6dcaf683b46c50084e1f4fb9c9d56523d5bae3121a34305810a8b326bd7c2130%2C6c1c50f797fd2f5f86b05413e997f0f5e8585523804102d0248958fa228c84b5%2C950fa83ea9f7f26543972bb7cb5615c0f0ad1b950b1b02420786ee9a52f31536%2C705d268058821a6eab62a053ae5e785b71efc0025d2764fad41c5ed94cc99f66 → 200  10.849s  delay=1.500 min_gap=0.000 last=1784638428.398
14:53:48.417  PRE   POST /api/trade/search/Standard  delay=1.500 min_gap=0.000 last=1784638428.398
14:53:48.417  ENF   delay=1.500 min_gap=0.000 jitter=3.896 gap=5.396 since_last=0.020 sleep=5.376
14:53:54.082  PARSE Account 3:5:60 → 1.667s/req pen=60s (used=1); Ip 8:10:60 → 1.328s/req pen=60s (used=3); Ip 15:60:120 → 6.800s/req pen=120s (used=12); Ip 60:300:1800 → 6.875s/req pen=1800s (used=35)  delay 1.500→7.875  min_gap→0  max_usage=80%
14:53:54.082  BACK  set 100s backoff at 80% usage
14:53:54.082  RAW   content-type: application/json
14:53:54.082  RAW   x-rate-limit-policy: trade-search-request-limit
14:53:54.082  RAW   x-rate-limit-rules: Account,Ip
14:53:54.082  RAW   x-rate-limit-account: 3:5:60
14:53:54.082  RAW   x-rate-limit-account-state: 1:5:0
14:53:54.082  RAW   x-rate-limit-ip: 8:10:60,15:60:120,60:300:1800
14:53:54.082  RAW   x-rate-limit-ip-state: 3:10:0,12:60:0,35:300:0
14:53:54.082  RAW   cf-cache-status: DYNAMIC
14:53:54.082  RAW   cf-ray: a1ea59e3384733bf-WAW
14:53:54.082  RESP  POST /api/trade/search/Standard → 200  5.664s  delay=7.875 min_gap=0.000 last=1784638434.083
14:53:54.082  PRE   GET /api/trade/fetch/ac1845cbe82bbb7b4aec8e5814efbd6c435a4a8f91bfc383d7936a9167baaaa1%2C6df60d4b89cf4669a70300984881106cda404631cce5ce0ad4393493048f2b0e%2Cb40d81c478f379646c3548630ad49b057e5c9e37c25521130fdc1b268b9ff3ba%2C607193030c211a809dbbe5cb336a8523f3c7de15b876fcdd42523942a8f340e2%2C89ab4b2d45db5e4e11bf2f47e68c1830c33ba29464c023e29f92c80b4fe8a339  delay=7.875 min_gap=0.000 last=1784638434.083
14:53:54.082  BACK  sleep=100.0
