14:56:35.252  INIT  user_agent=OAuth pypoe/0.1.0 (flipper) delay=0.0 min_gap=1.0
14:56:35.254  PRE   POST /api/trade/search/Standard  delay=0.000 min_gap=1.000 last=1784638595.252
14:56:35.254  ENF   delay=0.000 min_gap=1.000 jitter=4.931 gap=5.931 since_last=0.002 sleep=5.929
14:56:41.492  PARSE Account 3:5:60 → 1.667s/req pen=60s (used=1); Ip 8:10:60 → 1.094s/req pen=60s (used=2); Ip 15:60:120 → 3.200s/req pen=120s (used=3); Ip 60:300:1800 → 5.750s/req pen=1800s (used=26)  delay 0.000→6.750  min_gap→0  max_usage=43%
14:56:41.492  RAW   content-type: application/json
14:56:41.492  RAW   x-rate-limit-policy: trade-search-request-limit
14:56:41.492  RAW   x-rate-limit-rules: Account,Ip
14:56:41.492  RAW   x-rate-limit-account: 3:5:60
14:56:41.492  RAW   x-rate-limit-account-state: 1:5:0
14:56:41.492  RAW   x-rate-limit-ip: 8:10:60,15:60:120,60:300:1800
14:56:41.492  RAW   x-rate-limit-ip-state: 2:10:0,3:60:0,26:300:0
14:56:41.492  RAW   cf-cache-status: DYNAMIC
14:56:41.492  RAW   cf-ray: a1ea5df99ae71027-WAW
14:56:41.492  RESP  POST /api/trade/search/Standard → 200  6.238s  delay=6.750 min_gap=0.000 last=1784638601.492
14:56:41.492  PRE   GET /api/trade/fetch/6df60d4b89cf4669a70300984881106cda404631cce5ce0ad4393493048f2b0e%2Ca3039f527c79086f37d5b0dc631f60e62a79a8671a3116657f124c97364a7f08%2Cac1845cbe82bbb7b4aec8e5814efbd6c435a4a8f91bfc383d7936a9167baaaa1%2Cb40d81c478f379646c3548630ad49b057e5c9e37c25521130fdc1b268b9ff3ba%2C255d75f81a47a8e0f1cddb7a365c72c8b7ffded9806b8a3f551e36027a83c1df  delay=6.750 min_gap=0.000 last=1784638601.492
14:56:41.492  ENF   delay=6.750 min_gap=0.000 jitter=2.966 gap=9.716 since_last=0.000 sleep=9.716
14:56:51.480  PARSE Account 6:4:10 → 0.500s/req pen=10s (used=1); Ip 12:4:60 → 0.208s/req pen=60s (used=1); Ip 16:12:60 → 0.586s/req pen=60s (used=3)  delay 6.750→1.586  min_gap→0  max_usage=0%
14:56:51.480  RAW   content-type: application/json
14:56:51.480  RAW   x-rate-limit-policy: trade-fetch-request-limit
14:56:51.480  RAW   x-rate-limit-rules: Account,Ip
14:56:51.480  RAW   x-rate-limit-account: 6:4:10
14:56:51.480  RAW   x-rate-limit-account-state: 1:4:0
14:56:51.480  RAW   x-rate-limit-ip: 12:4:60,16:12:60
14:56:51.480  RAW   x-rate-limit-ip-state: 1:4:0,3:12:0
14:56:51.480  RAW   cf-cache-status: DYNAMIC
14:56:51.480  RAW   cf-ray: a1ea5e3819181027-WAW
14:56:51.480  RESP  GET /api/trade/fetch/6df60d4b89cf4669a70300984881106cda404631cce5ce0ad4393493048f2b0e%2Ca3039f527c79086f37d5b0dc631f60e62a79a8671a3116657f124c97364a7f08%2Cac1845cbe82bbb7b4aec8e5814efbd6c435a4a8f91bfc383d7936a9167baaaa1%2Cb40d81c478f379646c3548630ad49b057e5c9e37c25521130fdc1b268b9ff3ba%2C255d75f81a47a8e0f1cddb7a365c72c8b7ffded9806b8a3f551e36027a83c1df → 200  9.988s  delay=1.586 min_gap=0.000 last=1784638611.481
14:56:51.480  PRE   POST /api/trade/search/Standard  delay=1.586 min_gap=0.000 last=1784638611.481
14:56:51.480  ENF   delay=1.586 min_gap=0.000 jitter=3.417 gap=5.003 since_last=0.000 sleep=5.002
14:56:56.789  PARSE Account 3:5:60 → 2.500s/req pen=60s (used=2); Ip 8:10:60 → 1.094s/req pen=60s (used=2); Ip 15:60:120 → 4.400s/req pen=120s (used=6); Ip 60:300:1800 → 6.125s/req pen=1800s (used=29)  delay 1.586→7.125  min_gap→0  max_usage=48%
14:56:56.789  RAW   content-type: application/json
14:56:56.789  RAW   x-rate-limit-policy: trade-search-request-limit
14:56:56.789  RAW   x-rate-limit-rules: Account,Ip
14:56:56.789  RAW   x-rate-limit-account: 3:5:60
14:56:56.789  RAW   x-rate-limit-account-state: 2:5:0
14:56:56.789  RAW   x-rate-limit-ip: 8:10:60,15:60:120,60:300:1800
14:56:56.789  RAW   x-rate-limit-ip-state: 2:10:0,6:60:0,29:300:0
14:56:56.789  RAW   cf-cache-status: DYNAMIC
14:56:56.789  RAW   cf-ray: a1ea5e590cee1027-WAW
14:56:56.789  RESP  POST /api/trade/search/Standard → 200  5.309s  delay=7.125 min_gap=0.000 last=1784638616.790
14:56:56.790  PRE   GET /api/trade/fetch/943c083378eb6c339a409daa0191b81bd1d8471421417674dfbd8ee4f8da3959%2Ce4ba33d4ac66cba9b417c809b30580ab0373c4aefcb16ecdc76b879aee9424db%2C187a143540901f7d7fcdad9f98ad82e03be7adf040d6e3d5c1f283269c6d4503%2Cfcd9cf5dbed8f0c89ed298f2213d18820bc6deb1018a928d335c565fb472713c%2C3d48898ded709eba0a0a5494fa10e72ea015563653bd1e15405e01f6238bf864  delay=7.125 min_gap=0.000 last=1784638616.790
14:56:56.790  ENF   delay=7.125 min_gap=0.000 jitter=3.943 gap=11.068 since_last=0.000 sleep=11.068
14:57:08.126  PARSE Account 6:4:10 → 0.500s/req pen=10s (used=1); Ip 12:4:60 → 0.208s/req pen=60s (used=1); Ip 16:12:60 → 0.586s/req pen=60s (used=3)  delay 7.125→1.586  min_gap→0  max_usage=0%
14:57:08.126  RAW   content-type: application/json
14:57:08.127  RAW   x-rate-limit-policy: trade-fetch-request-limit
14:57:08.127  RAW   x-rate-limit-rules: Account,Ip
14:57:08.127  RAW   x-rate-limit-account: 6:4:10
14:57:08.127  RAW   x-rate-limit-account-state: 1:4:0
14:57:08.127  RAW   x-rate-limit-ip: 12:4:60,16:12:60
14:57:08.127  RAW   x-rate-limit-ip-state: 1:4:0,3:12:0
14:57:08.127  RAW   cf-cache-status: DYNAMIC
14:57:08.127  RAW   cf-ray: a1ea5ea01d901027-WAW
14:57:08.127  RESP  GET /api/trade/fetch/943c083378eb6c339a409daa0191b81bd1d8471421417674dfbd8ee4f8da3959%2Ce4ba33d4ac66cba9b417c809b30580ab0373c4aefcb16ecdc76b879aee9424db%2C187a143540901f7d7fcdad9f98ad82e03be7adf040d6e3d5c1f283269c6d4503%2Cfcd9cf5dbed8f0c89ed298f2213d18820bc6deb1018a928d335c565fb472713c%2C3d48898ded709eba0a0a5494fa10e72ea015563653bd1e15405e01f6238bf864 → 200  11.337s  delay=1.586 min_gap=0.000 last=1784638628.127
14:57:08.203  PRE   POST /api/trade/search/Standard  delay=1.586 min_gap=0.000 last=1784638628.127
14:57:08.203  ENF   delay=1.586 min_gap=0.000 jitter=3.463 gap=5.049 since_last=0.076 sleep=4.973
14:57:13.450  PARSE Account 3:5:60 → 1.667s/req pen=60s (used=1); Ip 8:10:60 → 1.328s/req pen=60s (used=3); Ip 15:60:120 → 5.600s/req pen=120s (used=9); Ip 60:300:1800 → 5.500s/req pen=1800s (used=24)  delay 1.586→6.600  min_gap→0  max_usage=60%
14:57:13.450  RAW   content-type: application/json
14:57:13.450  RAW   x-rate-limit-policy: trade-search-request-limit
14:57:13.450  RAW   x-rate-limit-rules: Account,Ip
14:57:13.450  RAW   x-rate-limit-account: 3:5:60
14:57:13.450  RAW   x-rate-limit-account-state: 1:5:0
14:57:13.450  RAW   x-rate-limit-ip: 8:10:60,15:60:120,60:300:1800
14:57:13.450  RAW   x-rate-limit-ip-state: 3:10:0,9:60:0,24:300:0
14:57:13.450  RAW   cf-cache-status: DYNAMIC
14:57:13.450  RAW   cf-ray: a1ea5ec15a5f1027-WAW
14:57:13.450  RESP  POST /api/trade/search/Standard → 200  5.247s  delay=6.600 min_gap=0.000 last=1784638633.451
14:57:13.450  PRE   GET /api/trade/fetch/04fa3ceab096466db4f4e37c38fa53b4ea08349f9c8bc0370b0eca4570753a01%2C1526e3cb8448750230ddc39c4cb9a313bf2572e00de0dbc6e9824fd817ba8ab6%2C70fda619e5e76de52b02745f1e06454c9c5aabf52a89c121d88b7ff73b68d4b7%2Cd767030f8f88e09f67c775da7c9f22f9e8a930fbe1dcd7567e22a092ea28d6c2%2C082215427abf64c1baedd2eb152084c77409b48f8c97c3776b4a28d6e15ed9f7  delay=6.600 min_gap=0.000 last=1784638633.451
14:57:13.450  ENF   delay=6.600 min_gap=0.000 jitter=2.870 gap=9.470 since_last=0.000 sleep=9.470
14:57:23.187  PARSE Account 6:4:10 → 0.500s/req pen=10s (used=1); Ip 12:4:60 → 0.208s/req pen=60s (used=1); Ip 16:12:60 → 0.586s/req pen=60s (used=3)  delay 6.600→1.586  min_gap→0  max_usage=0%
14:57:23.187  RAW   content-type: application/json
14:57:23.187  RAW   x-rate-limit-policy: trade-fetch-request-limit
14:57:23.187  RAW   x-rate-limit-rules: Account,Ip
14:57:23.187  RAW   x-rate-limit-account: 6:4:10
14:57:23.187  RAW   x-rate-limit-account-state: 1:4:0
14:57:23.187  RAW   x-rate-limit-ip: 12:4:60,16:12:60
14:57:23.187  RAW   x-rate-limit-ip-state: 1:4:0,3:12:0
14:57:23.187  RAW   cf-cache-status: DYNAMIC
14:57:23.187  RAW   cf-ray: a1ea5efe4c101027-WAW
14:57:23.187  RESP  GET /api/trade/fetch/04fa3ceab096466db4f4e37c38fa53b4ea08349f9c8bc0370b0eca4570753a01%2C1526e3cb8448750230ddc39c4cb9a313bf2572e00de0dbc6e9824fd817ba8ab6%2C70fda619e5e76de52b02745f1e06454c9c5aabf52a89c121d88b7ff73b68d4b7%2Cd767030f8f88e09f67c775da7c9f22f9e8a930fbe1dcd7567e22a092ea28d6c2%2C082215427abf64c1baedd2eb152084c77409b48f8c97c3776b4a28d6e15ed9f7 → 200  9.736s  delay=1.586 min_gap=0.000 last=1784638643.188
