15:05:18.135  INIT  user_agent=test/0.1.0 delay=0.0 min_gap=1.0
15:05:18.135  PRE   POST /api/trade/search/Standard  delay=0.000 min_gap=1.000 last=1784639108.135
15:05:18.135  RESP  POST /api/trade/search/Standard → 429  0.000s  delay=0.000 min_gap=1.000 last=1784639118.135
15:05:18.135  BODY  req=(none)
15:05:18.135  BODY  resp=
15:05:18.135  !! 429 ! headers={'Server': 'cloudflare'}  state_delay=0.000 state_min_gap=1.000 state_last=1784639118.135
15:05:18.135  INIT  user_agent=test/0.1.0 delay=0.0 min_gap=1.0
15:05:18.135  PRE   POST /api/trade/search/Standard  delay=0.000 min_gap=1.000 last=1784639108.136
15:05:18.135  PARSE Account 1:5:60 → 1.500s/req pen=60s (used=0)  delay 0.000→2.500  min_gap→0  max_usage=0%
15:05:18.135  RAW   X-Rate-Limit-Rules: Account
15:05:18.135  RAW   X-Rate-Limit-Account: 1:5:60
15:05:18.135  RESP  POST /api/trade/search/Standard → 429  0.000s  delay=2.500 min_gap=0.000 last=1784639118.136
15:05:18.135  BODY  req=(none)
15:05:18.135  BODY  resp=
15:05:18.135  !! 429 ! headers={'X-Rate-Limit-Rules': 'Account', 'X-Rate-Limit-Account': '1:5:60'}  state_delay=2.500 state_min_gap=0.000 state_last=1784639118.136
15:05:18.136  INIT  user_agent=test/0.1.0 delay=0.0 min_gap=1.0
15:05:18.136  PRE   POST /api/trade/search/Standard  delay=0.000 min_gap=1.000 last=1784639118.136
15:05:18.136  ENF   delay=0.000 min_gap=1.000 jitter=0.000 gap=1.000 since_last=0.000 sleep=1.000
15:05:19.136  PARSE Account 1:1:1 → 0.300s/req pen=1s (used=0)  delay 0.000→1.300  min_gap→0  max_usage=0%
15:05:19.136  RAW   X-Rate-Limit-Rules: Account
15:05:19.136  RAW   X-Rate-Limit-Account: 1:1:1
15:05:19.136  RESP  POST /api/trade/search/Standard → 200  1.000s  delay=1.300 min_gap=0.000 last=1784639119.136
15:05:19.136  INIT  user_agent=test/0.1.0 delay=0.0 min_gap=1.0
15:05:19.136  PRE   POST /api/trade/search/Standard  delay=0.000 min_gap=1.000 last=1784639119.136
15:05:19.136  ENF   delay=0.000 min_gap=1.000 jitter=0.000 gap=1.000 since_last=0.000 sleep=1.000
15:05:19.136  PARSE Account 3:5:60 → 0.500s/req pen=60s (used=0)  delay 0.000→1.500  min_gap→0  max_usage=0%
15:05:19.136  RAW   X-Rate-Limit-Rules: Account
15:05:19.136  RAW   X-Rate-Limit-Account: 3:5:60
15:05:19.136  RESP  POST /api/trade/search/Standard → 200  0.000s  delay=1.500 min_gap=0.000 last=1784639119.137
15:05:19.136  PRE   GET /api/trade/fetch/a  delay=1.500 min_gap=0.000 last=1784639119.137
15:05:19.136  ENF   delay=1.500 min_gap=0.000 jitter=0.000 gap=1.500 since_last=0.000 sleep=1.500
15:05:19.136  PARSE Account 3:5:60 → 0.500s/req pen=60s (used=0)  delay 1.500→1.500  min_gap→0  max_usage=0%
15:05:19.136  RAW   X-Rate-Limit-Rules: Account
15:05:19.136  RAW   X-Rate-Limit-Account: 3:5:60
15:05:19.136  RESP  GET /api/trade/fetch/a → 200  0.000s  delay=1.500 min_gap=0.000 last=1784639119.137
15:05:19.137  INIT  user_agent=test/0.1.0 delay=0.0 min_gap=1.0
15:05:19.137  PRE   POST /api/trade/search/Standard  delay=0.000 min_gap=1.000 last=990.000
15:05:19.137  RESP  POST /api/trade/search/Standard → 200  0.000s  delay=0.000 min_gap=1.000 last=1000.000
15:05:19.137  PRE   POST /api/trade/search/Standard  delay=0.000 min_gap=1.000 last=1000.000
15:05:19.137  ENF   delay=0.000 min_gap=1.000 jitter=2.000 gap=3.000 since_last=0.000 sleep=3.000
15:05:19.137  RESP  POST /api/trade/search/Standard → 200  3.000s  delay=0.000 min_gap=1.000 last=1003.000
15:05:19.137  PRE   POST /api/trade/search/Standard  delay=0.000 min_gap=1.000 last=1003.000
15:05:19.137  ENF   delay=0.000 min_gap=1.000 jitter=2.000 gap=3.000 since_last=0.000 sleep=3.000
15:05:19.137  PARSE Account 3:5:60 → 0.500s/req pen=60s (used=0)  delay 0.000→1.500  min_gap→0  max_usage=0%
15:05:19.137  RAW   X-Rate-Limit-Rules: Account
15:05:19.137  RAW   X-Rate-Limit-Account: 3:5:60
15:05:19.137  RESP  POST /api/trade/search/Standard → 200  3.000s  delay=1.500 min_gap=0.000 last=1006.000
15:05:19.137  PRE   POST /api/trade/search/Standard  delay=1.500 min_gap=0.000 last=1006.000
15:05:19.137  ENF   delay=1.500 min_gap=0.000 jitter=2.000 gap=3.500 since_last=0.000 sleep=3.500
15:05:19.137  PARSE Account 3:5:60 → 0.500s/req pen=60s (used=0)  delay 1.500→1.500  min_gap→0  max_usage=0%
15:05:19.137  RAW   X-Rate-Limit-Rules: Account
15:05:19.137  RAW   X-Rate-Limit-Account: 3:5:60
15:05:19.137  RESP  POST /api/trade/search/Standard → 200  3.500s  delay=1.500 min_gap=0.000 last=1009.500
15:05:19.137  PRE   POST /api/trade/search/Standard  delay=1.500 min_gap=0.000 last=1009.500
15:05:19.137  ENF   delay=1.500 min_gap=0.000 jitter=2.000 gap=3.500 since_last=0.000 sleep=3.500
15:05:19.137  PARSE Ip 60:300:1800 → 1.500s/req pen=1800s (used=0)  delay 1.500→2.500  min_gap→0  max_usage=0%
15:05:19.137  RAW   X-Rate-Limit-Rules: Ip
15:05:19.137  RAW   X-Rate-Limit-Ip: 60:300:1800
15:05:19.137  RESP  POST /api/trade/search/Standard → 200  3.500s  delay=2.500 min_gap=0.000 last=1013.000
15:05:19.137  PRE   POST /api/trade/search/Standard  delay=2.500 min_gap=0.000 last=1013.000
15:05:19.137  ENF   delay=2.500 min_gap=0.000 jitter=2.000 gap=4.500 since_last=0.000 sleep=4.500
15:05:19.137  PARSE Ip 60:300:1800 → 1.500s/req pen=1800s (used=0)  delay 2.500→2.500  min_gap→0  max_usage=0%
15:05:19.137  RAW   X-Rate-Limit-Rules: Ip
15:05:19.137  RAW   X-Rate-Limit-Ip: 60:300:1800
15:05:19.137  RESP  POST /api/trade/search/Standard → 200  4.500s  delay=2.500 min_gap=0.000 last=1017.500
15:05:19.137  INIT  user_agent=test/0.1.0 delay=0.0 min_gap=1.0
15:05:19.137  PRE   POST /api/trade/search/Standard  delay=0.000 min_gap=1.000 last=1784639119.138
15:05:19.137  ENF   delay=0.000 min_gap=1.000 jitter=0.000 gap=1.000 since_last=0.000 sleep=1.000
15:05:20.137  PARSE Ip 60:300:1800 → 6.250s/req pen=1800s (used=30)  delay 0.000→7.250  min_gap→0  max_usage=50%
15:05:20.137  RAW   X-Rate-Limit-Rules: Ip
15:05:20.137  RAW   X-Rate-Limit-Ip: 60:300:1800
15:05:20.137  RAW   X-Rate-Limit-Ip-State: 30:300:0
15:05:20.137  RESP  POST /api/trade/search/Standard → 200  1.000s  delay=7.250 min_gap=0.000 last=1784639120.138
15:05:20.137  PRE   POST /api/trade/search/Standard  delay=7.250 min_gap=0.000 last=1784639120.138
15:05:20.137  ENF   delay=7.250 min_gap=0.000 jitter=0.000 gap=7.250 since_last=0.000 sleep=7.250
15:05:27.388  PARSE Ip 60:300:1800 → 2.875s/req pen=1800s (used=3)  delay 7.250→3.875  min_gap→0  max_usage=5%
15:05:27.388  RAW   X-Rate-Limit-Rules: Ip
15:05:27.388  RAW   X-Rate-Limit-Ip: 60:300:1800
15:05:27.388  RAW   X-Rate-Limit-Ip-State: 3:300:0
15:05:27.388  RESP  POST /api/trade/search/Standard → 200  7.250s  delay=3.875 min_gap=0.000 last=1784639127.388
15:05:27.388  INIT  user_agent=test/0.1.0 delay=0.0 min_gap=1.0
15:05:27.388  PRE   POST /api/trade/search/Standard  delay=0.000 min_gap=1.000 last=1784639127.388
15:05:27.388  ENF   delay=0.000 min_gap=1.000 jitter=0.000 gap=1.000 since_last=0.000 sleep=1.000
15:05:28.388  PARSE Ip 60:300:1800 → 1.500s/req pen=1800s (used=0)  delay 0.000→2.500  min_gap→0  max_usage=0%
15:05:28.388  RAW   X-Rate-Limit-Rules: Ip
15:05:28.388  RAW   X-Rate-Limit-Ip: 60:300:1800
15:05:28.388  RESP  POST /api/trade/search/Standard → 200  1.000s  delay=2.500 min_gap=0.000 last=1784639128.388
15:05:28.388  INIT  user_agent=test/0.1.0 delay=0.0 min_gap=1.0
15:05:28.388  PRE   POST /api/trade/search/Standard  delay=0.000 min_gap=1.000 last=1784639128.389
15:05:28.388  ENF   delay=0.000 min_gap=1.000 jitter=0.000 gap=1.000 since_last=0.000 sleep=1.000
15:05:28.388  RESP  POST /api/trade/search/Standard → 200  0.000s  delay=0.000 min_gap=1.000 last=1784639128.389
15:05:28.388  PRE   POST /api/trade/search/Standard  delay=0.000 min_gap=1.000 last=1784639128.389
15:05:28.389  ENF   delay=0.000 min_gap=1.000 jitter=0.000 gap=1.000 since_last=0.000 sleep=1.000
15:05:28.389  RESP  POST /api/trade/search/Standard → 200  0.000s  delay=0.000 min_gap=1.000 last=1784639128.389
15:05:28.389  INIT  user_agent=test/0.1.0 delay=0.0 min_gap=1.0
15:05:28.389  PRE   POST /api/trade/search/Standard  delay=0.000 min_gap=1.000 last=1784639128.389
15:05:28.389  ENF   delay=0.000 min_gap=1.000 jitter=0.000 gap=1.000 since_last=0.000 sleep=1.000
15:05:29.389  PARSE Account 3:5:60 → 0.500s/req pen=60s (used=0)  delay 0.000→1.500  min_gap→0  max_usage=0%
15:05:29.389  RAW   X-Rate-Limit-Rules: Account
15:05:29.389  RAW   X-Rate-Limit-Account: 3:5:60
15:05:29.389  RESP  POST /api/trade/search/Standard → 200  1.000s  delay=1.500 min_gap=0.000 last=1784639129.389
15:05:29.389  INIT  user_agent=test/0.1.0 delay=0.0 min_gap=1.0
15:05:29.389  PRE   POST /api/trade/search/Standard  delay=0.000 min_gap=1.000 last=1784639129.389
15:05:29.389  ENF   delay=0.000 min_gap=1.000 jitter=0.000 gap=1.000 since_last=0.000 sleep=1.000
15:05:30.389  PARSE Ip 60:300:1800 → 9.250s/req pen=1800s (used=54)  delay 0.000→10.250  min_gap→0  max_usage=90%
15:05:30.389  BACK  set 200s backoff at 90% usage
15:05:30.389  RAW   X-Rate-Limit-Rules: Ip
15:05:30.389  RAW   X-Rate-Limit-Ip: 60:300:1800
15:05:30.389  RAW   X-Rate-Limit-Ip-State: 54:300:0
15:05:30.389  RESP  POST /api/trade/search/Standard → 200  1.000s  delay=10.250 min_gap=0.000 last=1784639130.390
15:05:30.389  INIT  user_agent=test/0.1.0 delay=0.0 min_gap=1.0
15:05:30.390  LOCK  sleep=9999.000
15:05:30.390  ENF   delay=0.010 min_gap=1.000 jitter=0.000 gap=1.000 since_last=0.000 sleep=1.000
15:05:30.390  INIT  user_agent=test/0.1.0 delay=0.0 min_gap=1.0
15:05:30.390  PRE   POST /api/trade/search/Standard  delay=0.000 min_gap=1.000 last=1784639130.390
15:05:30.390  ENF   delay=0.000 min_gap=1.000 jitter=0.000 gap=1.000 since_last=0.000 sleep=1.000
15:05:31.390  PARSE Ip 60:300:1800 → 3.250s/req pen=1800s (used=6)  delay 0.000→4.250  min_gap→0  max_usage=10%
15:05:31.390  RAW   X-Rate-Limit-Rules: Ip
15:05:31.390  RAW   X-Rate-Limit-Ip: 60:300:1800
15:05:31.390  RAW   X-Rate-Limit-Ip-State: 6:300:0
15:05:31.390  RESP  POST /api/trade/search/Standard → 200  1.000s  delay=4.250 min_gap=0.000 last=1784639131.391
15:05:31.390  INIT  user_agent=test/0.1.0 delay=0.0 min_gap=1.0
15:05:31.390  PRE   POST /api/trade/search/Standard  delay=0.000 min_gap=1.000 last=1784639131.391
15:05:31.390  ENF   delay=0.000 min_gap=1.000 jitter=0.000 gap=1.000 since_last=0.000 sleep=1.000
15:05:32.390  PARSE Account 3:5:60 → 0.500s/req pen=60s (used=0)  delay 0.000→1.500  min_gap→0  max_usage=0%
15:05:32.390  RAW   X-Rate-Limit-Rules: Account
15:05:32.390  RAW   X-Rate-Limit-Account: 3:5:60
15:05:32.391  RESP  POST /api/trade/search/Standard → 200  1.000s  delay=1.500 min_gap=0.000 last=1784639132.391
15:05:32.391  INIT  user_agent=test/0.1.0 delay=0.0 min_gap=1.0
15:05:32.391  PRE   POST /api/trade/search/Standard  delay=0.000 min_gap=1.000 last=1784639132.391
15:05:32.391  ENF   delay=0.000 min_gap=1.000 jitter=0.000 gap=1.000 since_last=0.000 sleep=1.000
15:05:33.391  PARSE Ip 8:10:60 → 0.375s/req pen=60s (used=0); Ip 15:60:120 → 1.200s/req pen=120s (used=0); Ip 60:300:1800 → 1.500s/req pen=1800s (used=0)  delay 0.000→2.500  min_gap→0  max_usage=0%
15:05:33.391  RAW   X-Rate-Limit-Rules: Ip
15:05:33.391  RAW   X-Rate-Limit-Ip: 8:10:60,15:60:120,60:300:1800
15:05:33.391  RESP  POST /api/trade/search/Standard → 200  1.000s  delay=2.500 min_gap=0.000 last=1784639133.391
15:05:33.391  INIT  user_agent=test/0.1.0 delay=0.0 min_gap=1.0
15:05:33.391  PRE   POST /api/trade/search/Standard  delay=0.000 min_gap=1.000 last=1784639133.391
15:05:33.391  ENF   delay=0.000 min_gap=1.000 jitter=0.000 gap=1.000 since_last=0.000 sleep=1.000
15:05:34.391  PARSE Account 3:5:60 → 2.500s/req pen=60s (used=2); Ip 15:60:120 → 3.200s/req pen=120s (used=3)  delay 0.000→4.200  min_gap→0  max_usage=20%
15:05:34.391  RAW   X-Rate-Limit-Rules: Account,Ip
15:05:34.391  RAW   X-Rate-Limit-Account: 3:5:60
15:05:34.391  RAW   X-Rate-Limit-Account-State: 2:5:0
15:05:34.391  RAW   X-Rate-Limit-Ip: 15:60:120
15:05:34.391  RAW   X-Rate-Limit-Ip-State: 3:60:0
15:05:34.391  RESP  POST /api/trade/search/Standard → 200  1.000s  delay=4.200 min_gap=0.000 last=1784639134.392
15:05:34.391  INIT  user_agent=test/0.1.0 delay=0.0 min_gap=1.0
15:05:34.392  PRE   POST /api/trade/search/Standard  delay=0.000 min_gap=1.000 last=1784639134.392
15:05:34.392  ENF   delay=0.000 min_gap=1.000 jitter=0.000 gap=1.000 since_last=0.000 sleep=1.000
15:05:35.392  PARSE Account 3:5:60 → 0.500s/req pen=60s (used=0); Ip 60:300:1800 → 1.500s/req pen=1800s (used=0)  delay 0.000→2.500  min_gap→0  max_usage=0%
15:05:35.392  RAW   X-Rate-Limit-Rules: Account,Ip
15:05:35.392  RAW   X-Rate-Limit-Account: 3:5:60
15:05:35.392  RAW   X-Rate-Limit-Ip: 60:300:1800
15:05:35.392  RESP  POST /api/trade/search/Standard → 200  1.000s  delay=2.500 min_gap=0.000 last=1784639135.392
15:05:35.392  INIT  user_agent=test/0.1.0 delay=0.0 min_gap=1.0
15:05:35.392  PRE   POST /api/trade/search/Standard  delay=0.000 min_gap=1.000 last=1784639135.392
15:05:35.392  ENF   delay=0.000 min_gap=1.000 jitter=0.000 gap=1.000 since_last=0.000 sleep=1.000
15:05:36.392  RESP  POST /api/trade/search/Standard → 200  1.000s  delay=0.000 min_gap=1.000 last=1784639136.392
