15:36:25.199  INIT  user_agent=test/0.1.0 delay=0.0 min_gap=1.0
15:36:25.199  PRE   POST /api/trade/search/Mirage  delay=0.000 min_gap=1.000 last=1784554575.199
15:36:25.199  RESP  POST /api/trade/search/Mirage → 429  0.000s  delay=0.000 min_gap=1.000 last=1784554585.199
15:36:25.199  !! 429 ! headers={'Server': 'cloudflare'}  state_delay=0.000 state_min_gap=1.000 state_last=1784554585.199
15:36:25.199  INIT  user_agent=test/0.1.0 delay=0.0 min_gap=1.0
15:36:25.199  PRE   POST /api/trade/search/Mirage  delay=0.000 min_gap=1.000 last=1784554575.200
15:36:25.199  PARSE Account 1:5:60 → 5.000s/req pen=60s  delay 0.000→6.000  min_gap→0  max_usage=0%
15:36:25.199  RAW   X-Rate-Limit-Rules: Account
15:36:25.199  RAW   X-Rate-Limit-Account: 1:5:60
15:36:25.199  RESP  POST /api/trade/search/Mirage → 429  0.000s  delay=6.000 min_gap=0.000 last=1784554585.200
15:36:25.199  !! 429 ! headers={'X-Rate-Limit-Rules': 'Account', 'X-Rate-Limit-Account': '1:5:60'}  state_delay=6.000 state_min_gap=0.000 state_last=1784554585.200
15:36:25.199  INIT  user_agent=test/0.1.0 delay=0.0 min_gap=1.0
15:36:25.199  PRE   POST /api/trade/search/Mirage  delay=0.000 min_gap=1.000 last=1784554585.200
15:36:25.199  ENF   delay=0.000 min_gap=1.000 jitter=0.000 gap=1.000 since_last=0.000 sleep=1.000
15:36:26.199  PARSE Account 1:1:1 → 1.000s/req pen=1s  delay 0.000→2.000  min_gap→0  max_usage=0%
15:36:26.200  RAW   X-Rate-Limit-Rules: Account
15:36:26.200  RAW   X-Rate-Limit-Account: 1:1:1
15:36:26.200  RESP  POST /api/trade/search/Mirage → 200  1.000s  delay=2.000 min_gap=0.000 last=1784554586.200
15:36:26.200  INIT  user_agent=test/0.1.0 delay=0.0 min_gap=1.0
15:36:26.200  PRE   POST /api/trade/search/Mirage  delay=0.000 min_gap=1.000 last=1784554586.200
15:36:26.200  ENF   delay=0.000 min_gap=1.000 jitter=0.000 gap=1.000 since_last=0.000 sleep=1.000
15:36:26.200  PARSE Account 3:5:60 → 1.667s/req pen=60s  delay 0.000→2.667  min_gap→0  max_usage=0%
15:36:26.200  RAW   X-Rate-Limit-Rules: Account
15:36:26.200  RAW   X-Rate-Limit-Account: 3:5:60
15:36:26.200  RESP  POST /api/trade/search/Mirage → 200  0.000s  delay=2.667 min_gap=0.000 last=1784554586.201
15:36:26.200  PRE   GET /api/trade/fetch/a  delay=2.667 min_gap=0.000 last=1784554586.201
15:36:26.200  ENF   delay=2.667 min_gap=0.000 jitter=0.000 gap=2.667 since_last=0.000 sleep=2.667
15:36:26.200  PARSE Account 3:5:60 → 1.667s/req pen=60s  delay 2.667→2.667  min_gap→0  max_usage=0%
15:36:26.200  RAW   X-Rate-Limit-Rules: Account
15:36:26.200  RAW   X-Rate-Limit-Account: 3:5:60
15:36:26.200  RESP  GET /api/trade/fetch/a → 200  0.000s  delay=2.667 min_gap=0.000 last=1784554586.201
15:36:26.200  INIT  user_agent=test/0.1.0 delay=0.0 min_gap=1.0
15:36:26.200  PRE   POST /api/trade/search/Mirage  delay=0.000 min_gap=1.000 last=990.000
15:36:26.200  RESP  POST /api/trade/search/Mirage → 200  0.000s  delay=0.000 min_gap=1.000 last=1000.000
15:36:26.200  PRE   POST /api/trade/search/Mirage  delay=0.000 min_gap=1.000 last=1000.000
15:36:26.200  ENF   delay=0.000 min_gap=1.000 jitter=2.000 gap=3.000 since_last=0.000 sleep=3.000
15:36:26.201  RESP  POST /api/trade/search/Mirage → 200  3.000s  delay=0.000 min_gap=1.000 last=1003.000
15:36:26.201  PRE   POST /api/trade/search/Mirage  delay=0.000 min_gap=1.000 last=1003.000
15:36:26.201  ENF   delay=0.000 min_gap=1.000 jitter=2.000 gap=3.000 since_last=0.000 sleep=3.000
15:36:26.201  PARSE Account 3:5:60 → 1.667s/req pen=60s  delay 0.000→2.667  min_gap→0  max_usage=0%
15:36:26.201  RAW   X-Rate-Limit-Rules: Account
15:36:26.201  RAW   X-Rate-Limit-Account: 3:5:60
15:36:26.201  RESP  POST /api/trade/search/Mirage → 200  3.000s  delay=2.667 min_gap=0.000 last=1006.000
15:36:26.201  PRE   POST /api/trade/search/Mirage  delay=2.667 min_gap=0.000 last=1006.000
15:36:26.201  ENF   delay=2.667 min_gap=0.000 jitter=2.000 gap=4.667 since_last=0.000 sleep=4.667
15:36:26.201  PARSE Account 3:5:60 → 1.667s/req pen=60s  delay 2.667→2.667  min_gap→0  max_usage=0%
15:36:26.201  RAW   X-Rate-Limit-Rules: Account
15:36:26.201  RAW   X-Rate-Limit-Account: 3:5:60
15:36:26.201  RESP  POST /api/trade/search/Mirage → 200  4.667s  delay=2.667 min_gap=0.000 last=1010.667
15:36:26.201  PRE   POST /api/trade/search/Mirage  delay=2.667 min_gap=0.000 last=1010.667
15:36:26.201  ENF   delay=2.667 min_gap=0.000 jitter=2.000 gap=4.667 since_last=0.000 sleep=4.667
15:36:26.201  PARSE Ip 60:300:1800 → 5.000s/req pen=1800s  delay 2.667→6.000  min_gap→0  max_usage=0%
15:36:26.201  RAW   X-Rate-Limit-Rules: Ip
15:36:26.201  RAW   X-Rate-Limit-Ip: 60:300:1800
15:36:26.201  RESP  POST /api/trade/search/Mirage → 200  4.667s  delay=6.000 min_gap=0.000 last=1015.333
15:36:26.201  PRE   POST /api/trade/search/Mirage  delay=6.000 min_gap=0.000 last=1015.333
15:36:26.201  ENF   delay=6.000 min_gap=0.000 jitter=2.000 gap=8.000 since_last=0.000 sleep=8.000
15:36:26.201  PARSE Ip 60:300:1800 → 5.000s/req pen=1800s  delay 6.000→6.000  min_gap→0  max_usage=0%
15:36:26.201  RAW   X-Rate-Limit-Rules: Ip
15:36:26.201  RAW   X-Rate-Limit-Ip: 60:300:1800
15:36:26.201  RESP  POST /api/trade/search/Mirage → 200  8.000s  delay=6.000 min_gap=0.000 last=1023.333
15:36:26.201  INIT  user_agent=test/0.1.0 delay=0.0 min_gap=1.0
15:36:26.201  PRE   POST /api/trade/search/Mirage  delay=0.000 min_gap=1.000 last=1784554586.201
15:36:26.201  ENF   delay=0.000 min_gap=1.000 jitter=0.000 gap=1.000 since_last=0.000 sleep=1.000
15:36:27.201  PARSE Ip 60:300:1800 → 5.000s/req pen=1800s  delay 0.000→6.000  min_gap→0  max_usage=0%
15:36:27.201  RAW   X-Rate-Limit-Rules: Ip
15:36:27.201  RAW   X-Rate-Limit-Ip: 60:300:1800
15:36:27.201  RESP  POST /api/trade/search/Mirage → 200  1.000s  delay=6.000 min_gap=0.000 last=1784554587.202
15:36:27.201  PRE   POST /api/trade/search/Mirage  delay=6.000 min_gap=0.000 last=1784554587.202
15:36:27.201  ENF   delay=6.000 min_gap=0.000 jitter=0.000 gap=6.000 since_last=0.000 sleep=6.000
15:36:33.201  PARSE Account 10:1:2 → 0.100s/req pen=2s  delay 6.000→6.000  min_gap→0  max_usage=0%
15:36:33.201  RAW   X-Rate-Limit-Rules: Account
15:36:33.201  RAW   X-Rate-Limit-Account: 10:1:2
15:36:33.201  RESP  POST /api/trade/search/Mirage → 200  6.000s  delay=6.000 min_gap=0.000 last=1784554593.202
15:36:33.202  INIT  user_agent=test/0.1.0 delay=0.0 min_gap=1.0
15:36:33.202  PRE   POST /api/trade/search/Mirage  delay=0.000 min_gap=1.000 last=1784554593.202
15:36:33.202  ENF   delay=0.000 min_gap=1.000 jitter=0.000 gap=1.000 since_last=0.000 sleep=1.000
15:36:33.202  RESP  POST /api/trade/search/Mirage → 200  0.000s  delay=0.000 min_gap=1.000 last=1784554593.202
15:36:33.202  PRE   POST /api/trade/search/Mirage  delay=0.000 min_gap=1.000 last=1784554593.202
15:36:33.202  ENF   delay=0.000 min_gap=1.000 jitter=0.000 gap=1.000 since_last=0.000 sleep=1.000
15:36:33.202  RESP  POST /api/trade/search/Mirage → 200  0.000s  delay=0.000 min_gap=1.000 last=1784554593.202
15:36:33.202  INIT  user_agent=test/0.1.0 delay=0.0 min_gap=1.0
15:36:33.202  PRE   POST /api/trade/search/Mirage  delay=0.000 min_gap=1.000 last=1784554593.202
15:36:33.202  ENF   delay=0.000 min_gap=1.000 jitter=0.000 gap=1.000 since_last=0.000 sleep=1.000
15:36:34.202  PARSE Account 3:5:60 → 1.667s/req pen=60s  delay 0.000→2.667  min_gap→0  max_usage=0%
15:36:34.202  RAW   X-Rate-Limit-Rules: Account
15:36:34.202  RAW   X-Rate-Limit-Account: 3:5:60
15:36:34.202  RESP  POST /api/trade/search/Mirage → 200  1.000s  delay=2.667 min_gap=0.000 last=1784554594.203
15:36:34.202  INIT  user_agent=test/0.1.0 delay=0.0 min_gap=1.0
15:36:34.202  LOCK  sleep=9999.000
15:36:34.203  ENF   delay=0.010 min_gap=1.000 jitter=0.000 gap=1.000 since_last=0.000 sleep=1.000
15:36:34.203  INIT  user_agent=test/0.1.0 delay=0.0 min_gap=1.0
15:36:34.203  PRE   POST /api/trade/search/Mirage  delay=0.000 min_gap=1.000 last=1784554594.203
15:36:34.203  ENF   delay=0.000 min_gap=1.000 jitter=0.000 gap=1.000 since_last=0.000 sleep=1.000
15:36:35.203  PARSE Account 3:5:60 → 1.667s/req pen=60s  delay 0.000→2.667  min_gap→0  max_usage=0%
15:36:35.203  RAW   X-Rate-Limit-Rules: Account
15:36:35.203  RAW   X-Rate-Limit-Account: 3:5:60
15:36:35.203  RESP  POST /api/trade/search/Mirage → 200  1.000s  delay=2.667 min_gap=0.000 last=1784554595.203
15:36:35.203  INIT  user_agent=test/0.1.0 delay=0.0 min_gap=1.0
15:36:35.203  PRE   POST /api/trade/search/Mirage  delay=0.000 min_gap=1.000 last=1784554595.204
15:36:35.203  ENF   delay=0.000 min_gap=1.000 jitter=0.000 gap=1.000 since_last=0.000 sleep=1.000
15:36:36.203  PARSE Ip 8:10:60 → 1.250s/req pen=60s; Ip 15:60:120 → 4.000s/req pen=120s; Ip 60:300:1800 → 5.000s/req pen=1800s  delay 0.000→6.000  min_gap→0  max_usage=0%
15:36:36.203  RAW   X-Rate-Limit-Rules: Ip
15:36:36.203  RAW   X-Rate-Limit-Ip: 8:10:60,15:60:120,60:300:1800
15:36:36.203  RESP  POST /api/trade/search/Mirage → 200  1.000s  delay=6.000 min_gap=0.000 last=1784554596.204
15:36:36.203  INIT  user_agent=test/0.1.0 delay=0.0 min_gap=1.0
15:36:36.204  PRE   POST /api/trade/search/Mirage  delay=0.000 min_gap=1.000 last=1784554596.204
15:36:36.204  ENF   delay=0.000 min_gap=1.000 jitter=0.000 gap=1.000 since_last=0.000 sleep=1.000
15:36:37.204  PARSE Account 3:5:60 → 1.667s/req pen=60s; Ip 60:300:1800 → 5.000s/req pen=1800s  delay 0.000→6.000  min_gap→0  max_usage=0%
15:36:37.204  RAW   X-Rate-Limit-Rules: Account,Ip
15:36:37.204  RAW   X-Rate-Limit-Account: 3:5:60
15:36:37.204  RAW   X-Rate-Limit-Ip: 60:300:1800
15:36:37.204  RESP  POST /api/trade/search/Mirage → 200  1.000s  delay=6.000 min_gap=0.000 last=1784554597.204
15:36:37.204  INIT  user_agent=test/0.1.0 delay=0.0 min_gap=1.0
15:36:37.204  PRE   POST /api/trade/search/Mirage  delay=0.000 min_gap=1.000 last=1784554597.204
15:36:37.204  ENF   delay=0.000 min_gap=1.000 jitter=0.000 gap=1.000 since_last=0.000 sleep=1.000
15:36:38.204  RESP  POST /api/trade/search/Mirage → 200  1.000s  delay=0.000 min_gap=1.000 last=1784554598.204
