13:20:05.697  INIT  user_agent=test/0.1.0 delay=0.0 min_gap=1.0
13:20:05.697  PRE   POST /api/trade/search/Standard  delay=0.000 min_gap=1.000 last=1784632795.697
13:20:05.697  RESP  POST /api/trade/search/Standard → 429  0.000s  delay=0.000 min_gap=1.000 last=1784632805.697
13:20:05.697  BODY  req=(none)
13:20:05.697  BODY  resp=
13:20:05.697  !! 429 ! headers={'Server': 'cloudflare'}  state_delay=0.000 state_min_gap=1.000 state_last=1784632805.697
13:20:05.697  INIT  user_agent=test/0.1.0 delay=0.0 min_gap=1.0
13:20:05.697  PRE   POST /api/trade/search/Standard  delay=0.000 min_gap=1.000 last=1784632795.698
13:20:05.697  PARSE Account 1:5:60 → 1.500s/req pen=60s (used=0)  delay 0.000→2.500  min_gap→0  max_usage=0%
13:20:05.697  RAW   X-Rate-Limit-Rules: Account
13:20:05.697  RAW   X-Rate-Limit-Account: 1:5:60
13:20:05.697  RESP  POST /api/trade/search/Standard → 429  0.000s  delay=2.500 min_gap=0.000 last=1784632805.698
13:20:05.697  BODY  req=(none)
13:20:05.697  BODY  resp=
13:20:05.697  !! 429 ! headers={'X-Rate-Limit-Rules': 'Account', 'X-Rate-Limit-Account': '1:5:60'}  state_delay=2.500 state_min_gap=0.000 state_last=1784632805.698
13:20:05.698  INIT  user_agent=test/0.1.0 delay=0.0 min_gap=1.0
13:20:05.698  PRE   POST /api/trade/search/Standard  delay=0.000 min_gap=1.000 last=1784632805.698
13:20:05.698  ENF   delay=0.000 min_gap=1.000 jitter=0.000 gap=1.000 since_last=0.000 sleep=1.000
13:20:06.698  PARSE Account 1:1:1 → 0.300s/req pen=1s (used=0)  delay 0.000→1.300  min_gap→0  max_usage=0%
13:20:06.698  RAW   X-Rate-Limit-Rules: Account
13:20:06.698  RAW   X-Rate-Limit-Account: 1:1:1
13:20:06.698  RESP  POST /api/trade/search/Standard → 200  1.000s  delay=1.300 min_gap=0.000 last=1784632806.698
13:20:06.698  INIT  user_agent=test/0.1.0 delay=0.0 min_gap=1.0
13:20:06.698  PRE   POST /api/trade/search/Standard  delay=0.000 min_gap=1.000 last=1784632806.699
13:20:06.698  ENF   delay=0.000 min_gap=1.000 jitter=0.000 gap=1.000 since_last=0.000 sleep=1.000
13:20:06.698  PARSE Account 3:5:60 → 0.500s/req pen=60s (used=0)  delay 0.000→1.500  min_gap→0  max_usage=0%
13:20:06.699  RAW   X-Rate-Limit-Rules: Account
13:20:06.699  RAW   X-Rate-Limit-Account: 3:5:60
13:20:06.699  RESP  POST /api/trade/search/Standard → 200  0.000s  delay=1.500 min_gap=0.000 last=1784632806.699
13:20:06.699  PRE   GET /api/trade/fetch/a  delay=1.500 min_gap=0.000 last=1784632806.699
13:20:06.699  ENF   delay=1.500 min_gap=0.000 jitter=0.000 gap=1.500 since_last=0.000 sleep=1.500
13:20:06.699  PARSE Account 3:5:60 → 0.500s/req pen=60s (used=0)  delay 1.500→1.500  min_gap→0  max_usage=0%
13:20:06.699  RAW   X-Rate-Limit-Rules: Account
13:20:06.699  RAW   X-Rate-Limit-Account: 3:5:60
13:20:06.699  RESP  GET /api/trade/fetch/a → 200  0.000s  delay=1.500 min_gap=0.000 last=1784632806.699
13:20:06.699  INIT  user_agent=test/0.1.0 delay=0.0 min_gap=1.0
13:20:06.699  PRE   POST /api/trade/search/Standard  delay=0.000 min_gap=1.000 last=990.000
13:20:06.699  RESP  POST /api/trade/search/Standard → 200  0.000s  delay=0.000 min_gap=1.000 last=1000.000
13:20:06.699  PRE   POST /api/trade/search/Standard  delay=0.000 min_gap=1.000 last=1000.000
13:20:06.699  ENF   delay=0.000 min_gap=1.000 jitter=2.000 gap=3.000 since_last=0.000 sleep=3.000
13:20:06.699  RESP  POST /api/trade/search/Standard → 200  3.000s  delay=0.000 min_gap=1.000 last=1003.000
13:20:06.699  PRE   POST /api/trade/search/Standard  delay=0.000 min_gap=1.000 last=1003.000
13:20:06.699  ENF   delay=0.000 min_gap=1.000 jitter=2.000 gap=3.000 since_last=0.000 sleep=3.000
13:20:06.699  PARSE Account 3:5:60 → 0.500s/req pen=60s (used=0)  delay 0.000→1.500  min_gap→0  max_usage=0%
13:20:06.699  RAW   X-Rate-Limit-Rules: Account
13:20:06.699  RAW   X-Rate-Limit-Account: 3:5:60
13:20:06.699  RESP  POST /api/trade/search/Standard → 200  3.000s  delay=1.500 min_gap=0.000 last=1006.000
13:20:06.699  PRE   POST /api/trade/search/Standard  delay=1.500 min_gap=0.000 last=1006.000
13:20:06.699  ENF   delay=1.500 min_gap=0.000 jitter=2.000 gap=3.500 since_last=0.000 sleep=3.500
13:20:06.699  PARSE Account 3:5:60 → 0.500s/req pen=60s (used=0)  delay 1.500→1.500  min_gap→0  max_usage=0%
13:20:06.699  RAW   X-Rate-Limit-Rules: Account
13:20:06.699  RAW   X-Rate-Limit-Account: 3:5:60
13:20:06.699  RESP  POST /api/trade/search/Standard → 200  3.500s  delay=1.500 min_gap=0.000 last=1009.500
13:20:06.699  PRE   POST /api/trade/search/Standard  delay=1.500 min_gap=0.000 last=1009.500
13:20:06.699  ENF   delay=1.500 min_gap=0.000 jitter=2.000 gap=3.500 since_last=0.000 sleep=3.500
13:20:06.699  PARSE Ip 60:300:1800 → 1.500s/req pen=1800s (used=0)  delay 1.500→2.500  min_gap→0  max_usage=0%
13:20:06.699  RAW   X-Rate-Limit-Rules: Ip
13:20:06.699  RAW   X-Rate-Limit-Ip: 60:300:1800
13:20:06.699  RESP  POST /api/trade/search/Standard → 200  3.500s  delay=2.500 min_gap=0.000 last=1013.000
13:20:06.700  PRE   POST /api/trade/search/Standard  delay=2.500 min_gap=0.000 last=1013.000
13:20:06.700  ENF   delay=2.500 min_gap=0.000 jitter=2.000 gap=4.500 since_last=0.000 sleep=4.500
13:20:06.700  PARSE Ip 60:300:1800 → 1.500s/req pen=1800s (used=0)  delay 2.500→2.500  min_gap→0  max_usage=0%
13:20:06.700  RAW   X-Rate-Limit-Rules: Ip
13:20:06.700  RAW   X-Rate-Limit-Ip: 60:300:1800
13:20:06.700  RESP  POST /api/trade/search/Standard → 200  4.500s  delay=2.500 min_gap=0.000 last=1017.500
13:20:06.700  INIT  user_agent=test/0.1.0 delay=0.0 min_gap=1.0
13:20:06.700  PRE   POST /api/trade/search/Standard  delay=0.000 min_gap=1.000 last=1784632806.700
13:20:06.700  ENF   delay=0.000 min_gap=1.000 jitter=0.000 gap=1.000 since_last=0.000 sleep=1.000
13:20:07.700  PARSE Ip 60:300:1800 → 6.250s/req pen=1800s (used=30)  delay 0.000→7.250  min_gap→0  max_usage=50%
13:20:07.700  RAW   X-Rate-Limit-Rules: Ip
13:20:07.700  RAW   X-Rate-Limit-Ip: 60:300:1800
13:20:07.700  RAW   X-Rate-Limit-Ip-State: 30:300:0
13:20:07.700  RESP  POST /api/trade/search/Standard → 200  1.000s  delay=7.250 min_gap=0.000 last=1784632807.700
13:20:07.700  PRE   POST /api/trade/search/Standard  delay=7.250 min_gap=0.000 last=1784632807.700
13:20:07.700  ENF   delay=7.250 min_gap=0.000 jitter=0.000 gap=7.250 since_last=0.000 sleep=7.250
13:20:14.950  PARSE Ip 60:300:1800 → 2.875s/req pen=1800s (used=3)  delay 7.250→3.875  min_gap→0  max_usage=5%
13:20:14.950  RAW   X-Rate-Limit-Rules: Ip
13:20:14.950  RAW   X-Rate-Limit-Ip: 60:300:1800
13:20:14.950  RAW   X-Rate-Limit-Ip-State: 3:300:0
13:20:14.950  RESP  POST /api/trade/search/Standard → 200  7.250s  delay=3.875 min_gap=0.000 last=1784632814.951
13:20:14.950  INIT  user_agent=test/0.1.0 delay=0.0 min_gap=1.0
13:20:14.950  PRE   POST /api/trade/search/Standard  delay=0.000 min_gap=1.000 last=1784632814.951
13:20:14.951  ENF   delay=0.000 min_gap=1.000 jitter=0.000 gap=1.000 since_last=0.000 sleep=1.000
13:20:15.950  PARSE Ip 60:300:1800 → 1.500s/req pen=1800s (used=0)  delay 0.000→2.500  min_gap→0  max_usage=0%
13:20:15.951  RAW   X-Rate-Limit-Rules: Ip
13:20:15.951  RAW   X-Rate-Limit-Ip: 60:300:1800
13:20:15.951  RESP  POST /api/trade/search/Standard → 200  1.000s  delay=2.500 min_gap=0.000 last=1784632815.951
13:20:15.951  INIT  user_agent=test/0.1.0 delay=0.0 min_gap=1.0
13:20:15.951  PRE   POST /api/trade/search/Standard  delay=0.000 min_gap=1.000 last=1784632815.951
13:20:15.951  ENF   delay=0.000 min_gap=1.000 jitter=0.000 gap=1.000 since_last=0.000 sleep=1.000
13:20:15.951  RESP  POST /api/trade/search/Standard → 200  0.000s  delay=0.000 min_gap=1.000 last=1784632815.952
13:20:15.951  PRE   POST /api/trade/search/Standard  delay=0.000 min_gap=1.000 last=1784632815.952
13:20:15.951  ENF   delay=0.000 min_gap=1.000 jitter=0.000 gap=1.000 since_last=0.000 sleep=1.000
13:20:15.951  RESP  POST /api/trade/search/Standard → 200  0.000s  delay=0.000 min_gap=1.000 last=1784632815.952
13:20:15.951  INIT  user_agent=test/0.1.0 delay=0.0 min_gap=1.0
13:20:15.951  PRE   POST /api/trade/search/Standard  delay=0.000 min_gap=1.000 last=1784632815.952
13:20:15.951  ENF   delay=0.000 min_gap=1.000 jitter=0.000 gap=1.000 since_last=0.000 sleep=1.000
13:20:16.951  PARSE Account 3:5:60 → 0.500s/req pen=60s (used=0)  delay 0.000→1.500  min_gap→0  max_usage=0%
13:20:16.951  RAW   X-Rate-Limit-Rules: Account
13:20:16.951  RAW   X-Rate-Limit-Account: 3:5:60
13:20:16.951  RESP  POST /api/trade/search/Standard → 200  1.000s  delay=1.500 min_gap=0.000 last=1784632816.952
13:20:16.952  INIT  user_agent=test/0.1.0 delay=0.0 min_gap=1.0
13:20:16.952  PRE   POST /api/trade/search/Standard  delay=0.000 min_gap=1.000 last=1784632816.952
13:20:16.952  ENF   delay=0.000 min_gap=1.000 jitter=0.000 gap=1.000 since_last=0.000 sleep=1.000
13:20:17.952  PARSE Ip 60:300:1800 → 9.250s/req pen=1800s (used=54)  delay 0.000→10.250  min_gap→0  max_usage=90%
13:20:17.952  BACK  set 10min backoff at 90% usage
13:20:17.952  RAW   X-Rate-Limit-Rules: Ip
13:20:17.952  RAW   X-Rate-Limit-Ip: 60:300:1800
13:20:17.952  RAW   X-Rate-Limit-Ip-State: 54:300:0
13:20:17.952  RESP  POST /api/trade/search/Standard → 200  1.000s  delay=10.250 min_gap=0.000 last=1784632817.952
13:20:17.952  INIT  user_agent=test/0.1.0 delay=0.0 min_gap=1.0
13:20:17.952  LOCK  sleep=9999.000
13:20:17.952  ENF   delay=0.010 min_gap=1.000 jitter=0.000 gap=1.000 since_last=0.000 sleep=1.000
13:20:17.953  INIT  user_agent=test/0.1.0 delay=0.0 min_gap=1.0
13:20:17.953  PRE   POST /api/trade/search/Standard  delay=0.000 min_gap=1.000 last=1784632817.953
13:20:17.953  ENF   delay=0.000 min_gap=1.000 jitter=0.000 gap=1.000 since_last=0.000 sleep=1.000
13:20:18.953  PARSE Ip 60:300:1800 → 3.250s/req pen=1800s (used=6)  delay 0.000→4.250  min_gap→0  max_usage=10%
13:20:18.953  RAW   X-Rate-Limit-Rules: Ip
13:20:18.953  RAW   X-Rate-Limit-Ip: 60:300:1800
13:20:18.953  RAW   X-Rate-Limit-Ip-State: 6:300:0
13:20:18.953  RESP  POST /api/trade/search/Standard → 200  1.000s  delay=4.250 min_gap=0.000 last=1784632818.953
13:20:18.953  INIT  user_agent=test/0.1.0 delay=0.0 min_gap=1.0
13:20:18.953  PRE   POST /api/trade/search/Standard  delay=0.000 min_gap=1.000 last=1784632818.953
13:20:18.953  ENF   delay=0.000 min_gap=1.000 jitter=0.000 gap=1.000 since_last=0.000 sleep=1.000
13:20:19.953  PARSE Account 3:5:60 → 0.500s/req pen=60s (used=0)  delay 0.000→1.500  min_gap→0  max_usage=0%
13:20:19.953  RAW   X-Rate-Limit-Rules: Account
13:20:19.953  RAW   X-Rate-Limit-Account: 3:5:60
13:20:19.953  RESP  POST /api/trade/search/Standard → 200  1.000s  delay=1.500 min_gap=0.000 last=1784632819.954
13:20:19.953  INIT  user_agent=test/0.1.0 delay=0.0 min_gap=1.0
13:20:19.953  PRE   POST /api/trade/search/Standard  delay=0.000 min_gap=1.000 last=1784632819.954
13:20:19.953  ENF   delay=0.000 min_gap=1.000 jitter=0.000 gap=1.000 since_last=0.000 sleep=1.000
13:20:20.953  PARSE Ip 8:10:60 → 0.375s/req pen=60s (used=0); Ip 15:60:120 → 1.200s/req pen=120s (used=0); Ip 60:300:1800 → 1.500s/req pen=1800s (used=0)  delay 0.000→2.500  min_gap→0  max_usage=0%
13:20:20.954  RAW   X-Rate-Limit-Rules: Ip
13:20:20.954  RAW   X-Rate-Limit-Ip: 8:10:60,15:60:120,60:300:1800
13:20:20.954  RESP  POST /api/trade/search/Standard → 200  1.000s  delay=2.500 min_gap=0.000 last=1784632820.954
13:20:20.954  INIT  user_agent=test/0.1.0 delay=0.0 min_gap=1.0
13:20:20.954  PRE   POST /api/trade/search/Standard  delay=0.000 min_gap=1.000 last=1784632820.954
13:20:20.954  ENF   delay=0.000 min_gap=1.000 jitter=0.000 gap=1.000 since_last=0.000 sleep=1.000
13:20:21.954  PARSE Account 3:5:60 → 2.500s/req pen=60s (used=2); Ip 15:60:120 → 3.200s/req pen=120s (used=3)  delay 0.000→4.200  min_gap→0  max_usage=20%
13:20:21.954  RAW   X-Rate-Limit-Rules: Account,Ip
13:20:21.954  RAW   X-Rate-Limit-Account: 3:5:60
13:20:21.954  RAW   X-Rate-Limit-Account-State: 2:5:0
13:20:21.954  RAW   X-Rate-Limit-Ip: 15:60:120
13:20:21.954  RAW   X-Rate-Limit-Ip-State: 3:60:0
13:20:21.954  RESP  POST /api/trade/search/Standard → 200  1.000s  delay=4.200 min_gap=0.000 last=1784632821.954
13:20:21.954  INIT  user_agent=test/0.1.0 delay=0.0 min_gap=1.0
13:20:21.954  PRE   POST /api/trade/search/Standard  delay=0.000 min_gap=1.000 last=1784632821.955
13:20:21.954  ENF   delay=0.000 min_gap=1.000 jitter=0.000 gap=1.000 since_last=0.000 sleep=1.000
13:20:22.954  PARSE Account 3:5:60 → 0.500s/req pen=60s (used=0); Ip 60:300:1800 → 1.500s/req pen=1800s (used=0)  delay 0.000→2.500  min_gap→0  max_usage=0%
13:20:22.954  RAW   X-Rate-Limit-Rules: Account,Ip
13:20:22.954  RAW   X-Rate-Limit-Account: 3:5:60
13:20:22.954  RAW   X-Rate-Limit-Ip: 60:300:1800
13:20:22.954  RESP  POST /api/trade/search/Standard → 200  1.000s  delay=2.500 min_gap=0.000 last=1784632822.955
13:20:22.955  INIT  user_agent=test/0.1.0 delay=0.0 min_gap=1.0
13:20:22.955  PRE   POST /api/trade/search/Standard  delay=0.000 min_gap=1.000 last=1784632822.955
13:20:22.955  ENF   delay=0.000 min_gap=1.000 jitter=0.000 gap=1.000 since_last=0.000 sleep=1.000
13:20:23.955  RESP  POST /api/trade/search/Standard → 200  1.000s  delay=0.000 min_gap=1.000 last=1784632823.955
