13:26:57.487  INIT  user_agent=OAuth pypoe/0.1.0 (flipper) delay=0.0 min_gap=1.0
13:26:57.489  PRE   POST /api/trade/search/Standard  delay=0.000 min_gap=1.000 last=1784633217.487
13:26:57.489  ENF   delay=0.000 min_gap=1.000 jitter=2.776 gap=3.776 since_last=0.003 sleep=3.774
13:27:01.570  PARSE Account 3:5:60 → 2.500s/req pen=60s (used=2); Ip 8:10:60 → 1.094s/req pen=60s (used=2); Ip 15:60:120 → 2.800s/req pen=120s (used=2); Ip 60:300:1800 → 5.250s/req pen=1800s (used=22)  delay 0.000→6.250  min_gap→0  max_usage=37%
13:27:01.570  RAW   content-type: application/json
13:27:01.570  RAW   x-rate-limit-policy: trade-search-request-limit
13:27:01.570  RAW   x-rate-limit-rules: Account,Ip
13:27:01.570  RAW   x-rate-limit-account: 3:5:60
13:27:01.570  RAW   x-rate-limit-account-state: 2:5:0
13:27:01.570  RAW   x-rate-limit-ip: 8:10:60,15:60:120,60:300:1800
13:27:01.570  RAW   x-rate-limit-ip-state: 2:10:0,2:60:0,22:300:0
13:27:01.570  RAW   cf-cache-status: DYNAMIC
13:27:01.570  RAW   cf-ray: a1e9daa10c3b4a11-WAW
13:27:01.570  RESP  POST /api/trade/search/Standard → 200  4.080s  delay=6.250 min_gap=0.000 last=1784633221.570
13:27:01.570  PRE   GET /api/trade/fetch/aef1091face8d267d4c900bf326846e462d03cf58ee54db8c5993ad8a7697821%2C033d070274497b7dadd764ba77eedd7af87cf092fbe8db193bca120b0235e86b%2C95fe68913840b85cb9153ac22fda824febd8263ae87b333dee36109d924a4b39%2C6833a3eac745f51cfedb36aee94ff3ffd0aac13b5bb86220c40fab1e26e94856%2Cd6460a186227c134e64368f4088d230cb13187130d938a9a3a7758f771a4900b  delay=6.250 min_gap=0.000 last=1784633221.570
13:27:01.570  ENF   delay=6.250 min_gap=0.000 jitter=2.955 gap=9.205 since_last=0.000 sleep=9.205
13:27:11.045  PARSE Account 6:4:10 → 0.833s/req pen=10s (used=3); Ip 12:4:60 → 0.292s/req pen=60s (used=3); Ip 16:12:60 → 0.586s/req pen=60s (used=3)  delay 6.250→1.833  min_gap→0  max_usage=0%
13:27:11.045  RAW   content-type: application/json
13:27:11.045  RAW   x-rate-limit-policy: trade-fetch-request-limit
13:27:11.045  RAW   x-rate-limit-rules: Account,Ip
13:27:11.045  RAW   x-rate-limit-account: 6:4:10
13:27:11.045  RAW   x-rate-limit-account-state: 3:4:0
13:27:11.045  RAW   x-rate-limit-ip: 12:4:60,16:12:60
13:27:11.045  RAW   x-rate-limit-ip-state: 3:4:0,3:12:0
13:27:11.045  RAW   cf-cache-status: DYNAMIC
13:27:11.045  RAW   cf-ray: a1e9dadc5f444a11-WAW
13:27:11.045  RESP  GET /api/trade/fetch/aef1091face8d267d4c900bf326846e462d03cf58ee54db8c5993ad8a7697821%2C033d070274497b7dadd764ba77eedd7af87cf092fbe8db193bca120b0235e86b%2C95fe68913840b85cb9153ac22fda824febd8263ae87b333dee36109d924a4b39%2C6833a3eac745f51cfedb36aee94ff3ffd0aac13b5bb86220c40fab1e26e94856%2Cd6460a186227c134e64368f4088d230cb13187130d938a9a3a7758f771a4900b → 200  9.475s  delay=1.833 min_gap=0.000 last=1784633231.046
13:27:11.046  PRE   POST /api/trade/search/Standard  delay=1.833 min_gap=0.000 last=1784633231.046
13:27:11.046  ENF   delay=1.833 min_gap=0.000 jitter=3.476 gap=5.310 since_last=0.000 sleep=5.309
13:27:16.633  PARSE Account 3:5:60 → 3.333s/req pen=60s (used=3); Ip 8:10:60 → 1.328s/req pen=60s (used=3); Ip 15:60:120 → 4.400s/req pen=120s (used=6); Ip 60:300:1800 → 5.750s/req pen=1800s (used=26)  delay 1.833→6.750  min_gap→0  max_usage=43%
13:27:16.633  RAW   content-type: application/json
13:27:16.633  RAW   x-rate-limit-policy: trade-search-request-limit
13:27:16.633  RAW   x-rate-limit-rules: Account,Ip
13:27:16.633  RAW   x-rate-limit-account: 3:5:60
13:27:16.633  RAW   x-rate-limit-account-state: 3:5:0
13:27:16.633  RAW   x-rate-limit-ip: 8:10:60,15:60:120,60:300:1800
13:27:16.633  RAW   x-rate-limit-ip-state: 3:10:0,6:60:0,26:300:0
13:27:16.633  RAW   cf-cache-status: DYNAMIC
13:27:16.633  RAW   cf-ray: a1e9daff3d0d4a11-WAW
13:27:16.633  RESP  POST /api/trade/search/Standard → 200  5.587s  delay=6.750 min_gap=0.000 last=1784633236.634
13:27:16.633  PRE   GET /api/trade/fetch/71defae9074f5e7199224601c51608740c9380600339951b7a5aa1fb58c8c324%2C81e78c124ef5c8cdb50b702d11b239bb6781fef577c2bf30efc445f6a3c8cefb%2C87339a4ca0990d51aa44e3d6daf103f92aced152930fa519859885258c299cc7%2C756a43bfbbfac3baccb253489fa0d424c5057ad29635b8b8daa32f1e4b646a22%2C4e66b880a6f06b2a7cdee876892d97c0cddf01e074313113dd64da549f2cab63  delay=6.750 min_gap=0.000 last=1784633236.634
13:27:16.633  ENF   delay=6.750 min_gap=0.000 jitter=2.409 gap=9.159 since_last=0.000 sleep=9.159
13:27:26.099  PARSE Account 6:4:10 → 0.667s/req pen=10s (used=2); Ip 12:4:60 → 0.250s/req pen=60s (used=2); Ip 16:12:60 → 0.516s/req pen=60s (used=2)  delay 6.750→1.667  min_gap→0  max_usage=0%
13:27:26.100  RAW   content-type: application/json
13:27:26.100  RAW   x-rate-limit-policy: trade-fetch-request-limit
13:27:26.100  RAW   x-rate-limit-rules: Account,Ip
13:27:26.100  RAW   x-rate-limit-account: 6:4:10
13:27:26.100  RAW   x-rate-limit-account-state: 2:4:0
13:27:26.100  RAW   x-rate-limit-ip: 12:4:60,16:12:60
13:27:26.100  RAW   x-rate-limit-ip-state: 2:4:0,2:12:0
13:27:26.100  RAW   cf-cache-status: DYNAMIC
13:27:26.100  RAW   cf-ray: a1e9db3a3b934a11-WAW
13:27:26.100  RESP  GET /api/trade/fetch/71defae9074f5e7199224601c51608740c9380600339951b7a5aa1fb58c8c324%2C81e78c124ef5c8cdb50b702d11b239bb6781fef577c2bf30efc445f6a3c8cefb%2C87339a4ca0990d51aa44e3d6daf103f92aced152930fa519859885258c299cc7%2C756a43bfbbfac3baccb253489fa0d424c5057ad29635b8b8daa32f1e4b646a22%2C4e66b880a6f06b2a7cdee876892d97c0cddf01e074313113dd64da549f2cab63 → 200  9.466s  delay=1.667 min_gap=0.000 last=1784633246.100
13:27:26.127  PRE   POST /api/trade/search/Standard  delay=1.667 min_gap=0.000 last=1784633246.100
13:27:26.127  ENF   delay=1.667 min_gap=0.000 jitter=2.580 gap=4.246 since_last=0.027 sleep=4.220
13:27:30.628  PARSE Account 3:5:60 → 2.500s/req pen=60s (used=2); Ip 8:10:60 → 1.094s/req pen=60s (used=2); Ip 15:60:120 → 5.200s/req pen=120s (used=8); Ip 60:300:1800 → 6.000s/req pen=1800s (used=28)  delay 1.667→7.000  min_gap→0  max_usage=53%
13:27:30.629  RAW   content-type: application/json
13:27:30.629  RAW   x-rate-limit-policy: trade-search-request-limit
13:27:30.629  RAW   x-rate-limit-rules: Account,Ip
13:27:30.629  RAW   x-rate-limit-account: 3:5:60
13:27:30.629  RAW   x-rate-limit-account-state: 2:5:0
13:27:30.629  RAW   x-rate-limit-ip: 8:10:60,15:60:120,60:300:1800
13:27:30.629  RAW   x-rate-limit-ip-state: 2:10:0,8:60:0,28:300:0
13:27:30.629  RAW   cf-cache-status: DYNAMIC
13:27:30.629  RAW   cf-ray: a1e9db56bce54a11-WAW
13:27:30.629  RESP  POST /api/trade/search/Standard → 200  4.502s  delay=7.000 min_gap=0.000 last=1784633250.629
13:27:30.629  PRE   GET /api/trade/fetch/0953e66ae7eb5a31eedb2d9fbbd3055451f0e38c033dbd7fd5355d7dc4b91662%2C1650164bfd7a870cf2697682962a5d4778e5a5c55482a84dbfe95031b8aafb24%2C52a6abe5c39811720762ad26e885d89abf0807d319c9d564d9b7fc7bf8b82f40%2C676b1d7ae7f9f8648cf31d0bc1cc6d84cc2952f8d8426ec36ceaed839973bbf4%2Cabaa4ec492528b07a8e3056b3d8fd7c6a511a08f736618eb43d07af952c6c22e  delay=7.000 min_gap=0.000 last=1784633250.629
13:27:30.629  ENF   delay=7.000 min_gap=0.000 jitter=2.668 gap=9.668 since_last=0.000 sleep=9.668
13:27:40.567  PARSE Account 6:4:10 → 0.500s/req pen=10s (used=1); Ip 12:4:60 → 0.208s/req pen=60s (used=1); Ip 16:12:60 → 0.445s/req pen=60s (used=1)  delay 7.000→1.500  min_gap→0  max_usage=0%
13:27:40.567  RAW   content-type: application/json
13:27:40.567  RAW   x-rate-limit-policy: trade-fetch-request-limit
13:27:40.567  RAW   x-rate-limit-rules: Account,Ip
13:27:40.567  RAW   x-rate-limit-account: 6:4:10
13:27:40.567  RAW   x-rate-limit-account-state: 1:4:0
13:27:40.567  RAW   x-rate-limit-ip: 12:4:60,16:12:60
13:27:40.567  RAW   x-rate-limit-ip-state: 1:4:0,1:12:0
13:27:40.567  RAW   cf-cache-status: DYNAMIC
13:27:40.568  RAW   cf-ray: a1e9db94ea304a11-WAW
13:27:40.568  RESP  GET /api/trade/fetch/0953e66ae7eb5a31eedb2d9fbbd3055451f0e38c033dbd7fd5355d7dc4b91662%2C1650164bfd7a870cf2697682962a5d4778e5a5c55482a84dbfe95031b8aafb24%2C52a6abe5c39811720762ad26e885d89abf0807d319c9d564d9b7fc7bf8b82f40%2C676b1d7ae7f9f8648cf31d0bc1cc6d84cc2952f8d8426ec36ceaed839973bbf4%2Cabaa4ec492528b07a8e3056b3d8fd7c6a511a08f736618eb43d07af952c6c22e → 200  9.939s  delay=1.500 min_gap=0.000 last=1784633260.568
13:27:40.568  PRE   POST /api/trade/search/Standard  delay=1.500 min_gap=0.000 last=1784633260.568
13:27:40.568  ENF   delay=1.500 min_gap=0.000 jitter=2.062 gap=3.562 since_last=0.000 sleep=3.562
13:27:44.417  PARSE Account 3:5:60 → 1.667s/req pen=60s (used=1); Ip 8:10:60 → 0.859s/req pen=60s (used=1); Ip 15:60:120 → 6.000s/req pen=120s (used=10); Ip 60:300:1800 → 6.250s/req pen=1800s (used=30)  delay 1.500→7.250  min_gap→0  max_usage=67%
13:27:44.417  RAW   content-type: application/json
13:27:44.417  RAW   x-rate-limit-policy: trade-search-request-limit
13:27:44.417  RAW   x-rate-limit-rules: Account,Ip
13:27:44.417  RAW   x-rate-limit-account: 3:5:60
13:27:44.417  RAW   x-rate-limit-account-state: 1:5:0
13:27:44.417  RAW   x-rate-limit-ip: 8:10:60,15:60:120,60:300:1800
13:27:44.417  RAW   x-rate-limit-ip-state: 1:10:0,10:60:0,30:300:0
13:27:44.417  RAW   cf-cache-status: DYNAMIC
13:27:44.418  RAW   cf-ray: a1e9dbacdcce4a11-WAW
13:27:44.418  RESP  POST /api/trade/search/Standard → 200  3.849s  delay=7.250 min_gap=0.000 last=1784633264.418
13:27:44.418  PRE   GET /api/trade/fetch/5831c3ff142fea52a7404254c92d648d7dde33f5f8c032e686ec3a86e18f8fa1%2C6020d5f48250a65a7f514d2ab1a51b46ececde07e749a8abfb71b02cc5a4692c%2Ce14354777ac695197afa24c8b6372467674cd3ebc5f8a73938d23388c79d6dd9%2C25094c569c19611de7f93b60dcbdc78a1358dc5d64aee7f7ef7e05c9f0f8df17%2Cb2c4adbfb7bd213e32195cbdca7fd5b5a5a79ed5f429286ce39b4c7e48c69ad9  delay=7.250 min_gap=0.000 last=1784633264.418
13:27:44.418  ENF   delay=7.250 min_gap=0.000 jitter=2.777 gap=10.027 since_last=0.000 sleep=10.027
13:27:54.713  PARSE Account 6:4:10 → 0.500s/req pen=10s (used=1); Ip 12:4:60 → 0.208s/req pen=60s (used=1); Ip 16:12:60 → 0.516s/req pen=60s (used=2)  delay 7.250→1.516  min_gap→0  max_usage=0%
13:27:54.713  RAW   content-type: application/json
13:27:54.713  RAW   x-rate-limit-policy: trade-fetch-request-limit
13:27:54.713  RAW   x-rate-limit-rules: Account,Ip
13:27:54.713  RAW   x-rate-limit-account: 6:4:10
13:27:54.713  RAW   x-rate-limit-account-state: 1:4:0
13:27:54.713  RAW   x-rate-limit-ip: 12:4:60,16:12:60
13:27:54.713  RAW   x-rate-limit-ip-state: 1:4:0,2:12:0
13:27:54.713  RAW   cf-cache-status: DYNAMIC
13:27:54.713  RAW   cf-ray: a1e9dbed4d214a11-WAW
13:27:54.713  RESP  GET /api/trade/fetch/5831c3ff142fea52a7404254c92d648d7dde33f5f8c032e686ec3a86e18f8fa1%2C6020d5f48250a65a7f514d2ab1a51b46ececde07e749a8abfb71b02cc5a4692c%2Ce14354777ac695197afa24c8b6372467674cd3ebc5f8a73938d23388c79d6dd9%2C25094c569c19611de7f93b60dcbdc78a1358dc5d64aee7f7ef7e05c9f0f8df17%2Cb2c4adbfb7bd213e32195cbdca7fd5b5a5a79ed5f429286ce39b4c7e48c69ad9 → 200  10.295s  delay=1.516 min_gap=0.000 last=1784633274.714
13:27:54.713  PRE   POST /api/trade/search/Standard  delay=1.516 min_gap=0.000 last=1784633274.714
13:27:54.713  ENF   delay=1.516 min_gap=0.000 jitter=2.835 gap=4.351 since_last=0.000 sleep=4.350
13:27:59.350  PARSE Account 3:5:60 → 1.667s/req pen=60s (used=1); Ip 8:10:60 → 0.859s/req pen=60s (used=1); Ip 15:60:120 → 7.200s/req pen=120s (used=13); Ip 60:300:1800 → 6.625s/req pen=1800s (used=33)  delay 1.516→8.200  min_gap→0  max_usage=87%
13:27:59.350  BACK  set 67s backoff at 87% usage (penalty=120s)
13:27:59.350  RAW   content-type: application/json
13:27:59.350  RAW   x-rate-limit-policy: trade-search-request-limit
13:27:59.350  RAW   x-rate-limit-rules: Account,Ip
13:27:59.350  RAW   x-rate-limit-account: 3:5:60
13:27:59.350  RAW   x-rate-limit-account-state: 1:5:0
13:27:59.350  RAW   x-rate-limit-ip: 8:10:60,15:60:120,60:300:1800
13:27:59.350  RAW   x-rate-limit-ip-state: 1:10:0,13:60:0,33:300:0
13:27:59.350  RAW   cf-cache-status: DYNAMIC
13:27:59.350  RAW   cf-ray: a1e9dc0a2b024a11-WAW
13:27:59.350  RESP  POST /api/trade/search/Standard → 200  4.636s  delay=8.200 min_gap=0.000 last=1784633279.351
13:27:59.350  PRE   GET /api/trade/fetch/676b1d7ae7f9f8648cf31d0bc1cc6d84cc2952f8d8426ec36ceaed839973bbf4%2C52a6abe5c39811720762ad26e885d89abf0807d319c9d564d9b7fc7bf8b82f40%2C14541cc60a79de22bdc55589ffe086978e3dbd9cdfb76f0a9082e7d1773135f7%2C194e4a8bc412390b046d279dfa910266d30ee68fe616eed04d4246a10c9ec1ac%2Cc729d6d516a7b1a27923fb5e511b774c8214057639eef32b00ab6cec86ccb8d2  delay=8.200 min_gap=0.000 last=1784633279.351
13:27:59.350  BACK  sleep=66.7
13:29:06.017  ENF   delay=8.200 min_gap=0.000 jitter=4.987 gap=13.187 since_last=0.000 sleep=13.187
13:29:19.544  PARSE Account 6:4:10 → 0.500s/req pen=10s (used=1); Ip 12:4:60 → 0.208s/req pen=60s (used=1); Ip 16:12:60 → 0.586s/req pen=60s (used=3)  delay 8.200→1.586  min_gap→0  max_usage=0%
13:29:19.544  RAW   content-type: application/json
13:29:19.544  RAW   x-rate-limit-policy: trade-fetch-request-limit
13:29:19.544  RAW   x-rate-limit-rules: Account,Ip
13:29:19.544  RAW   x-rate-limit-account: 6:4:10
13:29:19.544  RAW   x-rate-limit-account-state: 1:4:0
13:29:19.544  RAW   x-rate-limit-ip: 12:4:60,16:12:60
13:29:19.544  RAW   x-rate-limit-ip-state: 1:4:0,3:12:0
13:29:19.544  RAW   cf-cache-status: DYNAMIC
13:29:19.544  RAW   cf-ray: a1e9ddff080d4a11-WAW
13:29:19.545  RESP  GET /api/trade/fetch/676b1d7ae7f9f8648cf31d0bc1cc6d84cc2952f8d8426ec36ceaed839973bbf4%2C52a6abe5c39811720762ad26e885d89abf0807d319c9d564d9b7fc7bf8b82f40%2C14541cc60a79de22bdc55589ffe086978e3dbd9cdfb76f0a9082e7d1773135f7%2C194e4a8bc412390b046d279dfa910266d30ee68fe616eed04d4246a10c9ec1ac%2Cc729d6d516a7b1a27923fb5e511b774c8214057639eef32b00ab6cec86ccb8d2 → 200  80.194s  delay=1.586 min_gap=0.000 last=1784633359.545
13:29:19.570  PRE   POST /api/trade/search/Standard  delay=1.586 min_gap=0.000 last=1784633359.545
13:29:19.570  ENF   delay=1.586 min_gap=0.000 jitter=4.411 gap=5.997 since_last=0.026 sleep=5.972
13:29:25.819  PARSE Account 3:5:60 → 1.667s/req pen=60s (used=1); Ip 8:10:60 → 0.859s/req pen=60s (used=1); Ip 15:60:120 → 5.200s/req pen=120s (used=8); Ip 60:300:1800 → 5.250s/req pen=1800s (used=22)  delay 1.586→6.250  min_gap→0  max_usage=53%
13:29:25.819  RAW   content-type: application/json
13:29:25.819  RAW   x-rate-limit-policy: trade-search-request-limit
13:29:25.819  RAW   x-rate-limit-rules: Account,Ip
13:29:25.819  RAW   x-rate-limit-account: 3:5:60
13:29:25.819  RAW   x-rate-limit-account-state: 1:5:0
13:29:25.819  RAW   x-rate-limit-ip: 8:10:60,15:60:120,60:300:1800
13:29:25.819  RAW   x-rate-limit-ip-state: 1:10:0,8:60:0,22:300:0
13:29:25.819  RAW   cf-cache-status: DYNAMIC
13:29:25.819  RAW   cf-ray: a1e9de26a9d74a11-WAW
13:29:25.819  RESP  POST /api/trade/search/Standard → 200  6.249s  delay=6.250 min_gap=0.000 last=1784633365.820
13:29:25.819  PRE   GET /api/trade/fetch/7dc87884054c24948553a8c747664629a299d8d5cfd162e2b4ba3872b37f8215%2Cfed68227d0a202c87fff93743f9c08c4a3cf72722070aca7bb94305af1bdb528%2C26e4230fa871bf02e96e1d746cb86d6a443acade292264212232bec0b0c27af3%2Ccf8a2f84e97dd11add1021ee0f3c2caf23857e14cc15e934e72092b6517906f5%2Cb82a7db2d310dd118e855ecfcd40d58db08fbf0eefc78b44769346a61611e9f4  delay=6.250 min_gap=0.000 last=1784633365.820
13:29:25.819  ENF   delay=6.250 min_gap=0.000 jitter=4.557 gap=10.807 since_last=0.000 sleep=10.807
13:29:36.898  PARSE Account 6:4:10 → 0.500s/req pen=10s (used=1); Ip 12:4:60 → 0.208s/req pen=60s (used=1); Ip 16:12:60 → 0.586s/req pen=60s (used=3)  delay 6.250→1.586  min_gap→0  max_usage=0%
13:29:36.898  RAW   content-type: application/json
13:29:36.898  RAW   x-rate-limit-policy: trade-fetch-request-limit
13:29:36.898  RAW   x-rate-limit-rules: Account,Ip
13:29:36.898  RAW   x-rate-limit-account: 6:4:10
13:29:36.899  RAW   x-rate-limit-account-state: 1:4:0
13:29:36.899  RAW   x-rate-limit-ip: 12:4:60,16:12:60
13:29:36.899  RAW   x-rate-limit-ip-state: 1:4:0,3:12:0
13:29:36.899  RAW   cf-cache-status: DYNAMIC
13:29:36.899  RAW   cf-ray: a1e9de6bfa7d4a11-WAW
13:29:36.899  RESP  GET /api/trade/fetch/7dc87884054c24948553a8c747664629a299d8d5cfd162e2b4ba3872b37f8215%2Cfed68227d0a202c87fff93743f9c08c4a3cf72722070aca7bb94305af1bdb528%2C26e4230fa871bf02e96e1d746cb86d6a443acade292264212232bec0b0c27af3%2Ccf8a2f84e97dd11add1021ee0f3c2caf23857e14cc15e934e72092b6517906f5%2Cb82a7db2d310dd118e855ecfcd40d58db08fbf0eefc78b44769346a61611e9f4 → 200  11.079s  delay=1.586 min_gap=0.000 last=1784633376.899
13:29:36.899  PRE   POST /api/trade/search/Standard  delay=1.586 min_gap=0.000 last=1784633376.899
13:29:36.899  ENF   delay=1.586 min_gap=0.000 jitter=4.298 gap=5.884 since_last=0.000 sleep=5.884
13:29:43.068  PARSE Account 3:5:60 → 1.667s/req pen=60s (used=1); Ip 8:10:60 → 0.859s/req pen=60s (used=1); Ip 15:60:120 → 6.000s/req pen=120s (used=10); Ip 60:300:1800 → 5.625s/req pen=1800s (used=25)  delay 1.586→7.000  min_gap→0  max_usage=67%
13:29:43.068  RAW   content-type: application/json
13:29:43.068  RAW   x-rate-limit-policy: trade-search-request-limit
13:29:43.068  RAW   x-rate-limit-rules: Account,Ip
13:29:43.068  RAW   x-rate-limit-account: 3:5:60
13:29:43.068  RAW   x-rate-limit-account-state: 1:5:0
13:29:43.068  RAW   x-rate-limit-ip: 8:10:60,15:60:120,60:300:1800
13:29:43.068  RAW   x-rate-limit-ip-state: 1:10:0,10:60:0,25:300:0
13:29:43.068  RAW   cf-cache-status: DYNAMIC
13:29:43.068  RAW   cf-ray: a1e9de926ef44a11-WAW
13:29:43.068  RESP  POST /api/trade/search/Standard → 200  6.169s  delay=7.000 min_gap=0.000 last=1784633383.068
13:29:43.068  PRE   GET /api/trade/fetch/5831c3ff142fea52a7404254c92d648d7dde33f5f8c032e686ec3a86e18f8fa1%2C6020d5f48250a65a7f514d2ab1a51b46ececde07e749a8abfb71b02cc5a4692c%2Ce14354777ac695197afa24c8b6372467674cd3ebc5f8a73938d23388c79d6dd9%2C25094c569c19611de7f93b60dcbdc78a1358dc5d64aee7f7ef7e05c9f0f8df17%2Cb2c4adbfb7bd213e32195cbdca7fd5b5a5a79ed5f429286ce39b4c7e48c69ad9  delay=7.000 min_gap=0.000 last=1784633383.068
13:29:43.068  ENF   delay=7.000 min_gap=0.000 jitter=3.202 gap=10.202 since_last=0.000 sleep=10.202
13:29:53.596  PARSE Account 6:4:10 → 0.500s/req pen=10s (used=1); Ip 12:4:60 → 0.208s/req pen=60s (used=1); Ip 16:12:60 → 0.516s/req pen=60s (used=2)  delay 7.000→1.516  min_gap→0  max_usage=0%
13:29:53.596  RAW   content-type: application/json
13:29:53.596  RAW   x-rate-limit-policy: trade-fetch-request-limit
13:29:53.596  RAW   x-rate-limit-rules: Account,Ip
13:29:53.596  RAW   x-rate-limit-account: 6:4:10
13:29:53.596  RAW   x-rate-limit-account-state: 1:4:0
13:29:53.596  RAW   x-rate-limit-ip: 12:4:60,16:12:60
13:29:53.596  RAW   x-rate-limit-ip-state: 1:4:0,2:12:0
13:29:53.596  RAW   cf-cache-status: DYNAMIC
13:29:53.596  RAW   cf-ray: a1e9ded3fd0a4a11-WAW
13:29:53.596  RESP  GET /api/trade/fetch/5831c3ff142fea52a7404254c92d648d7dde33f5f8c032e686ec3a86e18f8fa1%2C6020d5f48250a65a7f514d2ab1a51b46ececde07e749a8abfb71b02cc5a4692c%2Ce14354777ac695197afa24c8b6372467674cd3ebc5f8a73938d23388c79d6dd9%2C25094c569c19611de7f93b60dcbdc78a1358dc5d64aee7f7ef7e05c9f0f8df17%2Cb2c4adbfb7bd213e32195cbdca7fd5b5a5a79ed5f429286ce39b4c7e48c69ad9 → 200  10.528s  delay=1.516 min_gap=0.000 last=1784633393.597
13:29:53.596  PRE   POST /api/trade/search/Standard  delay=1.516 min_gap=0.000 last=1784633393.597
13:29:53.597  ENF   delay=1.516 min_gap=0.000 jitter=2.402 gap=3.917 since_last=0.000 sleep=3.917
13:29:57.786  PARSE Account 3:5:60 → 1.667s/req pen=60s (used=1); Ip 8:10:60 → 0.859s/req pen=60s (used=1); Ip 15:60:120 → 6.400s/req pen=120s (used=11); Ip 60:300:1800 → 6.000s/req pen=1800s (used=28)  delay 1.516→7.400  min_gap→0  max_usage=73%
13:29:57.787  BACK  set 13s backoff at 73% usage (penalty=120s)
13:29:57.787  RAW   content-type: application/json
13:29:57.787  RAW   x-rate-limit-policy: trade-search-request-limit
13:29:57.787  RAW   x-rate-limit-rules: Account,Ip
13:29:57.787  RAW   x-rate-limit-account: 3:5:60
13:29:57.787  RAW   x-rate-limit-account-state: 1:5:0
13:29:57.787  RAW   x-rate-limit-ip: 8:10:60,15:60:120,60:300:1800
13:29:57.787  RAW   x-rate-limit-ip-state: 1:10:0,11:60:0,28:300:0
13:29:57.787  RAW   cf-cache-status: DYNAMIC
13:29:57.787  RAW   cf-ray: a1e9deee7a1c4a11-WAW
13:29:57.787  RESP  POST /api/trade/search/Standard → 200  4.190s  delay=7.400 min_gap=0.000 last=1784633397.787
13:29:57.787  PRE   GET /api/trade/fetch/7156b93d8fb1e10f3c924010ccac9970141447525ac1a35785d5605b754d8335%2Ce087f8dea73e3561859beeaab11ea647705742d6a077ea7401d042564a0955bf%2Cfeb138924f3abe22f18f4b4f4bbdea012a2965e55842246fdd546f5be2416d7f%2C3b1ddd5f9982d8e5be5bc8c05fd91f4767298f225d2f6e78e9c3ee6fc399a912%2Ce08dcefb5a68a695065ab5022f9ce14864cd78ec2ca2f30e782fa48034ba847f  delay=7.400 min_gap=0.000 last=1784633397.787
13:29:57.787  BACK  sleep=13.3
13:30:11.120  ENF   delay=7.400 min_gap=0.000 jitter=3.259 gap=10.659 since_last=0.000 sleep=10.659
13:30:22.041  PARSE Account 6:4:10 → 0.500s/req pen=10s (used=1); Ip 12:4:60 → 0.208s/req pen=60s (used=1); Ip 16:12:60 → 0.516s/req pen=60s (used=2)  delay 7.400→1.516  min_gap→0  max_usage=0%
13:30:22.041  RAW   content-type: application/json
13:30:22.041  RAW   x-rate-limit-policy: trade-fetch-request-limit
13:30:22.041  RAW   x-rate-limit-rules: Account,Ip
13:30:22.041  RAW   x-rate-limit-account: 6:4:10
13:30:22.041  RAW   x-rate-limit-account-state: 1:4:0
13:30:22.041  RAW   x-rate-limit-ip: 12:4:60,16:12:60
13:30:22.041  RAW   x-rate-limit-ip-state: 1:4:0,2:12:0
13:30:22.041  RAW   cf-cache-status: DYNAMIC
13:30:22.041  RAW   cf-ray: a1e9df862ddd4a11-WAW
13:30:22.041  RESP  GET /api/trade/fetch/7156b93d8fb1e10f3c924010ccac9970141447525ac1a35785d5605b754d8335%2Ce087f8dea73e3561859beeaab11ea647705742d6a077ea7401d042564a0955bf%2Cfeb138924f3abe22f18f4b4f4bbdea012a2965e55842246fdd546f5be2416d7f%2C3b1ddd5f9982d8e5be5bc8c05fd91f4767298f225d2f6e78e9c3ee6fc399a912%2Ce08dcefb5a68a695065ab5022f9ce14864cd78ec2ca2f30e782fa48034ba847f → 200  24.254s  delay=1.516 min_gap=0.000 last=1784633422.041
13:30:22.067  PRE   POST /api/trade/search/Standard  delay=1.516 min_gap=0.000 last=1784633422.041
13:30:22.067  ENF   delay=1.516 min_gap=0.000 jitter=3.379 gap=4.894 since_last=0.027 sleep=4.868
13:30:27.220  PARSE Account 3:5:60 → 1.667s/req pen=60s (used=1); Ip 8:10:60 → 0.859s/req pen=60s (used=1); Ip 15:60:120 → 5.600s/req pen=120s (used=9); Ip 60:300:1800 → 6.500s/req pen=1800s (used=32)  delay 1.516→7.500  min_gap→0  max_usage=60%
13:30:27.220  RAW   content-type: application/json
13:30:27.220  RAW   x-rate-limit-policy: trade-search-request-limit
13:30:27.220  RAW   x-rate-limit-rules: Account,Ip
13:30:27.221  RAW   x-rate-limit-account: 3:5:60
13:30:27.221  RAW   x-rate-limit-account-state: 1:5:0
13:30:27.221  RAW   x-rate-limit-ip: 8:10:60,15:60:120,60:300:1800
13:30:27.221  RAW   x-rate-limit-ip-state: 1:10:0,9:60:0,32:300:0
13:30:27.221  RAW   cf-cache-status: DYNAMIC
13:30:27.221  RAW   cf-ray: a1e9dfa65ae94a11-WAW
13:30:27.221  RESP  POST /api/trade/search/Standard → 200  5.153s  delay=7.500 min_gap=0.000 last=1784633427.221
13:30:27.221  PRE   GET /api/trade/fetch/f69f94da533837255337fbf405a3918b3ebc967152271d9d351276f87a2274c3%2C8f385d32014e831969587939af9dbc34c4d7b12ff143d5afc7b4faa7b4b7842e%2C63cc2399cfae804135e63cba2dd02ebe26bb472ea79bb1a354db7670f6ac04ef%2C30a8296c11659bb0ded1612f8d30ffbc2bacc6d1b6100d57a70ab8d5c2d5c3be%2C471898fa4d345054ed14bfbfecc9229918fe979afe0996f565df58a4c20d9419  delay=7.500 min_gap=0.000 last=1784633427.221
13:30:27.221  ENF   delay=7.500 min_gap=0.000 jitter=2.897 gap=10.397 since_last=0.000 sleep=10.397
13:30:37.923  PARSE Account 6:4:10 → 0.500s/req pen=10s (used=1); Ip 12:4:60 → 0.208s/req pen=60s (used=1); Ip 16:12:60 → 0.586s/req pen=60s (used=3)  delay 7.500→1.586  min_gap→0  max_usage=0%
13:30:37.923  RAW   content-type: application/json
13:30:37.923  RAW   x-rate-limit-policy: trade-fetch-request-limit
13:30:37.923  RAW   x-rate-limit-rules: Account,Ip
13:30:37.923  RAW   x-rate-limit-account: 6:4:10
13:30:37.923  RAW   x-rate-limit-account-state: 1:4:0
13:30:37.923  RAW   x-rate-limit-ip: 12:4:60,16:12:60
13:30:37.923  RAW   x-rate-limit-ip-state: 1:4:0,3:12:0
13:30:37.923  RAW   cf-cache-status: DYNAMIC
13:30:37.923  RAW   cf-ray: a1e9dfe92bd44a11-WAW
13:30:37.923  RESP  GET /api/trade/fetch/f69f94da533837255337fbf405a3918b3ebc967152271d9d351276f87a2274c3%2C8f385d32014e831969587939af9dbc34c4d7b12ff143d5afc7b4faa7b4b7842e%2C63cc2399cfae804135e63cba2dd02ebe26bb472ea79bb1a354db7670f6ac04ef%2C30a8296c11659bb0ded1612f8d30ffbc2bacc6d1b6100d57a70ab8d5c2d5c3be%2C471898fa4d345054ed14bfbfecc9229918fe979afe0996f565df58a4c20d9419 → 200  10.702s  delay=1.586 min_gap=0.000 last=1784633437.923
13:30:37.923  PRE   POST /api/trade/search/Standard  delay=1.586 min_gap=0.000 last=1784633437.923
13:30:37.923  ENF   delay=1.586 min_gap=0.000 jitter=3.828 gap=5.414 since_last=0.000 sleep=5.414
13:30:43.641  PARSE Account 3:5:60 → 1.667s/req pen=60s (used=1); Ip 8:10:60 → 1.328s/req pen=60s (used=3); Ip 15:60:120 → 6.000s/req pen=120s (used=10); Ip 60:300:1800 → 6.875s/req pen=1800s (used=35)  delay 1.586→7.875  min_gap→0  max_usage=67%
13:30:43.641  RAW   content-type: application/json
13:30:43.641  RAW   x-rate-limit-policy: trade-search-request-limit
13:30:43.641  RAW   x-rate-limit-rules: Account,Ip
13:30:43.641  RAW   x-rate-limit-account: 3:5:60
13:30:43.641  RAW   x-rate-limit-account-state: 1:5:0
13:30:43.641  RAW   x-rate-limit-ip: 8:10:60,15:60:120,60:300:1800
13:30:43.641  RAW   x-rate-limit-ip-state: 3:10:0,10:60:0,35:300:0
13:30:43.641  RAW   cf-cache-status: DYNAMIC
13:30:43.641  RAW   cf-ray: a1e9e00cea694a11-WAW
13:30:43.641  RESP  POST /api/trade/search/Standard → 200  5.718s  delay=7.875 min_gap=0.000 last=1784633443.642
13:30:43.641  PRE   GET /api/trade/fetch/5831c3ff142fea52a7404254c92d648d7dde33f5f8c032e686ec3a86e18f8fa1%2C6020d5f48250a65a7f514d2ab1a51b46ececde07e749a8abfb71b02cc5a4692c%2Ce14354777ac695197afa24c8b6372467674cd3ebc5f8a73938d23388c79d6dd9%2C25094c569c19611de7f93b60dcbdc78a1358dc5d64aee7f7ef7e05c9f0f8df17%2Cb2c4adbfb7bd213e32195cbdca7fd5b5a5a79ed5f429286ce39b4c7e48c69ad9  delay=7.875 min_gap=0.000 last=1784633443.642
13:30:43.641  ENF   delay=7.875 min_gap=0.000 jitter=3.394 gap=11.269 since_last=0.000 sleep=11.269
13:30:55.232  PARSE Account 6:4:10 → 0.500s/req pen=10s (used=1); Ip 12:4:60 → 0.208s/req pen=60s (used=1); Ip 16:12:60 → 0.586s/req pen=60s (used=3)  delay 7.875→1.586  min_gap→0  max_usage=0%
13:30:55.232  RAW   content-type: application/json
13:30:55.232  RAW   x-rate-limit-policy: trade-fetch-request-limit
13:30:55.232  RAW   x-rate-limit-rules: Account,Ip
13:30:55.232  RAW   x-rate-limit-account: 6:4:10
13:30:55.232  RAW   x-rate-limit-account-state: 1:4:0
13:30:55.232  RAW   x-rate-limit-ip: 12:4:60,16:12:60
13:30:55.232  RAW   x-rate-limit-ip-state: 1:4:0,3:12:0
13:30:55.232  RAW   cf-cache-status: DYNAMIC
13:30:55.232  RAW   cf-ray: a1e9e0553c834a11-WAW
13:30:55.232  RESP  GET /api/trade/fetch/5831c3ff142fea52a7404254c92d648d7dde33f5f8c032e686ec3a86e18f8fa1%2C6020d5f48250a65a7f514d2ab1a51b46ececde07e749a8abfb71b02cc5a4692c%2Ce14354777ac695197afa24c8b6372467674cd3ebc5f8a73938d23388c79d6dd9%2C25094c569c19611de7f93b60dcbdc78a1358dc5d64aee7f7ef7e05c9f0f8df17%2Cb2c4adbfb7bd213e32195cbdca7fd5b5a5a79ed5f429286ce39b4c7e48c69ad9 → 200  11.590s  delay=1.586 min_gap=0.000 last=1784633455.232
13:30:55.232  PRE   POST /api/trade/search/Standard  delay=1.586 min_gap=0.000 last=1784633455.232
13:30:55.232  ENF   delay=1.586 min_gap=0.000 jitter=4.723 gap=6.309 since_last=0.000 sleep=6.309
13:31:01.816  PARSE Account 3:5:60 → 1.667s/req pen=60s (used=1); Ip 8:10:60 → 0.859s/req pen=60s (used=1); Ip 15:60:120 → 5.200s/req pen=120s (used=8); Ip 60:300:1800 → 7.250s/req pen=1800s (used=38)  delay 1.586→8.250  min_gap→0  max_usage=63%
13:31:01.817  RAW   content-type: application/json
13:31:01.817  RAW   x-rate-limit-policy: trade-search-request-limit
13:31:01.817  RAW   x-rate-limit-rules: Account,Ip
13:31:01.817  RAW   x-rate-limit-account: 3:5:60
13:31:01.817  RAW   x-rate-limit-account-state: 1:5:0
13:31:01.817  RAW   x-rate-limit-ip: 8:10:60,15:60:120,60:300:1800
13:31:01.817  RAW   x-rate-limit-ip-state: 1:10:0,8:60:0,38:300:0
13:31:01.817  RAW   cf-cache-status: DYNAMIC
13:31:01.817  RAW   cf-ray: a1e9e07eade14a11-WAW
13:31:01.817  RESP  POST /api/trade/search/Standard → 200  6.584s  delay=8.250 min_gap=0.000 last=1784633461.817
13:31:01.817  PRE   GET /api/trade/fetch/a4f8fa659539c7b8266f18df7812dcdb40c4d5d670fbeabc28510e41b7f44db8%2C7050714fbee2ef4dc259b8f723a9ed3bd0029bc2f743c99548a85be958d8ad6e%2C8ab7333f2a5e53535ecaf2925a6bc15237b84bfc600e9903d30254a1ab87d2b1%2Cdaa42b39870607230962b88a11cde3decfe6f2de25036c4563d3ca81072e456f%2C46c6a09c408f01af1734d60a1152e6be2d91c6dc5ae273a343699056deff5667  delay=8.250 min_gap=0.000 last=1784633461.817
13:31:01.817  ENF   delay=8.250 min_gap=0.000 jitter=2.374 gap=10.624 since_last=0.000 sleep=10.624
13:31:12.757  PARSE Account 6:4:10 → 0.500s/req pen=10s (used=1); Ip 12:4:60 → 0.208s/req pen=60s (used=1); Ip 16:12:60 → 0.586s/req pen=60s (used=3)  delay 8.250→1.586  min_gap→0  max_usage=0%
13:31:12.757  RAW   content-type: application/json
13:31:12.757  RAW   x-rate-limit-policy: trade-fetch-request-limit
13:31:12.757  RAW   x-rate-limit-rules: Account,Ip
13:31:12.757  RAW   x-rate-limit-account: 6:4:10
13:31:12.757  RAW   x-rate-limit-account-state: 1:4:0
13:31:12.757  RAW   x-rate-limit-ip: 12:4:60,16:12:60
13:31:12.757  RAW   x-rate-limit-ip-state: 1:4:0,3:12:0
13:31:12.757  RAW   cf-cache-status: DYNAMIC
13:31:12.757  RAW   cf-ray: a1e9e0c2ce9c4a11-WAW
13:31:12.757  RESP  GET /api/trade/fetch/a4f8fa659539c7b8266f18df7812dcdb40c4d5d670fbeabc28510e41b7f44db8%2C7050714fbee2ef4dc259b8f723a9ed3bd0029bc2f743c99548a85be958d8ad6e%2C8ab7333f2a5e53535ecaf2925a6bc15237b84bfc600e9903d30254a1ab87d2b1%2Cdaa42b39870607230962b88a11cde3decfe6f2de25036c4563d3ca81072e456f%2C46c6a09c408f01af1734d60a1152e6be2d91c6dc5ae273a343699056deff5667 → 200  10.940s  delay=1.586 min_gap=0.000 last=1784633472.758
13:31:12.784  PRE   POST /api/trade/search/Standard  delay=1.586 min_gap=0.000 last=1784633472.758
13:31:12.784  ENF   delay=1.586 min_gap=0.000 jitter=2.016 gap=3.602 since_last=0.027 sleep=3.575
13:31:16.632  PARSE Account 3:5:60 → 1.667s/req pen=60s (used=1); Ip 8:10:60 → 0.859s/req pen=60s (used=1); Ip 15:60:120 → 5.600s/req pen=120s (used=9); Ip 60:300:1800 → 7.625s/req pen=1800s (used=41)  delay 1.586→8.625  min_gap→0  max_usage=68%
13:31:16.632  RAW   content-type: application/json
13:31:16.632  RAW   x-rate-limit-policy: trade-search-request-limit
13:31:16.632  RAW   x-rate-limit-rules: Account,Ip
13:31:16.632  RAW   x-rate-limit-account: 3:5:60
13:31:16.632  RAW   x-rate-limit-account-state: 1:5:0
13:31:16.632  RAW   x-rate-limit-ip: 8:10:60,15:60:120,60:300:1800
13:31:16.632  RAW   x-rate-limit-ip-state: 1:10:0,9:60:0,41:300:0
13:31:16.632  RAW   cf-cache-status: DYNAMIC
13:31:16.632  RAW   cf-ray: a1e9e0db4bfe4a11-WAW
13:31:16.632  RESP  POST /api/trade/search/Standard → 200  3.848s  delay=8.625 min_gap=0.000 last=1784633476.633
13:31:16.632  PRE   GET /api/trade/fetch/fb47dc5bbe3f696bc85c55f9c38be8bde898dffdd253b9c142ae3dc04809fa9e%2C64578fbcfe49426a567e5817d8681541c0fe1038d9722e5b7d9c9dd20345d97f%2C3829026e2986fee710b335d8394fea0df2ab09d8f88bccc50192a7e5bb180e40%2Cd6089c56fd9dbe0b05edfb31db7c1546484dd9123ebd6fc38b959e99b57687c5%2C6319ebf3dc45b604d82928f6600b2f7559552087b86a41c419882b0f7ccfcffc  delay=8.625 min_gap=0.000 last=1784633476.633
13:31:16.633  ENF   delay=8.625 min_gap=0.000 jitter=4.721 gap=13.346 since_last=0.000 sleep=13.346
13:31:30.301  PARSE Account 6:4:10 → 0.500s/req pen=10s (used=1); Ip 12:4:60 → 0.208s/req pen=60s (used=1); Ip 16:12:60 → 0.586s/req pen=60s (used=3)  delay 8.625→1.586  min_gap→0  max_usage=0%
13:31:30.301  RAW   content-type: application/json
13:31:30.301  RAW   x-rate-limit-policy: trade-fetch-request-limit
13:31:30.301  RAW   x-rate-limit-rules: Account,Ip
13:31:30.301  RAW   x-rate-limit-account: 6:4:10
13:31:30.301  RAW   x-rate-limit-account-state: 1:4:0
13:31:30.301  RAW   x-rate-limit-ip: 12:4:60,16:12:60
13:31:30.301  RAW   x-rate-limit-ip-state: 1:4:0,3:12:0
13:31:30.301  RAW   cf-cache-status: DYNAMIC
13:31:30.301  RAW   cf-ray: a1e9e1306e504a11-WAW
13:31:30.301  RESP  GET /api/trade/fetch/fb47dc5bbe3f696bc85c55f9c38be8bde898dffdd253b9c142ae3dc04809fa9e%2C64578fbcfe49426a567e5817d8681541c0fe1038d9722e5b7d9c9dd20345d97f%2C3829026e2986fee710b335d8394fea0df2ab09d8f88bccc50192a7e5bb180e40%2Cd6089c56fd9dbe0b05edfb31db7c1546484dd9123ebd6fc38b959e99b57687c5%2C6319ebf3dc45b604d82928f6600b2f7559552087b86a41c419882b0f7ccfcffc → 200  13.668s  delay=1.586 min_gap=0.000 last=1784633490.302
13:31:30.301  PRE   POST /api/trade/search/Standard  delay=1.586 min_gap=0.000 last=1784633490.302
13:31:30.301  ENF   delay=1.586 min_gap=0.000 jitter=2.191 gap=3.777 since_last=0.000 sleep=3.777
13:31:34.363  PARSE Account 3:5:60 → 1.667s/req pen=60s (used=1); Ip 8:10:60 → 1.094s/req pen=60s (used=2); Ip 15:60:120 → 5.600s/req pen=120s (used=9); Ip 60:300:1800 → 8.000s/req pen=1800s (used=44)  delay 1.586→9.000  min_gap→0  max_usage=73%
13:31:34.363  BACK  set 200s backoff at 73% usage (penalty=1800s)
13:31:34.363  RAW   content-type: application/json
13:31:34.363  RAW   x-rate-limit-policy: trade-search-request-limit
13:31:34.363  RAW   x-rate-limit-rules: Account,Ip
13:31:34.363  RAW   x-rate-limit-account: 3:5:60
13:31:34.363  RAW   x-rate-limit-account-state: 1:5:0
13:31:34.363  RAW   x-rate-limit-ip: 8:10:60,15:60:120,60:300:1800
13:31:34.363  RAW   x-rate-limit-ip-state: 2:10:0,9:60:0,44:300:0
13:31:34.363  RAW   cf-cache-status: DYNAMIC
13:31:34.363  RAW   cf-ray: a1e9e14a0d764a11-WAW
13:31:34.363  RESP  POST /api/trade/search/Standard → 200  4.062s  delay=9.000 min_gap=0.000 last=1784633494.364
13:31:34.364  PRE   GET /api/trade/fetch/5831c3ff142fea52a7404254c92d648d7dde33f5f8c032e686ec3a86e18f8fa1%2C6020d5f48250a65a7f514d2ab1a51b46ececde07e749a8abfb71b02cc5a4692c%2Ce14354777ac695197afa24c8b6372467674cd3ebc5f8a73938d23388c79d6dd9%2C25094c569c19611de7f93b60dcbdc78a1358dc5d64aee7f7ef7e05c9f0f8df17%2Cb2c4adbfb7bd213e32195cbdca7fd5b5a5a79ed5f429286ce39b4c7e48c69ad9  delay=9.000 min_gap=0.000 last=1784633494.364
13:31:34.364  BACK  sleep=200.0
