14:56:31.993  INIT  user_agent=OAuth pypoe/0.1.0 (flipper) delay=0.0 min_gap=1.0
14:56:31.995  PRE   POST /api/trade/search/Standard  delay=0.000 min_gap=1.000 last=1784638591.993
14:56:31.995  ENF   delay=0.000 min_gap=1.000 jitter=3.646 gap=4.646 since_last=0.002 sleep=4.645
14:56:36.945  PARSE Account 3:5:60 → 2.500s/req pen=60s (used=2); Ip 8:10:60 → 1.094s/req pen=60s (used=2); Ip 15:60:120 → 2.800s/req pen=120s (used=2); Ip 60:300:1800 → 5.625s/req pen=1800s (used=25)  delay 0.000→6.625  min_gap→0  max_usage=42%
14:56:36.945  RAW   content-type: application/json
14:56:36.945  RAW   x-rate-limit-policy: trade-search-request-limit
14:56:36.945  RAW   x-rate-limit-rules: Account,Ip
14:56:36.945  RAW   x-rate-limit-account: 3:5:60
14:56:36.945  RAW   x-rate-limit-account-state: 2:5:0
14:56:36.945  RAW   x-rate-limit-ip: 8:10:60,15:60:120,60:300:1800
14:56:36.945  RAW   x-rate-limit-ip-state: 2:10:0,2:60:0,25:300:0
14:56:36.945  RAW   cf-cache-status: DYNAMIC
14:56:36.945  RAW   cf-ray: a1ea5ddd2dc7bfd5-WAW
14:56:36.945  RESP  POST /api/trade/search/Standard → 200  4.950s  delay=6.625 min_gap=0.000 last=1784638596.946
14:56:36.945  PRE   GET /api/trade/fetch/b40d81c478f379646c3548630ad49b057e5c9e37c25521130fdc1b268b9ff3ba%2C6df60d4b89cf4669a70300984881106cda404631cce5ce0ad4393493048f2b0e%2C607193030c211a809dbbe5cb336a8523f3c7de15b876fcdd42523942a8f340e2%2Cac1845cbe82bbb7b4aec8e5814efbd6c435a4a8f91bfc383d7936a9167baaaa1%2C255d75f81a47a8e0f1cddb7a365c72c8b7ffded9806b8a3f551e36027a83c1df  delay=6.625 min_gap=0.000 last=1784638596.946
14:56:36.945  ENF   delay=6.625 min_gap=0.000 jitter=2.037 gap=8.662 since_last=0.000 sleep=8.662
14:56:45.880  PARSE Account 6:4:10 → 0.500s/req pen=10s (used=1); Ip 12:4:60 → 0.208s/req pen=60s (used=1); Ip 16:12:60 → 0.445s/req pen=60s (used=1)  delay 6.625→1.500  min_gap→0  max_usage=0%
14:56:45.880  RAW   content-type: application/json
14:56:45.880  RAW   x-rate-limit-policy: trade-fetch-request-limit
14:56:45.880  RAW   x-rate-limit-rules: Account,Ip
14:56:45.880  RAW   x-rate-limit-account: 6:4:10
14:56:45.880  RAW   x-rate-limit-account-state: 1:4:0
14:56:45.880  RAW   x-rate-limit-ip: 12:4:60,16:12:60
14:56:45.880  RAW   x-rate-limit-ip-state: 1:4:0,1:12:0
14:56:45.880  RAW   cf-cache-status: DYNAMIC
14:56:45.880  RAW   cf-ray: a1ea5e1508b7bfd5-WAW
14:56:45.880  RESP  GET /api/trade/fetch/b40d81c478f379646c3548630ad49b057e5c9e37c25521130fdc1b268b9ff3ba%2C6df60d4b89cf4669a70300984881106cda404631cce5ce0ad4393493048f2b0e%2C607193030c211a809dbbe5cb336a8523f3c7de15b876fcdd42523942a8f340e2%2Cac1845cbe82bbb7b4aec8e5814efbd6c435a4a8f91bfc383d7936a9167baaaa1%2C255d75f81a47a8e0f1cddb7a365c72c8b7ffded9806b8a3f551e36027a83c1df → 200  8.935s  delay=1.500 min_gap=0.000 last=1784638605.880
14:56:45.880  PRE   POST /api/trade/search/Standard  delay=1.500 min_gap=0.000 last=1784638605.880
14:56:45.880  ENF   delay=1.500 min_gap=0.000 jitter=2.500 gap=4.000 since_last=0.000 sleep=4.000
14:56:50.169  PARSE Account 3:5:60 → 1.667s/req pen=60s (used=1); Ip 8:10:60 → 1.094s/req pen=60s (used=2); Ip 15:60:120 → 3.600s/req pen=120s (used=4); Ip 60:300:1800 → 5.875s/req pen=1800s (used=27)  delay 1.500→6.875  min_gap→0  max_usage=45%
14:56:50.169  RAW   content-type: application/json
14:56:50.169  RAW   x-rate-limit-policy: trade-search-request-limit
14:56:50.169  RAW   x-rate-limit-rules: Account,Ip
14:56:50.169  RAW   x-rate-limit-account: 3:5:60
14:56:50.169  RAW   x-rate-limit-account-state: 1:5:0
14:56:50.169  RAW   x-rate-limit-ip: 8:10:60,15:60:120,60:300:1800
14:56:50.169  RAW   x-rate-limit-ip-state: 2:10:0,4:60:0,27:300:0
14:56:50.169  RAW   cf-cache-status: DYNAMIC
14:56:50.169  RAW   cf-ray: a1ea5e2fcc92bfd5-WAW
14:56:50.169  RESP  POST /api/trade/search/Standard → 200  4.288s  delay=6.875 min_gap=0.000 last=1784638610.169
14:56:50.169  PRE   GET /api/trade/fetch/943c083378eb6c339a409daa0191b81bd1d8471421417674dfbd8ee4f8da3959%2Cfcd9cf5dbed8f0c89ed298f2213d18820bc6deb1018a928d335c565fb472713c%2C187a143540901f7d7fcdad9f98ad82e03be7adf040d6e3d5c1f283269c6d4503%2C95f1c501e013e8d4cfb0be56c3bbda09bd540dcb64c236c0908167e794f54974%2Ce4ba33d4ac66cba9b417c809b30580ab0373c4aefcb16ecdc76b879aee9424db  delay=6.875 min_gap=0.000 last=1784638610.169
14:56:50.169  ENF   delay=6.875 min_gap=0.000 jitter=3.543 gap=10.418 since_last=0.000 sleep=10.418
14:57:00.866  PARSE Account 6:4:10 → 0.500s/req pen=10s (used=1); Ip 12:4:60 → 0.208s/req pen=60s (used=1); Ip 16:12:60 → 0.516s/req pen=60s (used=2)  delay 6.875→1.516  min_gap→0  max_usage=0%
14:57:00.866  RAW   content-type: application/json
14:57:00.866  RAW   x-rate-limit-policy: trade-fetch-request-limit
14:57:00.866  RAW   x-rate-limit-rules: Account,Ip
14:57:00.866  RAW   x-rate-limit-account: 6:4:10
14:57:00.866  RAW   x-rate-limit-account-state: 1:4:0
14:57:00.866  RAW   x-rate-limit-ip: 12:4:60,16:12:60
14:57:00.866  RAW   x-rate-limit-ip-state: 1:4:0,2:12:0
14:57:00.866  RAW   cf-cache-status: DYNAMIC
14:57:00.866  RAW   cf-ray: a1ea5e72ae2cbfd5-WAW
14:57:00.867  RESP  GET /api/trade/fetch/943c083378eb6c339a409daa0191b81bd1d8471421417674dfbd8ee4f8da3959%2Cfcd9cf5dbed8f0c89ed298f2213d18820bc6deb1018a928d335c565fb472713c%2C187a143540901f7d7fcdad9f98ad82e03be7adf040d6e3d5c1f283269c6d4503%2C95f1c501e013e8d4cfb0be56c3bbda09bd540dcb64c236c0908167e794f54974%2Ce4ba33d4ac66cba9b417c809b30580ab0373c4aefcb16ecdc76b879aee9424db → 200  10.697s  delay=1.516 min_gap=0.000 last=1784638620.867
14:57:01.318  PRE   POST /api/trade/search/Standard  delay=1.516 min_gap=0.000 last=1784638620.867
14:57:01.318  ENF   delay=1.516 min_gap=0.000 jitter=4.902 gap=6.418 since_last=0.451 sleep=5.966
14:57:07.560  PARSE Account 3:5:60 → 2.500s/req pen=60s (used=2); Ip 8:10:60 → 1.094s/req pen=60s (used=2); Ip 15:60:120 → 5.200s/req pen=120s (used=8); Ip 60:300:1800 → 5.375s/req pen=1800s (used=23)  delay 1.516→6.375  min_gap→0  max_usage=53%
14:57:07.560  RAW   content-type: application/json
14:57:07.560  RAW   x-rate-limit-policy: trade-search-request-limit
14:57:07.560  RAW   x-rate-limit-rules: Account,Ip
14:57:07.560  RAW   x-rate-limit-account: 3:5:60
14:57:07.560  RAW   x-rate-limit-account-state: 2:5:0
14:57:07.560  RAW   x-rate-limit-ip: 8:10:60,15:60:120,60:300:1800
14:57:07.560  RAW   x-rate-limit-ip-state: 2:10:0,8:60:0,23:300:0
14:57:07.560  RAW   cf-cache-status: DYNAMIC
14:57:07.560  RAW   cf-ray: a1ea5e9c89cbbfd5-WAW
14:57:07.560  RESP  POST /api/trade/search/Standard → 200  6.242s  delay=6.375 min_gap=0.000 last=1784638627.560
14:57:07.560  PRE   GET /api/trade/fetch/640815acc4839e924f83892c13435bbfd15563574617d70de009532d56b3b28a%2C37bcf9823d464315949ffa094b28d076961e184e578fd39eb90e77e3e717f4b9%2C24033087717112e5dc3afc97ea34d64792f55158aed37ab9d92b0e5d78c89d67%2C4969bdcb96118d9b566019ee76b790968910f7f26cec73e1c75f9044b1c9e748%2C8c1197077fd935fcbc23d4eb9e138428ff313d5fce08c24941e3b00b5eb00304  delay=6.375 min_gap=0.000 last=1784638627.560
14:57:07.560  ENF   delay=6.375 min_gap=0.000 jitter=3.934 gap=10.309 since_last=0.000 sleep=10.309
14:57:18.138  PARSE Account 6:4:10 → 0.667s/req pen=10s (used=2); Ip 12:4:60 → 0.250s/req pen=60s (used=2); Ip 16:12:60 → 0.586s/req pen=60s (used=3)  delay 6.375→1.667  min_gap→0  max_usage=0%
14:57:18.138  RAW   content-type: application/json
14:57:18.138  RAW   x-rate-limit-policy: trade-fetch-request-limit
14:57:18.138  RAW   x-rate-limit-rules: Account,Ip
14:57:18.138  RAW   x-rate-limit-account: 6:4:10
14:57:18.138  RAW   x-rate-limit-account-state: 2:4:0
14:57:18.138  RAW   x-rate-limit-ip: 12:4:60,16:12:60
14:57:18.138  RAW   x-rate-limit-ip-state: 2:4:0,3:12:0
14:57:18.138  RAW   cf-cache-status: DYNAMIC
14:57:18.138  RAW   cf-ray: a1ea5edebc0abfd5-WAW
14:57:18.138  RESP  GET /api/trade/fetch/640815acc4839e924f83892c13435bbfd15563574617d70de009532d56b3b28a%2C37bcf9823d464315949ffa094b28d076961e184e578fd39eb90e77e3e717f4b9%2C24033087717112e5dc3afc97ea34d64792f55158aed37ab9d92b0e5d78c89d67%2C4969bdcb96118d9b566019ee76b790968910f7f26cec73e1c75f9044b1c9e748%2C8c1197077fd935fcbc23d4eb9e138428ff313d5fce08c24941e3b00b5eb00304 → 200  10.578s  delay=1.667 min_gap=0.000 last=1784638638.138
