15:21:51.175  INIT  user_agent=test/0.1.0 delay=0.0 min_gap=1.0
15:21:51.175  PRE   POST /api/trade/search/Standard  delay=0.000 min_gap=1.000 last=1784640101.176
15:21:51.175  RESP  POST /api/trade/search/Standard → 429  0.000s  delay=0.000 min_gap=1.000 last=1784640111.176
15:21:51.175  BODY  req=(none)
15:21:51.175  BODY  resp=
15:21:51.175  !! 429 ! headers={'Server': 'cloudflare'}  state_delay=0.000 state_min_gap=1.000 state_last=1784640111.176
15:21:51.176  INIT  user_agent=test/0.1.0 delay=0.0 min_gap=1.0
15:21:51.176  PRE   POST /api/trade/search/Standard  delay=0.000 min_gap=1.000 last=1784640101.176
15:21:51.176  PARSE Account 1:5:60 → 1.500s/req pen=60s (used=0)  delay 0.000→2.500  min_gap→0  max_usage=0%
15:21:51.176  RAW   X-Rate-Limit-Rules: Account
15:21:51.176  RAW   X-Rate-Limit-Account: 1:5:60
15:21:51.176  RESP  POST /api/trade/search/Standard → 429  0.000s  delay=2.500 min_gap=0.000 last=1784640111.176
15:21:51.176  BODY  req=(none)
15:21:51.176  BODY  resp=
15:21:51.176  !! 429 ! headers={'X-Rate-Limit-Rules': 'Account', 'X-Rate-Limit-Account': '1:5:60'}  state_delay=2.500 state_min_gap=0.000 state_last=1784640111.176
15:21:51.176  INIT  user_agent=test/0.1.0 delay=0.0 min_gap=1.0
15:21:51.176  PRE   POST /api/trade/search/Standard  delay=0.000 min_gap=1.000 last=1784640111.177
15:21:51.176  ENF   delay=0.000 min_gap=1.000 jitter=0.000 gap=1.000 since_last=0.000 sleep=1.000
15:21:52.176  PARSE Account 1:1:1 → 0.300s/req pen=1s (used=0)  delay 0.000→1.300  min_gap→0  max_usage=0%
15:21:52.176  RAW   X-Rate-Limit-Rules: Account
15:21:52.176  RAW   X-Rate-Limit-Account: 1:1:1
15:21:52.176  RESP  POST /api/trade/search/Standard → 200  1.000s  delay=1.300 min_gap=0.000 last=1784640112.177
15:21:52.176  INIT  user_agent=test/0.1.0 delay=0.0 min_gap=1.0
15:21:52.177  PRE   POST /api/trade/search/Standard  delay=0.000 min_gap=1.000 last=1784640112.177
15:21:52.177  ENF   delay=0.000 min_gap=1.000 jitter=0.000 gap=1.000 since_last=0.000 sleep=1.000
15:21:52.177  PARSE Account 3:5:60 → 0.500s/req pen=60s (used=0)  delay 0.000→1.500  min_gap→0  max_usage=0%
15:21:52.177  RAW   X-Rate-Limit-Rules: Account
15:21:52.177  RAW   X-Rate-Limit-Account: 3:5:60
15:21:52.177  RESP  POST /api/trade/search/Standard → 200  0.000s  delay=1.500 min_gap=0.000 last=1784640112.177
15:21:52.177  PRE   GET /api/trade/fetch/a  delay=1.500 min_gap=0.000 last=1784640112.177
15:21:52.177  ENF   delay=1.500 min_gap=0.000 jitter=0.000 gap=1.500 since_last=0.000 sleep=1.500
15:21:52.177  PARSE Account 3:5:60 → 0.500s/req pen=60s (used=0)  delay 1.500→1.500  min_gap→0  max_usage=0%
15:21:52.177  RAW   X-Rate-Limit-Rules: Account
15:21:52.177  RAW   X-Rate-Limit-Account: 3:5:60
15:21:52.177  RESP  GET /api/trade/fetch/a → 200  0.000s  delay=1.500 min_gap=0.000 last=1784640112.177
15:21:52.177  INIT  user_agent=test/0.1.0 delay=0.0 min_gap=1.0
15:21:52.177  PRE   POST /api/trade/search/Standard  delay=0.000 min_gap=1.000 last=990.000
15:21:52.177  RESP  POST /api/trade/search/Standard → 200  0.000s  delay=0.000 min_gap=1.000 last=1000.000
15:21:52.177  PRE   POST /api/trade/search/Standard  delay=0.000 min_gap=1.000 last=1000.000
15:21:52.177  ENF   delay=0.000 min_gap=1.000 jitter=2.000 gap=3.000 since_last=0.000 sleep=3.000
15:21:52.177  RESP  POST /api/trade/search/Standard → 200  3.000s  delay=0.000 min_gap=1.000 last=1003.000
15:21:52.177  PRE   POST /api/trade/search/Standard  delay=0.000 min_gap=1.000 last=1003.000
15:21:52.177  ENF   delay=0.000 min_gap=1.000 jitter=2.000 gap=3.000 since_last=0.000 sleep=3.000
15:21:52.177  PARSE Account 3:5:60 → 0.500s/req pen=60s (used=0)  delay 0.000→1.500  min_gap→0  max_usage=0%
15:21:52.177  RAW   X-Rate-Limit-Rules: Account
15:21:52.177  RAW   X-Rate-Limit-Account: 3:5:60
15:21:52.177  RESP  POST /api/trade/search/Standard → 200  3.000s  delay=1.500 min_gap=0.000 last=1006.000
15:21:52.177  PRE   POST /api/trade/search/Standard  delay=1.500 min_gap=0.000 last=1006.000
15:21:52.177  ENF   delay=1.500 min_gap=0.000 jitter=2.000 gap=3.500 since_last=0.000 sleep=3.500
15:21:52.177  PARSE Account 3:5:60 → 0.500s/req pen=60s (used=0)  delay 1.500→1.500  min_gap→0  max_usage=0%
15:21:52.178  RAW   X-Rate-Limit-Rules: Account
15:21:52.178  RAW   X-Rate-Limit-Account: 3:5:60
15:21:52.178  RESP  POST /api/trade/search/Standard → 200  3.500s  delay=1.500 min_gap=0.000 last=1009.500
15:21:52.178  PRE   POST /api/trade/search/Standard  delay=1.500 min_gap=0.000 last=1009.500
15:21:52.178  ENF   delay=1.500 min_gap=0.000 jitter=2.000 gap=3.500 since_last=0.000 sleep=3.500
15:21:52.178  PARSE Ip 60:300:1800 → 1.500s/req pen=1800s (used=0)  delay 1.500→2.500  min_gap→0  max_usage=0%
15:21:52.178  RAW   X-Rate-Limit-Rules: Ip
15:21:52.178  RAW   X-Rate-Limit-Ip: 60:300:1800
15:21:52.178  RESP  POST /api/trade/search/Standard → 200  3.500s  delay=2.500 min_gap=0.000 last=1013.000
15:21:52.178  PRE   POST /api/trade/search/Standard  delay=2.500 min_gap=0.000 last=1013.000
15:21:52.178  ENF   delay=2.500 min_gap=0.000 jitter=2.000 gap=4.500 since_last=0.000 sleep=4.500
15:21:52.178  PARSE Ip 60:300:1800 → 1.500s/req pen=1800s (used=0)  delay 2.500→2.500  min_gap→0  max_usage=0%
15:21:52.178  RAW   X-Rate-Limit-Rules: Ip
15:21:52.178  RAW   X-Rate-Limit-Ip: 60:300:1800
15:21:52.178  RESP  POST /api/trade/search/Standard → 200  4.500s  delay=2.500 min_gap=0.000 last=1017.500
15:21:52.178  INIT  user_agent=test/0.1.0 delay=0.0 min_gap=1.0
15:21:52.178  PRE   POST /api/trade/search/Standard  delay=0.000 min_gap=1.000 last=1784640112.178
15:21:52.178  ENF   delay=0.000 min_gap=1.000 jitter=0.000 gap=1.000 since_last=0.000 sleep=1.000
15:21:53.178  PARSE Ip 60:300:1800 → 6.250s/req pen=1800s (used=30)  delay 0.000→7.250  min_gap→0  max_usage=50%
15:21:53.178  RAW   X-Rate-Limit-Rules: Ip
15:21:53.178  RAW   X-Rate-Limit-Ip: 60:300:1800
15:21:53.178  RAW   X-Rate-Limit-Ip-State: 30:300:0
15:21:53.178  RESP  POST /api/trade/search/Standard → 200  1.000s  delay=7.250 min_gap=0.000 last=1784640113.179
15:21:53.178  PRE   POST /api/trade/search/Standard  delay=7.250 min_gap=0.000 last=1784640113.179
15:21:53.178  ENF   delay=7.250 min_gap=0.000 jitter=0.000 gap=7.250 since_last=0.000 sleep=7.250
15:22:00.428  PARSE Ip 60:300:1800 → 2.875s/req pen=1800s (used=3)  delay 7.250→3.875  min_gap→0  max_usage=5%
15:22:00.428  RAW   X-Rate-Limit-Rules: Ip
15:22:00.428  RAW   X-Rate-Limit-Ip: 60:300:1800
15:22:00.428  RAW   X-Rate-Limit-Ip-State: 3:300:0
15:22:00.428  RESP  POST /api/trade/search/Standard → 200  7.250s  delay=3.875 min_gap=0.000 last=1784640120.429
15:22:00.429  INIT  user_agent=test/0.1.0 delay=0.0 min_gap=1.0
15:22:00.429  PRE   POST /api/trade/search/Standard  delay=0.000 min_gap=1.000 last=1784640120.429
15:22:00.429  ENF   delay=0.000 min_gap=1.000 jitter=0.000 gap=1.000 since_last=0.000 sleep=1.000
15:22:01.429  PARSE Ip 60:300:1800 → 1.500s/req pen=1800s (used=0)  delay 0.000→2.500  min_gap→0  max_usage=0%
15:22:01.429  RAW   X-Rate-Limit-Rules: Ip
15:22:01.429  RAW   X-Rate-Limit-Ip: 60:300:1800
15:22:01.429  RESP  POST /api/trade/search/Standard → 200  1.000s  delay=2.500 min_gap=0.000 last=1784640121.429
15:22:01.429  INIT  user_agent=test/0.1.0 delay=0.0 min_gap=1.0
15:22:01.429  PRE   POST /api/trade/search/Standard  delay=0.000 min_gap=1.000 last=1784640121.429
15:22:01.429  ENF   delay=0.000 min_gap=1.000 jitter=0.000 gap=1.000 since_last=0.000 sleep=1.000
15:22:01.429  RESP  POST /api/trade/search/Standard → 200  0.000s  delay=0.000 min_gap=1.000 last=1784640121.430
15:22:01.429  PRE   POST /api/trade/search/Standard  delay=0.000 min_gap=1.000 last=1784640121.430
15:22:01.429  ENF   delay=0.000 min_gap=1.000 jitter=0.000 gap=1.000 since_last=0.000 sleep=1.000
15:22:01.429  RESP  POST /api/trade/search/Standard → 200  0.000s  delay=0.000 min_gap=1.000 last=1784640121.430
15:22:01.430  INIT  user_agent=test/0.1.0 delay=0.0 min_gap=1.0
15:22:01.430  PRE   POST /api/trade/search/Standard  delay=0.000 min_gap=1.000 last=1784640121.430
15:22:01.430  ENF   delay=0.000 min_gap=1.000 jitter=0.000 gap=1.000 since_last=0.000 sleep=1.000
15:22:02.430  PARSE Account 3:5:60 → 0.500s/req pen=60s (used=0)  delay 0.000→1.500  min_gap→0  max_usage=0%
15:22:02.430  RAW   X-Rate-Limit-Rules: Account
15:22:02.430  RAW   X-Rate-Limit-Account: 3:5:60
15:22:02.430  RESP  POST /api/trade/search/Standard → 200  1.000s  delay=1.500 min_gap=0.000 last=1784640122.430
15:22:02.430  INIT  user_agent=test/0.1.0 delay=0.0 min_gap=1.0
15:22:02.430  PRE   POST /api/trade/search/Standard  delay=0.000 min_gap=1.000 last=1784640122.430
15:22:02.430  ENF   delay=0.000 min_gap=1.000 jitter=0.000 gap=1.000 since_last=0.000 sleep=1.000
15:22:03.430  PARSE Ip 60:300:1800 → 9.250s/req pen=1800s (used=54)  delay 0.000→10.250  min_gap→0  max_usage=90%
15:22:03.430  BACK  set 200s backoff at 90% usage
15:22:03.430  RAW   X-Rate-Limit-Rules: Ip
15:22:03.430  RAW   X-Rate-Limit-Ip: 60:300:1800
15:22:03.430  RAW   X-Rate-Limit-Ip-State: 54:300:0
15:22:03.430  RESP  POST /api/trade/search/Standard → 200  1.000s  delay=10.250 min_gap=0.000 last=1784640123.431
15:22:03.430  INIT  user_agent=test/0.1.0 delay=0.0 min_gap=1.0
15:22:03.431  LOCK  sleep=9999.000
15:22:03.431  ENF   delay=0.010 min_gap=1.000 jitter=0.000 gap=1.000 since_last=0.000 sleep=1.000
15:22:03.431  INIT  user_agent=test/0.1.0 delay=0.0 min_gap=1.0
15:22:03.431  PRE   POST /api/trade/search/Standard  delay=0.000 min_gap=1.000 last=1784640123.431
15:22:03.431  ENF   delay=0.000 min_gap=1.000 jitter=0.000 gap=1.000 since_last=0.000 sleep=1.000
15:22:04.431  PARSE Ip 60:300:1800 → 3.250s/req pen=1800s (used=6)  delay 0.000→4.250  min_gap→0  max_usage=10%
15:22:04.431  RAW   X-Rate-Limit-Rules: Ip
15:22:04.431  RAW   X-Rate-Limit-Ip: 60:300:1800
15:22:04.431  RAW   X-Rate-Limit-Ip-State: 6:300:0
15:22:04.431  RESP  POST /api/trade/search/Standard → 200  1.000s  delay=4.250 min_gap=0.000 last=1784640124.432
15:22:04.431  INIT  user_agent=test/0.1.0 delay=0.0 min_gap=1.0
15:22:04.432  PRE   POST /api/trade/search/Standard  delay=0.000 min_gap=1.000 last=1784640124.432
15:22:04.432  ENF   delay=0.000 min_gap=1.000 jitter=0.000 gap=1.000 since_last=0.000 sleep=1.000
15:22:05.431  PARSE Account 3:5:60 → 0.500s/req pen=60s (used=0)  delay 0.000→1.500  min_gap→0  max_usage=0%
15:22:05.432  RAW   X-Rate-Limit-Rules: Account
15:22:05.432  RAW   X-Rate-Limit-Account: 3:5:60
15:22:05.432  RESP  POST /api/trade/search/Standard → 200  1.000s  delay=1.500 min_gap=0.000 last=1784640125.432
15:22:05.432  INIT  user_agent=test/0.1.0 delay=0.0 min_gap=1.0
15:22:05.432  PRE   POST /api/trade/search/Standard  delay=0.000 min_gap=1.000 last=1784640125.432
15:22:05.432  ENF   delay=0.000 min_gap=1.000 jitter=0.000 gap=1.000 since_last=0.000 sleep=1.000
15:22:06.432  PARSE Ip 8:10:60 → 0.375s/req pen=60s (used=0); Ip 15:60:120 → 1.200s/req pen=120s (used=0); Ip 60:300:1800 → 1.500s/req pen=1800s (used=0)  delay 0.000→2.500  min_gap→0  max_usage=0%
15:22:06.432  RAW   X-Rate-Limit-Rules: Ip
15:22:06.432  RAW   X-Rate-Limit-Ip: 8:10:60,15:60:120,60:300:1800
15:22:06.432  RESP  POST /api/trade/search/Standard → 200  1.000s  delay=2.500 min_gap=0.000 last=1784640126.432
15:22:06.432  INIT  user_agent=test/0.1.0 delay=0.0 min_gap=1.0
15:22:06.432  PRE   POST /api/trade/search/Standard  delay=0.000 min_gap=1.000 last=1784640126.433
15:22:06.432  ENF   delay=0.000 min_gap=1.000 jitter=0.000 gap=1.000 since_last=0.000 sleep=1.000
15:22:07.432  PARSE Account 3:5:60 → 2.500s/req pen=60s (used=2); Ip 15:60:120 → 3.200s/req pen=120s (used=3)  delay 0.000→4.200  min_gap→0  max_usage=20%
15:22:07.432  RAW   X-Rate-Limit-Rules: Account,Ip
15:22:07.432  RAW   X-Rate-Limit-Account: 3:5:60
15:22:07.432  RAW   X-Rate-Limit-Account-State: 2:5:0
15:22:07.432  RAW   X-Rate-Limit-Ip: 15:60:120
15:22:07.432  RAW   X-Rate-Limit-Ip-State: 3:60:0
15:22:07.432  RESP  POST /api/trade/search/Standard → 200  1.000s  delay=4.200 min_gap=0.000 last=1784640127.433
15:22:07.433  INIT  user_agent=test/0.1.0 delay=0.0 min_gap=1.0
15:22:07.433  PRE   POST /api/trade/search/Standard  delay=0.000 min_gap=1.000 last=1784640127.433
15:22:07.433  ENF   delay=0.000 min_gap=1.000 jitter=0.000 gap=1.000 since_last=0.000 sleep=1.000
15:22:08.433  PARSE Account 3:5:60 → 0.500s/req pen=60s (used=0); Ip 60:300:1800 → 1.500s/req pen=1800s (used=0)  delay 0.000→2.500  min_gap→0  max_usage=0%
15:22:08.433  RAW   X-Rate-Limit-Rules: Account,Ip
15:22:08.433  RAW   X-Rate-Limit-Account: 3:5:60
15:22:08.433  RAW   X-Rate-Limit-Ip: 60:300:1800
15:22:08.433  RESP  POST /api/trade/search/Standard → 200  1.000s  delay=2.500 min_gap=0.000 last=1784640128.433
15:22:08.433  INIT  user_agent=test/0.1.0 delay=0.0 min_gap=1.0
15:22:08.433  PRE   POST /api/trade/search/Standard  delay=0.000 min_gap=1.000 last=1784640128.433
15:22:08.433  ENF   delay=0.000 min_gap=1.000 jitter=0.000 gap=1.000 since_last=0.000 sleep=1.000
15:22:09.433  RESP  POST /api/trade/search/Standard → 200  1.000s  delay=0.000 min_gap=1.000 last=1784640129.433
