14:53:52.407  INIT  user_agent=test/0.1.0 delay=0.0 min_gap=1.0
14:53:52.407  PRE   POST /api/trade/search/Standard  delay=0.000 min_gap=1.000 last=1784638422.407
14:53:52.407  RESP  POST /api/trade/search/Standard → 429  0.000s  delay=0.000 min_gap=1.000 last=1784638432.408
14:53:52.407  BODY  req=(none)
14:53:52.407  BODY  resp=
14:53:52.407  !! 429 ! headers={'Server': 'cloudflare'}  state_delay=0.000 state_min_gap=1.000 state_last=1784638432.408
14:53:52.408  INIT  user_agent=test/0.1.0 delay=0.0 min_gap=1.0
14:53:52.408  PRE   POST /api/trade/search/Standard  delay=0.000 min_gap=1.000 last=1784638422.408
14:53:52.408  PARSE Account 1:5:60 → 1.500s/req pen=60s (used=0)  delay 0.000→2.500  min_gap→0  max_usage=0%
14:53:52.408  RAW   X-Rate-Limit-Rules: Account
14:53:52.408  RAW   X-Rate-Limit-Account: 1:5:60
14:53:52.408  RESP  POST /api/trade/search/Standard → 429  0.000s  delay=2.500 min_gap=0.000 last=1784638432.408
14:53:52.408  BODY  req=(none)
14:53:52.408  BODY  resp=
14:53:52.408  !! 429 ! headers={'X-Rate-Limit-Rules': 'Account', 'X-Rate-Limit-Account': '1:5:60'}  state_delay=2.500 state_min_gap=0.000 state_last=1784638432.408
14:53:52.408  INIT  user_agent=test/0.1.0 delay=0.0 min_gap=1.0
14:53:52.408  PRE   POST /api/trade/search/Standard  delay=0.000 min_gap=1.000 last=1784638432.408
14:53:52.408  ENF   delay=0.000 min_gap=1.000 jitter=0.000 gap=1.000 since_last=0.000 sleep=1.000
14:53:53.408  PARSE Account 1:1:1 → 0.300s/req pen=1s (used=0)  delay 0.000→1.300  min_gap→0  max_usage=0%
14:53:53.408  RAW   X-Rate-Limit-Rules: Account
14:53:53.408  RAW   X-Rate-Limit-Account: 1:1:1
14:53:53.408  RESP  POST /api/trade/search/Standard → 200  1.000s  delay=1.300 min_gap=0.000 last=1784638433.409
14:53:53.408  INIT  user_agent=test/0.1.0 delay=0.0 min_gap=1.0
14:53:53.409  PRE   POST /api/trade/search/Standard  delay=0.000 min_gap=1.000 last=1784638433.409
14:53:53.409  ENF   delay=0.000 min_gap=1.000 jitter=0.000 gap=1.000 since_last=0.000 sleep=1.000
14:53:53.409  PARSE Account 3:5:60 → 0.500s/req pen=60s (used=0)  delay 0.000→1.500  min_gap→0  max_usage=0%
14:53:53.409  RAW   X-Rate-Limit-Rules: Account
14:53:53.409  RAW   X-Rate-Limit-Account: 3:5:60
14:53:53.409  RESP  POST /api/trade/search/Standard → 200  0.000s  delay=1.500 min_gap=0.000 last=1784638433.409
14:53:53.409  PRE   GET /api/trade/fetch/a  delay=1.500 min_gap=0.000 last=1784638433.409
14:53:53.409  ENF   delay=1.500 min_gap=0.000 jitter=0.000 gap=1.500 since_last=0.000 sleep=1.500
14:53:53.409  PARSE Account 3:5:60 → 0.500s/req pen=60s (used=0)  delay 1.500→1.500  min_gap→0  max_usage=0%
14:53:53.409  RAW   X-Rate-Limit-Rules: Account
14:53:53.409  RAW   X-Rate-Limit-Account: 3:5:60
14:53:53.409  RESP  GET /api/trade/fetch/a → 200  0.000s  delay=1.500 min_gap=0.000 last=1784638433.410
14:53:53.409  INIT  user_agent=test/0.1.0 delay=0.0 min_gap=1.0
14:53:53.409  PRE   POST /api/trade/search/Standard  delay=0.000 min_gap=1.000 last=990.000
14:53:53.409  RESP  POST /api/trade/search/Standard → 200  0.000s  delay=0.000 min_gap=1.000 last=1000.000
14:53:53.409  PRE   POST /api/trade/search/Standard  delay=0.000 min_gap=1.000 last=1000.000
14:53:53.409  ENF   delay=0.000 min_gap=1.000 jitter=2.000 gap=3.000 since_last=0.000 sleep=3.000
14:53:53.409  RESP  POST /api/trade/search/Standard → 200  3.000s  delay=0.000 min_gap=1.000 last=1003.000
14:53:53.409  PRE   POST /api/trade/search/Standard  delay=0.000 min_gap=1.000 last=1003.000
14:53:53.409  ENF   delay=0.000 min_gap=1.000 jitter=2.000 gap=3.000 since_last=0.000 sleep=3.000
14:53:53.410  PARSE Account 3:5:60 → 0.500s/req pen=60s (used=0)  delay 0.000→1.500  min_gap→0  max_usage=0%
14:53:53.410  RAW   X-Rate-Limit-Rules: Account
14:53:53.410  RAW   X-Rate-Limit-Account: 3:5:60
14:53:53.410  RESP  POST /api/trade/search/Standard → 200  3.000s  delay=1.500 min_gap=0.000 last=1006.000
14:53:53.410  PRE   POST /api/trade/search/Standard  delay=1.500 min_gap=0.000 last=1006.000
14:53:53.410  ENF   delay=1.500 min_gap=0.000 jitter=2.000 gap=3.500 since_last=0.000 sleep=3.500
14:53:53.410  PARSE Account 3:5:60 → 0.500s/req pen=60s (used=0)  delay 1.500→1.500  min_gap→0  max_usage=0%
14:53:53.410  RAW   X-Rate-Limit-Rules: Account
14:53:53.410  RAW   X-Rate-Limit-Account: 3:5:60
14:53:53.410  RESP  POST /api/trade/search/Standard → 200  3.500s  delay=1.500 min_gap=0.000 last=1009.500
14:53:53.410  PRE   POST /api/trade/search/Standard  delay=1.500 min_gap=0.000 last=1009.500
14:53:53.410  ENF   delay=1.500 min_gap=0.000 jitter=2.000 gap=3.500 since_last=0.000 sleep=3.500
14:53:53.410  PARSE Ip 60:300:1800 → 1.500s/req pen=1800s (used=0)  delay 1.500→2.500  min_gap→0  max_usage=0%
14:53:53.410  RAW   X-Rate-Limit-Rules: Ip
14:53:53.410  RAW   X-Rate-Limit-Ip: 60:300:1800
14:53:53.410  RESP  POST /api/trade/search/Standard → 200  3.500s  delay=2.500 min_gap=0.000 last=1013.000
14:53:53.410  PRE   POST /api/trade/search/Standard  delay=2.500 min_gap=0.000 last=1013.000
14:53:53.410  ENF   delay=2.500 min_gap=0.000 jitter=2.000 gap=4.500 since_last=0.000 sleep=4.500
14:53:53.410  PARSE Ip 60:300:1800 → 1.500s/req pen=1800s (used=0)  delay 2.500→2.500  min_gap→0  max_usage=0%
14:53:53.410  RAW   X-Rate-Limit-Rules: Ip
14:53:53.410  RAW   X-Rate-Limit-Ip: 60:300:1800
14:53:53.410  RESP  POST /api/trade/search/Standard → 200  4.500s  delay=2.500 min_gap=0.000 last=1017.500
14:53:53.410  INIT  user_agent=test/0.1.0 delay=0.0 min_gap=1.0
14:53:53.410  PRE   POST /api/trade/search/Standard  delay=0.000 min_gap=1.000 last=1784638433.411
14:53:53.410  ENF   delay=0.000 min_gap=1.000 jitter=0.000 gap=1.000 since_last=0.000 sleep=1.000
14:53:54.410  PARSE Ip 60:300:1800 → 6.250s/req pen=1800s (used=30)  delay 0.000→7.250  min_gap→0  max_usage=50%
14:53:54.410  RAW   X-Rate-Limit-Rules: Ip
14:53:54.410  RAW   X-Rate-Limit-Ip: 60:300:1800
14:53:54.410  RAW   X-Rate-Limit-Ip-State: 30:300:0
14:53:54.410  RESP  POST /api/trade/search/Standard → 200  1.000s  delay=7.250 min_gap=0.000 last=1784638434.411
14:53:54.410  PRE   POST /api/trade/search/Standard  delay=7.250 min_gap=0.000 last=1784638434.411
14:53:54.410  ENF   delay=7.250 min_gap=0.000 jitter=0.000 gap=7.250 since_last=0.000 sleep=7.250
14:54:01.660  PARSE Ip 60:300:1800 → 2.875s/req pen=1800s (used=3)  delay 7.250→3.875  min_gap→0  max_usage=5%
14:54:01.661  RAW   X-Rate-Limit-Rules: Ip
14:54:01.661  RAW   X-Rate-Limit-Ip: 60:300:1800
14:54:01.661  RAW   X-Rate-Limit-Ip-State: 3:300:0
14:54:01.661  RESP  POST /api/trade/search/Standard → 200  7.250s  delay=3.875 min_gap=0.000 last=1784638441.661
14:54:01.661  INIT  user_agent=test/0.1.0 delay=0.0 min_gap=1.0
14:54:01.661  PRE   POST /api/trade/search/Standard  delay=0.000 min_gap=1.000 last=1784638441.661
14:54:01.661  ENF   delay=0.000 min_gap=1.000 jitter=0.000 gap=1.000 since_last=0.000 sleep=1.000
14:54:02.661  PARSE Ip 60:300:1800 → 1.500s/req pen=1800s (used=0)  delay 0.000→2.500  min_gap→0  max_usage=0%
14:54:02.661  RAW   X-Rate-Limit-Rules: Ip
14:54:02.661  RAW   X-Rate-Limit-Ip: 60:300:1800
14:54:02.661  RESP  POST /api/trade/search/Standard → 200  1.000s  delay=2.500 min_gap=0.000 last=1784638442.662
14:54:02.661  INIT  user_agent=test/0.1.0 delay=0.0 min_gap=1.0
14:54:02.661  PRE   POST /api/trade/search/Standard  delay=0.000 min_gap=1.000 last=1784638442.662
14:54:02.661  ENF   delay=0.000 min_gap=1.000 jitter=0.000 gap=1.000 since_last=0.000 sleep=1.000
14:54:02.662  RESP  POST /api/trade/search/Standard → 200  0.000s  delay=0.000 min_gap=1.000 last=1784638442.662
14:54:02.662  PRE   POST /api/trade/search/Standard  delay=0.000 min_gap=1.000 last=1784638442.662
14:54:02.662  ENF   delay=0.000 min_gap=1.000 jitter=0.000 gap=1.000 since_last=0.000 sleep=1.000
14:54:02.662  RESP  POST /api/trade/search/Standard → 200  0.000s  delay=0.000 min_gap=1.000 last=1784638442.662
14:54:02.662  INIT  user_agent=test/0.1.0 delay=0.0 min_gap=1.0
14:54:02.662  PRE   POST /api/trade/search/Standard  delay=0.000 min_gap=1.000 last=1784638442.662
14:54:02.662  ENF   delay=0.000 min_gap=1.000 jitter=0.000 gap=1.000 since_last=0.000 sleep=1.000
14:54:03.662  PARSE Account 3:5:60 → 0.500s/req pen=60s (used=0)  delay 0.000→1.500  min_gap→0  max_usage=0%
14:54:03.662  RAW   X-Rate-Limit-Rules: Account
14:54:03.662  RAW   X-Rate-Limit-Account: 3:5:60
14:54:03.662  RESP  POST /api/trade/search/Standard → 200  1.000s  delay=1.500 min_gap=0.000 last=1784638443.663
14:54:03.662  INIT  user_agent=test/0.1.0 delay=0.0 min_gap=1.0
14:54:03.662  PRE   POST /api/trade/search/Standard  delay=0.000 min_gap=1.000 last=1784638443.663
14:54:03.662  ENF   delay=0.000 min_gap=1.000 jitter=0.000 gap=1.000 since_last=0.000 sleep=1.000
14:54:04.662  PARSE Ip 60:300:1800 → 9.250s/req pen=1800s (used=54)  delay 0.000→10.250  min_gap→0  max_usage=90%
14:54:04.662  BACK  set 200s backoff at 90% usage
14:54:04.662  RAW   X-Rate-Limit-Rules: Ip
14:54:04.662  RAW   X-Rate-Limit-Ip: 60:300:1800
14:54:04.662  RAW   X-Rate-Limit-Ip-State: 54:300:0
14:54:04.662  RESP  POST /api/trade/search/Standard → 200  1.000s  delay=10.250 min_gap=0.000 last=1784638444.663
14:54:04.663  INIT  user_agent=test/0.1.0 delay=0.0 min_gap=1.0
14:54:04.663  LOCK  sleep=9999.000
14:54:04.663  ENF   delay=0.010 min_gap=1.000 jitter=0.000 gap=1.000 since_last=0.000 sleep=1.000
14:54:04.663  INIT  user_agent=test/0.1.0 delay=0.0 min_gap=1.0
14:54:04.663  PRE   POST /api/trade/search/Standard  delay=0.000 min_gap=1.000 last=1784638444.663
14:54:04.663  ENF   delay=0.000 min_gap=1.000 jitter=0.000 gap=1.000 since_last=0.000 sleep=1.000
14:54:05.663  PARSE Ip 60:300:1800 → 3.250s/req pen=1800s (used=6)  delay 0.000→4.250  min_gap→0  max_usage=10%
14:54:05.663  RAW   X-Rate-Limit-Rules: Ip
14:54:05.663  RAW   X-Rate-Limit-Ip: 60:300:1800
14:54:05.663  RAW   X-Rate-Limit-Ip-State: 6:300:0
14:54:05.663  RESP  POST /api/trade/search/Standard → 200  1.000s  delay=4.250 min_gap=0.000 last=1784638445.664
14:54:05.663  INIT  user_agent=test/0.1.0 delay=0.0 min_gap=1.0
14:54:05.663  PRE   POST /api/trade/search/Standard  delay=0.000 min_gap=1.000 last=1784638445.664
14:54:05.663  ENF   delay=0.000 min_gap=1.000 jitter=0.000 gap=1.000 since_last=0.000 sleep=1.000
14:54:06.663  PARSE Account 3:5:60 → 0.500s/req pen=60s (used=0)  delay 0.000→1.500  min_gap→0  max_usage=0%
14:54:06.664  RAW   X-Rate-Limit-Rules: Account
14:54:06.664  RAW   X-Rate-Limit-Account: 3:5:60
14:54:06.664  RESP  POST /api/trade/search/Standard → 200  1.000s  delay=1.500 min_gap=0.000 last=1784638446.664
14:54:06.664  INIT  user_agent=test/0.1.0 delay=0.0 min_gap=1.0
14:54:06.664  PRE   POST /api/trade/search/Standard  delay=0.000 min_gap=1.000 last=1784638446.664
14:54:06.664  ENF   delay=0.000 min_gap=1.000 jitter=0.000 gap=1.000 since_last=0.000 sleep=1.000
14:54:07.664  PARSE Ip 8:10:60 → 0.375s/req pen=60s (used=0); Ip 15:60:120 → 1.200s/req pen=120s (used=0); Ip 60:300:1800 → 1.500s/req pen=1800s (used=0)  delay 0.000→2.500  min_gap→0  max_usage=0%
14:54:07.664  RAW   X-Rate-Limit-Rules: Ip
14:54:07.664  RAW   X-Rate-Limit-Ip: 8:10:60,15:60:120,60:300:1800
14:54:07.664  RESP  POST /api/trade/search/Standard → 200  1.000s  delay=2.500 min_gap=0.000 last=1784638447.664
14:54:07.664  INIT  user_agent=test/0.1.0 delay=0.0 min_gap=1.0
14:54:07.664  PRE   POST /api/trade/search/Standard  delay=0.000 min_gap=1.000 last=1784638447.665
14:54:07.664  ENF   delay=0.000 min_gap=1.000 jitter=0.000 gap=1.000 since_last=0.000 sleep=1.000
14:54:08.664  PARSE Account 3:5:60 → 2.500s/req pen=60s (used=2); Ip 15:60:120 → 3.200s/req pen=120s (used=3)  delay 0.000→4.200  min_gap→0  max_usage=20%
14:54:08.664  RAW   X-Rate-Limit-Rules: Account,Ip
14:54:08.664  RAW   X-Rate-Limit-Account: 3:5:60
14:54:08.664  RAW   X-Rate-Limit-Account-State: 2:5:0
14:54:08.664  RAW   X-Rate-Limit-Ip: 15:60:120
14:54:08.664  RAW   X-Rate-Limit-Ip-State: 3:60:0
14:54:08.664  RESP  POST /api/trade/search/Standard → 200  1.000s  delay=4.200 min_gap=0.000 last=1784638448.665
14:54:08.664  INIT  user_agent=test/0.1.0 delay=0.0 min_gap=1.0
14:54:08.665  PRE   POST /api/trade/search/Standard  delay=0.000 min_gap=1.000 last=1784638448.665
14:54:08.665  ENF   delay=0.000 min_gap=1.000 jitter=0.000 gap=1.000 since_last=0.000 sleep=1.000
14:54:09.665  PARSE Account 3:5:60 → 0.500s/req pen=60s (used=0); Ip 60:300:1800 → 1.500s/req pen=1800s (used=0)  delay 0.000→2.500  min_gap→0  max_usage=0%
14:54:09.665  RAW   X-Rate-Limit-Rules: Account,Ip
14:54:09.665  RAW   X-Rate-Limit-Account: 3:5:60
14:54:09.665  RAW   X-Rate-Limit-Ip: 60:300:1800
14:54:09.665  RESP  POST /api/trade/search/Standard → 200  1.000s  delay=2.500 min_gap=0.000 last=1784638449.665
14:54:09.665  INIT  user_agent=test/0.1.0 delay=0.0 min_gap=1.0
14:54:09.665  PRE   POST /api/trade/search/Standard  delay=0.000 min_gap=1.000 last=1784638449.665
14:54:09.665  ENF   delay=0.000 min_gap=1.000 jitter=0.000 gap=1.000 since_last=0.000 sleep=1.000
14:54:10.665  RESP  POST /api/trade/search/Standard → 200  1.000s  delay=0.000 min_gap=1.000 last=1784638450.665
