10:48:07.882  INIT  user_agent=OAuth pypoe/0.1.0 (flipper) delay=0.0 min_gap=1.0
10:48:07.884  PRE   POST /api/trade/search/Standard  delay=0.000 min_gap=1.000 last=1784796487.882
10:48:07.884  ENF   delay=0.000 min_gap=1.000 jitter=2.248 gap=3.248 since_last=0.002 sleep=3.246
10:48:11.601  PARSE Account 3:5:60 → 1.667s/req pen=60s (used=1); Ip 8:10:60 → 0.859s/req pen=60s (used=1); Ip 15:60:120 → 2.400s/req pen=120s (used=1); Ip 60:300:1800 → 2.625s/req pen=1800s (used=1)  delay 0.000→3.625  min_gap→0  max_usage=7%
10:48:11.601  RAW   content-type: application/json
10:48:11.601  RAW   x-rate-limit-policy: trade-search-request-limit
10:48:11.601  RAW   x-rate-limit-rules: Account,Ip
10:48:11.601  RAW   x-rate-limit-account: 3:5:60
10:48:11.601  RAW   x-rate-limit-account-state: 1:5:0
10:48:11.601  RAW   x-rate-limit-ip: 8:10:60,15:60:120,60:300:1800
10:48:11.601  RAW   x-rate-limit-ip-state: 1:10:0,1:60:0,1:300:0
10:48:11.601  RAW   cf-cache-status: DYNAMIC
10:48:11.601  RAW   cf-ray: a1f96cb5c9bb5142-WAW
10:48:11.601  RESP  POST /api/trade/search/Standard → 200  3.717s  delay=3.625 min_gap=0.000 last=1784796491.601
10:48:11.601  PRE   GET /api/trade/fetch/ba2c6ac8111eab801a5c9526c7115e88c66b8f9061db5ae7c546be935ca96a91%2Caa5b046357a5b9eaa0ed60fe7d7d717aa240ba384ec50b552de74b6f60fca429%2Ccecb39a42f3867a453d99cf5999a0a503c9d6fb4d88f451d363ffb5695fa47e8%2Ca5a05360d0b4084da9a7dd532bdb92e2d664e78abfde5383ce83776fadaa8cd0%2C1a994327ce8f664340b25fde6f9b8db07383fbea74bb1793c490e2e940a15d5e  delay=3.625 min_gap=0.000 last=1784796491.601
10:48:11.601  ENF   delay=3.625 min_gap=0.000 jitter=4.999 gap=8.624 since_last=0.000 sleep=8.623
10:48:20.616  PARSE Account 6:4:10 → 0.667s/req pen=10s (used=2); Ip 12:4:60 → 0.250s/req pen=60s (used=2); Ip 16:12:60 → 0.516s/req pen=60s (used=2)  delay 3.625→1.667  min_gap→0  max_usage=0%
10:48:20.617  RAW   content-type: application/json
10:48:20.617  RAW   x-rate-limit-policy: trade-fetch-request-limit
10:48:20.617  RAW   x-rate-limit-rules: Account,Ip
10:48:20.617  RAW   x-rate-limit-account: 6:4:10
10:48:20.617  RAW   x-rate-limit-account-state: 2:4:0
10:48:20.617  RAW   x-rate-limit-ip: 12:4:60,16:12:60
10:48:20.617  RAW   x-rate-limit-ip-state: 2:4:0,2:12:0
10:48:20.617  RAW   cf-cache-status: DYNAMIC
10:48:20.617  RAW   cf-ray: a1f96cee6fbb5142-WAW
10:48:20.617  RESP  GET /api/trade/fetch/ba2c6ac8111eab801a5c9526c7115e88c66b8f9061db5ae7c546be935ca96a91%2Caa5b046357a5b9eaa0ed60fe7d7d717aa240ba384ec50b552de74b6f60fca429%2Ccecb39a42f3867a453d99cf5999a0a503c9d6fb4d88f451d363ffb5695fa47e8%2Ca5a05360d0b4084da9a7dd532bdb92e2d664e78abfde5383ce83776fadaa8cd0%2C1a994327ce8f664340b25fde6f9b8db07383fbea74bb1793c490e2e940a15d5e → 200  9.015s  delay=1.667 min_gap=0.000 last=1784796500.617
10:48:20.617  PRE   POST /api/trade/search/Standard  delay=1.667 min_gap=0.000 last=1784796500.617
10:48:20.617  ENF   delay=1.667 min_gap=0.000 jitter=4.473 gap=6.140 since_last=0.000 sleep=6.139
10:48:27.127  PARSE Account 3:5:60 → 2.500s/req pen=60s (used=2); Ip 8:10:60 → 1.094s/req pen=60s (used=2); Ip 15:60:120 → 3.600s/req pen=120s (used=4); Ip 60:300:1800 → 3.000s/req pen=1800s (used=4)  delay 1.667→4.600  min_gap→0  max_usage=27%
10:48:27.128  RAW   content-type: application/json
10:48:27.128  RAW   x-rate-limit-policy: trade-search-request-limit
10:48:27.129  RAW   x-rate-limit-rules: Account,Ip
10:48:27.129  RAW   x-rate-limit-account: 3:5:60
10:48:27.129  RAW   x-rate-limit-account-state: 2:5:0
10:48:27.129  RAW   x-rate-limit-ip: 8:10:60,15:60:120,60:300:1800
10:48:27.129  RAW   x-rate-limit-ip-state: 2:10:0,4:60:0,4:300:0
10:48:27.129  RAW   cf-cache-status: DYNAMIC
10:48:27.131  RAW   cf-ray: a1f96d1748d15142-WAW
10:48:27.131  RESP  POST /api/trade/search/Standard → 200  6.510s  delay=4.600 min_gap=0.000 last=1784796507.132
10:48:27.131  PRE   GET /api/trade/fetch/628142777ff319540202306011db54c0f93c35bf42870087a84d9fc2538ae5f9%2C26d59adb7d097b87fbc4d139d8602c7f29203a974bf53b2cd05066ab22f8f97a%2C7b90f48aea2a9c1346184a5d81fd0ce1ce1bb3791b1badc4c8cf7a6508f62982%2Cf4ae7e8b22823f80b3a6f28df848e3f9ba9dfa9c6976d754097fcb28fccdb767%2C200bb5ee008845336d012afd79d33f243a88fc11574c78ee65ea43965648c78d  delay=4.600 min_gap=0.000 last=1784796507.132
10:48:27.134  ENF   delay=4.600 min_gap=0.000 jitter=2.811 gap=7.411 since_last=0.003 sleep=7.408
10:48:34.955  PARSE Account 6:4:10 → 0.667s/req pen=10s (used=2); Ip 12:4:60 → 0.250s/req pen=60s (used=2); Ip 16:12:60 → 0.516s/req pen=60s (used=2)  delay 4.600→1.667  min_gap→0  max_usage=0%
10:48:34.955  RAW   content-type: application/json
10:48:34.955  RAW   x-rate-limit-policy: trade-fetch-request-limit
10:48:34.955  RAW   x-rate-limit-rules: Account,Ip
10:48:34.956  RAW   x-rate-limit-account: 6:4:10
10:48:34.956  RAW   x-rate-limit-account-state: 2:4:0
10:48:34.956  RAW   x-rate-limit-ip: 12:4:60,16:12:60
10:48:34.956  RAW   x-rate-limit-ip-state: 2:4:0,2:12:0
10:48:34.956  RAW   cf-cache-status: DYNAMIC
10:48:34.956  RAW   cf-ray: a1f96d47efbe5142-WAW
10:48:34.956  RESP  GET /api/trade/fetch/628142777ff319540202306011db54c0f93c35bf42870087a84d9fc2538ae5f9%2C26d59adb7d097b87fbc4d139d8602c7f29203a974bf53b2cd05066ab22f8f97a%2C7b90f48aea2a9c1346184a5d81fd0ce1ce1bb3791b1badc4c8cf7a6508f62982%2Cf4ae7e8b22823f80b3a6f28df848e3f9ba9dfa9c6976d754097fcb28fccdb767%2C200bb5ee008845336d012afd79d33f243a88fc11574c78ee65ea43965648c78d → 200  7.821s  delay=1.667 min_gap=0.000 last=1784796514.956
10:48:34.956  PRE   POST /api/trade/search/Standard  delay=1.667 min_gap=0.000 last=1784796514.956
10:48:34.956  ENF   delay=1.667 min_gap=0.000 jitter=4.023 gap=5.690 since_last=0.000 sleep=5.689
10:48:40.993  PARSE Account 3:5:60 → 2.500s/req pen=60s (used=2); Ip 8:10:60 → 1.094s/req pen=60s (used=2); Ip 15:60:120 → 4.400s/req pen=120s (used=6); Ip 60:300:1800 → 3.250s/req pen=1800s (used=6)  delay 1.667→5.400  min_gap→0  max_usage=40%
10:48:40.993  RAW   content-type: application/json
10:48:40.994  RAW   x-rate-limit-policy: trade-search-request-limit
10:48:40.994  RAW   x-rate-limit-rules: Account,Ip
10:48:40.994  RAW   x-rate-limit-account: 3:5:60
10:48:40.994  RAW   x-rate-limit-account-state: 2:5:0
10:48:40.994  RAW   x-rate-limit-ip: 8:10:60,15:60:120,60:300:1800
10:48:40.994  RAW   x-rate-limit-ip-state: 2:10:0,6:60:0,6:300:0
10:48:40.994  RAW   cf-cache-status: DYNAMIC
10:48:40.994  RAW   cf-ray: a1f96d6e0a395142-WAW
10:48:40.994  RESP  POST /api/trade/search/Standard → 200  6.038s  delay=5.400 min_gap=0.000 last=1784796520.994
10:48:40.994  PRE   GET /api/trade/fetch/a5a05360d0b4084da9a7dd532bdb92e2d664e78abfde5383ce83776fadaa8cd0%2C1a994327ce8f664340b25fde6f9b8db07383fbea74bb1793c490e2e940a15d5e%2C3d44e8d827c912ea8fe70a1b9173bb5a43b68806adec1ec5af29c28530c3a751%2Cd75d47293aae72761f33b730fff65a2708c4adb6927f02c95b3cb5a2ba2044b7%2C7624638c15fa40f5fd9b4fa369ba727afde4b719740fadce9ec26d6400cc217b  delay=5.400 min_gap=0.000 last=1784796520.994
10:48:40.994  ENF   delay=5.400 min_gap=0.000 jitter=3.099 gap=8.499 since_last=0.000 sleep=8.499
10:48:49.875  PARSE Account 6:4:10 → 0.667s/req pen=10s (used=2); Ip 12:4:60 → 0.250s/req pen=60s (used=2); Ip 16:12:60 → 0.516s/req pen=60s (used=2)  delay 5.400→1.667  min_gap→0  max_usage=0%
10:48:49.875  RAW   content-type: application/json
10:48:49.875  RAW   x-rate-limit-policy: trade-fetch-request-limit
10:48:49.875  RAW   x-rate-limit-rules: Account,Ip
10:48:49.875  RAW   x-rate-limit-account: 6:4:10
10:48:49.875  RAW   x-rate-limit-account-state: 2:4:0
10:48:49.875  RAW   x-rate-limit-ip: 12:4:60,16:12:60
10:48:49.875  RAW   x-rate-limit-ip-state: 2:4:0,2:12:0
10:48:49.875  RAW   cf-cache-status: DYNAMIC
10:48:49.875  RAW   cf-ray: a1f96da55d025142-WAW
10:48:49.875  RESP  GET /api/trade/fetch/a5a05360d0b4084da9a7dd532bdb92e2d664e78abfde5383ce83776fadaa8cd0%2C1a994327ce8f664340b25fde6f9b8db07383fbea74bb1793c490e2e940a15d5e%2C3d44e8d827c912ea8fe70a1b9173bb5a43b68806adec1ec5af29c28530c3a751%2Cd75d47293aae72761f33b730fff65a2708c4adb6927f02c95b3cb5a2ba2044b7%2C7624638c15fa40f5fd9b4fa369ba727afde4b719740fadce9ec26d6400cc217b → 200  8.881s  delay=1.667 min_gap=0.000 last=1784796529.876
10:48:49.901  PRE   POST /api/trade/search/Standard  delay=1.667 min_gap=0.000 last=1784796529.876
10:48:49.901  ENF   delay=1.667 min_gap=0.000 jitter=2.126 gap=3.793 since_last=0.026 sleep=3.767
10:48:54.068  PARSE Account 3:5:60 → 2.500s/req pen=60s (used=2); Ip 8:10:60 → 1.094s/req pen=60s (used=2); Ip 15:60:120 → 5.200s/req pen=120s (used=8); Ip 60:300:1800 → 3.500s/req pen=1800s (used=8)  delay 1.667→6.200  min_gap→0  max_usage=53%
10:48:54.068  RAW   content-type: application/json
10:48:54.068  RAW   x-rate-limit-policy: trade-search-request-limit
10:48:54.068  RAW   x-rate-limit-rules: Account,Ip
10:48:54.068  RAW   x-rate-limit-account: 3:5:60
10:48:54.068  RAW   x-rate-limit-account-state: 2:5:0
10:48:54.068  RAW   x-rate-limit-ip: 8:10:60,15:60:120,60:300:1800
10:48:54.068  RAW   x-rate-limit-ip-state: 2:10:0,8:60:0,8:300:0
10:48:54.068  RAW   cf-cache-status: DYNAMIC
10:48:54.068  RAW   cf-ray: a1f96dbf794b5142-WAW
10:48:54.068  RESP  POST /api/trade/search/Standard → 200  4.167s  delay=6.200 min_gap=0.000 last=1784796534.069
10:48:54.068  PRE   GET /api/trade/fetch/cc74062b0ec969f9bdaba5fa8d37293137ad3c09d3a646130b10960bdab75362%2C0c634a5a43640c54f52b727183dab410900a83caa58e9ebb1ae426317f86524d%2Cbf1aee5a931e37b66a8b4bb8fc3c6e7aaee0f9501ee385b707ad83437c767292%2Cb45720520c468b85a09edb255c6eed7a028fb003648281d4eb19042a227ecb36%2Cfff3ad245eab382e2a15a64a838e3fe1b1cf6c66f5141bf235fcc4a8040f5d1a  delay=6.200 min_gap=0.000 last=1784796534.069
10:48:54.068  ENF   delay=6.200 min_gap=0.000 jitter=4.978 gap=11.178 since_last=0.000 sleep=11.178
10:49:05.541  PARSE Account 6:4:10 → 0.667s/req pen=10s (used=2); Ip 12:4:60 → 0.250s/req pen=60s (used=2); Ip 16:12:60 → 0.516s/req pen=60s (used=2)  delay 6.200→1.667  min_gap→0  max_usage=0%
10:49:05.541  RAW   content-type: application/json
10:49:05.541  RAW   x-rate-limit-policy: trade-fetch-request-limit
10:49:05.541  RAW   x-rate-limit-rules: Account,Ip
10:49:05.541  RAW   x-rate-limit-account: 6:4:10
10:49:05.541  RAW   x-rate-limit-account-state: 2:4:0
10:49:05.541  RAW   x-rate-limit-ip: 12:4:60,16:12:60
10:49:05.541  RAW   x-rate-limit-ip-state: 2:4:0,2:12:0
10:49:05.541  RAW   cf-cache-status: DYNAMIC
10:49:05.541  RAW   cf-ray: a1f96e07cd815142-WAW
10:49:05.541  RESP  GET /api/trade/fetch/cc74062b0ec969f9bdaba5fa8d37293137ad3c09d3a646130b10960bdab75362%2C0c634a5a43640c54f52b727183dab410900a83caa58e9ebb1ae426317f86524d%2Cbf1aee5a931e37b66a8b4bb8fc3c6e7aaee0f9501ee385b707ad83437c767292%2Cb45720520c468b85a09edb255c6eed7a028fb003648281d4eb19042a227ecb36%2Cfff3ad245eab382e2a15a64a838e3fe1b1cf6c66f5141bf235fcc4a8040f5d1a → 200  11.473s  delay=1.667 min_gap=0.000 last=1784796545.542
10:49:05.541  PRE   POST /api/trade/search/Standard  delay=1.667 min_gap=0.000 last=1784796545.542
10:49:05.541  ENF   delay=1.667 min_gap=0.000 jitter=3.811 gap=5.478 since_last=0.000 sleep=5.477
10:49:11.371  PARSE Account 3:5:60 → 2.500s/req pen=60s (used=2); Ip 8:10:60 → 1.094s/req pen=60s (used=2); Ip 15:60:120 → 5.200s/req pen=120s (used=8); Ip 60:300:1800 → 3.750s/req pen=1800s (used=10)  delay 1.667→6.200  min_gap→0  max_usage=53%
10:49:11.371  RAW   content-type: application/json
10:49:11.371  RAW   x-rate-limit-policy: trade-search-request-limit
10:49:11.371  RAW   x-rate-limit-rules: Account,Ip
10:49:11.371  RAW   x-rate-limit-account: 3:5:60
10:49:11.371  RAW   x-rate-limit-account-state: 2:5:0
10:49:11.371  RAW   x-rate-limit-ip: 8:10:60,15:60:120,60:300:1800
10:49:11.371  RAW   x-rate-limit-ip-state: 2:10:0,8:60:0,10:300:0
10:49:11.371  RAW   cf-cache-status: DYNAMIC
10:49:11.371  RAW   cf-ray: a1f96e2bee3b5142-WAW
10:49:11.371  RESP  POST /api/trade/search/Standard → 200  5.830s  delay=6.200 min_gap=0.000 last=1784796551.372
10:49:11.371  PRE   GET /api/trade/fetch/628142777ff319540202306011db54c0f93c35bf42870087a84d9fc2538ae5f9%2C26d59adb7d097b87fbc4d139d8602c7f29203a974bf53b2cd05066ab22f8f97a%2C7b90f48aea2a9c1346184a5d81fd0ce1ce1bb3791b1badc4c8cf7a6508f62982%2C200bb5ee008845336d012afd79d33f243a88fc11574c78ee65ea43965648c78d%2C2b185d5e706faa05601acd6b0388f651763bcc2b830288aae20c9b444f1c5ab0  delay=6.200 min_gap=0.000 last=1784796551.372
10:49:11.371  ENF   delay=6.200 min_gap=0.000 jitter=2.991 gap=9.191 since_last=0.000 sleep=9.191
10:49:20.971  PARSE Account 6:4:10 → 0.667s/req pen=10s (used=2); Ip 12:4:60 → 0.250s/req pen=60s (used=2); Ip 16:12:60 → 0.516s/req pen=60s (used=2)  delay 6.200→1.667  min_gap→0  max_usage=0%
10:49:20.971  RAW   content-type: application/json
10:49:20.971  RAW   x-rate-limit-policy: trade-fetch-request-limit
10:49:20.971  RAW   x-rate-limit-rules: Account,Ip
10:49:20.971  RAW   x-rate-limit-account: 6:4:10
10:49:20.971  RAW   x-rate-limit-account-state: 2:4:0
10:49:20.971  RAW   x-rate-limit-ip: 12:4:60,16:12:60
10:49:20.971  RAW   x-rate-limit-ip-state: 2:4:0,2:12:0
10:49:20.971  RAW   cf-cache-status: DYNAMIC
10:49:20.971  RAW   cf-ray: a1f96e67885e5142-WAW
10:49:20.972  RESP  GET /api/trade/fetch/628142777ff319540202306011db54c0f93c35bf42870087a84d9fc2538ae5f9%2C26d59adb7d097b87fbc4d139d8602c7f29203a974bf53b2cd05066ab22f8f97a%2C7b90f48aea2a9c1346184a5d81fd0ce1ce1bb3791b1badc4c8cf7a6508f62982%2C200bb5ee008845336d012afd79d33f243a88fc11574c78ee65ea43965648c78d%2C2b185d5e706faa05601acd6b0388f651763bcc2b830288aae20c9b444f1c5ab0 → 200  9.600s  delay=1.667 min_gap=0.000 last=1784796560.972
10:49:20.972  PRE   POST /api/trade/search/Standard  delay=1.667 min_gap=0.000 last=1784796560.972
10:49:20.972  ENF   delay=1.667 min_gap=0.000 jitter=4.377 gap=6.043 since_last=0.000 sleep=6.043
10:49:27.525  PARSE Account 3:5:60 → 2.500s/req pen=60s (used=2); Ip 8:10:60 → 1.094s/req pen=60s (used=2); Ip 15:60:120 → 5.200s/req pen=120s (used=8); Ip 60:300:1800 → 4.000s/req pen=1800s (used=12)  delay 1.667→6.200  min_gap→0  max_usage=53%
10:49:27.525  RAW   content-type: application/json
10:49:27.525  RAW   x-rate-limit-policy: trade-search-request-limit
10:49:27.525  RAW   x-rate-limit-rules: Account,Ip
10:49:27.525  RAW   x-rate-limit-account: 3:5:60
10:49:27.525  RAW   x-rate-limit-account-state: 2:5:0
10:49:27.525  RAW   x-rate-limit-ip: 8:10:60,15:60:120,60:300:1800
10:49:27.525  RAW   x-rate-limit-ip-state: 2:10:0,8:60:0,12:300:0
10:49:27.525  RAW   cf-cache-status: DYNAMIC
10:49:27.526  RAW   cf-ray: a1f96e8fdf3e5142-WAW
10:49:27.526  RESP  POST /api/trade/search/Standard → 200  6.554s  delay=6.200 min_gap=0.000 last=1784796567.526
10:49:27.526  PRE   GET /api/trade/fetch/b45720520c468b85a09edb255c6eed7a028fb003648281d4eb19042a227ecb36%2Ca8a130306ea64a316aa7a1890089710ba44b169b1842b103945d67119fb4c0e9%2C1cb9269beca8355bbc50aa77311076036c7cbc3249f28ac0e3ecb5aa3790a391%2C3fec2be59c46e73c67cb04e89975e529e302312d5c7362f2271b57de0f209ed0%2Cf96294ec9cd1859f29710c5b596d0fb81bb1cd04e4ec07e2f2fb0e2cc096e2b3  delay=6.200 min_gap=0.000 last=1784796567.526
10:49:27.526  ENF   delay=6.200 min_gap=0.000 jitter=2.520 gap=8.720 since_last=0.000 sleep=8.720
10:49:36.605  PARSE Account 6:4:10 → 0.667s/req pen=10s (used=2); Ip 12:4:60 → 0.250s/req pen=60s (used=2); Ip 16:12:60 → 0.516s/req pen=60s (used=2)  delay 6.200→1.667  min_gap→0  max_usage=0%
10:49:36.605  RAW   content-type: application/json
10:49:36.605  RAW   x-rate-limit-policy: trade-fetch-request-limit
10:49:36.605  RAW   x-rate-limit-rules: Account,Ip
10:49:36.605  RAW   x-rate-limit-account: 6:4:10
10:49:36.605  RAW   x-rate-limit-account-state: 2:4:0
10:49:36.605  RAW   x-rate-limit-ip: 12:4:60,16:12:60
10:49:36.605  RAW   x-rate-limit-ip-state: 2:4:0,2:12:0
10:49:36.605  RAW   cf-cache-status: DYNAMIC
10:49:36.605  RAW   cf-ray: a1f96ec9882c5142-WAW
10:49:36.605  RESP  GET /api/trade/fetch/b45720520c468b85a09edb255c6eed7a028fb003648281d4eb19042a227ecb36%2Ca8a130306ea64a316aa7a1890089710ba44b169b1842b103945d67119fb4c0e9%2C1cb9269beca8355bbc50aa77311076036c7cbc3249f28ac0e3ecb5aa3790a391%2C3fec2be59c46e73c67cb04e89975e529e302312d5c7362f2271b57de0f209ed0%2Cf96294ec9cd1859f29710c5b596d0fb81bb1cd04e4ec07e2f2fb0e2cc096e2b3 → 200  9.079s  delay=1.667 min_gap=0.000 last=1784796576.605
10:49:36.632  PRE   POST /api/trade/search/Standard  delay=1.667 min_gap=0.000 last=1784796576.606
10:49:36.632  ENF   delay=1.667 min_gap=0.000 jitter=2.308 gap=3.974 since_last=0.027 sleep=3.947
10:49:41.039  PARSE Account 3:5:60 → 2.500s/req pen=60s (used=2); Ip 8:10:60 → 1.094s/req pen=60s (used=2); Ip 15:60:120 → 5.200s/req pen=120s (used=8); Ip 60:300:1800 → 4.250s/req pen=1800s (used=14)  delay 1.667→6.200  min_gap→0  max_usage=53%
10:49:41.040  RAW   content-type: application/json
10:49:41.040  RAW   x-rate-limit-policy: trade-search-request-limit
10:49:41.040  RAW   x-rate-limit-rules: Account,Ip
10:49:41.040  RAW   x-rate-limit-account: 3:5:60
10:49:41.040  RAW   x-rate-limit-account-state: 2:5:0
10:49:41.040  RAW   x-rate-limit-ip: 8:10:60,15:60:120,60:300:1800
10:49:41.040  RAW   x-rate-limit-ip-state: 2:10:0,8:60:0,14:300:0
10:49:41.040  RAW   cf-cache-status: DYNAMIC
10:49:41.040  RAW   cf-ray: a1f96ee4a8315142-WAW
10:49:41.040  RESP  POST /api/trade/search/Standard → 200  4.408s  delay=6.200 min_gap=0.000 last=1784796581.040
10:49:41.040  PRE   GET /api/trade/fetch/f96294ec9cd1859f29710c5b596d0fb81bb1cd04e4ec07e2f2fb0e2cc096e2b3%2C1cb9269beca8355bbc50aa77311076036c7cbc3249f28ac0e3ecb5aa3790a391%2C19c15aa30e9931f4e34931d336302cc6c2bd7ed9d9cf333dd7e6fbad2ee7a3a1%2Cf2ebe8a688cdf62ba4b61060d6576bbaf7728b205977248a7a0e0b64ed578990%2C48072f7e6b983136c7d4d393777928db4ebb6fc3e8cbf949fed92010e0c6b08b  delay=6.200 min_gap=0.000 last=1784796581.040
10:49:41.040  ENF   delay=6.200 min_gap=0.000 jitter=4.927 gap=11.127 since_last=0.000 sleep=11.127
10:49:52.584  PARSE Account 6:4:10 → 0.500s/req pen=10s (used=1); Ip 12:4:60 → 0.208s/req pen=60s (used=1); Ip 16:12:60 → 0.516s/req pen=60s (used=2)  delay 6.200→1.516  min_gap→0  max_usage=0%
10:49:52.584  RAW   content-type: application/json
10:49:52.584  RAW   x-rate-limit-policy: trade-fetch-request-limit
10:49:52.584  RAW   x-rate-limit-rules: Account,Ip
10:49:52.584  RAW   x-rate-limit-account: 6:4:10
10:49:52.584  RAW   x-rate-limit-account-state: 1:4:0
10:49:52.584  RAW   x-rate-limit-ip: 12:4:60,16:12:60
10:49:52.584  RAW   x-rate-limit-ip-state: 1:4:0,2:12:0
10:49:52.584  RAW   cf-cache-status: DYNAMIC
10:49:52.584  RAW   cf-ray: a1f96f2d0fa15142-WAW
10:49:52.584  RESP  GET /api/trade/fetch/f96294ec9cd1859f29710c5b596d0fb81bb1cd04e4ec07e2f2fb0e2cc096e2b3%2C1cb9269beca8355bbc50aa77311076036c7cbc3249f28ac0e3ecb5aa3790a391%2C19c15aa30e9931f4e34931d336302cc6c2bd7ed9d9cf333dd7e6fbad2ee7a3a1%2Cf2ebe8a688cdf62ba4b61060d6576bbaf7728b205977248a7a0e0b64ed578990%2C48072f7e6b983136c7d4d393777928db4ebb6fc3e8cbf949fed92010e0c6b08b → 200  11.544s  delay=1.516 min_gap=0.000 last=1784796592.584
10:49:52.584  PRE   POST /api/trade/search/Standard  delay=1.516 min_gap=0.000 last=1784796592.584
10:49:52.584  ENF   delay=1.516 min_gap=0.000 jitter=2.157 gap=3.673 since_last=0.000 sleep=3.673
10:49:56.668  PARSE Account 3:5:60 → 2.500s/req pen=60s (used=2); Ip 8:10:60 → 1.094s/req pen=60s (used=2); Ip 15:60:120 → 5.200s/req pen=120s (used=8); Ip 60:300:1800 → 4.500s/req pen=1800s (used=16)  delay 1.516→6.200  min_gap→0  max_usage=53%
10:49:56.668  RAW   content-type: application/json
10:49:56.669  RAW   x-rate-limit-policy: trade-search-request-limit
10:49:56.669  RAW   x-rate-limit-rules: Account,Ip
10:49:56.669  RAW   x-rate-limit-account: 3:5:60
10:49:56.669  RAW   x-rate-limit-account-state: 2:5:0
10:49:56.669  RAW   x-rate-limit-ip: 8:10:60,15:60:120,60:300:1800
10:49:56.669  RAW   x-rate-limit-ip-state: 2:10:0,8:60:0,16:300:0
10:49:56.669  RAW   cf-cache-status: DYNAMIC
10:49:56.669  RAW   cf-ray: a1f96f4698655142-WAW
10:49:56.669  RESP  POST /api/trade/search/Standard → 200  4.084s  delay=6.200 min_gap=0.000 last=1784796596.669
10:49:56.669  PRE   GET /api/trade/fetch/628142777ff319540202306011db54c0f93c35bf42870087a84d9fc2538ae5f9%2C26d59adb7d097b87fbc4d139d8602c7f29203a974bf53b2cd05066ab22f8f97a%2C7b90f48aea2a9c1346184a5d81fd0ce1ce1bb3791b1badc4c8cf7a6508f62982%2Cf4ae7e8b22823f80b3a6f28df848e3f9ba9dfa9c6976d754097fcb28fccdb767%2C200bb5ee008845336d012afd79d33f243a88fc11574c78ee65ea43965648c78d  delay=6.200 min_gap=0.000 last=1784796596.669
10:49:56.669  ENF   delay=6.200 min_gap=0.000 jitter=4.806 gap=11.006 since_last=0.000 sleep=11.006
10:50:08.037  PARSE Account 6:4:10 → 0.500s/req pen=10s (used=1); Ip 12:4:60 → 0.208s/req pen=60s (used=1); Ip 16:12:60 → 0.516s/req pen=60s (used=2)  delay 6.200→1.516  min_gap→0  max_usage=0%
10:50:08.037  RAW   content-type: application/json
10:50:08.037  RAW   x-rate-limit-policy: trade-fetch-request-limit
10:50:08.038  RAW   x-rate-limit-rules: Account,Ip
10:50:08.038  RAW   x-rate-limit-account: 6:4:10
10:50:08.038  RAW   x-rate-limit-account-state: 1:4:0
10:50:08.038  RAW   x-rate-limit-ip: 12:4:60,16:12:60
10:50:08.038  RAW   x-rate-limit-ip-state: 1:4:0,2:12:0
10:50:08.038  RAW   cf-cache-status: DYNAMIC
10:50:08.038  RAW   cf-ray: a1f96f8dfe665142-WAW
10:50:08.038  RESP  GET /api/trade/fetch/628142777ff319540202306011db54c0f93c35bf42870087a84d9fc2538ae5f9%2C26d59adb7d097b87fbc4d139d8602c7f29203a974bf53b2cd05066ab22f8f97a%2C7b90f48aea2a9c1346184a5d81fd0ce1ce1bb3791b1badc4c8cf7a6508f62982%2Cf4ae7e8b22823f80b3a6f28df848e3f9ba9dfa9c6976d754097fcb28fccdb767%2C200bb5ee008845336d012afd79d33f243a88fc11574c78ee65ea43965648c78d → 200  11.369s  delay=1.516 min_gap=0.000 last=1784796608.038
10:50:08.038  PRE   POST /api/trade/search/Standard  delay=1.516 min_gap=0.000 last=1784796608.038
10:50:08.038  ENF   delay=1.516 min_gap=0.000 jitter=2.403 gap=3.919 since_last=0.000 sleep=3.919
10:50:12.304  PARSE Account 3:5:60 → 2.500s/req pen=60s (used=2); Ip 8:10:60 → 1.094s/req pen=60s (used=2); Ip 15:60:120 → 5.200s/req pen=120s (used=8); Ip 60:300:1800 → 4.750s/req pen=1800s (used=18)  delay 1.516→6.200  min_gap→0  max_usage=53%
10:50:12.304  RAW   content-type: application/json
10:50:12.304  RAW   x-rate-limit-policy: trade-search-request-limit
10:50:12.304  RAW   x-rate-limit-rules: Account,Ip
10:50:12.304  RAW   x-rate-limit-account: 3:5:60
10:50:12.304  RAW   x-rate-limit-account-state: 2:5:0
10:50:12.304  RAW   x-rate-limit-ip: 8:10:60,15:60:120,60:300:1800
10:50:12.304  RAW   x-rate-limit-ip-state: 2:10:0,8:60:0,18:300:0
10:50:12.304  RAW   cf-cache-status: DYNAMIC
10:50:12.304  RAW   cf-ray: a1f96fa8beea5142-WAW
10:50:12.304  RESP  POST /api/trade/search/Standard → 200  4.266s  delay=6.200 min_gap=0.000 last=1784796612.305
10:50:12.304  PRE   GET /api/trade/fetch/19c15aa30e9931f4e34931d336302cc6c2bd7ed9d9cf333dd7e6fbad2ee7a3a1%2C1cb9269beca8355bbc50aa77311076036c7cbc3249f28ac0e3ecb5aa3790a391%2Cf96294ec9cd1859f29710c5b596d0fb81bb1cd04e4ec07e2f2fb0e2cc096e2b3%2C48072f7e6b983136c7d4d393777928db4ebb6fc3e8cbf949fed92010e0c6b08b%2C6e1f846df790487911bb5ce9c255aa76e3fb7f8a3543251c4bffe7133aef8aa1  delay=6.200 min_gap=0.000 last=1784796612.305
10:50:12.304  ENF   delay=6.200 min_gap=0.000 jitter=2.340 gap=8.540 since_last=0.000 sleep=8.540
10:50:21.267  PARSE Account 6:4:10 → 0.667s/req pen=10s (used=2); Ip 12:4:60 → 0.250s/req pen=60s (used=2); Ip 16:12:60 → 0.516s/req pen=60s (used=2)  delay 6.200→1.667  min_gap→0  max_usage=0%
10:50:21.268  RAW   content-type: application/json
10:50:21.268  RAW   x-rate-limit-policy: trade-fetch-request-limit
10:50:21.268  RAW   x-rate-limit-rules: Account,Ip
10:50:21.268  RAW   x-rate-limit-account: 6:4:10
10:50:21.268  RAW   x-rate-limit-account-state: 2:4:0
10:50:21.268  RAW   x-rate-limit-ip: 12:4:60,16:12:60
10:50:21.268  RAW   x-rate-limit-ip-state: 2:4:0,2:12:0
10:50:21.268  RAW   cf-cache-status: DYNAMIC
10:50:21.268  RAW   cf-ray: a1f96fe048fc5142-WAW
10:50:21.268  RESP  GET /api/trade/fetch/19c15aa30e9931f4e34931d336302cc6c2bd7ed9d9cf333dd7e6fbad2ee7a3a1%2C1cb9269beca8355bbc50aa77311076036c7cbc3249f28ac0e3ecb5aa3790a391%2Cf96294ec9cd1859f29710c5b596d0fb81bb1cd04e4ec07e2f2fb0e2cc096e2b3%2C48072f7e6b983136c7d4d393777928db4ebb6fc3e8cbf949fed92010e0c6b08b%2C6e1f846df790487911bb5ce9c255aa76e3fb7f8a3543251c4bffe7133aef8aa1 → 200  8.963s  delay=1.667 min_gap=0.000 last=1784796621.268
10:50:21.286  PRE   POST /api/trade/search/Standard  delay=1.667 min_gap=0.000 last=1784796621.268
10:50:21.286  ENF   delay=1.667 min_gap=0.000 jitter=2.403 gap=4.070 since_last=0.019 sleep=4.051
10:50:25.620  PARSE Account 3:5:60 → 2.500s/req pen=60s (used=2); Ip 8:10:60 → 1.094s/req pen=60s (used=2); Ip 15:60:120 → 5.200s/req pen=120s (used=8); Ip 60:300:1800 → 5.000s/req pen=1800s (used=20)  delay 1.667→6.200  min_gap→0  max_usage=53%
10:50:25.620  RAW   content-type: application/json
10:50:25.620  RAW   x-rate-limit-policy: trade-search-request-limit
10:50:25.620  RAW   x-rate-limit-rules: Account,Ip
10:50:25.621  RAW   x-rate-limit-account: 3:5:60
10:50:25.621  RAW   x-rate-limit-account-state: 2:5:0
10:50:25.621  RAW   x-rate-limit-ip: 8:10:60,15:60:120,60:300:1800
10:50:25.621  RAW   x-rate-limit-ip-state: 2:10:0,8:60:0,20:300:0
10:50:25.621  RAW   cf-cache-status: DYNAMIC
10:50:25.621  RAW   cf-ray: a1f96ffc5b055142-WAW
10:50:25.621  RESP  POST /api/trade/search/Standard → 200  4.334s  delay=6.200 min_gap=0.000 last=1784796625.621
10:50:25.621  PRE   GET /api/trade/fetch/7c42188b91f49559f01b6198cba13978b2644839615eacd2053c31a12fa05e7b%2C8a45c8243b4bbd57cd040f57f992ec2be119a8cfff7c2865e4763b8b4ad03b35%2C2781833c4f0eda82f1e5cfed366a262a0b0b67070f806b6b4442e5f8253a7b3c%2Ce69f446f34a4b9361ad48a03c5c5c3f2df987058f0e5892a91211e1bc4749cbf%2Cb69ed00c465f7d3b01ee0a1a511874a6f85c5be5a1f368d007185d22ff0937e1  delay=6.200 min_gap=0.000 last=1784796625.621
10:50:25.621  ENF   delay=6.200 min_gap=0.000 jitter=2.305 gap=8.505 since_last=0.000 sleep=8.505
10:50:34.606  PARSE Account 6:4:10 → 0.500s/req pen=10s (used=1); Ip 12:4:60 → 0.208s/req pen=60s (used=1); Ip 16:12:60 → 0.445s/req pen=60s (used=1)  delay 6.200→1.500  min_gap→0  max_usage=0%
10:50:34.606  RAW   content-type: application/json
10:50:34.606  RAW   x-rate-limit-policy: trade-fetch-request-limit
10:50:34.606  RAW   x-rate-limit-rules: Account,Ip
10:50:34.606  RAW   x-rate-limit-account: 6:4:10
10:50:34.606  RAW   x-rate-limit-account-state: 1:4:0
10:50:34.606  RAW   x-rate-limit-ip: 12:4:60,16:12:60
10:50:34.606  RAW   x-rate-limit-ip-state: 1:4:0,1:12:0
10:50:34.606  RAW   cf-cache-status: DYNAMIC
10:50:34.606  RAW   cf-ray: a1f970334c315142-WAW
10:50:34.606  RESP  GET /api/trade/fetch/7c42188b91f49559f01b6198cba13978b2644839615eacd2053c31a12fa05e7b%2C8a45c8243b4bbd57cd040f57f992ec2be119a8cfff7c2865e4763b8b4ad03b35%2C2781833c4f0eda82f1e5cfed366a262a0b0b67070f806b6b4442e5f8253a7b3c%2Ce69f446f34a4b9361ad48a03c5c5c3f2df987058f0e5892a91211e1bc4749cbf%2Cb69ed00c465f7d3b01ee0a1a511874a6f85c5be5a1f368d007185d22ff0937e1 → 200  8.985s  delay=1.500 min_gap=0.000 last=1784796634.606
10:50:34.606  PRE   POST /api/trade/search/Standard  delay=1.500 min_gap=0.000 last=1784796634.606
10:50:34.606  ENF   delay=1.500 min_gap=0.000 jitter=2.826 gap=4.326 since_last=0.000 sleep=4.326
10:50:39.319  PARSE Account 3:5:60 → 2.500s/req pen=60s (used=2); Ip 8:10:60 → 1.094s/req pen=60s (used=2); Ip 15:60:120 → 5.200s/req pen=120s (used=8); Ip 60:300:1800 → 5.250s/req pen=1800s (used=22)  delay 1.500→6.250  min_gap→0  max_usage=53%
10:50:39.319  RAW   content-type: application/json
10:50:39.319  RAW   x-rate-limit-policy: trade-search-request-limit
10:50:39.319  RAW   x-rate-limit-rules: Account,Ip
10:50:39.319  RAW   x-rate-limit-account: 3:5:60
10:50:39.319  RAW   x-rate-limit-account-state: 2:5:0
10:50:39.319  RAW   x-rate-limit-ip: 8:10:60,15:60:120,60:300:1800
10:50:39.319  RAW   x-rate-limit-ip-state: 2:10:0,8:60:0,22:300:0
10:50:39.319  RAW   cf-cache-status: DYNAMIC
10:50:39.319  RAW   cf-ray: a1f970515d405142-WAW
10:50:39.319  RESP  POST /api/trade/search/Standard → 200  4.713s  delay=6.250 min_gap=0.000 last=1784796639.319
10:50:39.319  PRE   GET /api/trade/fetch/628142777ff319540202306011db54c0f93c35bf42870087a84d9fc2538ae5f9%2C26d59adb7d097b87fbc4d139d8602c7f29203a974bf53b2cd05066ab22f8f97a%2C7b90f48aea2a9c1346184a5d81fd0ce1ce1bb3791b1badc4c8cf7a6508f62982%2C2b185d5e706faa05601acd6b0388f651763bcc2b830288aae20c9b444f1c5ab0%2C200bb5ee008845336d012afd79d33f243a88fc11574c78ee65ea43965648c78d  delay=6.250 min_gap=0.000 last=1784796639.319
10:50:39.319  ENF   delay=6.250 min_gap=0.000 jitter=2.818 gap=9.068 since_last=0.000 sleep=9.068
10:50:48.745  PARSE Account 6:4:10 → 0.667s/req pen=10s (used=2); Ip 12:4:60 → 0.250s/req pen=60s (used=2); Ip 16:12:60 → 0.516s/req pen=60s (used=2)  delay 6.250→1.667  min_gap→0  max_usage=0%
10:50:48.745  RAW   content-type: application/json
10:50:48.745  RAW   x-rate-limit-policy: trade-fetch-request-limit
10:50:48.745  RAW   x-rate-limit-rules: Account,Ip
10:50:48.745  RAW   x-rate-limit-account: 6:4:10
10:50:48.745  RAW   x-rate-limit-account-state: 2:4:0
10:50:48.745  RAW   x-rate-limit-ip: 12:4:60,16:12:60
10:50:48.745  RAW   x-rate-limit-ip-state: 2:4:0,2:12:0
10:50:48.745  RAW   cf-cache-status: DYNAMIC
10:50:48.745  RAW   cf-ray: a1f9708c7c255142-WAW
10:50:48.745  RESP  GET /api/trade/fetch/628142777ff319540202306011db54c0f93c35bf42870087a84d9fc2538ae5f9%2C26d59adb7d097b87fbc4d139d8602c7f29203a974bf53b2cd05066ab22f8f97a%2C7b90f48aea2a9c1346184a5d81fd0ce1ce1bb3791b1badc4c8cf7a6508f62982%2C2b185d5e706faa05601acd6b0388f651763bcc2b830288aae20c9b444f1c5ab0%2C200bb5ee008845336d012afd79d33f243a88fc11574c78ee65ea43965648c78d → 200  9.426s  delay=1.667 min_gap=0.000 last=1784796648.746
10:50:48.746  PRE   POST /api/trade/search/Standard  delay=1.667 min_gap=0.000 last=1784796648.746
10:50:48.748  ENF   delay=1.667 min_gap=0.000 jitter=3.729 gap=5.396 since_last=0.003 sleep=5.393
10:50:54.527  PARSE Account 3:5:60 → 2.500s/req pen=60s (used=2); Ip 8:10:60 → 1.094s/req pen=60s (used=2); Ip 15:60:120 → 5.200s/req pen=120s (used=8); Ip 60:300:1800 → 5.500s/req pen=1800s (used=24)  delay 1.667→6.500  min_gap→0  max_usage=53%
10:50:54.527  RAW   content-type: application/json
10:50:54.527  RAW   x-rate-limit-policy: trade-search-request-limit
10:50:54.527  RAW   x-rate-limit-rules: Account,Ip
10:50:54.527  RAW   x-rate-limit-account: 3:5:60
10:50:54.527  RAW   x-rate-limit-account-state: 2:5:0
10:50:54.527  RAW   x-rate-limit-ip: 8:10:60,15:60:120,60:300:1800
10:50:54.527  RAW   x-rate-limit-ip-state: 2:10:0,8:60:0,24:300:0
10:50:54.527  RAW   cf-cache-status: DYNAMIC
10:50:54.527  RAW   cf-ray: a1f970b06b045142-WAW
10:50:54.527  RESP  POST /api/trade/search/Standard → 200  5.778s  delay=6.500 min_gap=0.000 last=1784796654.527
10:50:54.527  PRE   GET /api/trade/fetch/b69ed00c465f7d3b01ee0a1a511874a6f85c5be5a1f368d007185d22ff0937e1%2C3b0c538faebc0154ab01d15a5465157286b2d66602f52e536cc848b20bf47be1%2Cdbdeed13acd8462b045baca8319e02a7df1a81c2b31d0f400e97124539058a05%2Ce32098b06d4feed0d19c2dc276432a644c1aae40e97b1e4c5f4a632c02ab8fdf%2Ca662e79ec4d9e7f99ef7cc0c49236456a8d341485b2a588cf8292d06d8a2c654  delay=6.500 min_gap=0.000 last=1784796654.527
10:50:54.527  ENF   delay=6.500 min_gap=0.000 jitter=4.855 gap=11.355 since_last=0.000 sleep=11.355
10:51:06.282  PARSE Account 6:4:10 → 0.667s/req pen=10s (used=2); Ip 12:4:60 → 0.250s/req pen=60s (used=2); Ip 16:12:60 → 0.516s/req pen=60s (used=2)  delay 6.500→1.667  min_gap→0  max_usage=0%
10:51:06.282  RAW   content-type: application/json
10:51:06.282  RAW   x-rate-limit-policy: trade-fetch-request-limit
10:51:06.282  RAW   x-rate-limit-rules: Account,Ip
10:51:06.282  RAW   x-rate-limit-account: 6:4:10
10:51:06.282  RAW   x-rate-limit-account-state: 2:4:0
10:51:06.283  RAW   x-rate-limit-ip: 12:4:60,16:12:60
10:51:06.283  RAW   x-rate-limit-ip-state: 2:4:0,2:12:0
10:51:06.283  RAW   cf-cache-status: DYNAMIC
10:51:06.283  RAW   cf-ray: a1f970f9cc0f5142-WAW
10:51:06.283  RESP  GET /api/trade/fetch/b69ed00c465f7d3b01ee0a1a511874a6f85c5be5a1f368d007185d22ff0937e1%2C3b0c538faebc0154ab01d15a5465157286b2d66602f52e536cc848b20bf47be1%2Cdbdeed13acd8462b045baca8319e02a7df1a81c2b31d0f400e97124539058a05%2Ce32098b06d4feed0d19c2dc276432a644c1aae40e97b1e4c5f4a632c02ab8fdf%2Ca662e79ec4d9e7f99ef7cc0c49236456a8d341485b2a588cf8292d06d8a2c654 → 200  11.755s  delay=1.667 min_gap=0.000 last=1784796666.283
10:51:06.305  PRE   POST /api/trade/search/Standard  delay=1.667 min_gap=0.000 last=1784796666.283
10:51:06.305  ENF   delay=1.667 min_gap=0.000 jitter=4.157 gap=5.824 since_last=0.022 sleep=5.802
10:51:12.427  PARSE Account 3:5:60 → 2.500s/req pen=60s (used=2); Ip 8:10:60 → 1.094s/req pen=60s (used=2); Ip 15:60:120 → 5.200s/req pen=120s (used=8); Ip 60:300:1800 → 5.750s/req pen=1800s (used=26)  delay 1.667→6.750  min_gap→0  max_usage=53%
10:51:12.427  RAW   content-type: application/json
10:51:12.427  RAW   x-rate-limit-policy: trade-search-request-limit
10:51:12.427  RAW   x-rate-limit-rules: Account,Ip
10:51:12.427  RAW   x-rate-limit-account: 3:5:60
10:51:12.427  RAW   x-rate-limit-account-state: 2:5:0
10:51:12.427  RAW   x-rate-limit-ip: 8:10:60,15:60:120,60:300:1800
10:51:12.427  RAW   x-rate-limit-ip-state: 2:10:0,8:60:0,26:300:0
10:51:12.427  RAW   cf-cache-status: DYNAMIC
10:51:12.427  RAW   cf-ray: a1f97120af125142-WAW
10:51:12.427  RESP  POST /api/trade/search/Standard → 200  6.122s  delay=6.750 min_gap=0.000 last=1784796672.427
10:51:12.427  PRE   GET /api/trade/fetch/cc74062b0ec969f9bdaba5fa8d37293137ad3c09d3a646130b10960bdab75362%2C0c634a5a43640c54f52b727183dab410900a83caa58e9ebb1ae426317f86524d%2C7204b38fb03233084b8ca0ad8ca66005c39e28955065d6f65a487e6df987e3ce%2Cb45720520c468b85a09edb255c6eed7a028fb003648281d4eb19042a227ecb36%2Ca0904d897c218b4b1b82fc522f8c1da0b0a356f6c1096d5d95c03f092585d1c2  delay=6.750 min_gap=0.000 last=1784796672.427
10:51:12.427  ENF   delay=6.750 min_gap=0.000 jitter=2.167 gap=8.917 since_last=0.000 sleep=8.917
10:51:21.759  PARSE Account 6:4:10 → 0.500s/req pen=10s (used=1); Ip 12:4:60 → 0.208s/req pen=60s (used=1); Ip 16:12:60 → 0.516s/req pen=60s (used=2)  delay 6.750→1.516  min_gap→0  max_usage=0%
10:51:21.759  RAW   content-type: application/json
10:51:21.759  RAW   x-rate-limit-policy: trade-fetch-request-limit
10:51:21.759  RAW   x-rate-limit-rules: Account,Ip
10:51:21.759  RAW   x-rate-limit-account: 6:4:10
10:51:21.759  RAW   x-rate-limit-account-state: 1:4:0
10:51:21.760  RAW   x-rate-limit-ip: 12:4:60,16:12:60
10:51:21.760  RAW   x-rate-limit-ip-state: 1:4:0,2:12:0
10:51:21.760  RAW   cf-cache-status: DYNAMIC
10:51:21.760  RAW   cf-ray: a1f9715a6f965142-WAW
10:51:21.760  RESP  GET /api/trade/fetch/cc74062b0ec969f9bdaba5fa8d37293137ad3c09d3a646130b10960bdab75362%2C0c634a5a43640c54f52b727183dab410900a83caa58e9ebb1ae426317f86524d%2C7204b38fb03233084b8ca0ad8ca66005c39e28955065d6f65a487e6df987e3ce%2Cb45720520c468b85a09edb255c6eed7a028fb003648281d4eb19042a227ecb36%2Ca0904d897c218b4b1b82fc522f8c1da0b0a356f6c1096d5d95c03f092585d1c2 → 200  9.332s  delay=1.516 min_gap=0.000 last=1784796681.760
10:51:21.760  PRE   POST /api/trade/search/Standard  delay=1.516 min_gap=0.000 last=1784796681.760
10:51:21.760  ENF   delay=1.516 min_gap=0.000 jitter=3.520 gap=5.035 since_last=0.000 sleep=5.035
10:51:27.160  PARSE Account 3:5:60 → 2.500s/req pen=60s (used=2); Ip 8:10:60 → 1.094s/req pen=60s (used=2); Ip 15:60:120 → 5.200s/req pen=120s (used=8); Ip 60:300:1800 → 6.000s/req pen=1800s (used=28)  delay 1.516→7.000  min_gap→0  max_usage=53%
10:51:27.160  RAW   content-type: application/json
10:51:27.160  RAW   x-rate-limit-policy: trade-search-request-limit
10:51:27.161  RAW   x-rate-limit-rules: Account,Ip
10:51:27.161  RAW   x-rate-limit-account: 3:5:60
10:51:27.161  RAW   x-rate-limit-account-state: 2:5:0
10:51:27.161  RAW   x-rate-limit-ip: 8:10:60,15:60:120,60:300:1800
10:51:27.161  RAW   x-rate-limit-ip-state: 2:10:0,8:60:0,28:300:0
10:51:27.161  RAW   cf-cache-status: DYNAMIC
10:51:27.161  RAW   cf-ray: a1f9717c79f25142-WAW
10:51:27.161  RESP  POST /api/trade/search/Standard → 200  5.401s  delay=7.000 min_gap=0.000 last=1784796687.161
10:51:27.161  PRE   GET /api/trade/fetch/628142777ff319540202306011db54c0f93c35bf42870087a84d9fc2538ae5f9%2C26d59adb7d097b87fbc4d139d8602c7f29203a974bf53b2cd05066ab22f8f97a%2C7b90f48aea2a9c1346184a5d81fd0ce1ce1bb3791b1badc4c8cf7a6508f62982%2C200bb5ee008845336d012afd79d33f243a88fc11574c78ee65ea43965648c78d%2Cf4ae7e8b22823f80b3a6f28df848e3f9ba9dfa9c6976d754097fcb28fccdb767  delay=7.000 min_gap=0.000 last=1784796687.161
10:51:27.161  ENF   delay=7.000 min_gap=0.000 jitter=2.425 gap=9.425 since_last=0.000 sleep=9.425
10:51:37.556  PARSE Account 6:4:10 → 0.667s/req pen=10s (used=2); Ip 12:4:60 → 0.250s/req pen=60s (used=2); Ip 16:12:60 → 0.516s/req pen=60s (used=2)  delay 7.000→1.667  min_gap→0  max_usage=0%
10:51:37.556  RAW   content-type: application/json
10:51:37.556  RAW   x-rate-limit-policy: trade-fetch-request-limit
10:51:37.556  RAW   x-rate-limit-rules: Account,Ip
10:51:37.556  RAW   x-rate-limit-account: 6:4:10
10:51:37.556  RAW   x-rate-limit-account-state: 2:4:0
10:51:37.556  RAW   x-rate-limit-ip: 12:4:60,16:12:60
10:51:37.556  RAW   x-rate-limit-ip-state: 2:4:0,2:12:0
10:51:37.556  RAW   cf-cache-status: DYNAMIC
10:51:37.556  RAW   cf-ray: a1f971b9ac6f5142-WAW
10:51:37.556  RESP  GET /api/trade/fetch/628142777ff319540202306011db54c0f93c35bf42870087a84d9fc2538ae5f9%2C26d59adb7d097b87fbc4d139d8602c7f29203a974bf53b2cd05066ab22f8f97a%2C7b90f48aea2a9c1346184a5d81fd0ce1ce1bb3791b1badc4c8cf7a6508f62982%2C200bb5ee008845336d012afd79d33f243a88fc11574c78ee65ea43965648c78d%2Cf4ae7e8b22823f80b3a6f28df848e3f9ba9dfa9c6976d754097fcb28fccdb767 → 200  10.395s  delay=1.667 min_gap=0.000 last=1784796697.556
10:51:37.556  PRE   POST /api/trade/search/Standard  delay=1.667 min_gap=0.000 last=1784796697.556
10:51:37.556  ENF   delay=1.667 min_gap=0.000 jitter=3.228 gap=4.895 since_last=0.000 sleep=4.895
10:51:42.725  PARSE Account 3:5:60 → 2.500s/req pen=60s (used=2); Ip 8:10:60 → 1.094s/req pen=60s (used=2); Ip 15:60:120 → 5.200s/req pen=120s (used=8); Ip 60:300:1800 → 6.250s/req pen=1800s (used=30)  delay 1.667→7.250  min_gap→0  max_usage=53%
10:51:42.725  RAW   content-type: application/json
10:51:42.725  RAW   x-rate-limit-policy: trade-search-request-limit
10:51:42.725  RAW   x-rate-limit-rules: Account,Ip
10:51:42.725  RAW   x-rate-limit-account: 3:5:60
10:51:42.725  RAW   x-rate-limit-account-state: 2:5:0
10:51:42.725  RAW   x-rate-limit-ip: 8:10:60,15:60:120,60:300:1800
10:51:42.725  RAW   x-rate-limit-ip-state: 2:10:0,8:60:0,30:300:0
10:51:42.725  RAW   cf-cache-status: DYNAMIC
10:51:42.725  RAW   cf-ray: a1f971de5b8a5142-WAW
10:51:42.725  RESP  POST /api/trade/search/Standard → 200  5.169s  delay=7.250 min_gap=0.000 last=1784796702.726
10:51:42.725  PRE   GET /api/trade/fetch/b45720520c468b85a09edb255c6eed7a028fb003648281d4eb19042a227ecb36%2C3fec2be59c46e73c67cb04e89975e529e302312d5c7362f2271b57de0f209ed0%2C1cb9269beca8355bbc50aa77311076036c7cbc3249f28ac0e3ecb5aa3790a391%2Cf96294ec9cd1859f29710c5b596d0fb81bb1cd04e4ec07e2f2fb0e2cc096e2b3%2Ca8a130306ea64a316aa7a1890089710ba44b169b1842b103945d67119fb4c0e9  delay=7.250 min_gap=0.000 last=1784796702.726
10:51:42.725  ENF   delay=7.250 min_gap=0.000 jitter=2.701 gap=9.951 since_last=0.000 sleep=9.951
10:51:52.947  PARSE Account 6:4:10 → 0.500s/req pen=10s (used=1); Ip 12:4:60 → 0.208s/req pen=60s (used=1); Ip 16:12:60 → 0.516s/req pen=60s (used=2)  delay 7.250→1.516  min_gap→0  max_usage=0%
10:51:52.947  RAW   content-type: application/json
10:51:52.947  RAW   x-rate-limit-policy: trade-fetch-request-limit
10:51:52.947  RAW   x-rate-limit-rules: Account,Ip
10:51:52.947  RAW   x-rate-limit-account: 6:4:10
10:51:52.947  RAW   x-rate-limit-account-state: 1:4:0
10:51:52.947  RAW   x-rate-limit-ip: 12:4:60,16:12:60
10:51:52.947  RAW   x-rate-limit-ip-state: 1:4:0,2:12:0
10:51:52.947  RAW   cf-cache-status: DYNAMIC
10:51:52.947  RAW   cf-ray: a1f9721e389b5142-WAW
10:51:52.947  RESP  GET /api/trade/fetch/b45720520c468b85a09edb255c6eed7a028fb003648281d4eb19042a227ecb36%2C3fec2be59c46e73c67cb04e89975e529e302312d5c7362f2271b57de0f209ed0%2C1cb9269beca8355bbc50aa77311076036c7cbc3249f28ac0e3ecb5aa3790a391%2Cf96294ec9cd1859f29710c5b596d0fb81bb1cd04e4ec07e2f2fb0e2cc096e2b3%2Ca8a130306ea64a316aa7a1890089710ba44b169b1842b103945d67119fb4c0e9 → 200  10.221s  delay=1.516 min_gap=0.000 last=1784796712.948
10:51:52.972  PRE   POST /api/trade/search/Standard  delay=1.516 min_gap=0.000 last=1784796712.948
10:51:52.972  ENF   delay=1.516 min_gap=0.000 jitter=3.045 gap=4.561 since_last=0.025 sleep=4.536
10:51:57.791  PARSE Account 3:5:60 → 2.500s/req pen=60s (used=2); Ip 8:10:60 → 1.094s/req pen=60s (used=2); Ip 15:60:120 → 5.200s/req pen=120s (used=8); Ip 60:300:1800 → 6.500s/req pen=1800s (used=32)  delay 1.516→7.500  min_gap→0  max_usage=53%
10:51:57.791  RAW   content-type: application/json
10:51:57.791  RAW   x-rate-limit-policy: trade-search-request-limit
10:51:57.791  RAW   x-rate-limit-rules: Account,Ip
10:51:57.791  RAW   x-rate-limit-account: 3:5:60
10:51:57.791  RAW   x-rate-limit-account-state: 2:5:0
10:51:57.791  RAW   x-rate-limit-ip: 8:10:60,15:60:120,60:300:1800
10:51:57.791  RAW   x-rate-limit-ip-state: 2:10:0,8:60:0,32:300:0
10:51:57.791  RAW   cf-cache-status: DYNAMIC
10:51:57.791  RAW   cf-ray: a1f9723c78225142-WAW
10:51:57.791  RESP  POST /api/trade/search/Standard → 200  4.819s  delay=7.500 min_gap=0.000 last=1784796717.791
10:51:57.791  PRE   GET /api/trade/fetch/e185d8d74912713331ea9ca238a96d99c6fd705a9d10168d924b51a901e114c8%2Cb4aa3b9b6d2d0e836d89cef85d2043843c4b8760814cb0a7410f869bfb0a0a1c%2Cb0b7b364753fcd443f875804a90a6054a5fae5b07c7111cf0197bc1f88105bbe%2Cf08ce2bb4b15c8b8e13140f58cb63e96d678e7c4aa80f7e8dafb24aecf50ca44%2C2d31df4cad2f5ecbfafbdec07b8e34ce56805b701663de1063cd96bde6a5bda7  delay=7.500 min_gap=0.000 last=1784796717.791
10:51:57.791  ENF   delay=7.500 min_gap=0.000 jitter=4.113 gap=11.613 since_last=0.000 sleep=11.613
10:52:09.672  PARSE Account 6:4:10 → 0.500s/req pen=10s (used=1); Ip 12:4:60 → 0.208s/req pen=60s (used=1); Ip 16:12:60 → 0.516s/req pen=60s (used=2)  delay 7.500→1.516  min_gap→0  max_usage=0%
10:52:09.672  RAW   content-type: application/json
10:52:09.672  RAW   x-rate-limit-policy: trade-fetch-request-limit
10:52:09.672  RAW   x-rate-limit-rules: Account,Ip
10:52:09.672  RAW   x-rate-limit-account: 6:4:10
10:52:09.672  RAW   x-rate-limit-account-state: 1:4:0
10:52:09.672  RAW   x-rate-limit-ip: 12:4:60,16:12:60
10:52:09.672  RAW   x-rate-limit-ip-state: 1:4:0,2:12:0
10:52:09.672  RAW   cf-cache-status: DYNAMIC
10:52:09.672  RAW   cf-ray: a1f97286cfb85142-WAW
10:52:09.672  RESP  GET /api/trade/fetch/e185d8d74912713331ea9ca238a96d99c6fd705a9d10168d924b51a901e114c8%2Cb4aa3b9b6d2d0e836d89cef85d2043843c4b8760814cb0a7410f869bfb0a0a1c%2Cb0b7b364753fcd443f875804a90a6054a5fae5b07c7111cf0197bc1f88105bbe%2Cf08ce2bb4b15c8b8e13140f58cb63e96d678e7c4aa80f7e8dafb24aecf50ca44%2C2d31df4cad2f5ecbfafbdec07b8e34ce56805b701663de1063cd96bde6a5bda7 → 200  11.881s  delay=1.516 min_gap=0.000 last=1784796729.672
10:52:09.672  PRE   POST /api/trade/search/Standard  delay=1.516 min_gap=0.000 last=1784796729.672
10:52:09.672  ENF   delay=1.516 min_gap=0.000 jitter=2.375 gap=3.891 since_last=0.000 sleep=3.891
10:52:13.912  PARSE Account 3:5:60 → 2.500s/req pen=60s (used=2); Ip 8:10:60 → 1.094s/req pen=60s (used=2); Ip 15:60:120 → 5.200s/req pen=120s (used=8); Ip 60:300:1800 → 6.750s/req pen=1800s (used=34)  delay 1.516→7.750  min_gap→0  max_usage=57%
10:52:13.912  RAW   content-type: application/json
10:52:13.912  RAW   x-rate-limit-policy: trade-search-request-limit
10:52:13.912  RAW   x-rate-limit-rules: Account,Ip
10:52:13.912  RAW   x-rate-limit-account: 3:5:60
10:52:13.912  RAW   x-rate-limit-account-state: 2:5:0
10:52:13.912  RAW   x-rate-limit-ip: 8:10:60,15:60:120,60:300:1800
10:52:13.912  RAW   x-rate-limit-ip-state: 2:10:0,8:60:0,34:300:0
10:52:13.912  RAW   cf-cache-status: DYNAMIC
10:52:13.912  RAW   cf-ray: a1f972a0cab45142-WAW
10:52:13.912  RESP  POST /api/trade/search/Standard → 200  4.240s  delay=7.750 min_gap=0.000 last=1784796733.913
10:52:13.912  PRE   GET /api/trade/fetch/628142777ff319540202306011db54c0f93c35bf42870087a84d9fc2538ae5f9%2C26d59adb7d097b87fbc4d139d8602c7f29203a974bf53b2cd05066ab22f8f97a%2C7b90f48aea2a9c1346184a5d81fd0ce1ce1bb3791b1badc4c8cf7a6508f62982%2C2b185d5e706faa05601acd6b0388f651763bcc2b830288aae20c9b444f1c5ab0%2C200bb5ee008845336d012afd79d33f243a88fc11574c78ee65ea43965648c78d  delay=7.750 min_gap=0.000 last=1784796733.913
10:52:13.912  ENF   delay=7.750 min_gap=0.000 jitter=2.502 gap=10.252 since_last=0.000 sleep=10.251
10:52:24.489  PARSE Account 6:4:10 → 0.500s/req pen=10s (used=1); Ip 12:4:60 → 0.208s/req pen=60s (used=1); Ip 16:12:60 → 0.516s/req pen=60s (used=2)  delay 7.750→1.516  min_gap→0  max_usage=0%
10:52:24.489  RAW   content-type: application/json
10:52:24.489  RAW   x-rate-limit-policy: trade-fetch-request-limit
10:52:24.489  RAW   x-rate-limit-rules: Account,Ip
10:52:24.489  RAW   x-rate-limit-account: 6:4:10
10:52:24.489  RAW   x-rate-limit-account-state: 1:4:0
10:52:24.489  RAW   x-rate-limit-ip: 12:4:60,16:12:60
10:52:24.489  RAW   x-rate-limit-ip-state: 1:4:0,2:12:0
10:52:24.489  RAW   cf-cache-status: DYNAMIC
10:52:24.489  RAW   cf-ray: a1f972e30f755142-WAW
10:52:24.489  RESP  GET /api/trade/fetch/628142777ff319540202306011db54c0f93c35bf42870087a84d9fc2538ae5f9%2C26d59adb7d097b87fbc4d139d8602c7f29203a974bf53b2cd05066ab22f8f97a%2C7b90f48aea2a9c1346184a5d81fd0ce1ce1bb3791b1badc4c8cf7a6508f62982%2C2b185d5e706faa05601acd6b0388f651763bcc2b830288aae20c9b444f1c5ab0%2C200bb5ee008845336d012afd79d33f243a88fc11574c78ee65ea43965648c78d → 200  10.577s  delay=1.516 min_gap=0.000 last=1784796744.490
10:52:24.490  PRE   POST /api/trade/search/Standard  delay=1.516 min_gap=0.000 last=1784796744.490
10:52:24.490  ENF   delay=1.516 min_gap=0.000 jitter=3.222 gap=4.738 since_last=0.000 sleep=4.738
10:52:29.543  PARSE Account 3:5:60 → 2.500s/req pen=60s (used=2); Ip 8:10:60 → 1.094s/req pen=60s (used=2); Ip 15:60:120 → 5.200s/req pen=120s (used=8); Ip 60:300:1800 → 7.000s/req pen=1800s (used=36)  delay 1.516→8.000  min_gap→0  max_usage=60%
10:52:29.543  RAW   content-type: application/json
10:52:29.543  RAW   x-rate-limit-policy: trade-search-request-limit
10:52:29.543  RAW   x-rate-limit-rules: Account,Ip
10:52:29.543  RAW   x-rate-limit-account: 3:5:60
10:52:29.543  RAW   x-rate-limit-account-state: 2:5:0
10:52:29.543  RAW   x-rate-limit-ip: 8:10:60,15:60:120,60:300:1800
10:52:29.543  RAW   x-rate-limit-ip-state: 2:10:0,8:60:0,36:300:0
10:52:29.543  RAW   cf-cache-status: DYNAMIC
10:52:29.543  RAW   cf-ray: a1f97302bc2c5142-WAW
10:52:29.543  RESP  POST /api/trade/search/Standard → 200  5.053s  delay=8.000 min_gap=0.000 last=1784796749.543
10:52:29.569  PRE   POST /api/trade/search/Standard  delay=8.000 min_gap=0.000 last=1784796749.543
10:52:29.569  ENF   delay=8.000 min_gap=0.000 jitter=3.405 gap=11.405 since_last=0.027 sleep=11.378
10:52:41.241  PARSE Account 3:5:60 → 2.500s/req pen=60s (used=2); Ip 8:10:60 → 1.094s/req pen=60s (used=2); Ip 15:60:120 → 5.200s/req pen=120s (used=8); Ip 60:300:1800 → 7.250s/req pen=1800s (used=38)  delay 8.000→8.250  min_gap→0  max_usage=63%
10:52:41.241  RAW   content-type: application/json
10:52:41.241  RAW   x-rate-limit-policy: trade-search-request-limit
10:52:41.241  RAW   x-rate-limit-rules: Account,Ip
10:52:41.241  RAW   x-rate-limit-account: 3:5:60
10:52:41.241  RAW   x-rate-limit-account-state: 2:5:0
10:52:41.241  RAW   x-rate-limit-ip: 8:10:60,15:60:120,60:300:1800
10:52:41.241  RAW   x-rate-limit-ip-state: 2:10:0,8:60:0,38:300:0
10:52:41.241  RAW   cf-cache-status: DYNAMIC
10:52:41.241  RAW   cf-ray: a1f9734bf85c5142-WAW
10:52:41.241  RESP  POST /api/trade/search/Standard → 200  11.671s  delay=8.250 min_gap=0.000 last=1784796761.241
10:52:41.241  PRE   GET /api/trade/fetch/37451b4a913fd273a57bba55d602f48d095071852a15f171b31318218b75a81f%2Cfdb246d4b1a567c14587edb86b0de3816bcdb2615907faaf1925bcedf0b5efa2%2C3ef60e3dd8eb142c3a60de438bed1ea9ccbd4ce85bb557c56611db658853c6ab%2C0b14f7b424486f93a26b813c0354d10e91e5826488a7a2f19222aa4afcda9dfb%2C0980fa673411a9895328f5f0c88a770de8219449087b7b8f712e26d71ef88297  delay=8.250 min_gap=0.000 last=1784796761.241
10:52:41.241  ENF   delay=8.250 min_gap=0.000 jitter=3.379 gap=11.629 since_last=0.000 sleep=11.629
10:52:53.176  PARSE Account 6:4:10 → 0.667s/req pen=10s (used=2); Ip 12:4:60 → 0.250s/req pen=60s (used=2); Ip 16:12:60 → 0.516s/req pen=60s (used=2)  delay 8.250→1.667  min_gap→0  max_usage=0%
10:52:53.176  RAW   content-type: application/json
10:52:53.176  RAW   x-rate-limit-policy: trade-fetch-request-limit
10:52:53.176  RAW   x-rate-limit-rules: Account,Ip
10:52:53.176  RAW   x-rate-limit-account: 6:4:10
10:52:53.176  RAW   x-rate-limit-account-state: 2:4:0
10:52:53.176  RAW   x-rate-limit-ip: 12:4:60,16:12:60
10:52:53.176  RAW   x-rate-limit-ip-state: 2:4:0,2:12:0
10:52:53.176  RAW   cf-cache-status: DYNAMIC
10:52:53.176  RAW   cf-ray: a1f973967ea45142-WAW
10:52:53.176  RESP  GET /api/trade/fetch/37451b4a913fd273a57bba55d602f48d095071852a15f171b31318218b75a81f%2Cfdb246d4b1a567c14587edb86b0de3816bcdb2615907faaf1925bcedf0b5efa2%2C3ef60e3dd8eb142c3a60de438bed1ea9ccbd4ce85bb557c56611db658853c6ab%2C0b14f7b424486f93a26b813c0354d10e91e5826488a7a2f19222aa4afcda9dfb%2C0980fa673411a9895328f5f0c88a770de8219449087b7b8f712e26d71ef88297 → 200  11.935s  delay=1.667 min_gap=0.000 last=1784796773.177
10:52:53.177  PRE   POST /api/trade/search/Standard  delay=1.667 min_gap=0.000 last=1784796773.177
10:52:53.177  ENF   delay=1.667 min_gap=0.000 jitter=2.370 gap=4.037 since_last=0.000 sleep=4.037
10:52:57.505  PARSE Account 3:5:60 → 2.500s/req pen=60s (used=2); Ip 8:10:60 → 1.094s/req pen=60s (used=2); Ip 15:60:120 → 5.200s/req pen=120s (used=8); Ip 60:300:1800 → 7.500s/req pen=1800s (used=40)  delay 1.667→8.500  min_gap→0  max_usage=67%
10:52:57.505  RAW   content-type: application/json
10:52:57.505  RAW   x-rate-limit-policy: trade-search-request-limit
10:52:57.505  RAW   x-rate-limit-rules: Account,Ip
10:52:57.505  RAW   x-rate-limit-account: 3:5:60
10:52:57.505  RAW   x-rate-limit-account-state: 2:5:0
10:52:57.505  RAW   x-rate-limit-ip: 8:10:60,15:60:120,60:300:1800
10:52:57.505  RAW   x-rate-limit-ip-state: 2:10:0,8:60:0,40:300:0
10:52:57.505  RAW   cf-cache-status: DYNAMIC
10:52:57.505  RAW   cf-ray: a1f973b19a5a5142-WAW
10:52:57.505  RESP  POST /api/trade/search/Standard → 200  4.329s  delay=8.500 min_gap=0.000 last=1784796777.506
10:52:57.505  PRE   GET /api/trade/fetch/628142777ff319540202306011db54c0f93c35bf42870087a84d9fc2538ae5f9%2C26d59adb7d097b87fbc4d139d8602c7f29203a974bf53b2cd05066ab22f8f97a%2C7b90f48aea2a9c1346184a5d81fd0ce1ce1bb3791b1badc4c8cf7a6508f62982%2C200bb5ee008845336d012afd79d33f243a88fc11574c78ee65ea43965648c78d%2C2b185d5e706faa05601acd6b0388f651763bcc2b830288aae20c9b444f1c5ab0  delay=8.500 min_gap=0.000 last=1784796777.506
10:52:57.505  ENF   delay=8.500 min_gap=0.000 jitter=4.606 gap=13.106 since_last=0.000 sleep=13.106
10:53:10.884  PARSE Account 6:4:10 → 0.667s/req pen=10s (used=2); Ip 12:4:60 → 0.250s/req pen=60s (used=2); Ip 16:12:60 → 0.516s/req pen=60s (used=2)  delay 8.500→1.667  min_gap→0  max_usage=0%
10:53:10.884  RAW   content-type: application/json
10:53:10.884  RAW   x-rate-limit-policy: trade-fetch-request-limit
10:53:10.884  RAW   x-rate-limit-rules: Account,Ip
10:53:10.884  RAW   x-rate-limit-account: 6:4:10
10:53:10.884  RAW   x-rate-limit-account-state: 2:4:0
10:53:10.884  RAW   x-rate-limit-ip: 12:4:60,16:12:60
10:53:10.884  RAW   x-rate-limit-ip-state: 2:4:0,2:12:0
10:53:10.884  RAW   cf-cache-status: DYNAMIC
10:53:10.884  RAW   cf-ray: a1f974055d715142-WAW
10:53:10.884  RESP  GET /api/trade/fetch/628142777ff319540202306011db54c0f93c35bf42870087a84d9fc2538ae5f9%2C26d59adb7d097b87fbc4d139d8602c7f29203a974bf53b2cd05066ab22f8f97a%2C7b90f48aea2a9c1346184a5d81fd0ce1ce1bb3791b1badc4c8cf7a6508f62982%2C200bb5ee008845336d012afd79d33f243a88fc11574c78ee65ea43965648c78d%2C2b185d5e706faa05601acd6b0388f651763bcc2b830288aae20c9b444f1c5ab0 → 200  13.379s  delay=1.667 min_gap=0.000 last=1784796790.885
10:53:10.885  PRE   POST /api/trade/search/Standard  delay=1.667 min_gap=0.000 last=1784796790.885
10:53:10.885  ENF   delay=1.667 min_gap=0.000 jitter=3.915 gap=5.582 since_last=0.000 sleep=5.582
