14:30:41.092  INIT  user_agent=test/0.1.0 delay=0.0 min_gap=1.0
14:30:41.092  PRE   POST /api/trade/search/Standard  delay=0.000 min_gap=1.000 last=1784637031.093
14:30:41.093  RESP  POST /api/trade/search/Standard → 429  0.000s  delay=0.000 min_gap=1.000 last=1784637041.093
14:30:41.093  BODY  req=(none)
14:30:41.093  BODY  resp=
14:30:41.093  !! 429 ! headers={'Server': 'cloudflare'}  state_delay=0.000 state_min_gap=1.000 state_last=1784637041.093
14:30:41.093  INIT  user_agent=test/0.1.0 delay=0.0 min_gap=1.0
14:30:41.093  PRE   POST /api/trade/search/Standard  delay=0.000 min_gap=1.000 last=1784637031.093
14:30:41.093  PARSE Account 1:5:60 → 1.500s/req pen=60s (used=0)  delay 0.000→2.500  min_gap→0  max_usage=0%
14:30:41.093  RAW   X-Rate-Limit-Rules: Account
14:30:41.093  RAW   X-Rate-Limit-Account: 1:5:60
14:30:41.093  RESP  POST /api/trade/search/Standard → 429  0.000s  delay=2.500 min_gap=0.000 last=1784637041.093
14:30:41.093  BODY  req=(none)
14:30:41.093  BODY  resp=
14:30:41.093  !! 429 ! headers={'X-Rate-Limit-Rules': 'Account', 'X-Rate-Limit-Account': '1:5:60'}  state_delay=2.500 state_min_gap=0.000 state_last=1784637041.093
14:30:41.093  INIT  user_agent=test/0.1.0 delay=0.0 min_gap=1.0
14:30:41.093  PRE   POST /api/trade/search/Standard  delay=0.000 min_gap=1.000 last=1784637041.094
14:30:41.093  ENF   delay=0.000 min_gap=1.000 jitter=0.000 gap=1.000 since_last=0.000 sleep=1.000
14:30:42.093  PARSE Account 1:1:1 → 0.300s/req pen=1s (used=0)  delay 0.000→1.300  min_gap→0  max_usage=0%
14:30:42.093  RAW   X-Rate-Limit-Rules: Account
14:30:42.093  RAW   X-Rate-Limit-Account: 1:1:1
14:30:42.093  RESP  POST /api/trade/search/Standard → 200  1.000s  delay=1.300 min_gap=0.000 last=1784637042.094
14:30:42.093  INIT  user_agent=test/0.1.0 delay=0.0 min_gap=1.0
14:30:42.094  PRE   POST /api/trade/search/Standard  delay=0.000 min_gap=1.000 last=1784637042.094
14:30:42.094  ENF   delay=0.000 min_gap=1.000 jitter=0.000 gap=1.000 since_last=0.000 sleep=1.000
14:30:42.094  PARSE Account 3:5:60 → 0.500s/req pen=60s (used=0)  delay 0.000→1.500  min_gap→0  max_usage=0%
14:30:42.094  RAW   X-Rate-Limit-Rules: Account
14:30:42.094  RAW   X-Rate-Limit-Account: 3:5:60
14:30:42.094  RESP  POST /api/trade/search/Standard → 200  0.000s  delay=1.500 min_gap=0.000 last=1784637042.094
14:30:42.094  PRE   GET /api/trade/fetch/a  delay=1.500 min_gap=0.000 last=1784637042.094
14:30:42.094  ENF   delay=1.500 min_gap=0.000 jitter=0.000 gap=1.500 since_last=0.000 sleep=1.500
14:30:42.094  PARSE Account 3:5:60 → 0.500s/req pen=60s (used=0)  delay 1.500→1.500  min_gap→0  max_usage=0%
14:30:42.094  RAW   X-Rate-Limit-Rules: Account
14:30:42.094  RAW   X-Rate-Limit-Account: 3:5:60
14:30:42.094  RESP  GET /api/trade/fetch/a → 200  0.000s  delay=1.500 min_gap=0.000 last=1784637042.094
14:30:42.094  INIT  user_agent=test/0.1.0 delay=0.0 min_gap=1.0
14:30:42.094  PRE   POST /api/trade/search/Standard  delay=0.000 min_gap=1.000 last=990.000
14:30:42.094  RESP  POST /api/trade/search/Standard → 200  0.000s  delay=0.000 min_gap=1.000 last=1000.000
14:30:42.094  PRE   POST /api/trade/search/Standard  delay=0.000 min_gap=1.000 last=1000.000
14:30:42.094  ENF   delay=0.000 min_gap=1.000 jitter=2.000 gap=3.000 since_last=0.000 sleep=3.000
14:30:42.094  RESP  POST /api/trade/search/Standard → 200  3.000s  delay=0.000 min_gap=1.000 last=1003.000
14:30:42.094  PRE   POST /api/trade/search/Standard  delay=0.000 min_gap=1.000 last=1003.000
14:30:42.094  ENF   delay=0.000 min_gap=1.000 jitter=2.000 gap=3.000 since_last=0.000 sleep=3.000
14:30:42.094  PARSE Account 3:5:60 → 0.500s/req pen=60s (used=0)  delay 0.000→1.500  min_gap→0  max_usage=0%
14:30:42.094  RAW   X-Rate-Limit-Rules: Account
14:30:42.094  RAW   X-Rate-Limit-Account: 3:5:60
14:30:42.094  RESP  POST /api/trade/search/Standard → 200  3.000s  delay=1.500 min_gap=0.000 last=1006.000
14:30:42.094  PRE   POST /api/trade/search/Standard  delay=1.500 min_gap=0.000 last=1006.000
14:30:42.094  ENF   delay=1.500 min_gap=0.000 jitter=2.000 gap=3.500 since_last=0.000 sleep=3.500
14:30:42.094  PARSE Account 3:5:60 → 0.500s/req pen=60s (used=0)  delay 1.500→1.500  min_gap→0  max_usage=0%
14:30:42.094  RAW   X-Rate-Limit-Rules: Account
14:30:42.094  RAW   X-Rate-Limit-Account: 3:5:60
14:30:42.094  RESP  POST /api/trade/search/Standard → 200  3.500s  delay=1.500 min_gap=0.000 last=1009.500
14:30:42.094  PRE   POST /api/trade/search/Standard  delay=1.500 min_gap=0.000 last=1009.500
14:30:42.094  ENF   delay=1.500 min_gap=0.000 jitter=2.000 gap=3.500 since_last=0.000 sleep=3.500
14:30:42.094  PARSE Ip 60:300:1800 → 1.500s/req pen=1800s (used=0)  delay 1.500→2.500  min_gap→0  max_usage=0%
14:30:42.094  RAW   X-Rate-Limit-Rules: Ip
14:30:42.094  RAW   X-Rate-Limit-Ip: 60:300:1800
14:30:42.094  RESP  POST /api/trade/search/Standard → 200  3.500s  delay=2.500 min_gap=0.000 last=1013.000
14:30:42.094  PRE   POST /api/trade/search/Standard  delay=2.500 min_gap=0.000 last=1013.000
14:30:42.095  ENF   delay=2.500 min_gap=0.000 jitter=2.000 gap=4.500 since_last=0.000 sleep=4.500
14:30:42.095  PARSE Ip 60:300:1800 → 1.500s/req pen=1800s (used=0)  delay 2.500→2.500  min_gap→0  max_usage=0%
14:30:42.095  RAW   X-Rate-Limit-Rules: Ip
14:30:42.095  RAW   X-Rate-Limit-Ip: 60:300:1800
14:30:42.095  RESP  POST /api/trade/search/Standard → 200  4.500s  delay=2.500 min_gap=0.000 last=1017.500
14:30:42.095  INIT  user_agent=test/0.1.0 delay=0.0 min_gap=1.0
14:30:42.095  PRE   POST /api/trade/search/Standard  delay=0.000 min_gap=1.000 last=1784637042.095
14:30:42.095  ENF   delay=0.000 min_gap=1.000 jitter=0.000 gap=1.000 since_last=0.000 sleep=1.000
14:30:43.095  PARSE Ip 60:300:1800 → 6.250s/req pen=1800s (used=30)  delay 0.000→7.250  min_gap→0  max_usage=50%
14:30:43.095  RAW   X-Rate-Limit-Rules: Ip
14:30:43.095  RAW   X-Rate-Limit-Ip: 60:300:1800
14:30:43.095  RAW   X-Rate-Limit-Ip-State: 30:300:0
14:30:43.095  RESP  POST /api/trade/search/Standard → 200  1.000s  delay=7.250 min_gap=0.000 last=1784637043.095
14:30:43.095  PRE   POST /api/trade/search/Standard  delay=7.250 min_gap=0.000 last=1784637043.095
14:30:43.095  ENF   delay=7.250 min_gap=0.000 jitter=0.000 gap=7.250 since_last=0.000 sleep=7.250
14:30:50.345  PARSE Ip 60:300:1800 → 2.875s/req pen=1800s (used=3)  delay 7.250→3.875  min_gap→0  max_usage=5%
14:30:50.345  RAW   X-Rate-Limit-Rules: Ip
14:30:50.345  RAW   X-Rate-Limit-Ip: 60:300:1800
14:30:50.345  RAW   X-Rate-Limit-Ip-State: 3:300:0
14:30:50.345  RESP  POST /api/trade/search/Standard → 200  7.250s  delay=3.875 min_gap=0.000 last=1784637050.346
14:30:50.345  INIT  user_agent=test/0.1.0 delay=0.0 min_gap=1.0
14:30:50.345  PRE   POST /api/trade/search/Standard  delay=0.000 min_gap=1.000 last=1784637050.346
14:30:50.345  ENF   delay=0.000 min_gap=1.000 jitter=0.000 gap=1.000 since_last=0.000 sleep=1.000
14:30:51.345  PARSE Ip 60:300:1800 → 1.500s/req pen=1800s (used=0)  delay 0.000→2.500  min_gap→0  max_usage=0%
14:30:51.345  RAW   X-Rate-Limit-Rules: Ip
14:30:51.345  RAW   X-Rate-Limit-Ip: 60:300:1800
14:30:51.346  RESP  POST /api/trade/search/Standard → 200  1.000s  delay=2.500 min_gap=0.000 last=1784637051.346
14:30:51.346  INIT  user_agent=test/0.1.0 delay=0.0 min_gap=1.0
14:30:51.346  PRE   POST /api/trade/search/Standard  delay=0.000 min_gap=1.000 last=1784637051.346
14:30:51.346  ENF   delay=0.000 min_gap=1.000 jitter=0.000 gap=1.000 since_last=0.000 sleep=1.000
14:30:51.346  RESP  POST /api/trade/search/Standard → 200  0.000s  delay=0.000 min_gap=1.000 last=1784637051.346
14:30:51.346  PRE   POST /api/trade/search/Standard  delay=0.000 min_gap=1.000 last=1784637051.346
14:30:51.346  ENF   delay=0.000 min_gap=1.000 jitter=0.000 gap=1.000 since_last=0.000 sleep=1.000
14:30:51.346  RESP  POST /api/trade/search/Standard → 200  0.000s  delay=0.000 min_gap=1.000 last=1784637051.347
14:30:51.346  INIT  user_agent=test/0.1.0 delay=0.0 min_gap=1.0
14:30:51.346  PRE   POST /api/trade/search/Standard  delay=0.000 min_gap=1.000 last=1784637051.347
14:30:51.346  ENF   delay=0.000 min_gap=1.000 jitter=0.000 gap=1.000 since_last=0.000 sleep=1.000
14:30:52.346  PARSE Account 3:5:60 → 0.500s/req pen=60s (used=0)  delay 0.000→1.500  min_gap→0  max_usage=0%
14:30:52.346  RAW   X-Rate-Limit-Rules: Account
14:30:52.346  RAW   X-Rate-Limit-Account: 3:5:60
14:30:52.346  RESP  POST /api/trade/search/Standard → 200  1.000s  delay=1.500 min_gap=0.000 last=1784637052.347
14:30:52.347  INIT  user_agent=test/0.1.0 delay=0.0 min_gap=1.0
14:30:52.347  PRE   POST /api/trade/search/Standard  delay=0.000 min_gap=1.000 last=1784637052.347
14:30:52.347  ENF   delay=0.000 min_gap=1.000 jitter=0.000 gap=1.000 since_last=0.000 sleep=1.000
14:30:53.347  PARSE Ip 60:300:1800 → 9.250s/req pen=1800s (used=54)  delay 0.000→10.250  min_gap→0  max_usage=90%
14:30:53.347  BACK  set 200s backoff at 90% usage
14:30:53.347  RAW   X-Rate-Limit-Rules: Ip
14:30:53.347  RAW   X-Rate-Limit-Ip: 60:300:1800
14:30:53.347  RAW   X-Rate-Limit-Ip-State: 54:300:0
14:30:53.347  RESP  POST /api/trade/search/Standard → 200  1.000s  delay=10.250 min_gap=0.000 last=1784637053.347
14:30:53.347  INIT  user_agent=test/0.1.0 delay=0.0 min_gap=1.0
14:30:53.347  LOCK  sleep=9999.000
14:30:53.347  ENF   delay=0.010 min_gap=1.000 jitter=0.000 gap=1.000 since_last=0.000 sleep=1.000
14:30:53.347  INIT  user_agent=test/0.1.0 delay=0.0 min_gap=1.0
14:30:53.347  PRE   POST /api/trade/search/Standard  delay=0.000 min_gap=1.000 last=1784637053.348
14:30:53.348  ENF   delay=0.000 min_gap=1.000 jitter=0.000 gap=1.000 since_last=0.000 sleep=1.000
14:30:54.348  PARSE Ip 60:300:1800 → 3.250s/req pen=1800s (used=6)  delay 0.000→4.250  min_gap→0  max_usage=10%
14:30:54.348  RAW   X-Rate-Limit-Rules: Ip
14:30:54.348  RAW   X-Rate-Limit-Ip: 60:300:1800
14:30:54.348  RAW   X-Rate-Limit-Ip-State: 6:300:0
14:30:54.348  RESP  POST /api/trade/search/Standard → 200  1.000s  delay=4.250 min_gap=0.000 last=1784637054.348
14:30:54.348  INIT  user_agent=test/0.1.0 delay=0.0 min_gap=1.0
14:30:54.348  PRE   POST /api/trade/search/Standard  delay=0.000 min_gap=1.000 last=1784637054.348
14:30:54.348  ENF   delay=0.000 min_gap=1.000 jitter=0.000 gap=1.000 since_last=0.000 sleep=1.000
14:30:55.348  PARSE Account 3:5:60 → 0.500s/req pen=60s (used=0)  delay 0.000→1.500  min_gap→0  max_usage=0%
14:30:55.348  RAW   X-Rate-Limit-Rules: Account
14:30:55.348  RAW   X-Rate-Limit-Account: 3:5:60
14:30:55.348  RESP  POST /api/trade/search/Standard → 200  1.000s  delay=1.500 min_gap=0.000 last=1784637055.349
14:30:55.348  INIT  user_agent=test/0.1.0 delay=0.0 min_gap=1.0
14:30:55.348  PRE   POST /api/trade/search/Standard  delay=0.000 min_gap=1.000 last=1784637055.349
14:30:55.348  ENF   delay=0.000 min_gap=1.000 jitter=0.000 gap=1.000 since_last=0.000 sleep=1.000
14:30:56.348  PARSE Ip 8:10:60 → 0.375s/req pen=60s (used=0); Ip 15:60:120 → 1.200s/req pen=120s (used=0); Ip 60:300:1800 → 1.500s/req pen=1800s (used=0)  delay 0.000→2.500  min_gap→0  max_usage=0%
14:30:56.348  RAW   X-Rate-Limit-Rules: Ip
14:30:56.348  RAW   X-Rate-Limit-Ip: 8:10:60,15:60:120,60:300:1800
14:30:56.348  RESP  POST /api/trade/search/Standard → 200  1.000s  delay=2.500 min_gap=0.000 last=1784637056.349
14:30:56.349  INIT  user_agent=test/0.1.0 delay=0.0 min_gap=1.0
14:30:56.349  PRE   POST /api/trade/search/Standard  delay=0.000 min_gap=1.000 last=1784637056.349
14:30:56.349  ENF   delay=0.000 min_gap=1.000 jitter=0.000 gap=1.000 since_last=0.000 sleep=1.000
14:30:57.349  PARSE Account 3:5:60 → 2.500s/req pen=60s (used=2); Ip 15:60:120 → 3.200s/req pen=120s (used=3)  delay 0.000→4.200  min_gap→0  max_usage=20%
14:30:57.349  RAW   X-Rate-Limit-Rules: Account,Ip
14:30:57.349  RAW   X-Rate-Limit-Account: 3:5:60
14:30:57.349  RAW   X-Rate-Limit-Account-State: 2:5:0
14:30:57.349  RAW   X-Rate-Limit-Ip: 15:60:120
14:30:57.349  RAW   X-Rate-Limit-Ip-State: 3:60:0
14:30:57.349  RESP  POST /api/trade/search/Standard → 200  1.000s  delay=4.200 min_gap=0.000 last=1784637057.349
14:30:57.349  INIT  user_agent=test/0.1.0 delay=0.0 min_gap=1.0
14:30:57.349  PRE   POST /api/trade/search/Standard  delay=0.000 min_gap=1.000 last=1784637057.349
14:30:57.349  ENF   delay=0.000 min_gap=1.000 jitter=0.000 gap=1.000 since_last=0.000 sleep=1.000
14:30:58.349  PARSE Account 3:5:60 → 0.500s/req pen=60s (used=0); Ip 60:300:1800 → 1.500s/req pen=1800s (used=0)  delay 0.000→2.500  min_gap→0  max_usage=0%
14:30:58.349  RAW   X-Rate-Limit-Rules: Account,Ip
14:30:58.349  RAW   X-Rate-Limit-Account: 3:5:60
14:30:58.349  RAW   X-Rate-Limit-Ip: 60:300:1800
14:30:58.349  RESP  POST /api/trade/search/Standard → 200  1.000s  delay=2.500 min_gap=0.000 last=1784637058.350
14:30:58.349  INIT  user_agent=test/0.1.0 delay=0.0 min_gap=1.0
14:30:58.350  PRE   POST /api/trade/search/Standard  delay=0.000 min_gap=1.000 last=1784637058.350
14:30:58.350  ENF   delay=0.000 min_gap=1.000 jitter=0.000 gap=1.000 since_last=0.000 sleep=1.000
14:30:59.350  RESP  POST /api/trade/search/Standard → 200  1.000s  delay=0.000 min_gap=1.000 last=1784637059.350
