16:22:23.256  INIT  user_agent=test/0.1.0 delay=0.0 min_gap=1.0
16:22:23.257  PRE   POST /api/trade/search/Standard  delay=0.000 min_gap=1.000 last=1784643733.257
16:22:23.257  RESP  POST /api/trade/search/Standard → 429  0.000s  delay=0.000 min_gap=1.000 last=1784643743.257
16:22:23.257  BODY  req=(none)
16:22:23.257  BODY  resp=
16:22:23.257  !! 429 ! headers={'Server': 'cloudflare'}  state_delay=0.000 state_min_gap=1.000 state_last=1784643743.257
16:22:23.257  INIT  user_agent=test/0.1.0 delay=0.0 min_gap=1.0
16:22:23.257  PRE   POST /api/trade/search/Standard  delay=0.000 min_gap=1.000 last=1784643733.257
16:22:23.257  PARSE Account 1:5:60 → 1.500s/req pen=60s (used=0)  delay 0.000→2.500  min_gap→0  max_usage=0%
16:22:23.257  RAW   X-Rate-Limit-Rules: Account
16:22:23.257  RAW   X-Rate-Limit-Account: 1:5:60
16:22:23.257  RESP  POST /api/trade/search/Standard → 429  0.000s  delay=2.500 min_gap=0.000 last=1784643743.258
16:22:23.257  BODY  req=(none)
16:22:23.257  BODY  resp=
16:22:23.257  !! 429 ! headers={'X-Rate-Limit-Rules': 'Account', 'X-Rate-Limit-Account': '1:5:60'}  state_delay=2.500 state_min_gap=0.000 state_last=1784643743.258
16:22:23.257  INIT  user_agent=test/0.1.0 delay=0.0 min_gap=1.0
16:22:23.257  PRE   POST /api/trade/search/Standard  delay=0.000 min_gap=1.000 last=1784643743.258
16:22:23.257  ENF   delay=0.000 min_gap=1.000 jitter=0.000 gap=1.000 since_last=0.000 sleep=1.000
16:22:24.257  PARSE Account 1:1:1 → 0.300s/req pen=1s (used=0)  delay 0.000→1.300  min_gap→0  max_usage=0%
16:22:24.257  RAW   X-Rate-Limit-Rules: Account
16:22:24.257  RAW   X-Rate-Limit-Account: 1:1:1
16:22:24.257  RESP  POST /api/trade/search/Standard → 200  1.000s  delay=1.300 min_gap=0.000 last=1784643744.258
16:22:24.258  INIT  user_agent=test/0.1.0 delay=0.0 min_gap=1.0
16:22:24.258  PRE   POST /api/trade/search/Standard  delay=0.000 min_gap=1.000 last=1784643744.258
16:22:24.258  ENF   delay=0.000 min_gap=1.000 jitter=0.000 gap=1.000 since_last=0.000 sleep=1.000
16:22:24.258  PARSE Account 3:5:60 → 0.500s/req pen=60s (used=0)  delay 0.000→1.500  min_gap→0  max_usage=0%
16:22:24.258  RAW   X-Rate-Limit-Rules: Account
16:22:24.258  RAW   X-Rate-Limit-Account: 3:5:60
16:22:24.258  RESP  POST /api/trade/search/Standard → 200  0.000s  delay=1.500 min_gap=0.000 last=1784643744.258
16:22:24.258  PRE   GET /api/trade/fetch/a  delay=1.500 min_gap=0.000 last=1784643744.258
16:22:24.258  ENF   delay=1.500 min_gap=0.000 jitter=0.000 gap=1.500 since_last=0.000 sleep=1.500
16:22:24.258  PARSE Account 3:5:60 → 0.500s/req pen=60s (used=0)  delay 1.500→1.500  min_gap→0  max_usage=0%
16:22:24.258  RAW   X-Rate-Limit-Rules: Account
16:22:24.258  RAW   X-Rate-Limit-Account: 3:5:60
16:22:24.258  RESP  GET /api/trade/fetch/a → 200  0.000s  delay=1.500 min_gap=0.000 last=1784643744.259
16:22:24.258  INIT  user_agent=test/0.1.0 delay=0.0 min_gap=1.0
16:22:24.258  PRE   POST /api/trade/search/Standard  delay=0.000 min_gap=1.000 last=990.000
16:22:24.258  RESP  POST /api/trade/search/Standard → 200  0.000s  delay=0.000 min_gap=1.000 last=1000.000
16:22:24.258  PRE   POST /api/trade/search/Standard  delay=0.000 min_gap=1.000 last=1000.000
16:22:24.258  ENF   delay=0.000 min_gap=1.000 jitter=2.000 gap=3.000 since_last=0.000 sleep=3.000
16:22:24.258  RESP  POST /api/trade/search/Standard → 200  3.000s  delay=0.000 min_gap=1.000 last=1003.000
16:22:24.258  PRE   POST /api/trade/search/Standard  delay=0.000 min_gap=1.000 last=1003.000
16:22:24.258  ENF   delay=0.000 min_gap=1.000 jitter=2.000 gap=3.000 since_last=0.000 sleep=3.000
16:22:24.258  PARSE Account 3:5:60 → 0.500s/req pen=60s (used=0)  delay 0.000→1.500  min_gap→0  max_usage=0%
16:22:24.258  RAW   X-Rate-Limit-Rules: Account
16:22:24.258  RAW   X-Rate-Limit-Account: 3:5:60
16:22:24.258  RESP  POST /api/trade/search/Standard → 200  3.000s  delay=1.500 min_gap=0.000 last=1006.000
16:22:24.258  PRE   POST /api/trade/search/Standard  delay=1.500 min_gap=0.000 last=1006.000
16:22:24.258  ENF   delay=1.500 min_gap=0.000 jitter=2.000 gap=3.500 since_last=0.000 sleep=3.500
16:22:24.258  PARSE Account 3:5:60 → 0.500s/req pen=60s (used=0)  delay 1.500→1.500  min_gap→0  max_usage=0%
16:22:24.258  RAW   X-Rate-Limit-Rules: Account
16:22:24.258  RAW   X-Rate-Limit-Account: 3:5:60
16:22:24.258  RESP  POST /api/trade/search/Standard → 200  3.500s  delay=1.500 min_gap=0.000 last=1009.500
16:22:24.259  PRE   POST /api/trade/search/Standard  delay=1.500 min_gap=0.000 last=1009.500
16:22:24.259  ENF   delay=1.500 min_gap=0.000 jitter=2.000 gap=3.500 since_last=0.000 sleep=3.500
16:22:24.259  PARSE Ip 60:300:1800 → 1.500s/req pen=1800s (used=0)  delay 1.500→2.500  min_gap→0  max_usage=0%
16:22:24.259  RAW   X-Rate-Limit-Rules: Ip
16:22:24.259  RAW   X-Rate-Limit-Ip: 60:300:1800
16:22:24.259  RESP  POST /api/trade/search/Standard → 200  3.500s  delay=2.500 min_gap=0.000 last=1013.000
16:22:24.259  PRE   POST /api/trade/search/Standard  delay=2.500 min_gap=0.000 last=1013.000
16:22:24.259  ENF   delay=2.500 min_gap=0.000 jitter=2.000 gap=4.500 since_last=0.000 sleep=4.500
16:22:24.259  PARSE Ip 60:300:1800 → 1.500s/req pen=1800s (used=0)  delay 2.500→2.500  min_gap→0  max_usage=0%
16:22:24.259  RAW   X-Rate-Limit-Rules: Ip
16:22:24.259  RAW   X-Rate-Limit-Ip: 60:300:1800
16:22:24.259  RESP  POST /api/trade/search/Standard → 200  4.500s  delay=2.500 min_gap=0.000 last=1017.500
16:22:24.259  INIT  user_agent=test/0.1.0 delay=0.0 min_gap=1.0
16:22:24.259  PRE   POST /api/trade/search/Standard  delay=0.000 min_gap=1.000 last=1784643744.259
16:22:24.259  ENF   delay=0.000 min_gap=1.000 jitter=0.000 gap=1.000 since_last=0.000 sleep=1.000
16:22:25.259  PARSE Ip 60:300:1800 → 6.250s/req pen=1800s (used=30)  delay 0.000→7.250  min_gap→0  max_usage=50%
16:22:25.259  RAW   X-Rate-Limit-Rules: Ip
16:22:25.259  RAW   X-Rate-Limit-Ip: 60:300:1800
16:22:25.259  RAW   X-Rate-Limit-Ip-State: 30:300:0
16:22:25.259  RESP  POST /api/trade/search/Standard → 200  1.000s  delay=7.250 min_gap=0.000 last=1784643745.260
16:22:25.259  PRE   POST /api/trade/search/Standard  delay=7.250 min_gap=0.000 last=1784643745.260
16:22:25.259  ENF   delay=7.250 min_gap=0.000 jitter=0.000 gap=7.250 since_last=0.000 sleep=7.250
16:22:32.509  PARSE Ip 60:300:1800 → 2.875s/req pen=1800s (used=3)  delay 7.250→3.875  min_gap→0  max_usage=5%
16:22:32.509  RAW   X-Rate-Limit-Rules: Ip
16:22:32.509  RAW   X-Rate-Limit-Ip: 60:300:1800
16:22:32.509  RAW   X-Rate-Limit-Ip-State: 3:300:0
16:22:32.509  RESP  POST /api/trade/search/Standard → 200  7.250s  delay=3.875 min_gap=0.000 last=1784643752.510
16:22:32.509  INIT  user_agent=test/0.1.0 delay=0.0 min_gap=1.0
16:22:32.510  PRE   POST /api/trade/search/Standard  delay=0.000 min_gap=1.000 last=1784643752.510
16:22:32.510  ENF   delay=0.000 min_gap=1.000 jitter=0.000 gap=1.000 since_last=0.000 sleep=1.000
16:22:33.510  PARSE Ip 60:300:1800 → 1.500s/req pen=1800s (used=0)  delay 0.000→2.500  min_gap→0  max_usage=0%
16:22:33.510  RAW   X-Rate-Limit-Rules: Ip
16:22:33.510  RAW   X-Rate-Limit-Ip: 60:300:1800
16:22:33.510  RESP  POST /api/trade/search/Standard → 200  1.000s  delay=2.500 min_gap=0.000 last=1784643753.510
16:22:33.510  INIT  user_agent=test/0.1.0 delay=0.0 min_gap=1.0
16:22:33.510  PRE   POST /api/trade/search/Standard  delay=0.000 min_gap=1.000 last=1784643753.510
16:22:33.510  ENF   delay=0.000 min_gap=1.000 jitter=0.000 gap=1.000 since_last=0.000 sleep=1.000
16:22:33.510  RESP  POST /api/trade/search/Standard → 200  0.000s  delay=0.000 min_gap=1.000 last=1784643753.511
16:22:33.510  PRE   POST /api/trade/search/Standard  delay=0.000 min_gap=1.000 last=1784643753.511
16:22:33.510  ENF   delay=0.000 min_gap=1.000 jitter=0.000 gap=1.000 since_last=0.000 sleep=1.000
16:22:33.510  RESP  POST /api/trade/search/Standard → 200  0.000s  delay=0.000 min_gap=1.000 last=1784643753.511
16:22:33.510  INIT  user_agent=test/0.1.0 delay=0.0 min_gap=1.0
16:22:33.510  PRE   POST /api/trade/search/Standard  delay=0.000 min_gap=1.000 last=1784643753.511
16:22:33.510  ENF   delay=0.000 min_gap=1.000 jitter=0.000 gap=1.000 since_last=0.000 sleep=1.000
16:22:34.510  PARSE Account 3:5:60 → 0.500s/req pen=60s (used=0)  delay 0.000→1.500  min_gap→0  max_usage=0%
16:22:34.511  RAW   X-Rate-Limit-Rules: Account
16:22:34.511  RAW   X-Rate-Limit-Account: 3:5:60
16:22:34.511  RESP  POST /api/trade/search/Standard → 200  1.000s  delay=1.500 min_gap=0.000 last=1784643754.511
16:22:34.511  INIT  user_agent=test/0.1.0 delay=0.0 min_gap=1.0
16:22:34.511  PRE   POST /api/trade/search/Standard  delay=0.000 min_gap=1.000 last=1784643754.511
16:22:34.511  ENF   delay=0.000 min_gap=1.000 jitter=0.000 gap=1.000 since_last=0.000 sleep=1.000
16:22:35.511  PARSE Ip 60:300:1800 → 9.250s/req pen=1800s (used=54)  delay 0.000→10.250  min_gap→0  max_usage=90%
16:22:35.511  BACK  set 200s backoff at 90% usage
16:22:35.511  RAW   X-Rate-Limit-Rules: Ip
16:22:35.511  RAW   X-Rate-Limit-Ip: 60:300:1800
16:22:35.511  RAW   X-Rate-Limit-Ip-State: 54:300:0
16:22:35.511  RESP  POST /api/trade/search/Standard → 200  1.000s  delay=10.250 min_gap=0.000 last=1784643755.512
16:22:35.511  INIT  user_agent=test/0.1.0 delay=0.0 min_gap=1.0
16:22:35.511  LOCK  sleep=9999.000
16:22:35.512  ENF   delay=0.010 min_gap=1.000 jitter=0.000 gap=1.000 since_last=0.000 sleep=1.000
16:22:35.512  INIT  user_agent=test/0.1.0 delay=0.0 min_gap=1.0
16:22:35.512  PRE   POST /api/trade/search/Standard  delay=0.000 min_gap=1.000 last=1784643755.512
16:22:35.512  ENF   delay=0.000 min_gap=1.000 jitter=0.000 gap=1.000 since_last=0.000 sleep=1.000
16:22:36.512  PARSE Ip 60:300:1800 → 3.250s/req pen=1800s (used=6)  delay 0.000→4.250  min_gap→0  max_usage=10%
16:22:36.512  RAW   X-Rate-Limit-Rules: Ip
16:22:36.512  RAW   X-Rate-Limit-Ip: 60:300:1800
16:22:36.512  RAW   X-Rate-Limit-Ip-State: 6:300:0
16:22:36.512  RESP  POST /api/trade/search/Standard → 200  1.000s  delay=4.250 min_gap=0.000 last=1784643756.512
16:22:36.512  INIT  user_agent=test/0.1.0 delay=0.0 min_gap=1.0
16:22:36.512  PRE   POST /api/trade/search/Standard  delay=0.000 min_gap=1.000 last=1784643756.513
16:22:36.512  ENF   delay=0.000 min_gap=1.000 jitter=0.000 gap=1.000 since_last=0.000 sleep=1.000
16:22:37.512  PARSE Account 3:5:60 → 0.500s/req pen=60s (used=0)  delay 0.000→1.500  min_gap→0  max_usage=0%
16:22:37.512  RAW   X-Rate-Limit-Rules: Account
16:22:37.512  RAW   X-Rate-Limit-Account: 3:5:60
16:22:37.512  RESP  POST /api/trade/search/Standard → 200  1.000s  delay=1.500 min_gap=0.000 last=1784643757.513
16:22:37.513  INIT  user_agent=test/0.1.0 delay=0.0 min_gap=1.0
16:22:37.513  PRE   POST /api/trade/search/Standard  delay=0.000 min_gap=1.000 last=1784643757.513
16:22:37.513  ENF   delay=0.000 min_gap=1.000 jitter=0.000 gap=1.000 since_last=0.000 sleep=1.000
16:22:38.513  PARSE Ip 8:10:60 → 0.375s/req pen=60s (used=0); Ip 15:60:120 → 1.200s/req pen=120s (used=0); Ip 60:300:1800 → 1.500s/req pen=1800s (used=0)  delay 0.000→2.500  min_gap→0  max_usage=0%
16:22:38.513  RAW   X-Rate-Limit-Rules: Ip
16:22:38.513  RAW   X-Rate-Limit-Ip: 8:10:60,15:60:120,60:300:1800
16:22:38.513  RESP  POST /api/trade/search/Standard → 200  1.000s  delay=2.500 min_gap=0.000 last=1784643758.513
16:22:38.513  INIT  user_agent=test/0.1.0 delay=0.0 min_gap=1.0
16:22:38.513  PRE   POST /api/trade/search/Standard  delay=0.000 min_gap=1.000 last=1784643758.513
16:22:38.513  ENF   delay=0.000 min_gap=1.000 jitter=0.000 gap=1.000 since_last=0.000 sleep=1.000
16:22:39.513  PARSE Account 3:5:60 → 2.500s/req pen=60s (used=2); Ip 15:60:120 → 3.200s/req pen=120s (used=3)  delay 0.000→4.200  min_gap→0  max_usage=20%
16:22:39.513  RAW   X-Rate-Limit-Rules: Account,Ip
16:22:39.513  RAW   X-Rate-Limit-Account: 3:5:60
16:22:39.513  RAW   X-Rate-Limit-Account-State: 2:5:0
16:22:39.513  RAW   X-Rate-Limit-Ip: 15:60:120
16:22:39.513  RAW   X-Rate-Limit-Ip-State: 3:60:0
16:22:39.513  RESP  POST /api/trade/search/Standard → 200  1.000s  delay=4.200 min_gap=0.000 last=1784643759.514
16:22:39.513  INIT  user_agent=test/0.1.0 delay=0.0 min_gap=1.0
16:22:39.513  PRE   POST /api/trade/search/Standard  delay=0.000 min_gap=1.000 last=1784643759.514
16:22:39.513  ENF   delay=0.000 min_gap=1.000 jitter=0.000 gap=1.000 since_last=0.000 sleep=1.000
16:22:40.513  PARSE Account 3:5:60 → 0.500s/req pen=60s (used=0); Ip 60:300:1800 → 1.500s/req pen=1800s (used=0)  delay 0.000→2.500  min_gap→0  max_usage=0%
16:22:40.513  RAW   X-Rate-Limit-Rules: Account,Ip
16:22:40.513  RAW   X-Rate-Limit-Account: 3:5:60
16:22:40.513  RAW   X-Rate-Limit-Ip: 60:300:1800
16:22:40.514  RESP  POST /api/trade/search/Standard → 200  1.000s  delay=2.500 min_gap=0.000 last=1784643760.514
16:22:40.514  INIT  user_agent=test/0.1.0 delay=0.0 min_gap=1.0
16:22:40.514  PRE   POST /api/trade/search/Standard  delay=0.000 min_gap=1.000 last=1784643760.514
16:22:40.514  ENF   delay=0.000 min_gap=1.000 jitter=0.000 gap=1.000 since_last=0.000 sleep=1.000
16:22:41.514  RESP  POST /api/trade/search/Standard → 200  1.000s  delay=0.000 min_gap=1.000 last=1784643761.514
