11:07:28.058  INIT  user_agent=OAuth pypoe/0.1.0 (flipper) delay=0.0 min_gap=1.0
11:07:28.060  PRE   POST /api/trade/search/Standard  delay=0.000 min_gap=1.000 last=1784797648.059
11:07:28.060  ENF   delay=0.000 min_gap=1.000 jitter=2.226 gap=3.226 since_last=0.002 sleep=3.224
11:07:31.614  PARSE Account 3:5:60 → 2.500s/req pen=60s (used=2); Ip 8:10:60 → 1.094s/req pen=60s (used=2); Ip 15:60:120 → 4.000s/req pen=120s (used=5); Ip 60:300:1800 → 7.125s/req pen=1800s (used=37)  delay 0.000→8.125  min_gap→0  max_usage=62%
11:07:31.614  RAW   content-type: application/json
11:07:31.614  RAW   x-rate-limit-policy: trade-search-request-limit
11:07:31.614  RAW   x-rate-limit-rules: Account,Ip
11:07:31.614  RAW   x-rate-limit-account: 3:5:60
11:07:31.614  RAW   x-rate-limit-account-state: 2:5:0
11:07:31.614  RAW   x-rate-limit-ip: 8:10:60,15:60:120,60:300:1800
11:07:31.614  RAW   x-rate-limit-ip-state: 2:10:0,5:60:0,37:300:0
11:07:31.614  RAW   cf-cache-status: DYNAMIC
11:07:31.614  RAW   cf-ray: a1f98908a83fef8d-WAW
11:07:31.614  RESP  POST /api/trade/search/Standard → 200  3.553s  delay=8.125 min_gap=0.000 last=1784797651.614
11:07:31.614  PRE   GET /api/trade/fetch/e8214f526c382954e45c6e53ac2559f738504e7ae9f0862c7f6f9ca1ee6592d9%2C414930125285b3b290f95787e3840d0b1808b267bd8e9288b26b9c83e13970cd%2C9dd9bdceb97698de397418c07d12ded0c097282af1357a89a65a7dd44f708476%2C4a944e461340842cdc22b06ba8f262ce8cfb200b64e5026c6f4761ee29b25507%2Ce62fe22ebcbd6a69bc4cc569a4752c00cb337d974c984ea416bc38665bbcc74f  delay=8.125 min_gap=0.000 last=1784797651.614
11:07:31.614  ENF   delay=8.125 min_gap=0.000 jitter=1.935 gap=10.060 since_last=0.000 sleep=10.060
11:07:41.945  PARSE Account 6:4:10 → 0.667s/req pen=10s (used=2); Ip 12:4:60 → 0.250s/req pen=60s (used=2); Ip 16:12:60 → 0.516s/req pen=60s (used=2)  delay 8.125→1.667  min_gap→0  max_usage=0%
11:07:41.946  RAW   content-type: application/json
11:07:41.946  RAW   x-rate-limit-policy: trade-fetch-request-limit
11:07:41.946  RAW   x-rate-limit-rules: Account,Ip
11:07:41.946  RAW   x-rate-limit-account: 6:4:10
11:07:41.946  RAW   x-rate-limit-account-state: 2:4:0
11:07:41.946  RAW   x-rate-limit-ip: 12:4:60,16:12:60
11:07:41.946  RAW   x-rate-limit-ip-state: 2:4:0,2:12:0
11:07:41.946  RAW   cf-cache-status: DYNAMIC
11:07:41.946  RAW   cf-ray: a1f989497f28ef8d-WAW
11:07:41.946  RESP  GET /api/trade/fetch/e8214f526c382954e45c6e53ac2559f738504e7ae9f0862c7f6f9ca1ee6592d9%2C414930125285b3b290f95787e3840d0b1808b267bd8e9288b26b9c83e13970cd%2C9dd9bdceb97698de397418c07d12ded0c097282af1357a89a65a7dd44f708476%2C4a944e461340842cdc22b06ba8f262ce8cfb200b64e5026c6f4761ee29b25507%2Ce62fe22ebcbd6a69bc4cc569a4752c00cb337d974c984ea416bc38665bbcc74f → 200  10.331s  delay=1.667 min_gap=0.000 last=1784797661.946
11:07:41.946  PRE   POST /api/trade/search/Standard  delay=1.667 min_gap=0.000 last=1784797661.946
11:07:41.946  ENF   delay=1.667 min_gap=0.000 jitter=2.122 gap=3.789 since_last=0.000 sleep=3.788
11:07:46.043  PARSE Account 3:5:60 → 2.500s/req pen=60s (used=2); Ip 8:10:60 → 1.094s/req pen=60s (used=2); Ip 15:60:120 → 4.000s/req pen=120s (used=5); Ip 60:300:1800 → 7.375s/req pen=1800s (used=39)  delay 1.667→8.375  min_gap→0  max_usage=65%
11:07:46.043  RAW   content-type: application/json
11:07:46.043  RAW   x-rate-limit-policy: trade-search-request-limit
11:07:46.043  RAW   x-rate-limit-rules: Account,Ip
11:07:46.043  RAW   x-rate-limit-account: 3:5:60
11:07:46.043  RAW   x-rate-limit-account-state: 2:5:0
11:07:46.043  RAW   x-rate-limit-ip: 8:10:60,15:60:120,60:300:1800
11:07:46.043  RAW   x-rate-limit-ip-state: 2:10:0,5:60:0,39:300:0
11:07:46.043  RAW   cf-cache-status: DYNAMIC
11:07:46.043  RAW   cf-ray: a1f98962dac0ef8d-WAW
11:07:46.043  RESP  POST /api/trade/search/Standard → 200  4.097s  delay=8.375 min_gap=0.000 last=1784797666.044
11:07:46.043  PRE   GET /api/trade/fetch/534d4756b7f44330b30f614831e452a5e813fa84cea5485a38adafd98e1d3fea%2C0495847f858003e6053eedb261951b318ecaeec770a9c09f9bea3e444357e11c%2C202b74cf377b8c40e3c001bc81ff4ecaceee6f1ee883dab94bdc2faaa7701aa6%2C9d5927738bf204deda9befaca7cec56c3f12cd06a508783a684e1fa9f5956cbc%2Cccdfd3d5c3a29c33d9121560363fb392fcb47185c73daac4acd17bafc5f73beb  delay=8.375 min_gap=0.000 last=1784797666.044
11:07:46.043  ENF   delay=8.375 min_gap=0.000 jitter=2.157 gap=10.532 since_last=0.000 sleep=10.532
11:07:56.889  PARSE Account 6:4:10 → 0.667s/req pen=10s (used=2); Ip 12:4:60 → 0.250s/req pen=60s (used=2); Ip 16:12:60 → 0.516s/req pen=60s (used=2)  delay 8.375→1.667  min_gap→0  max_usage=0%
11:07:56.889  RAW   content-type: application/json
11:07:56.889  RAW   x-rate-limit-policy: trade-fetch-request-limit
11:07:56.889  RAW   x-rate-limit-rules: Account,Ip
11:07:56.889  RAW   x-rate-limit-account: 6:4:10
11:07:56.890  RAW   x-rate-limit-account-state: 2:4:0
11:07:56.890  RAW   x-rate-limit-ip: 12:4:60,16:12:60
11:07:56.890  RAW   x-rate-limit-ip-state: 2:4:0,2:12:0
11:07:56.890  RAW   cf-cache-status: DYNAMIC
11:07:56.890  RAW   cf-ray: a1f989a69f93ef8d-WAW
11:07:56.890  RESP  GET /api/trade/fetch/534d4756b7f44330b30f614831e452a5e813fa84cea5485a38adafd98e1d3fea%2C0495847f858003e6053eedb261951b318ecaeec770a9c09f9bea3e444357e11c%2C202b74cf377b8c40e3c001bc81ff4ecaceee6f1ee883dab94bdc2faaa7701aa6%2C9d5927738bf204deda9befaca7cec56c3f12cd06a508783a684e1fa9f5956cbc%2Cccdfd3d5c3a29c33d9121560363fb392fcb47185c73daac4acd17bafc5f73beb → 200  10.846s  delay=1.667 min_gap=0.000 last=1784797676.890
11:07:56.890  PRE   POST /api/trade/search/Standard  delay=1.667 min_gap=0.000 last=1784797676.890
11:07:56.890  ENF   delay=1.667 min_gap=0.000 jitter=1.099 gap=2.766 since_last=0.000 sleep=2.766
11:08:00.026  PARSE Account 3:5:60 → 2.500s/req pen=60s (used=2); Ip 8:10:60 → 1.094s/req pen=60s (used=2); Ip 15:60:120 → 4.800s/req pen=120s (used=7); Ip 60:300:1800 → 7.625s/req pen=1800s (used=41)  delay 1.667→8.625  min_gap→0  max_usage=68%
11:08:00.026  RAW   content-type: application/json
11:08:00.026  RAW   x-rate-limit-policy: trade-search-request-limit
11:08:00.026  RAW   x-rate-limit-rules: Account,Ip
11:08:00.026  RAW   x-rate-limit-account: 3:5:60
11:08:00.027  RAW   x-rate-limit-account-state: 2:5:0
11:08:00.027  RAW   x-rate-limit-ip: 8:10:60,15:60:120,60:300:1800
11:08:00.027  RAW   x-rate-limit-ip-state: 2:10:0,7:60:0,41:300:0
11:08:00.027  RAW   cf-cache-status: DYNAMIC
11:08:00.027  RAW   cf-ray: a1f989b9da44ef8d-WAW
11:08:00.027  RESP  POST /api/trade/search/Standard → 200  3.137s  delay=8.625 min_gap=0.000 last=1784797680.027
11:08:00.027  PRE   GET /api/trade/fetch/414930125285b3b290f95787e3840d0b1808b267bd8e9288b26b9c83e13970cd%2C9dd9bdceb97698de397418c07d12ded0c097282af1357a89a65a7dd44f708476%2Ce62fe22ebcbd6a69bc4cc569a4752c00cb337d974c984ea416bc38665bbcc74f%2C9e964a3f1f0bdb467fc997d0bf280c5ca111884a52864c3f58f95a4bdbd09b04%2C1d3fd9b806089078ffe91f9deae70f4fe3076452b816af165a5fa83422e07d4f  delay=8.625 min_gap=0.000 last=1784797680.027
11:08:00.027  ENF   delay=8.625 min_gap=0.000 jitter=2.193 gap=10.818 since_last=0.000 sleep=10.818
11:08:11.261  PARSE Account 6:4:10 → 0.500s/req pen=10s (used=1); Ip 12:4:60 → 0.208s/req pen=60s (used=1); Ip 16:12:60 → 0.516s/req pen=60s (used=2)  delay 8.625→1.516  min_gap→0  max_usage=0%
11:08:11.261  RAW   content-type: application/json
11:08:11.261  RAW   x-rate-limit-policy: trade-fetch-request-limit
11:08:11.261  RAW   x-rate-limit-rules: Account,Ip
11:08:11.261  RAW   x-rate-limit-account: 6:4:10
11:08:11.261  RAW   x-rate-limit-account-state: 1:4:0
11:08:11.261  RAW   x-rate-limit-ip: 12:4:60,16:12:60
11:08:11.261  RAW   x-rate-limit-ip-state: 1:4:0,2:12:0
11:08:11.261  RAW   cf-cache-status: DYNAMIC
11:08:11.261  RAW   cf-ray: a1f989ffcc0bef8d-WAW
11:08:11.261  RESP  GET /api/trade/fetch/414930125285b3b290f95787e3840d0b1808b267bd8e9288b26b9c83e13970cd%2C9dd9bdceb97698de397418c07d12ded0c097282af1357a89a65a7dd44f708476%2Ce62fe22ebcbd6a69bc4cc569a4752c00cb337d974c984ea416bc38665bbcc74f%2C9e964a3f1f0bdb467fc997d0bf280c5ca111884a52864c3f58f95a4bdbd09b04%2C1d3fd9b806089078ffe91f9deae70f4fe3076452b816af165a5fa83422e07d4f → 200  11.234s  delay=1.516 min_gap=0.000 last=1784797691.262
11:08:11.289  PRE   POST /api/trade/search/Standard  delay=1.516 min_gap=0.000 last=1784797691.262
11:08:11.289  ENF   delay=1.516 min_gap=0.000 jitter=1.009 gap=2.525 since_last=0.028 sleep=2.497
11:08:14.089  PARSE Account 3:5:60 → 2.500s/req pen=60s (used=2); Ip 8:10:60 → 1.094s/req pen=60s (used=2); Ip 15:60:120 → 5.600s/req pen=120s (used=9); Ip 60:300:1800 → 6.875s/req pen=1800s (used=35)  delay 1.516→7.875  min_gap→0  max_usage=60%
11:08:14.089  RAW   content-type: application/json
11:08:14.089  RAW   x-rate-limit-policy: trade-search-request-limit
11:08:14.090  RAW   x-rate-limit-rules: Account,Ip
11:08:14.090  RAW   x-rate-limit-account: 3:5:60
11:08:14.090  RAW   x-rate-limit-account-state: 2:5:0
11:08:14.090  RAW   x-rate-limit-ip: 8:10:60,15:60:120,60:300:1800
11:08:14.090  RAW   x-rate-limit-ip-state: 2:10:0,9:60:0,35:300:0
11:08:14.090  RAW   cf-cache-status: DYNAMIC
11:08:14.090  RAW   cf-ray: a1f98a122c7aef8d-WAW
11:08:14.090  RESP  POST /api/trade/search/Standard → 200  2.800s  delay=7.875 min_gap=0.000 last=1784797694.091
11:08:14.090  PRE   GET /api/trade/fetch/1596cc342f42b04d851d3c4b178a058ea59317e564d6c310baa8ab008294bac2%2C6b80ed2048f05f9c9f0bb0f8c11aa4533c990c05aceadd8e52e61db0f96c84e6%2Cb0790934c74da77059edaaa0ebe33190896012534413a231f5e3327b663c68cc%2Cf0f8929472b915469f2e7ef627747f92fba1b6d9475e357c168a9b102ef31d16%2Cc73b2783f7ae409dc10c7a5a833630fe71c8893eec7e8ad07dec6a5235ba7acd  delay=7.875 min_gap=0.000 last=1784797694.091
11:08:14.090  ENF   delay=7.875 min_gap=0.000 jitter=1.444 gap=9.319 since_last=0.000 sleep=9.319
11:08:23.783  PARSE Account 6:4:10 → 0.500s/req pen=10s (used=1); Ip 12:4:60 → 0.208s/req pen=60s (used=1); Ip 16:12:60 → 0.516s/req pen=60s (used=2)  delay 7.875→1.516  min_gap→0  max_usage=0%
11:08:23.783  RAW   content-type: application/json
11:08:23.783  RAW   x-rate-limit-policy: trade-fetch-request-limit
11:08:23.783  RAW   x-rate-limit-rules: Account,Ip
11:08:23.783  RAW   x-rate-limit-account: 6:4:10
11:08:23.783  RAW   x-rate-limit-account-state: 1:4:0
11:08:23.783  RAW   x-rate-limit-ip: 12:4:60,16:12:60
11:08:23.783  RAW   x-rate-limit-ip-state: 1:4:0,2:12:0
11:08:23.783  RAW   cf-cache-status: DYNAMIC
11:08:23.783  RAW   cf-ray: a1f98a4e5c29ef8d-WAW
11:08:23.783  RESP  GET /api/trade/fetch/1596cc342f42b04d851d3c4b178a058ea59317e564d6c310baa8ab008294bac2%2C6b80ed2048f05f9c9f0bb0f8c11aa4533c990c05aceadd8e52e61db0f96c84e6%2Cb0790934c74da77059edaaa0ebe33190896012534413a231f5e3327b663c68cc%2Cf0f8929472b915469f2e7ef627747f92fba1b6d9475e357c168a9b102ef31d16%2Cc73b2783f7ae409dc10c7a5a833630fe71c8893eec7e8ad07dec6a5235ba7acd → 200  9.693s  delay=1.516 min_gap=0.000 last=1784797703.784
11:08:23.783  PRE   POST /api/trade/search/Standard  delay=1.516 min_gap=0.000 last=1784797703.784
11:08:23.783  ENF   delay=1.516 min_gap=0.000 jitter=1.525 gap=3.041 since_last=0.000 sleep=3.041
11:08:27.133  PARSE Account 3:5:60 → 2.500s/req pen=60s (used=2); Ip 8:10:60 → 1.094s/req pen=60s (used=2); Ip 15:60:120 → 5.600s/req pen=120s (used=9); Ip 60:300:1800 → 7.125s/req pen=1800s (used=37)  delay 1.516→8.125  min_gap→0  max_usage=62%
11:08:27.133  RAW   content-type: application/json
11:08:27.133  RAW   x-rate-limit-policy: trade-search-request-limit
11:08:27.133  RAW   x-rate-limit-rules: Account,Ip
11:08:27.133  RAW   x-rate-limit-account: 3:5:60
11:08:27.133  RAW   x-rate-limit-account-state: 2:5:0
11:08:27.133  RAW   x-rate-limit-ip: 8:10:60,15:60:120,60:300:1800
11:08:27.133  RAW   x-rate-limit-ip-state: 2:10:0,9:60:0,37:300:0
11:08:27.133  RAW   cf-cache-status: DYNAMIC
11:08:27.133  RAW   cf-ray: a1f98a63afb3ef8d-WAW
11:08:27.133  RESP  POST /api/trade/search/Standard → 200  3.350s  delay=8.125 min_gap=0.000 last=1784797707.134
11:08:27.133  PRE   GET /api/trade/fetch/534d4756b7f44330b30f614831e452a5e813fa84cea5485a38adafd98e1d3fea%2C0495847f858003e6053eedb261951b318ecaeec770a9c09f9bea3e444357e11c%2C270c7093e3d90d6ac164325676ae12c447cad5a5afa7410bb67ebbb2e768aacc%2Cb242d46eb9c5c387af22770572b59bf69110dc2484d89a502208e0b0020fa2c9%2C86a2ea49a3550a35d26eebbaa24f4ba28a99c74fd3b0bcdcf30cc90700e29ae7  delay=8.125 min_gap=0.000 last=1784797707.134
11:08:27.133  ENF   delay=8.125 min_gap=0.000 jitter=2.274 gap=10.399 since_last=0.000 sleep=10.399
11:08:37.799  PARSE Account 6:4:10 → 0.500s/req pen=10s (used=1); Ip 12:4:60 → 0.208s/req pen=60s (used=1); Ip 16:12:60 → 0.516s/req pen=60s (used=2)  delay 8.125→1.516  min_gap→0  max_usage=0%
11:08:37.799  RAW   content-type: application/json
11:08:37.799  RAW   x-rate-limit-policy: trade-fetch-request-limit
11:08:37.799  RAW   x-rate-limit-rules: Account,Ip
11:08:37.799  RAW   x-rate-limit-account: 6:4:10
11:08:37.799  RAW   x-rate-limit-account-state: 1:4:0
11:08:37.799  RAW   x-rate-limit-ip: 12:4:60,16:12:60
11:08:37.799  RAW   x-rate-limit-ip-state: 1:4:0,2:12:0
11:08:37.799  RAW   cf-cache-status: DYNAMIC
11:08:37.799  RAW   cf-ray: a1f98aa69f2bef8d-WAW
11:08:37.799  RESP  GET /api/trade/fetch/534d4756b7f44330b30f614831e452a5e813fa84cea5485a38adafd98e1d3fea%2C0495847f858003e6053eedb261951b318ecaeec770a9c09f9bea3e444357e11c%2C270c7093e3d90d6ac164325676ae12c447cad5a5afa7410bb67ebbb2e768aacc%2Cb242d46eb9c5c387af22770572b59bf69110dc2484d89a502208e0b0020fa2c9%2C86a2ea49a3550a35d26eebbaa24f4ba28a99c74fd3b0bcdcf30cc90700e29ae7 → 200  10.665s  delay=1.516 min_gap=0.000 last=1784797717.799
11:08:37.799  PRE   POST /api/trade/search/Standard  delay=1.516 min_gap=0.000 last=1784797717.799
11:08:37.799  ENF   delay=1.516 min_gap=0.000 jitter=1.359 gap=2.874 since_last=0.000 sleep=2.874
11:08:41.043  PARSE Account 3:5:60 → 2.500s/req pen=60s (used=2); Ip 8:10:60 → 1.094s/req pen=60s (used=2); Ip 15:60:120 → 5.600s/req pen=120s (used=9); Ip 60:300:1800 → 7.375s/req pen=1800s (used=39)  delay 1.516→8.375  min_gap→0  max_usage=65%
11:08:41.043  RAW   content-type: application/json
11:08:41.043  RAW   x-rate-limit-policy: trade-search-request-limit
11:08:41.043  RAW   x-rate-limit-rules: Account,Ip
11:08:41.043  RAW   x-rate-limit-account: 3:5:60
11:08:41.043  RAW   x-rate-limit-account-state: 2:5:0
11:08:41.043  RAW   x-rate-limit-ip: 8:10:60,15:60:120,60:300:1800
11:08:41.043  RAW   x-rate-limit-ip-state: 2:10:0,9:60:0,39:300:0
11:08:41.043  RAW   cf-cache-status: DYNAMIC
11:08:41.043  RAW   cf-ray: a1f98aba3f64ef8d-WAW
11:08:41.043  RESP  POST /api/trade/search/Standard → 200  3.244s  delay=8.375 min_gap=0.000 last=1784797721.044
11:08:41.043  PRE   GET /api/trade/fetch/b0790934c74da77059edaaa0ebe33190896012534413a231f5e3327b663c68cc%2C6b80ed2048f05f9c9f0bb0f8c11aa4533c990c05aceadd8e52e61db0f96c84e6%2Cc58e358a949a736b3bca71a45a64edb3fa153ab0898dc7de85c412794512d664%2C8722505c22cfe6a6603f9128de3579bba4bc2cf5f04ef7f519f36037d3ffb710%2C44cd695e73a57db8b1458aeb5083bf2bf28b69d8434fe9ca6b5e48e3f77d6cc3  delay=8.375 min_gap=0.000 last=1784797721.044
11:08:41.043  ENF   delay=8.375 min_gap=0.000 jitter=2.122 gap=10.497 since_last=0.000 sleep=10.497
11:08:51.899  PARSE Account 6:4:10 → 0.667s/req pen=10s (used=2); Ip 12:4:60 → 0.250s/req pen=60s (used=2); Ip 16:12:60 → 0.516s/req pen=60s (used=2)  delay 8.375→1.667  min_gap→0  max_usage=0%
11:08:51.899  RAW   content-type: application/json
11:08:51.899  RAW   x-rate-limit-policy: trade-fetch-request-limit
11:08:51.899  RAW   x-rate-limit-rules: Account,Ip
11:08:51.899  RAW   x-rate-limit-account: 6:4:10
11:08:51.899  RAW   x-rate-limit-account-state: 2:4:0
11:08:51.899  RAW   x-rate-limit-ip: 12:4:60,16:12:60
11:08:51.899  RAW   x-rate-limit-ip-state: 2:4:0,2:12:0
11:08:51.899  RAW   cf-cache-status: DYNAMIC
11:08:51.899  RAW   cf-ray: a1f98afe2fccef8d-WAW
11:08:51.899  RESP  GET /api/trade/fetch/b0790934c74da77059edaaa0ebe33190896012534413a231f5e3327b663c68cc%2C6b80ed2048f05f9c9f0bb0f8c11aa4533c990c05aceadd8e52e61db0f96c84e6%2Cc58e358a949a736b3bca71a45a64edb3fa153ab0898dc7de85c412794512d664%2C8722505c22cfe6a6603f9128de3579bba4bc2cf5f04ef7f519f36037d3ffb710%2C44cd695e73a57db8b1458aeb5083bf2bf28b69d8434fe9ca6b5e48e3f77d6cc3 → 200  10.855s  delay=1.667 min_gap=0.000 last=1784797731.900
11:08:51.926  PRE   POST /api/trade/search/Standard  delay=1.667 min_gap=0.000 last=1784797731.900
11:08:51.926  ENF   delay=1.667 min_gap=0.000 jitter=1.309 gap=2.976 since_last=0.027 sleep=2.949
11:08:55.183  PARSE Account 3:5:60 → 2.500s/req pen=60s (used=2); Ip 8:10:60 → 1.094s/req pen=60s (used=2); Ip 15:60:120 → 5.200s/req pen=120s (used=8); Ip 60:300:1800 → 7.625s/req pen=1800s (used=41)  delay 1.667→8.625  min_gap→0  max_usage=68%
11:08:55.183  RAW   content-type: application/json
11:08:55.183  RAW   x-rate-limit-policy: trade-search-request-limit
11:08:55.183  RAW   x-rate-limit-rules: Account,Ip
11:08:55.183  RAW   x-rate-limit-account: 3:5:60
11:08:55.183  RAW   x-rate-limit-account-state: 2:5:0
11:08:55.183  RAW   x-rate-limit-ip: 8:10:60,15:60:120,60:300:1800
11:08:55.183  RAW   x-rate-limit-ip-state: 2:10:0,8:60:0,41:300:0
11:08:55.183  RAW   cf-cache-status: DYNAMIC
11:08:55.183  RAW   cf-ray: a1f98b12fc67ef8d-WAW
11:08:55.183  RESP  POST /api/trade/search/Standard → 200  3.257s  delay=8.625 min_gap=0.000 last=1784797735.184
11:08:55.183  PRE   GET /api/trade/fetch/6b80ed2048f05f9c9f0bb0f8c11aa4533c990c05aceadd8e52e61db0f96c84e6%2C44cd695e73a57db8b1458aeb5083bf2bf28b69d8434fe9ca6b5e48e3f77d6cc3%2C372f7a9dc41ef7846fe2266dbf0b029e08dc263aef8e5ec76392a31f24df10a9%2Ca2439607dac4ae0e2d206e6561d6d95a929a5e9b7a3e3dc771b3f0a1b278edf5%2C2c7c15de0d14fa923f1e9ff8cc86a5cd852aa53517ce07ccf8e1131dd0bb8e30  delay=8.625 min_gap=0.000 last=1784797735.184
11:08:55.183  ENF   delay=8.625 min_gap=0.000 jitter=1.497 gap=10.122 since_last=0.000 sleep=10.122
11:09:05.596  PARSE Account 6:4:10 → 0.667s/req pen=10s (used=2); Ip 12:4:60 → 0.250s/req pen=60s (used=2); Ip 16:12:60 → 0.516s/req pen=60s (used=2)  delay 8.625→1.667  min_gap→0  max_usage=0%
11:09:05.596  RAW   content-type: application/json
11:09:05.596  RAW   x-rate-limit-policy: trade-fetch-request-limit
11:09:05.596  RAW   x-rate-limit-rules: Account,Ip
11:09:05.596  RAW   x-rate-limit-account: 6:4:10
11:09:05.596  RAW   x-rate-limit-account-state: 2:4:0
11:09:05.596  RAW   x-rate-limit-ip: 12:4:60,16:12:60
11:09:05.596  RAW   x-rate-limit-ip-state: 2:4:0,2:12:0
11:09:05.596  RAW   cf-cache-status: DYNAMIC
11:09:05.596  RAW   cf-ray: a1f98b542865ef8d-WAW
11:09:05.596  RESP  GET /api/trade/fetch/6b80ed2048f05f9c9f0bb0f8c11aa4533c990c05aceadd8e52e61db0f96c84e6%2C44cd695e73a57db8b1458aeb5083bf2bf28b69d8434fe9ca6b5e48e3f77d6cc3%2C372f7a9dc41ef7846fe2266dbf0b029e08dc263aef8e5ec76392a31f24df10a9%2Ca2439607dac4ae0e2d206e6561d6d95a929a5e9b7a3e3dc771b3f0a1b278edf5%2C2c7c15de0d14fa923f1e9ff8cc86a5cd852aa53517ce07ccf8e1131dd0bb8e30 → 200  10.412s  delay=1.667 min_gap=0.000 last=1784797745.596
11:09:05.596  PRE   POST /api/trade/search/Standard  delay=1.667 min_gap=0.000 last=1784797745.596
11:09:05.596  ENF   delay=1.667 min_gap=0.000 jitter=1.360 gap=3.027 since_last=0.000 sleep=3.026
11:09:08.998  PARSE Account 3:5:60 → 2.500s/req pen=60s (used=2); Ip 8:10:60 → 1.094s/req pen=60s (used=2); Ip 15:60:120 → 5.200s/req pen=120s (used=8); Ip 60:300:1800 → 6.750s/req pen=1800s (used=34)  delay 1.667→7.750  min_gap→0  max_usage=57%
11:09:08.998  RAW   content-type: application/json
11:09:08.998  RAW   x-rate-limit-policy: trade-search-request-limit
11:09:08.998  RAW   x-rate-limit-rules: Account,Ip
11:09:08.998  RAW   x-rate-limit-account: 3:5:60
11:09:08.998  RAW   x-rate-limit-account-state: 2:5:0
11:09:08.998  RAW   x-rate-limit-ip: 8:10:60,15:60:120,60:300:1800
11:09:08.998  RAW   x-rate-limit-ip-state: 2:10:0,8:60:0,34:300:0
11:09:08.999  RAW   cf-cache-status: DYNAMIC
11:09:08.999  RAW   cf-ray: a1f98b68e90fef8d-WAW
11:09:08.999  RESP  POST /api/trade/search/Standard → 200  3.402s  delay=7.750 min_gap=0.000 last=1784797748.999
11:09:08.999  PRE   GET /api/trade/fetch/534d4756b7f44330b30f614831e452a5e813fa84cea5485a38adafd98e1d3fea%2C0495847f858003e6053eedb261951b318ecaeec770a9c09f9bea3e444357e11c%2C4ae092dd8291e214a47095960a47cde0c566ccdad2d314601eafc7fa1ce861a6%2C270c7093e3d90d6ac164325676ae12c447cad5a5afa7410bb67ebbb2e768aacc%2C7d7e2f3c3d70dad17d62c919768de0c05245787c879999c18423791e7b348d8c  delay=7.750 min_gap=0.000 last=1784797748.999
11:09:08.999  ENF   delay=7.750 min_gap=0.000 jitter=2.077 gap=9.827 since_last=0.000 sleep=9.827
11:09:19.127  PARSE Account 6:4:10 → 0.500s/req pen=10s (used=1); Ip 12:4:60 → 0.208s/req pen=60s (used=1); Ip 16:12:60 → 0.516s/req pen=60s (used=2)  delay 7.750→1.516  min_gap→0  max_usage=0%
11:09:19.127  RAW   content-type: application/json
11:09:19.127  RAW   x-rate-limit-policy: trade-fetch-request-limit
11:09:19.127  RAW   x-rate-limit-rules: Account,Ip
11:09:19.127  RAW   x-rate-limit-account: 6:4:10
11:09:19.127  RAW   x-rate-limit-account-state: 1:4:0
11:09:19.127  RAW   x-rate-limit-ip: 12:4:60,16:12:60
11:09:19.127  RAW   x-rate-limit-ip-state: 1:4:0,2:12:0
11:09:19.127  RAW   cf-cache-status: DYNAMIC
11:09:19.127  RAW   cf-ray: a1f98ba8af2bef8d-WAW
11:09:19.127  RESP  GET /api/trade/fetch/534d4756b7f44330b30f614831e452a5e813fa84cea5485a38adafd98e1d3fea%2C0495847f858003e6053eedb261951b318ecaeec770a9c09f9bea3e444357e11c%2C4ae092dd8291e214a47095960a47cde0c566ccdad2d314601eafc7fa1ce861a6%2C270c7093e3d90d6ac164325676ae12c447cad5a5afa7410bb67ebbb2e768aacc%2C7d7e2f3c3d70dad17d62c919768de0c05245787c879999c18423791e7b348d8c → 200  10.128s  delay=1.516 min_gap=0.000 last=1784797759.128
11:09:19.127  PRE   POST /api/trade/search/Standard  delay=1.516 min_gap=0.000 last=1784797759.128
11:09:19.127  ENF   delay=1.516 min_gap=0.000 jitter=2.088 gap=3.603 since_last=0.000 sleep=3.603
11:09:23.085  PARSE Account 3:5:60 → 2.500s/req pen=60s (used=2); Ip 8:10:60 → 1.094s/req pen=60s (used=2); Ip 15:60:120 → 5.200s/req pen=120s (used=8); Ip 60:300:1800 → 7.000s/req pen=1800s (used=36)  delay 1.516→8.000  min_gap→0  max_usage=60%
11:09:23.085  RAW   content-type: application/json
11:09:23.085  RAW   x-rate-limit-policy: trade-search-request-limit
11:09:23.085  RAW   x-rate-limit-rules: Account,Ip
11:09:23.085  RAW   x-rate-limit-account: 3:5:60
11:09:23.085  RAW   x-rate-limit-account-state: 2:5:0
11:09:23.085  RAW   x-rate-limit-ip: 8:10:60,15:60:120,60:300:1800
11:09:23.085  RAW   x-rate-limit-ip-state: 2:10:0,8:60:0,36:300:0
11:09:23.085  RAW   cf-cache-status: DYNAMIC
11:09:23.085  RAW   cf-ray: a1f98bc11f65ef8d-WAW
11:09:23.085  RESP  POST /api/trade/search/Standard → 200  3.958s  delay=8.000 min_gap=0.000 last=1784797763.086
11:09:23.085  PRE   GET /api/trade/fetch/6b80ed2048f05f9c9f0bb0f8c11aa4533c990c05aceadd8e52e61db0f96c84e6%2Cb045d803939c88471aa307ea07e3117e0e3aa6f31c4e2f184229af372d8f810f%2Cc73b2783f7ae409dc10c7a5a833630fe71c8893eec7e8ad07dec6a5235ba7acd%2C2a1048d74fef15920db03ddac51e3eee98b7c38295bc81e58fcd8ec441d36310%2C74227ad919321b75c33115f0d9122fd0c7b296db2587c9c623ba709af583899f  delay=8.000 min_gap=0.000 last=1784797763.086
11:09:23.085  ENF   delay=8.000 min_gap=0.000 jitter=1.914 gap=9.914 since_last=0.000 sleep=9.914
11:09:33.322  PARSE Account 6:4:10 → 0.500s/req pen=10s (used=1); Ip 12:4:60 → 0.208s/req pen=60s (used=1); Ip 16:12:60 → 0.516s/req pen=60s (used=2)  delay 8.000→1.516  min_gap→0  max_usage=0%
11:09:33.322  RAW   content-type: application/json
11:09:33.322  RAW   x-rate-limit-policy: trade-fetch-request-limit
11:09:33.322  RAW   x-rate-limit-rules: Account,Ip
11:09:33.322  RAW   x-rate-limit-account: 6:4:10
11:09:33.322  RAW   x-rate-limit-account-state: 1:4:0
11:09:33.322  RAW   x-rate-limit-ip: 12:4:60,16:12:60
11:09:33.322  RAW   x-rate-limit-ip-state: 1:4:0,2:12:0
11:09:33.322  RAW   cf-cache-status: DYNAMIC
11:09:33.322  RAW   cf-ray: a1f98c014ce3ef8d-WAW
11:09:33.322  RESP  GET /api/trade/fetch/6b80ed2048f05f9c9f0bb0f8c11aa4533c990c05aceadd8e52e61db0f96c84e6%2Cb045d803939c88471aa307ea07e3117e0e3aa6f31c4e2f184229af372d8f810f%2Cc73b2783f7ae409dc10c7a5a833630fe71c8893eec7e8ad07dec6a5235ba7acd%2C2a1048d74fef15920db03ddac51e3eee98b7c38295bc81e58fcd8ec441d36310%2C74227ad919321b75c33115f0d9122fd0c7b296db2587c9c623ba709af583899f → 200  10.237s  delay=1.516 min_gap=0.000 last=1784797773.323
11:09:33.342  PRE   POST /api/trade/search/Standard  delay=1.516 min_gap=0.000 last=1784797773.323
11:09:33.342  ENF   delay=1.516 min_gap=0.000 jitter=1.882 gap=3.398 since_last=0.020 sleep=3.378
11:09:37.006  PARSE Account 3:5:60 → 1.667s/req pen=60s (used=1); Ip 8:10:60 → 1.094s/req pen=60s (used=2); Ip 15:60:120 → 5.200s/req pen=120s (used=8); Ip 60:300:1800 → 7.250s/req pen=1800s (used=38)  delay 1.516→8.250  min_gap→0  max_usage=63%
11:09:37.006  RAW   content-type: application/json
11:09:37.006  RAW   x-rate-limit-policy: trade-search-request-limit
11:09:37.006  RAW   x-rate-limit-rules: Account,Ip
11:09:37.006  RAW   x-rate-limit-account: 3:5:60
11:09:37.006  RAW   x-rate-limit-account-state: 1:5:0
11:09:37.006  RAW   x-rate-limit-ip: 8:10:60,15:60:120,60:300:1800
11:09:37.006  RAW   x-rate-limit-ip-state: 2:10:0,8:60:0,38:300:0
11:09:37.006  RAW   cf-cache-status: DYNAMIC
11:09:37.006  RAW   cf-ray: a1f98c188a18ef8d-WAW
11:09:37.006  RESP  POST /api/trade/search/Standard → 200  3.664s  delay=8.250 min_gap=0.000 last=1784797777.007
11:09:37.006  PRE   GET /api/trade/fetch/a3473ad1cec9ee8cc1d4d41ded2bc623604b9824d01dab044cacd99a6da823e1%2C020127c93b9305fd0652cd301a79f0a923c88e04ab86e09f8f6e96d0c3bb4209%2C816bd83daf2248d30bf327c020f659e9294ce15a2a03b8dd5533c43582137f3f%2C9a95d4b645ab0c66ad1643a8816f69816f4ded0db8f6629387cad977c242049b%2Cc8570f21d67a4365863866a36509f2597f76706d46d739f1a9ce0bb6c07d0aac  delay=8.250 min_gap=0.000 last=1784797777.007
11:09:37.006  ENF   delay=8.250 min_gap=0.000 jitter=1.391 gap=9.641 since_last=0.000 sleep=9.641
11:09:47.012  PARSE Account 6:4:10 → 0.500s/req pen=10s (used=1); Ip 12:4:60 → 0.208s/req pen=60s (used=1); Ip 16:12:60 → 0.516s/req pen=60s (used=2)  delay 8.250→1.516  min_gap→0  max_usage=0%
11:09:47.012  RAW   content-type: application/json
11:09:47.012  RAW   x-rate-limit-policy: trade-fetch-request-limit
11:09:47.013  RAW   x-rate-limit-rules: Account,Ip
11:09:47.013  RAW   x-rate-limit-account: 6:4:10
11:09:47.013  RAW   x-rate-limit-account-state: 1:4:0
11:09:47.013  RAW   x-rate-limit-ip: 12:4:60,16:12:60
11:09:47.013  RAW   x-rate-limit-ip-state: 1:4:0,2:12:0
11:09:47.013  RAW   cf-cache-status: DYNAMIC
11:09:47.013  RAW   cf-ray: a1f98c569e60ef8d-WAW
11:09:47.013  RESP  GET /api/trade/fetch/a3473ad1cec9ee8cc1d4d41ded2bc623604b9824d01dab044cacd99a6da823e1%2C020127c93b9305fd0652cd301a79f0a923c88e04ab86e09f8f6e96d0c3bb4209%2C816bd83daf2248d30bf327c020f659e9294ce15a2a03b8dd5533c43582137f3f%2C9a95d4b645ab0c66ad1643a8816f69816f4ded0db8f6629387cad977c242049b%2Cc8570f21d67a4365863866a36509f2597f76706d46d739f1a9ce0bb6c07d0aac → 200  10.006s  delay=1.516 min_gap=0.000 last=1784797787.013
11:09:47.013  PRE   POST /api/trade/search/Standard  delay=1.516 min_gap=0.000 last=1784797787.013
11:09:47.013  ENF   delay=1.516 min_gap=0.000 jitter=1.993 gap=3.508 since_last=0.000 sleep=3.508
