11:57:34.843  INIT  user_agent=test/0.1.0 delay=0.0 min_gap=1.0
11:57:34.844  PRE   POST /api/trade/search/Standard  delay=0.000 min_gap=1.000 last=1784627844.844
11:57:34.844  RESP  POST /api/trade/search/Standard → 429  0.000s  delay=0.000 min_gap=1.000 last=1784627854.844
11:57:34.844  BODY  req=(none)
11:57:34.844  INIT  user_agent=test/0.1.0 delay=0.0 min_gap=1.0
11:57:34.844  PRE   POST /api/trade/search/Standard  delay=0.000 min_gap=1.000 last=1784627844.845
11:57:34.844  PARSE Account 1:5:60 → 5.000s/req pen=60s  delay 0.000→6.000  min_gap→0  max_usage=0%
11:57:34.844  RAW   X-Rate-Limit-Rules: Account
11:57:34.844  RAW   X-Rate-Limit-Account: 1:5:60
11:57:34.844  RESP  POST /api/trade/search/Standard → 429  0.000s  delay=6.000 min_gap=0.000 last=1784627854.845
11:57:34.844  BODY  req=(none)
11:57:34.845  INIT  user_agent=test/0.1.0 delay=0.0 min_gap=1.0
11:57:34.845  PRE   POST /api/trade/search/Standard  delay=0.000 min_gap=1.000 last=1784627854.845
11:57:34.845  ENF   delay=0.000 min_gap=1.000 jitter=0.000 gap=1.000 since_last=0.000 sleep=1.000
11:57:35.845  PARSE Account 1:1:1 → 1.000s/req pen=1s  delay 0.000→2.000  min_gap→0  max_usage=0%
11:57:35.845  RAW   X-Rate-Limit-Rules: Account
11:57:35.845  RAW   X-Rate-Limit-Account: 1:1:1
11:57:35.845  RESP  POST /api/trade/search/Standard → 200  1.000s  delay=2.000 min_gap=0.000 last=1784627855.846
11:57:35.845  INIT  user_agent=test/0.1.0 delay=0.0 min_gap=1.0
11:57:35.846  PRE   POST /api/trade/search/Standard  delay=0.000 min_gap=1.000 last=1784627855.846
11:57:35.846  ENF   delay=0.000 min_gap=1.000 jitter=0.000 gap=1.000 since_last=0.000 sleep=1.000
11:57:35.846  PARSE Account 3:5:60 → 1.667s/req pen=60s  delay 0.000→2.667  min_gap→0  max_usage=0%
11:57:35.846  RAW   X-Rate-Limit-Rules: Account
11:57:35.846  RAW   X-Rate-Limit-Account: 3:5:60
11:57:35.846  RESP  POST /api/trade/search/Standard → 200  0.000s  delay=2.667 min_gap=0.000 last=1784627855.846
11:57:35.846  PRE   GET /api/trade/fetch/a  delay=2.667 min_gap=0.000 last=1784627855.846
11:57:35.846  ENF   delay=2.667 min_gap=0.000 jitter=0.000 gap=2.667 since_last=0.000 sleep=2.667
11:57:35.846  PARSE Account 3:5:60 → 1.667s/req pen=60s  delay 2.667→2.667  min_gap→0  max_usage=0%
11:57:35.846  RAW   X-Rate-Limit-Rules: Account
11:57:35.846  RAW   X-Rate-Limit-Account: 3:5:60
11:57:35.846  RESP  GET /api/trade/fetch/a → 200  0.000s  delay=2.667 min_gap=0.000 last=1784627855.847
11:57:35.846  INIT  user_agent=test/0.1.0 delay=0.0 min_gap=1.0
11:57:35.846  PRE   POST /api/trade/search/Standard  delay=0.000 min_gap=1.000 last=990.000
11:57:35.846  RESP  POST /api/trade/search/Standard → 200  0.000s  delay=0.000 min_gap=1.000 last=1000.000
11:57:35.846  PRE   POST /api/trade/search/Standard  delay=0.000 min_gap=1.000 last=1000.000
11:57:35.846  ENF   delay=0.000 min_gap=1.000 jitter=2.000 gap=3.000 since_last=0.000 sleep=3.000
11:57:35.846  RESP  POST /api/trade/search/Standard → 200  3.000s  delay=0.000 min_gap=1.000 last=1003.000
11:57:35.846  PRE   POST /api/trade/search/Standard  delay=0.000 min_gap=1.000 last=1003.000
11:57:35.846  ENF   delay=0.000 min_gap=1.000 jitter=2.000 gap=3.000 since_last=0.000 sleep=3.000
11:57:35.846  PARSE Account 3:5:60 → 1.667s/req pen=60s  delay 0.000→2.667  min_gap→0  max_usage=0%
11:57:35.846  RAW   X-Rate-Limit-Rules: Account
11:57:35.846  RAW   X-Rate-Limit-Account: 3:5:60
11:57:35.846  RESP  POST /api/trade/search/Standard → 200  3.000s  delay=2.667 min_gap=0.000 last=1006.000
11:57:35.846  PRE   POST /api/trade/search/Standard  delay=2.667 min_gap=0.000 last=1006.000
11:57:35.846  ENF   delay=2.667 min_gap=0.000 jitter=2.000 gap=4.667 since_last=0.000 sleep=4.667
11:57:35.846  PARSE Account 3:5:60 → 1.667s/req pen=60s  delay 2.667→2.667  min_gap→0  max_usage=0%
11:57:35.846  RAW   X-Rate-Limit-Rules: Account
11:57:35.846  RAW   X-Rate-Limit-Account: 3:5:60
11:57:35.846  RESP  POST /api/trade/search/Standard → 200  4.667s  delay=2.667 min_gap=0.000 last=1010.667
11:57:35.846  PRE   POST /api/trade/search/Standard  delay=2.667 min_gap=0.000 last=1010.667
11:57:35.846  ENF   delay=2.667 min_gap=0.000 jitter=2.000 gap=4.667 since_last=0.000 sleep=4.667
11:57:35.847  PARSE Ip 60:300:1800 → 5.000s/req pen=1800s  delay 2.667→6.000  min_gap→0  max_usage=0%
11:57:35.847  RAW   X-Rate-Limit-Rules: Ip
11:57:35.847  RAW   X-Rate-Limit-Ip: 60:300:1800
11:57:35.847  RESP  POST /api/trade/search/Standard → 200  4.667s  delay=6.000 min_gap=0.000 last=1015.333
11:57:35.847  PRE   POST /api/trade/search/Standard  delay=6.000 min_gap=0.000 last=1015.333
11:57:35.847  ENF   delay=6.000 min_gap=0.000 jitter=2.000 gap=8.000 since_last=0.000 sleep=8.000
11:57:35.847  PARSE Ip 60:300:1800 → 5.000s/req pen=1800s  delay 6.000→6.000  min_gap→0  max_usage=0%
11:57:35.847  RAW   X-Rate-Limit-Rules: Ip
11:57:35.847  RAW   X-Rate-Limit-Ip: 60:300:1800
11:57:35.847  RESP  POST /api/trade/search/Standard → 200  8.000s  delay=6.000 min_gap=0.000 last=1023.333
11:57:35.847  INIT  user_agent=test/0.1.0 delay=0.0 min_gap=1.0
11:57:35.847  PRE   POST /api/trade/search/Standard  delay=0.000 min_gap=1.000 last=1784627855.847
11:57:35.847  ENF   delay=0.000 min_gap=1.000 jitter=0.000 gap=1.000 since_last=0.000 sleep=1.000
11:57:36.847  PARSE Ip 60:300:1800 → 5.000s/req pen=1800s  delay 0.000→6.000  min_gap→0  max_usage=0%
11:57:36.847  RAW   X-Rate-Limit-Rules: Ip
11:57:36.847  RAW   X-Rate-Limit-Ip: 60:300:1800
11:57:36.847  RESP  POST /api/trade/search/Standard → 200  1.000s  delay=6.000 min_gap=0.000 last=1784627856.847
11:57:36.847  PRE   POST /api/trade/search/Standard  delay=6.000 min_gap=0.000 last=1784627856.847
11:57:36.847  ENF   delay=6.000 min_gap=0.000 jitter=0.000 gap=6.000 since_last=0.000 sleep=6.000
11:57:42.847  PARSE Account 10:1:2 → 0.100s/req pen=2s  delay 6.000→6.000  min_gap→0  max_usage=0%
11:57:42.847  RAW   X-Rate-Limit-Rules: Account
11:57:42.847  RAW   X-Rate-Limit-Account: 10:1:2
11:57:42.847  RESP  POST /api/trade/search/Standard → 200  6.000s  delay=6.000 min_gap=0.000 last=1784627862.848
11:57:42.847  INIT  user_agent=test/0.1.0 delay=0.0 min_gap=1.0
11:57:42.848  PRE   POST /api/trade/search/Standard  delay=0.000 min_gap=1.000 last=1784627862.848
11:57:42.848  ENF   delay=0.000 min_gap=1.000 jitter=0.000 gap=1.000 since_last=0.000 sleep=1.000
11:57:42.848  RESP  POST /api/trade/search/Standard → 200  0.000s  delay=0.000 min_gap=1.000 last=1784627862.848
11:57:42.848  PRE   POST /api/trade/search/Standard  delay=0.000 min_gap=1.000 last=1784627862.848
11:57:42.848  ENF   delay=0.000 min_gap=1.000 jitter=0.000 gap=1.000 since_last=0.000 sleep=1.000
11:57:42.848  RESP  POST /api/trade/search/Standard → 200  0.000s  delay=0.000 min_gap=1.000 last=1784627862.848
11:57:42.848  INIT  user_agent=test/0.1.0 delay=0.0 min_gap=1.0
11:57:42.848  PRE   POST /api/trade/search/Standard  delay=0.000 min_gap=1.000 last=1784627862.848
11:57:42.848  ENF   delay=0.000 min_gap=1.000 jitter=0.000 gap=1.000 since_last=0.000 sleep=1.000
11:57:43.848  PARSE Account 3:5:60 → 1.667s/req pen=60s  delay 0.000→2.667  min_gap→0  max_usage=0%
11:57:43.848  RAW   X-Rate-Limit-Rules: Account
11:57:43.848  RAW   X-Rate-Limit-Account: 3:5:60
11:57:43.848  RESP  POST /api/trade/search/Standard → 200  1.000s  delay=2.667 min_gap=0.000 last=1784627863.849
11:57:43.848  INIT  user_agent=test/0.1.0 delay=0.0 min_gap=1.0
11:57:43.848  LOCK  sleep=9999.000
11:57:43.849  ENF   delay=0.010 min_gap=1.000 jitter=0.000 gap=1.000 since_last=0.000 sleep=1.000
11:57:43.849  INIT  user_agent=test/0.1.0 delay=0.0 min_gap=1.0
11:57:43.849  PRE   POST /api/trade/search/Standard  delay=0.000 min_gap=1.000 last=1784627863.849
11:57:43.849  ENF   delay=0.000 min_gap=1.000 jitter=0.000 gap=1.000 since_last=0.000 sleep=1.000
11:57:44.849  PARSE Account 3:5:60 → 1.667s/req pen=60s  delay 0.000→2.667  min_gap→0  max_usage=0%
11:57:44.849  RAW   X-Rate-Limit-Rules: Account
11:57:44.849  RAW   X-Rate-Limit-Account: 3:5:60
11:57:44.849  RESP  POST /api/trade/search/Standard → 200  1.000s  delay=2.667 min_gap=0.000 last=1784627864.849
11:57:44.849  INIT  user_agent=test/0.1.0 delay=0.0 min_gap=1.0
11:57:44.849  PRE   POST /api/trade/search/Standard  delay=0.000 min_gap=1.000 last=1784627864.850
11:57:44.849  ENF   delay=0.000 min_gap=1.000 jitter=0.000 gap=1.000 since_last=0.000 sleep=1.000
11:57:45.849  PARSE Ip 8:10:60 → 1.250s/req pen=60s; Ip 15:60:120 → 4.000s/req pen=120s; Ip 60:300:1800 → 5.000s/req pen=1800s  delay 0.000→6.000  min_gap→0  max_usage=0%
11:57:45.849  RAW   X-Rate-Limit-Rules: Ip
11:57:45.849  RAW   X-Rate-Limit-Ip: 8:10:60,15:60:120,60:300:1800
11:57:45.849  RESP  POST /api/trade/search/Standard → 200  1.000s  delay=6.000 min_gap=0.000 last=1784627865.850
11:57:45.850  INIT  user_agent=test/0.1.0 delay=0.0 min_gap=1.0
11:57:45.850  PRE   POST /api/trade/search/Standard  delay=0.000 min_gap=1.000 last=1784627865.850
11:57:45.850  ENF   delay=0.000 min_gap=1.000 jitter=0.000 gap=1.000 since_last=0.000 sleep=1.000
11:57:46.850  PARSE Account 3:5:60 → 1.667s/req pen=60s; Ip 60:300:1800 → 5.000s/req pen=1800s  delay 0.000→6.000  min_gap→0  max_usage=0%
11:57:46.850  RAW   X-Rate-Limit-Rules: Account,Ip
11:57:46.850  RAW   X-Rate-Limit-Account: 3:5:60
11:57:46.850  RAW   X-Rate-Limit-Ip: 60:300:1800
11:57:46.850  RESP  POST /api/trade/search/Standard → 200  1.000s  delay=6.000 min_gap=0.000 last=1784627866.850
11:57:46.850  INIT  user_agent=test/0.1.0 delay=0.0 min_gap=1.0
11:57:46.850  PRE   POST /api/trade/search/Standard  delay=0.000 min_gap=1.000 last=1784627866.850
11:57:46.850  ENF   delay=0.000 min_gap=1.000 jitter=0.000 gap=1.000 since_last=0.000 sleep=1.000
11:57:47.850  RESP  POST /api/trade/search/Standard → 200  1.000s  delay=0.000 min_gap=1.000 last=1784627867.850
