15:48:10.177  INIT  user_agent=test/0.1.0 delay=0.0 min_gap=1.0
15:48:10.178  PRE   POST /api/trade/search/Standard  delay=0.000 min_gap=1.000 last=1784641680.178
15:48:10.178  RESP  POST /api/trade/search/Standard → 429  0.000s  delay=0.000 min_gap=1.000 last=1784641690.178
15:48:10.178  BODY  req=(none)
15:48:10.178  BODY  resp=
15:48:10.178  !! 429 ! headers={'Server': 'cloudflare'}  state_delay=0.000 state_min_gap=1.000 state_last=1784641690.178
15:48:10.178  INIT  user_agent=test/0.1.0 delay=0.0 min_gap=1.0
15:48:10.178  PRE   POST /api/trade/search/Standard  delay=0.000 min_gap=1.000 last=1784641680.178
15:48:10.178  PARSE Account 1:5:60 → 1.500s/req pen=60s (used=0)  delay 0.000→2.500  min_gap→0  max_usage=0%
15:48:10.178  RAW   X-Rate-Limit-Rules: Account
15:48:10.178  RAW   X-Rate-Limit-Account: 1:5:60
15:48:10.178  RESP  POST /api/trade/search/Standard → 429  0.000s  delay=2.500 min_gap=0.000 last=1784641690.179
15:48:10.178  BODY  req=(none)
15:48:10.178  BODY  resp=
15:48:10.178  !! 429 ! headers={'X-Rate-Limit-Rules': 'Account', 'X-Rate-Limit-Account': '1:5:60'}  state_delay=2.500 state_min_gap=0.000 state_last=1784641690.179
15:48:10.178  INIT  user_agent=test/0.1.0 delay=0.0 min_gap=1.0
15:48:10.178  PRE   POST /api/trade/search/Standard  delay=0.000 min_gap=1.000 last=1784641690.179
15:48:10.178  ENF   delay=0.000 min_gap=1.000 jitter=0.000 gap=1.000 since_last=0.000 sleep=1.000
15:48:11.178  PARSE Account 1:1:1 → 0.300s/req pen=1s (used=0)  delay 0.000→1.300  min_gap→0  max_usage=0%
15:48:11.178  RAW   X-Rate-Limit-Rules: Account
15:48:11.178  RAW   X-Rate-Limit-Account: 1:1:1
15:48:11.178  RESP  POST /api/trade/search/Standard → 200  1.000s  delay=1.300 min_gap=0.000 last=1784641691.179
15:48:11.179  INIT  user_agent=test/0.1.0 delay=0.0 min_gap=1.0
15:48:11.179  PRE   POST /api/trade/search/Standard  delay=0.000 min_gap=1.000 last=1784641691.179
15:48:11.179  ENF   delay=0.000 min_gap=1.000 jitter=0.000 gap=1.000 since_last=0.000 sleep=1.000
15:48:11.179  PARSE Account 3:5:60 → 0.500s/req pen=60s (used=0)  delay 0.000→1.500  min_gap→0  max_usage=0%
15:48:11.179  RAW   X-Rate-Limit-Rules: Account
15:48:11.179  RAW   X-Rate-Limit-Account: 3:5:60
15:48:11.179  RESP  POST /api/trade/search/Standard → 200  0.000s  delay=1.500 min_gap=0.000 last=1784641691.179
15:48:11.179  PRE   GET /api/trade/fetch/a  delay=1.500 min_gap=0.000 last=1784641691.179
15:48:11.179  ENF   delay=1.500 min_gap=0.000 jitter=0.000 gap=1.500 since_last=0.000 sleep=1.500
15:48:11.179  PARSE Account 3:5:60 → 0.500s/req pen=60s (used=0)  delay 1.500→1.500  min_gap→0  max_usage=0%
15:48:11.179  RAW   X-Rate-Limit-Rules: Account
15:48:11.179  RAW   X-Rate-Limit-Account: 3:5:60
15:48:11.179  RESP  GET /api/trade/fetch/a → 200  0.000s  delay=1.500 min_gap=0.000 last=1784641691.180
15:48:11.179  INIT  user_agent=test/0.1.0 delay=0.0 min_gap=1.0
15:48:11.179  PRE   POST /api/trade/search/Standard  delay=0.000 min_gap=1.000 last=990.000
15:48:11.179  RESP  POST /api/trade/search/Standard → 200  0.000s  delay=0.000 min_gap=1.000 last=1000.000
15:48:11.179  PRE   POST /api/trade/search/Standard  delay=0.000 min_gap=1.000 last=1000.000
15:48:11.179  ENF   delay=0.000 min_gap=1.000 jitter=2.000 gap=3.000 since_last=0.000 sleep=3.000
15:48:11.179  RESP  POST /api/trade/search/Standard → 200  3.000s  delay=0.000 min_gap=1.000 last=1003.000
15:48:11.179  PRE   POST /api/trade/search/Standard  delay=0.000 min_gap=1.000 last=1003.000
15:48:11.179  ENF   delay=0.000 min_gap=1.000 jitter=2.000 gap=3.000 since_last=0.000 sleep=3.000
15:48:11.179  PARSE Account 3:5:60 → 0.500s/req pen=60s (used=0)  delay 0.000→1.500  min_gap→0  max_usage=0%
15:48:11.179  RAW   X-Rate-Limit-Rules: Account
15:48:11.179  RAW   X-Rate-Limit-Account: 3:5:60
15:48:11.179  RESP  POST /api/trade/search/Standard → 200  3.000s  delay=1.500 min_gap=0.000 last=1006.000
15:48:11.179  PRE   POST /api/trade/search/Standard  delay=1.500 min_gap=0.000 last=1006.000
15:48:11.179  ENF   delay=1.500 min_gap=0.000 jitter=2.000 gap=3.500 since_last=0.000 sleep=3.500
15:48:11.179  PARSE Account 3:5:60 → 0.500s/req pen=60s (used=0)  delay 1.500→1.500  min_gap→0  max_usage=0%
15:48:11.179  RAW   X-Rate-Limit-Rules: Account
15:48:11.179  RAW   X-Rate-Limit-Account: 3:5:60
15:48:11.179  RESP  POST /api/trade/search/Standard → 200  3.500s  delay=1.500 min_gap=0.000 last=1009.500
15:48:11.179  PRE   POST /api/trade/search/Standard  delay=1.500 min_gap=0.000 last=1009.500
15:48:11.179  ENF   delay=1.500 min_gap=0.000 jitter=2.000 gap=3.500 since_last=0.000 sleep=3.500
15:48:11.179  PARSE Ip 60:300:1800 → 1.500s/req pen=1800s (used=0)  delay 1.500→2.500  min_gap→0  max_usage=0%
15:48:11.180  RAW   X-Rate-Limit-Rules: Ip
15:48:11.180  RAW   X-Rate-Limit-Ip: 60:300:1800
15:48:11.180  RESP  POST /api/trade/search/Standard → 200  3.500s  delay=2.500 min_gap=0.000 last=1013.000
15:48:11.180  PRE   POST /api/trade/search/Standard  delay=2.500 min_gap=0.000 last=1013.000
15:48:11.180  ENF   delay=2.500 min_gap=0.000 jitter=2.000 gap=4.500 since_last=0.000 sleep=4.500
15:48:11.180  PARSE Ip 60:300:1800 → 1.500s/req pen=1800s (used=0)  delay 2.500→2.500  min_gap→0  max_usage=0%
15:48:11.180  RAW   X-Rate-Limit-Rules: Ip
15:48:11.180  RAW   X-Rate-Limit-Ip: 60:300:1800
15:48:11.180  RESP  POST /api/trade/search/Standard → 200  4.500s  delay=2.500 min_gap=0.000 last=1017.500
15:48:11.180  INIT  user_agent=test/0.1.0 delay=0.0 min_gap=1.0
15:48:11.180  PRE   POST /api/trade/search/Standard  delay=0.000 min_gap=1.000 last=1784641691.180
15:48:11.180  ENF   delay=0.000 min_gap=1.000 jitter=0.000 gap=1.000 since_last=0.000 sleep=1.000
15:48:12.180  PARSE Ip 60:300:1800 → 6.250s/req pen=1800s (used=30)  delay 0.000→7.250  min_gap→0  max_usage=50%
15:48:12.180  RAW   X-Rate-Limit-Rules: Ip
15:48:12.180  RAW   X-Rate-Limit-Ip: 60:300:1800
15:48:12.180  RAW   X-Rate-Limit-Ip-State: 30:300:0
15:48:12.180  RESP  POST /api/trade/search/Standard → 200  1.000s  delay=7.250 min_gap=0.000 last=1784641692.180
15:48:12.180  PRE   POST /api/trade/search/Standard  delay=7.250 min_gap=0.000 last=1784641692.180
15:48:12.180  ENF   delay=7.250 min_gap=0.000 jitter=0.000 gap=7.250 since_last=0.000 sleep=7.250
15:48:19.430  PARSE Ip 60:300:1800 → 2.875s/req pen=1800s (used=3)  delay 7.250→3.875  min_gap→0  max_usage=5%
15:48:19.430  RAW   X-Rate-Limit-Rules: Ip
15:48:19.430  RAW   X-Rate-Limit-Ip: 60:300:1800
15:48:19.430  RAW   X-Rate-Limit-Ip-State: 3:300:0
15:48:19.430  RESP  POST /api/trade/search/Standard → 200  7.250s  delay=3.875 min_gap=0.000 last=1784641699.431
15:48:19.430  INIT  user_agent=test/0.1.0 delay=0.0 min_gap=1.0
15:48:19.430  PRE   POST /api/trade/search/Standard  delay=0.000 min_gap=1.000 last=1784641699.431
15:48:19.430  ENF   delay=0.000 min_gap=1.000 jitter=0.000 gap=1.000 since_last=0.000 sleep=1.000
15:48:20.430  PARSE Ip 60:300:1800 → 1.500s/req pen=1800s (used=0)  delay 0.000→2.500  min_gap→0  max_usage=0%
15:48:20.430  RAW   X-Rate-Limit-Rules: Ip
15:48:20.430  RAW   X-Rate-Limit-Ip: 60:300:1800
15:48:20.431  RESP  POST /api/trade/search/Standard → 200  1.000s  delay=2.500 min_gap=0.000 last=1784641700.431
15:48:20.431  INIT  user_agent=test/0.1.0 delay=0.0 min_gap=1.0
15:48:20.431  PRE   POST /api/trade/search/Standard  delay=0.000 min_gap=1.000 last=1784641700.431
15:48:20.431  ENF   delay=0.000 min_gap=1.000 jitter=0.000 gap=1.000 since_last=0.000 sleep=1.000
15:48:20.431  RESP  POST /api/trade/search/Standard → 200  0.000s  delay=0.000 min_gap=1.000 last=1784641700.431
15:48:20.431  PRE   POST /api/trade/search/Standard  delay=0.000 min_gap=1.000 last=1784641700.432
15:48:20.431  ENF   delay=0.000 min_gap=1.000 jitter=0.000 gap=1.000 since_last=0.000 sleep=1.000
15:48:20.431  RESP  POST /api/trade/search/Standard → 200  0.000s  delay=0.000 min_gap=1.000 last=1784641700.432
15:48:20.431  INIT  user_agent=test/0.1.0 delay=0.0 min_gap=1.0
15:48:20.431  PRE   POST /api/trade/search/Standard  delay=0.000 min_gap=1.000 last=1784641700.432
15:48:20.431  ENF   delay=0.000 min_gap=1.000 jitter=0.000 gap=1.000 since_last=0.000 sleep=1.000
15:48:21.431  PARSE Account 3:5:60 → 0.500s/req pen=60s (used=0)  delay 0.000→1.500  min_gap→0  max_usage=0%
15:48:21.431  RAW   X-Rate-Limit-Rules: Account
15:48:21.431  RAW   X-Rate-Limit-Account: 3:5:60
15:48:21.431  RESP  POST /api/trade/search/Standard → 200  1.000s  delay=1.500 min_gap=0.000 last=1784641701.432
15:48:21.432  INIT  user_agent=test/0.1.0 delay=0.0 min_gap=1.0
15:48:21.432  PRE   POST /api/trade/search/Standard  delay=0.000 min_gap=1.000 last=1784641701.432
15:48:21.432  ENF   delay=0.000 min_gap=1.000 jitter=0.000 gap=1.000 since_last=0.000 sleep=1.000
15:48:22.432  PARSE Ip 60:300:1800 → 9.250s/req pen=1800s (used=54)  delay 0.000→10.250  min_gap→0  max_usage=90%
15:48:22.432  BACK  set 200s backoff at 90% usage
15:48:22.432  RAW   X-Rate-Limit-Rules: Ip
15:48:22.432  RAW   X-Rate-Limit-Ip: 60:300:1800
15:48:22.432  RAW   X-Rate-Limit-Ip-State: 54:300:0
15:48:22.432  RESP  POST /api/trade/search/Standard → 200  1.000s  delay=10.250 min_gap=0.000 last=1784641702.432
15:48:22.432  INIT  user_agent=test/0.1.0 delay=0.0 min_gap=1.0
15:48:22.432  LOCK  sleep=9999.000
15:48:22.432  ENF   delay=0.010 min_gap=1.000 jitter=0.000 gap=1.000 since_last=0.000 sleep=1.000
15:48:22.433  INIT  user_agent=test/0.1.0 delay=0.0 min_gap=1.0
15:48:22.433  PRE   POST /api/trade/search/Standard  delay=0.000 min_gap=1.000 last=1784641702.433
15:48:22.433  ENF   delay=0.000 min_gap=1.000 jitter=0.000 gap=1.000 since_last=0.000 sleep=1.000
15:48:23.433  PARSE Ip 60:300:1800 → 3.250s/req pen=1800s (used=6)  delay 0.000→4.250  min_gap→0  max_usage=10%
15:48:23.433  RAW   X-Rate-Limit-Rules: Ip
15:48:23.433  RAW   X-Rate-Limit-Ip: 60:300:1800
15:48:23.433  RAW   X-Rate-Limit-Ip-State: 6:300:0
15:48:23.433  RESP  POST /api/trade/search/Standard → 200  1.000s  delay=4.250 min_gap=0.000 last=1784641703.433
15:48:23.433  INIT  user_agent=test/0.1.0 delay=0.0 min_gap=1.0
15:48:23.433  PRE   POST /api/trade/search/Standard  delay=0.000 min_gap=1.000 last=1784641703.433
15:48:23.433  ENF   delay=0.000 min_gap=1.000 jitter=0.000 gap=1.000 since_last=0.000 sleep=1.000
15:48:24.433  PARSE Account 3:5:60 → 0.500s/req pen=60s (used=0)  delay 0.000→1.500  min_gap→0  max_usage=0%
15:48:24.433  RAW   X-Rate-Limit-Rules: Account
15:48:24.433  RAW   X-Rate-Limit-Account: 3:5:60
15:48:24.433  RESP  POST /api/trade/search/Standard → 200  1.000s  delay=1.500 min_gap=0.000 last=1784641704.434
15:48:24.433  INIT  user_agent=test/0.1.0 delay=0.0 min_gap=1.0
15:48:24.433  PRE   POST /api/trade/search/Standard  delay=0.000 min_gap=1.000 last=1784641704.434
15:48:24.433  ENF   delay=0.000 min_gap=1.000 jitter=0.000 gap=1.000 since_last=0.000 sleep=1.000
15:48:25.433  PARSE Ip 8:10:60 → 0.375s/req pen=60s (used=0); Ip 15:60:120 → 1.200s/req pen=120s (used=0); Ip 60:300:1800 → 1.500s/req pen=1800s (used=0)  delay 0.000→2.500  min_gap→0  max_usage=0%
15:48:25.433  RAW   X-Rate-Limit-Rules: Ip
15:48:25.433  RAW   X-Rate-Limit-Ip: 8:10:60,15:60:120,60:300:1800
15:48:25.433  RESP  POST /api/trade/search/Standard → 200  1.000s  delay=2.500 min_gap=0.000 last=1784641705.434
15:48:25.434  INIT  user_agent=test/0.1.0 delay=0.0 min_gap=1.0
15:48:25.434  PRE   POST /api/trade/search/Standard  delay=0.000 min_gap=1.000 last=1784641705.434
15:48:25.434  ENF   delay=0.000 min_gap=1.000 jitter=0.000 gap=1.000 since_last=0.000 sleep=1.000
15:48:26.434  PARSE Account 3:5:60 → 2.500s/req pen=60s (used=2); Ip 15:60:120 → 3.200s/req pen=120s (used=3)  delay 0.000→4.200  min_gap→0  max_usage=20%
15:48:26.434  RAW   X-Rate-Limit-Rules: Account,Ip
15:48:26.434  RAW   X-Rate-Limit-Account: 3:5:60
15:48:26.434  RAW   X-Rate-Limit-Account-State: 2:5:0
15:48:26.434  RAW   X-Rate-Limit-Ip: 15:60:120
15:48:26.434  RAW   X-Rate-Limit-Ip-State: 3:60:0
15:48:26.434  RESP  POST /api/trade/search/Standard → 200  1.000s  delay=4.200 min_gap=0.000 last=1784641706.434
15:48:26.434  INIT  user_agent=test/0.1.0 delay=0.0 min_gap=1.0
15:48:26.434  PRE   POST /api/trade/search/Standard  delay=0.000 min_gap=1.000 last=1784641706.434
15:48:26.434  ENF   delay=0.000 min_gap=1.000 jitter=0.000 gap=1.000 since_last=0.000 sleep=1.000
15:48:27.434  PARSE Account 3:5:60 → 0.500s/req pen=60s (used=0); Ip 60:300:1800 → 1.500s/req pen=1800s (used=0)  delay 0.000→2.500  min_gap→0  max_usage=0%
15:48:27.434  RAW   X-Rate-Limit-Rules: Account,Ip
15:48:27.434  RAW   X-Rate-Limit-Account: 3:5:60
15:48:27.434  RAW   X-Rate-Limit-Ip: 60:300:1800
15:48:27.434  RESP  POST /api/trade/search/Standard → 200  1.000s  delay=2.500 min_gap=0.000 last=1784641707.435
15:48:27.434  INIT  user_agent=test/0.1.0 delay=0.0 min_gap=1.0
15:48:27.434  PRE   POST /api/trade/search/Standard  delay=0.000 min_gap=1.000 last=1784641707.435
15:48:27.434  ENF   delay=0.000 min_gap=1.000 jitter=0.000 gap=1.000 since_last=0.000 sleep=1.000
15:48:28.434  RESP  POST /api/trade/search/Standard → 200  1.000s  delay=0.000 min_gap=1.000 last=1784641708.435
