13:44:46.800  INIT  user_agent=OAuth pypoe/0.1.0 (flipper) delay=0.0 min_gap=1.0
13:44:46.802  PRE   POST /api/trade/search/Standard  delay=0.000 min_gap=1.000 last=1784634286.800
13:44:46.802  ENF   delay=0.000 min_gap=1.000 jitter=2.813 gap=3.813 since_last=0.002 sleep=3.810
13:44:50.923  PARSE Account 3:5:60 → 3.333s/req pen=60s (used=3); Ip 8:10:60 → 1.328s/req pen=60s (used=3); Ip 15:60:120 → 4.400s/req pen=120s (used=6); Ip 60:300:1800 → 5.250s/req pen=1800s (used=22)  delay 0.000→6.250  min_gap→0  max_usage=40%
13:44:50.923  RAW   content-type: application/json
13:44:50.923  RAW   x-rate-limit-policy: trade-search-request-limit
13:44:50.923  RAW   x-rate-limit-rules: Account,Ip
13:44:50.923  RAW   x-rate-limit-account: 3:5:60
13:44:50.923  RAW   x-rate-limit-account-state: 3:5:0
13:44:50.923  RAW   x-rate-limit-ip: 8:10:60,15:60:120,60:300:1800
13:44:50.923  RAW   x-rate-limit-ip-state: 3:10:0,6:60:0,22:300:0
13:44:50.923  RAW   cf-cache-status: DYNAMIC
13:44:50.923  RAW   cf-ray: a1e9f4bc78ececbc-WAW
13:44:50.923  RESP  POST /api/trade/search/Standard → 200  4.120s  delay=6.250 min_gap=0.000 last=1784634290.924
13:44:50.923  PRE   GET /api/trade/fetch/a33b3f74ab76bd7ed678a7a2e6e235a33eb8a64feac25dc795dcdf4316ba7036%2C4606a21d5c133ea239083361e28eac9694a067bd2a1ecfbedeee7149fa04cd6d%2Cfa3bf15927c1c5ccfa3f69ff5ab7a00e8d3c5088557fdabebe91748d82069646%2C1d1a812ffb99c07c3c373bdbc3f84e27a770a9a8d8f3a8c6c4f156cadc0a468a%2C0d433f24c832a85aa5ec5a510f8bbdc7ebd19138362e7a1811801ffbd63d6004  delay=6.250 min_gap=0.000 last=1784634290.924
13:44:50.923  ENF   delay=6.250 min_gap=0.000 jitter=3.522 gap=9.772 since_last=0.000 sleep=9.772
13:45:00.959  PARSE Account 6:4:10 → 0.667s/req pen=10s (used=2); Ip 12:4:60 → 0.250s/req pen=60s (used=2); Ip 16:12:60 → 0.656s/req pen=60s (used=4)  delay 6.250→1.667  min_gap→0  max_usage=0%
13:45:00.959  RAW   content-type: application/json
13:45:00.959  RAW   x-rate-limit-policy: trade-fetch-request-limit
13:45:00.959  RAW   x-rate-limit-rules: Account,Ip
13:45:00.959  RAW   x-rate-limit-account: 6:4:10
13:45:00.959  RAW   x-rate-limit-account-state: 2:4:0
13:45:00.959  RAW   x-rate-limit-ip: 12:4:60,16:12:60
13:45:00.959  RAW   x-rate-limit-ip-state: 2:4:0,4:12:0
13:45:00.959  RAW   cf-cache-status: DYNAMIC
13:45:00.959  RAW   cf-ray: a1e9f4fb5e06ecbc-WAW
13:45:00.959  RESP  GET /api/trade/fetch/a33b3f74ab76bd7ed678a7a2e6e235a33eb8a64feac25dc795dcdf4316ba7036%2C4606a21d5c133ea239083361e28eac9694a067bd2a1ecfbedeee7149fa04cd6d%2Cfa3bf15927c1c5ccfa3f69ff5ab7a00e8d3c5088557fdabebe91748d82069646%2C1d1a812ffb99c07c3c373bdbc3f84e27a770a9a8d8f3a8c6c4f156cadc0a468a%2C0d433f24c832a85aa5ec5a510f8bbdc7ebd19138362e7a1811801ffbd63d6004 → 200  10.036s  delay=1.667 min_gap=0.000 last=1784634300.960
13:45:00.959  PRE   POST /api/trade/search/Standard  delay=1.667 min_gap=0.000 last=1784634300.960
13:45:00.959  ENF   delay=1.667 min_gap=0.000 jitter=2.551 gap=4.217 since_last=0.000 sleep=4.21713:45:05.519  PARSE Account 3:5:60 → 3.333s/req pen=60s (used=3); Ip 8:10:60 → 1.328s/req pen=60s (used=3); Ip 15:60:120 → 5.600s/req pen=120s (used=9); Ip 60:300:1800 → 5.250s/req pen=1800s (used=22)  delay 1.667→6.600  min_gap→0  max_usage=60%
13:45:05.519  RAW   content-type: application/json
13:45:05.519  RAW   x-rate-limit-policy: trade-search-request-limit
13:45:05.519  RAW   x-rate-limit-rules: Account,Ip
13:45:05.519  RAW   x-rate-limit-account: 3:5:60
13:45:05.519  RAW   x-rate-limit-account-state: 3:5:0
13:45:05.519  RAW   x-rate-limit-ip: 8:10:60,15:60:120,60:300:1800
13:45:05.519  RAW   x-rate-limit-ip-state: 3:10:0,9:60:0,22:300:0
13:45:05.520  RAW   cf-cache-status: DYNAMIC
13:45:05.520  RAW   cf-ray: a1e9f517bda4846b-WAW
13:45:05.520  RESP  POST /api/trade/search/Standard → 200  6.314s  delay=6.600 min_gap=0.000 last=1784634305.520
13:45:05.520  PRE   GET /api/trade/fetch/26d59adb7d097b87fbc4d139d8602c7f29203a974bf53b2cd05066ab22f8f97a%2C65460476fa59c9073a0497e7b9a2a59d8af9365e525f85264a98ff1947c7696d%2C257951b4d1428cef692bc8ea78190b2680e31593f8b2174298b715dc7b0366b6%2Ceb2054ad5fe0fed0631bba9bb4db78c28467195f09cefc108d19a1a8be99b902%2C21514b4bd6f5753e39b07d0eddd1875d39e6bc6b32b53347b7390d29de336b11  delay=6.600 min_gap=0.000 last=1784634305.520
13:45:05.520  ENF   delay=6.600 min_gap=0.000 jitter=2.996 gap=9.596 since_last=0.000 sleep=9.596
13:13:45:16.021  PARSE Account 6:4:10 → 0.833s/req pen=10s (used=3); Ip 12:4:60 → 0.292s/req pen=60s (used=3); Ip 16:12:60 → 0.656s/req pen=60s (used=4)  delay 6.200→1.833  min_gap→0  max_usage=0%
13:45:16.022  RAW   content-type: application/json
13:45:16.022  RAW   x-rate-limit-policy: trade-fetch-request-limit
13:45:16.022  RAW   x-rate-limit-rules: Account,Ip
13:45:16.022  RAW   x-rate-limit-account: 6:4:10
13:45:16.022  RAW   x-rate-limit-account-state: 3:4:0
13:45:16.022  RAW   x-rate-limit-ip: 12:4:60,16:12:60
13:45:16.022  RAW   x-rate-limit-ip-state: 3:4:0,4:12:0
13:45:16.022  RAW   cf-cache-status: DYNAMIC
13:45:16.022  RAW   cf-ray: a1e9f5597c05ecbc-WAW
13:45:16.022  RESP  GET /api/trade/fetch/26d59adb7d097b87fbc4d139d8602c7f29203a974bf53b2cd05066ab22f8f97a%2C65460476fa59c9073a0497e7b9a2a59d8af9365e525f85264a98ff1947c7696d%2C4353afd2447de4a2654476108b378834c70b4d50cb9cb3831dd08f06aaefb48b%2C3e63e6e992aa94490be0f8975f857f5c7fe6753388cd1aa6fd390c63b36fe21f%2C0542e4267464d1c0f67d6dd2aac261a5433dd8d150e1d508df8b9b9e96556a82 → 200  10.567s  delay=1.833 min_gap=0.000 last=1784634316.022
13:45:16.022  PRE   POST /api/trade/search/Standard  delay=1.833 min_gap=0.000 last=1784634316.022
13:45:16.022  ENF   delay=1.833 min_gap=0.000 jitter=2.204 gap=4.038 since_last=0.000 sleep=4.13:413:45:20.333  PARSE Account 3:5:60 → 3.333s/req pen=60s (used=3); Ip 8:10:60 → 1.328s/req pen=60s (used=3); Ip 15:60:120 → 6.800s/req pen=120s (used=12); Ip 60:300:1800 → 5.750s/req pen=1800s (used=26)  delay 1.833→7.800  min_gap→0  max_usage=80%
13:45:20.333  BACK  set 100s backoff at 80% usage
13:45:20.333  RAW   content-type: application/json
13:45:20.333  RAW   x-rate-limit-policy: trade-search-request-limit
13:45:20.333  RAW   x-rate-limit-rules: Account,Ip
13:45:20.333  RAW   x-rate-limit-account: 3:5:60
13:45:20.333  RAW   x-rate-limit-account-state: 3:5:0
13:45:20.333  RAW   x-rate-limit-ip: 8:10:60,15:60:120,60:300:1800
13:45:20.333  RAW   x-rate-limit-ip-state: 3:10:0,12:60:0,26:300:0
13:45:20.333  RAW   cf-cache-status: DYNAMIC
13:45:20.333  RAW   cf-ray: a1e9f5746922ecbc-WAW
13:45:20.333  RESP  POST /api/trade/search/Standard → 200  4.311s  delay=7.800 min_gap=0.000 last=1784634320.334
13:45:20.333  PRE   GET /api/trade/fetch/4606a21d5c133ea239083361e28eac9694a067bd2a1ecfbedeee7149fa04cd6d%2Cfa3bf15927c1c5ccfa3f69ff5ab7a00e8d3c5088557fdabebe91748d82069646%2C1d1a812ffb99c07c3c373bdbc3f84e27a770a9a8d8f3a8c6c4f156cadc0a468a%2C54f13cc3344929cfbd39da35228a2ec0785080848d488fcf48253a0104b0c378%2C0d433f24c832a85aa5ec5a510f8bbdc7ebd19138362e7a1811801ffbd63d6004  delay=7.800 min_gap=0.000 last=1784634320.334
13:45:20.333  BACK  sleep=13:45:13:47:00.333  ENF   delay=7.800 min_gap=0.000 jitter=2.029 gap=9.829 since_last=0.000 sleep=9.828
13:47:10.486  PARSE Account 6:4:10 → 0.500s/req pen=10s (used=1); Ip 12:4:60 → 0.208s/req pen=60s (used=1); Ip 16:12:60 → 0.516s/req pen=60s (used=2)  delay 7.800→1.516  min_gap→0  max_usage=0%
13:47:10.486  RAW   content-type: application/json
13:47:10.486  RAW   x-rate-limit-policy: trade-fetch-request-limit
13:47:10.486  RAW   x-rate-limit-rules: Account,Ip
13:47:10.486  RAW   x-rate-limit-account: 6:4:10
13:47:10.486  RAW   x-rate-limit-account-state: 1:4:0
13:47:10.486  RAW   x-rate-limit-ip: 12:4:60,16:12:60
13:47:10.486  RAW   x-rate-limit-ip-state: 1:4:0,2:12:0
13:47:10.486  RAW   cf-cache-status: DYNAMIC
13:47:10.486  RAW   cf-ray: a1e9f8248996ecbc-WAW
13:47:10.486  RESP  GET /api/trade/fetch/4606a21d5c133ea239083361e28eac9694a067bd2a1ecfbedeee7149fa04cd6d%2Cfa3bf15927c1c5ccfa3f69ff5ab7a00e8d3c5088557fdabebe91748d82069646%2C1d1a812ffb99c07c3c373bdbc3f84e27a770a9a8d8f3a8c6c4f156cadc0a468a%2C54f13cc3344929cfbd39da35228a2ec0785080848d488fcf48253a0104b0c378%2C0d433f24c832a85aa5ec5a510f8bbdc7ebd19138362e7a1811801ffbd63d6004 → 200  110.153s  delay=1.516 min_gap=0.000 last=1784634430.487
13:47:10.512  PRE   POST /api/trade/search/Standard  delay=1.516 min_gap=0.000 last=1784634430.487
13:47:10.512  ENF   delay=1.516 min_gap=0.000 jitter=2.501 gap=4.017 since_last=0.026 sleep=3.991
13:47:14.799  PARSE Account 3:5:60 → 1.667s/req pen=60s (used=1); Ip 8:10:60 → 1.328s/req pen=60s (used=3); Ip 15:60:120 → 4.800s/req pen=120s (used=7); Ip 60:300:1800 → 6.000s/req pen=1800s (used=28)  delay 1.516→7.000  min_gap→0  max_usage=47%
13:47:14.799  RAW   content-type: application/json
13:47:14.799  RAW   x-rate-limit-policy: trade-search-request-limit
13:47:14.799  RAW   x-rate-limit-rules: Account,Ip
13:47:14.799  RAW   x-rate-limit-account: 3:5:60
13:47:14.799  RAW   x-rate-limit-account-state: 1:5:0
13:47:14.799  RAW   x-rate-limit-ip: 8:10:60,15:60:120,60:300:1800
13:47:14.799  RAW   x-rate-limit-ip-state: 3:10:0,7:60:0,28:300:0
13:47:14.799  RAW   cf-cache-status: DYNAMIC
13:47:14.799  RAW   cf-ray: a1e9f83fafbbecbc-WAW
13:47:14.800  RESP  POST /api/trade/search/Standard → 200  4.287s  delay=7.000 min_gap=0.000 last=1784634434.800
13:47:14.800  PRE   GET /api/trade/fetch/55fa23a03933b603a7bb558204ca107844a1ef88dca830b910210b25c2a9f5b5%2C78c1fe8a2e92872099bb3612fde5f7228ec6f7c9e7ad4476b79cb51d7a9eec78%2C654ec5d5838122f9b0be0922f2da5111785b1d693ba03c90a4d2cb84461dcb48%2C002e23e241a6fb2076493c83b154652e2646afe0ee36db14e20f79f19f6b7677%2Ce8ccfca921e6d2fcabe10eea1a8d0d8cce823b76e024d5d2ea651a0e4967331e  delay=7.000 min_gap=0.000 last=1784634434.800
13:47:14.800  ENF   delay=7.000 min_gap=0.000 jitter=4.053 gap=11.053 since_last=0.000 sleep=11.053
:21.771  PARSE Account 6:4:10 → 0.500s/req pen=10s (used=1); Ip 12:4:60 → 0.208s/req pen=60s (used=1); Ip 16:12:60 → 0.445s/req pen=60s (used=1)  delay 6.625→1.500  min_gap→0  max_usage=0%
13:46:21.771  RAW   content-type: application/json
13:46:21.771  RAW   x-rate-limit-policy: trade-fetch-request-limit
13:46:21.771  RAW   x-rate-limit-rules: Account,Ip
13:46:21.771  RAW   x-rate-limit-account: 6:4:10
13:46:21.771  RAW   x-rate-limit-account-state: 1:4:0
13:46:21.771  RAW   x-rate-limit-ip: 12:4:60,16:12:60
13:46:21.771  RAW   x-rate-limit-ip-state: 1:4:0,1:12:0
13:46:21.771  RAW   cf-cache-status: DYNAMIC
13:46:21.771  RAW   cf-ray: a1e9f6f41d4f846b-WAW
13:46:21.771  RESP  GET /api/trade/fetch/55fa23a03933b603a7bb558204ca107844a1ef88dca830b910210b25c2a9f5b5%2C78c1fe8a2e92872099bb3612fde5f7228ec6f7c9e7ad4476b79cb51d7a9eec78%2C654ec5d5838122f9b0be0922f2da5111785b1d693ba03c90a4d2cb84461dcb48%2C002e23e241a6fb2076493c83b154652e2646afe0ee36db14e20f79f19f6b7677%2Ce8ccfca921e6d2fcabe10eea1a8d0d8cce823b76e024d5d2ea651a0e4967331e → 200  10.761s  delay=1.500 min_gap=0.000 last=1784634381.772
13:46:21.771  PRE   POST /api/trade/search/Standard  delay=1.500 min_gap=0.000 last=1784634381.772
13:46:21.771  ENF   delay=1.500 min_gap=0.000 jitter=2.016 gap=3.516 since_last=0.000 sleep=3.515
13:46:25.568  PARSE Account 3:5:60 → 1.667s/req pen=60s (used=1); Ip 8:10:60 → 0.859s/req pen=60s (used=1); Ip 15:60:120 → 3.200s/req pen=120s (used=3); Ip 60:300:1800 → 5.750s/req pen=1800s (used=26)  delay 1.500→6.750  min_gap→0  max_usage=43%
13:46:25.568  RAW   content-type: application/json
13:46:25.568  RAW   x-rate-limit-policy: trade-search-request-limit
13:46:25.568  RAW   x-rate-limit-rules: Account,Ip
13:46:25.568  RAW   x-rate-limit-account: 3:5:60
13:46:25.568  RAW   x-rate-limit-account-state: 1:5:0
13:46:25.568  RAW   x-rate-limit-ip: 8:10:60,15:60:120,60:300:1800
13:46:25.568  RAW   x-rate-limit-ip-state: 1:10:0,3:60:0,26:300:0
13:46:25.568  RAW   cf-cache-status: DYNAMIC
13:46:25.568  RAW   cf-ray: a1e9f70c19b4846b-WAW
13:46:25.568  RESP  POST /api/trade/search/Standard → 200  3.797s  delay=6.750 min_gap=0.000 last=1784634385.569
13:46:25.568  PRE   GET /api/trade/fetch/26d59adb7d097b87fbc4d139d8602c7f29203a974bf53b2cd05066ab22f8f97a%2C65460476fa59c9073a0497e7b9a2a59d8af9365e525f85264a98ff1947c7696d%2C21514b4bd6f5753e39b07d0eddd1875d39e6bc6b32b53347b7390d29de336b11%2C795fdde10c9ea0c64fdeb960223ff8488e217ab5f4b68f2bbc7d3a2bebee9519%2Cf9b4f23f4549a76f100e161c3aa7b820014b939a6193303ae4bfc69da50bf487  delay=6.750 min_gap=0.000 last=1784634385.569
13:46:25.568  ENF   delay=6.750 min_gap=0.000 jitter=3.439 gap=10.189 since_last=0.000 sleep=10.189
13:46:36.024  PARSE Account 6:4:10 → 0.500s/req pen=10s (used=1); Ip 12:4:60 → 0.208s/req pen=60s (used=1); Ip 16:12:60 → 0.445s/req pen=60s (used=1)  delay 6.750→1.500  min_gap→0  max_usage=0%
13:46:36.024  RAW   content-type: application/json
13:46:36.024  RAW   x-rate-limit-policy: trade-fetch-request-limit
13:46:36.024  RAW   x-rate-limit-rules: Account,Ip
13:46:36.024  RAW   x-rate-limit-account: 6:4:10
13:46:36.024  RAW   x-rate-limit-account-state: 1:4:0
13:46:36.024  RAW   x-rate-limit-ip: 12:4:60,16:12:60
13:46:36.024  RAW   x-rate-limit-ip-state: 1:4:0,1:12:0
13:46:36.024  RAW   cf-cache-status: DYNAMIC
13:46:36.024  RAW   cf-ray: a1e9f74d8ea2846b-WAW
13:46:36.024  RESP  GET /api/trade/fetch/26d59adb7d097b87fbc4d139d8602c7f29203a974bf53b2cd05066ab22f8f97a%2C65460476fa59c9073a0497e7b9a2a59d8af9365e525f85264a98ff1947c7696d%2C21514b4bd6f5753e39b07d0eddd1875d39e6bc6b32b53347b7390d29de336b11%2C795fdde10c9ea0c64fdeb960223ff8488e217ab5f4b68f2bbc7d3a2bebee9519%2Cf9b4f23f4549a76f100e161c3aa7b820014b939a6193303ae4bfc69da50bf487 → 200  10.455s  delay=1.500 min_gap=0.000 last=1784634396.025
13:46:36.024  PRE   POST /api/trade/search/Standard  delay=1.500 min_gap=0.000 last=1784634396.025
13:46:36.024  ENF   delay=1.500 min_gap=0.000 jitter=4.351 gap=5.851 since_last=0.000 sleep=5.850
13:46:42.166  PARSE Account 3:5:60 → 1.667s/req pen=60s (used=1); Ip 8:10:60 → 0.859s/req pen=60s (used=1); Ip 15:60:120 → 3.200s/req pen=120s (used=3); Ip 60:300:1800 → 5.875s/req pen=1800s (used=27)  delay 1.500→6.875  min_gap→0  max_usage=45%
13:46:42.166  RAW   content-type: application/json
13:46:42.166  RAW   x-rate-limit-policy: trade-search-request-limit
13:46:42.166  RAW   x-rate-limit-rules: Account,Ip
13:46:42.166  RAW   x-rate-limit-account: 3:5:60
13:46:42.166  RAW   x-rate-limit-account-state: 1:5:0
13:46:42.166  RAW   x-rate-limit-ip: 8:10:60,15:60:120,60:300:1800
13:46:42.166  RAW   x-rate-limit-ip-state: 1:10:0,3:60:0,27:300:0
13:46:42.166  RAW   cf-cache-status: DYNAMIC
13:46:42.166  RAW   cf-ray: a1e9f773b894846b-WAW
13:46:42.166  RESP  POST /api/trade/search/Standard → 200  6.142s  delay=6.875 min_gap=0.000 last=1784634402.167
13:46:42.167  PRE   GET /api/trade/fetch/78c1fe8a2e92872099bb3612fde5f7228ec6f7c9e7ad4476b79cb51d7a9eec78%2C002e23e241a6fb2076493c83b154652e2646afe0ee36db14e20f79f19f6b7677%2Cc599d066bfb725a2bf756cc3a43f7dc4205837a0686ed49173a2e45af8145ac5%2Ce8ccfca921e6d2fcabe10eea1a8d0d8cce823b76e024d5d2ea651a0e4967331e%2C0474f73622a0367f530231819b603eeb8ccdb3f604144b0c6964975b60c7adf4  delay=6.875 min_gap=0.000 last=1784634402.167
13:46:42.167  ENF   delay=6.875 min_gap=0.000 jitter=2.620 gap=9.495 since_last=0.000 sleep=9.495
13:46:51.975  PARSE Account 6:4:10 → 0.500s/req pen=10s (used=1); Ip 12:4:60 → 0.208s/req pen=60s (used=1); Ip 16:12:60 → 0.516s/req pen=60s (used=2)  delay 6.875→1.516  min_gap→0  max_usage=0%
13:46:51.975  RAW   content-type: application/json
13:46:51.975  RAW   x-rate-limit-policy: trade-fetch-request-limit
13:46:51.975  RAW   x-rate-limit-rules: Account,Ip
13:46:51.975  RAW   x-rate-limit-account: 6:4:10
13:46:51.975  RAW   x-rate-limit-account-state: 1:4:0
13:46:51.975  RAW   x-rate-limit-ip: 12:4:60,16:12:60
13:46:51.975  RAW   x-rate-limit-ip-state: 1:4:0,2:12:0
13:46:51.975  RAW   cf-cache-status: DYNAMIC
13:46:51.975  RAW   cf-ray: a1e9f7b0e98a846b-WAW
13:46:51.975  RESP  GET /api/trade/fetch/78c1fe8a2e92872099bb3612fde5f7228ec6f7c9e7ad4476b79cb51d7a9eec78%2C002e23e241a6fb2076493c83b154652e2646afe0ee36db14e20f79f19f6b7677%2Cc599d066bfb725a2bf756cc3a43f7dc4205837a0686ed49173a2e45af8145ac5%2Ce8ccfca921e6d2fcabe10eea1a8d0d8cce823b76e024d5d2ea651a0e4967331e%2C0474f73622a0367f530231819b603eeb8ccdb3f604144b0c6964975b60c7adf4 → 200  9.808s  delay=1.516 min_gap=0.000 last=1784634411.976
13:46:52.000  PRE   POST /api/trade/search/Standard  delay=1.516 min_gap=0.000 last=1784634411.976
13:46:52.000  ENF   delay=1.516 min_gap=0.000 jitter=3.612 gap=5.128 since_last=0.025 sleep=5.103
13:46:57.397  PARSE Account 3:5:60 → 1.667s/req pen=60s (used=1); Ip 8:10:60 → 0.859s/req pen=60s (used=1); Ip 15:60:120 → 4.000s/req pen=120s (used=5); Ip 60:300:1800 → 6.125s/req pen=1800s (used=29)  delay 1.516→7.125  min_gap→0  max_usage=48%
13:46:57.397  RAW   content-type: application/json
13:46:57.397  RAW   x-rate-limit-policy: trade-search-request-limit
13:46:57.397  RAW   x-rate-limit-rules: Account,Ip
13:46:57.397  RAW   x-rate-limit-account: 3:5:60
13:46:57.397  RAW   x-rate-limit-account-state: 1:5:0
13:46:57.397  RAW   x-rate-limit-ip: 8:10:60,15:60:120,60:300:1800
13:46:57.397  RAW   x-rate-limit-ip-state: 1:10:0,5:60:0,29:300:0
13:46:57.397  RAW   cf-cache-status: DYNAMIC
13:46:57.397  RAW   cf-ray: a1e9f7d2ef20846b-WAW
13:46:57.397  RESP  POST /api/trade/search/Standard → 200  5.396s  delay=7.125 min_gap=0.000 last=1784634417.397
13:46:57.397  PRE   POST /api/trade/search/Standard  delay=7.125 min_gap=0.000 last=1784634417.397
13:46:57.397  ENF   delay=7.125 min_gap=0.000 jitter=2.804 gap=9.929 since_last=0.000 sleep=9.929
13:47:07.613  PARSE Account 3:5:60 → 2.500s/req pen=60s (used=2); Ip 8:10:60 → 1.094s/req pen=60s (used=2); Ip 15:60:120 → 4.400s/req pen=120s (used=6); Ip 60:300:1800 → 5.875s/req pen=1800s (used=27)  delay 7.125→6.875  min_gap→0  max_usage=45%
13:47:07.613  RAW   content-type: application/json
13:47:07.613  RAW   x-rate-limit-policy: trade-search-request-limit
13:47:07.613  RAW   x-rate-limit-rules: Account,Ip
13:47:07.613  RAW   x-rate-limit-account: 3:5:60
13:47:07.613  RAW   x-rate-limit-account-state: 2:5:0
13:47:07.613  RAW   x-rate-limit-ip: 8:10:60,15:60:120,60:300:1800
13:47:07.613  RAW   x-rate-limit-ip-state: 2:10:0,6:60:0,27:300:0
13:47:07.613  RAW   cf-cache-status: DYNAMIC
13:47:07.613  RAW   cf-ray: a1e9f812cecb846b-WAW
13:47:07.613  RESP  POST /api/trade/search/Standard → 200  10.216s  delay=6.875 min_gap=0.000 last=1784634427.613
13:47:07.638  PRE   POST /api/trade/search/Standard  delay=6.875 min_gap=0.000 last=1784634427.613
13:47:07.638  ENF   delay=6.875 min_gap=0.000 jitter=4.910 gap=11.785 since_last=0.025 sleep=11.759
13:47:19.692  PARSE Account 3:5:60 → 1.667s/req pen=60s (used=1); Ip 8:10:60 → 1.094s/req pen=60s (used=2); Ip 15:60:120 → 4.800s/req pen=120s (used=7); Ip 60:300:1800 → 6.125s/req pen=1800s (used=29)  delay 6.875→7.125  min_gap→0  max_usage=48%
13:47:19.692  RAW   content-type: application/json
13:47:19.692  RAW   x-rate-limit-policy: trade-search-request-limit
13:47:19.693  RAW   x-rate-limit-rules: Account,Ip
13:47:19.693  RAW   x-rate-limit-account: 3:5:60
13:47:19.693  RAW   x-rate-limit-account-state: 1:5:0
13:47:19.693  RAW   x-rate-limit-ip: 8:10:60,15:60:120,60:300:1800
13:47:19.693  RAW   x-rate-limit-ip-state: 2:10:0,7:60:0,29:300:0
13:47:19.693  RAW   cf-cache-status: DYNAMIC
13:47:19.693  RAW   cf-ray: a1e9f85e49d8846b-WAW
13:47:19.693  RESP  POST /api/trade/search/Standard → 200  12.054s  delay=7.125 min_gap=0.000 last=1784634439.693
13:47:19.693  PRE   GET /api/trade/fetch/4fc30ef32b0db3438be40cd0cb4939919308306d56e8132582ffe4cee69f8d9a%2C4cf5747154a963027735341ca09ea1b4f5a92168220c7cb32978e0df05013a0e%2C3f394dd3358bfc21e75b905287630e8c3149ebdd33f10ef7f36829f39e72d73a%2C05b051417060e90797701fab241ef72170ef95d81e56915fe3fdd90610c40c14%2C2409fc17d4afb1b1bbc9f144022a5326bbe49d84d86d19834ed3db8f7ff4541d  delay=7.125 min_gap=0.000 last=1784634439.693
13:47:19.693  ENF   delay=7.125 min_gap=0.000 jitter=3.737 gap=10.862 since_last=0.000 sleep=10.862
13:47:30.820  PARSE Account 6:4:10 → 0.500s/req pen=10s (used=1); Ip 12:4:60 → 0.208s/req pen=60s (used=1); Ip 16:12:60 → 0.445s/req pen=60s (used=1)  delay 7.125→1.500  min_gap→0  max_usage=0%
13:47:30.820  RAW   content-type: application/json
13:47:30.820  RAW   x-rate-limit-policy: trade-fetch-request-limit
13:47:30.820  RAW   x-rate-limit-rules: Account,Ip
13:47:30.820  RAW   x-rate-limit-account: 6:4:10
13:47:30.821  RAW   x-rate-limit-account-state: 1:4:0
13:47:30.821  RAW   x-rate-limit-ip: 12:4:60,16:12:60
13:47:30.821  RAW   x-rate-limit-ip-state: 1:4:0,1:12:0
13:47:30.821  RAW   cf-cache-status: DYNAMIC
13:47:30.821  RAW   cf-ray: a1e9f8a3fd72846b-WAW
13:47:30.821  RESP  GET /api/trade/fetch/4fc30ef32b0db3438be40cd0cb4939919308306d56e8132582ffe4cee69f8d9a%2C4cf5747154a963027735341ca09ea1b4f5a92168220c7cb32978e0df05013a0e%2C3f394dd3358bfc21e75b905287630e8c3149ebdd33f10ef7f36829f39e72d73a%2C05b051417060e90797701fab241ef72170ef95d81e56915fe3fdd90610c40c14%2C2409fc17d4afb1b1bbc9f144022a5326bbe49d84d86d19834ed3db8f7ff4541d → 200  11.128s  delay=1.500 min_gap=0.000 last=1784634450.821
13:47:30.821  PRE   POST /api/trade/search/Standard  delay=1.500 min_gap=0.000 last=1784634450.821
13:47:30.821  ENF   delay=1.500 min_gap=0.000 jitter=2.968 gap=4.468 since_last=0.000 sleep=4.468
13:47:35.570  PARSE Account 3:5:60 → 2.500s/req pen=60s (used=2); Ip 8:10:60 → 1.094s/req pen=60s (used=2); Ip 15:60:120 → 6.000s/req pen=120s (used=10); Ip 60:300:1800 → 6.625s/req pen=1800s (used=33)  delay 1.500→7.625  min_gap→0  max_usage=67%
13:47:35.570  RAW   content-type: application/json
13:47:35.570  RAW   x-rate-limit-policy: trade-search-request-limit
13:47:35.570  RAW   x-rate-limit-rules: Account,Ip
13:47:35.570  RAW   x-rate-limit-account: 3:5:60
13:47:35.570  RAW   x-rate-limit-account-state: 2:5:0
13:47:35.570  RAW   x-rate-limit-ip: 8:10:60,15:60:120,60:300:1800
13:47:35.570  RAW   x-rate-limit-ip-state: 2:10:0,10:60:0,33:300:0
13:47:35.570  RAW   cf-cache-status: DYNAMIC
13:47:35.570  RAW   cf-ray: a1e9f8c1986b846b-WAW
13:47:35.570  RESP  POST /api/trade/search/Standard → 200  4.749s  delay=7.625 min_gap=0.000 last=1784634455.570
13:47:35.570  PRE   GET /api/trade/fetch/26d59adb7d097b87fbc4d139d8602c7f29203a974bf53b2cd05066ab22f8f97a%2C65460476fa59c9073a0497e7b9a2a59d8af9365e525f85264a98ff1947c7696d%2Cd68e0988cb6aea227e80eeb18dca08721bf2affc3d836e5497b00a68be387323%2C3570d71b284cd0dfda5728ef989a161bc42a18b40496128481c8dcf7bbf005d5%2C0542e4267464d1c0f67d6dd2aac261a5433dd8d150e1d508df8b9b9e96556a82  delay=7.625 min_gap=0.000 last=1784634455.570
13:47:35.570  ENF   delay=7.625 min_gap=0.000 jitter=2.542 gap=10.167 since_last=0.000 sleep=10.167
13:47:46.000  PARSE Account 6:4:10 → 0.500s/req pen=10s (used=1); Ip 12:4:60 → 0.208s/req pen=60s (used=1); Ip 16:12:60 → 0.516s/req pen=60s (used=2)  delay 7.625→1.516  min_gap→0  max_usage=0%
13:47:46.000  RAW   content-type: application/json
13:47:46.000  RAW   x-rate-limit-policy: trade-fetch-request-limit
13:47:46.000  RAW   x-rate-limit-rules: Account,Ip
13:47:46.000  RAW   x-rate-limit-account: 6:4:10
13:47:46.000  RAW   x-rate-limit-account-state: 1:4:0
13:47:46.000  RAW   x-rate-limit-ip: 12:4:60,16:12:60
13:47:46.000  RAW   x-rate-limit-ip-state: 1:4:0,2:12:0
13:47:46.000  RAW   cf-cache-status: DYNAMIC
13:47:46.000  RAW   cf-ray: a1e9f902e95d846b-WAW
13:47:46.000  RESP  GET /api/trade/fetch/26d59adb7d097b87fbc4d139d8602c7f29203a974bf53b2cd05066ab22f8f97a%2C65460476fa59c9073a0497e7b9a2a59d8af9365e525f85264a98ff1947c7696d%2Cd68e0988cb6aea227e80eeb18dca08721bf2affc3d836e5497b00a68be387323%2C3570d71b284cd0dfda5728ef989a161bc42a18b40496128481c8dcf7bbf005d5%2C0542e4267464d1c0f67d6dd2aac261a5433dd8d150e1d508df8b9b9e96556a82 → 200  10.430s  delay=1.516 min_gap=0.000 last=1784634466.000
13:47:46.000  PRE   POST /api/trade/search/Standard  delay=1.516 min_gap=0.000 last=1784634466.000
13:47:46.000  ENF   delay=1.516 min_gap=0.000 jitter=2.024 gap=3.540 since_last=0.000 sleep=3.540
13:47:49.825  PARSE Account 3:5:60 → 1.667s/req pen=60s (used=1); Ip 8:10:60 → 1.094s/req pen=60s (used=2); Ip 15:60:120 → 6.000s/req pen=120s (used=10); Ip 60:300:1800 → 6.875s/req pen=1800s (used=35)  delay 1.516→7.875  min_gap→0  max_usage=67%
13:47:49.825  RAW   content-type: application/json
13:47:49.825  RAW   x-rate-limit-policy: trade-search-request-limit
13:47:49.825  RAW   x-rate-limit-rules: Account,Ip
13:47:49.825  RAW   x-rate-limit-account: 3:5:60
13:47:49.825  RAW   x-rate-limit-account-state: 1:5:0
13:47:49.825  RAW   x-rate-limit-ip: 8:10:60,15:60:120,60:300:1800
13:47:49.825  RAW   x-rate-limit-ip-state: 2:10:0,10:60:0,35:300:0
13:47:49.825  RAW   cf-cache-status: DYNAMIC
13:47:49.825  RAW   cf-ray: a1e9f91aaec7846b-WAW
13:47:49.825  RESP  POST /api/trade/search/Standard → 200  3.825s  delay=7.875 min_gap=0.000 last=1784634469.826
13:47:49.825  PRE   GET /api/trade/fetch/1c5fca00d597e5b8e0192927c543dc34f1c7ded8a406aca9146a7e60e6c5bc78%2Cc62a9a44bc1b4173984118a92c3c98b4dc735f459cfd57c5f6b1b645edd839be%2Ca1477089d73c045c428f6246ff85bd78ea5fcfed5539be30a5d28e9e277884aa%2Caa09b353f434f3fce77d0c9b2b406c667565131c92b28add1869ab9633706f95%2Cdf9cb612db106097142a414382ce95e874d4f170284a32ac5d17ed96249395be  delay=7.875 min_gap=0.000 last=1784634469.826
13:47:49.825  ENF   delay=7.875 min_gap=0.000 jitter=4.470 gap=12.345 since_last=0.000 sleep=12.345
