13:47:55.136  INIT  user_agent=test/0.1.0 delay=0.0 min_gap=1.0
13:47:55.136  PRE   POST /api/trade/search/Standard  delay=0.000 min_gap=1.000 last=1784634465.136
13:47:55.136  RESP  POST /api/trade/search/Standard → 429  0.000s  delay=0.000 min_gap=1.000 last=1784634475.137
13:47:55.136  BODY  req=(none)
13:47:55.136  BODY  resp=
13:47:55.136  !! 429 ! headers={'Server': 'cloudflare'}  state_delay=0.000 state_min_gap=1.000 state_last=1784634475.137
13:47:55.136  INIT  user_agent=test/0.1.0 delay=0.0 min_gap=1.0
13:47:55.136  PRE   POST /api/trade/search/Standard  delay=0.000 min_gap=1.000 last=1784634465.137
13:47:55.137  PARSE Account 1:5:60 → 1.500s/req pen=60s (used=0)  delay 0.000→2.500  min_gap→0  max_usage=0%
13:47:55.137  RAW   X-Rate-Limit-Rules: Account
13:47:55.137  RAW   X-Rate-Limit-Account: 1:5:60
13:47:55.137  RESP  POST /api/trade/search/Standard → 429  0.000s  delay=2.500 min_gap=0.000 last=1784634475.137
13:47:55.137  BODY  req=(none)
13:47:55.137  BODY  resp=
13:47:55.137  !! 429 ! headers={'X-Rate-Limit-Rules': 'Account', 'X-Rate-Limit-Account': '1:5:60'}  state_delay=2.500 state_min_gap=0.000 state_last=1784634475.137
13:47:55.137  INIT  user_agent=test/0.1.0 delay=0.0 min_gap=1.0
13:47:55.137  PRE   POST /api/trade/search/Standard  delay=0.000 min_gap=1.000 last=1784634475.137
13:47:55.137  ENF   delay=0.000 min_gap=1.000 jitter=0.000 gap=1.000 since_last=0.000 sleep=1.000
13:47:56.137  PARSE Account 1:1:1 → 0.300s/req pen=1s (used=0)  delay 0.000→1.300  min_gap→0  max_usage=0%
13:47:56.137  RAW   X-Rate-Limit-Rules: Account
13:47:56.137  RAW   X-Rate-Limit-Account: 1:1:1
13:47:56.137  RESP  POST /api/trade/search/Standard → 200  1.000s  delay=1.300 min_gap=0.000 last=1784634476.137
13:47:56.137  INIT  user_agent=test/0.1.0 delay=0.0 min_gap=1.0
13:47:56.137  PRE   POST /api/trade/search/Standard  delay=0.000 min_gap=1.000 last=1784634476.138
13:47:56.137  ENF   delay=0.000 min_gap=1.000 jitter=0.000 gap=1.000 since_last=0.000 sleep=1.000
13:47:56.138  PARSE Account 3:5:60 → 0.500s/req pen=60s (used=0)  delay 0.000→1.500  min_gap→0  max_usage=0%
13:47:56.138  RAW   X-Rate-Limit-Rules: Account
13:47:56.138  RAW   X-Rate-Limit-Account: 3:5:60
13:47:56.138  RESP  POST /api/trade/search/Standard → 200  0.000s  delay=1.500 min_gap=0.000 last=1784634476.138
13:47:56.138  PRE   GET /api/trade/fetch/a  delay=1.500 min_gap=0.000 last=1784634476.138
13:47:56.138  ENF   delay=1.500 min_gap=0.000 jitter=0.000 gap=1.500 since_last=0.000 sleep=1.500
13:47:56.138  PARSE Account 3:5:60 → 0.500s/req pen=60s (used=0)  delay 1.500→1.500  min_gap→0  max_usage=0%
13:47:56.138  RAW   X-Rate-Limit-Rules: Account
13:47:56.138  RAW   X-Rate-Limit-Account: 3:5:60
13:47:56.138  RESP  GET /api/trade/fetch/a → 200  0.000s  delay=1.500 min_gap=0.000 last=1784634476.138
13:47:56.138  INIT  user_agent=test/0.1.0 delay=0.0 min_gap=1.0
13:47:56.138  PRE   POST /api/trade/search/Standard  delay=0.000 min_gap=1.000 last=990.000
13:47:56.138  RESP  POST /api/trade/search/Standard → 200  0.000s  delay=0.000 min_gap=1.000 last=1000.000
13:47:56.138  PRE   POST /api/trade/search/Standard  delay=0.000 min_gap=1.000 last=1000.000
13:47:56.138  ENF   delay=0.000 min_gap=1.000 jitter=2.000 gap=3.000 since_last=0.000 sleep=3.000
13:47:56.138  RESP  POST /api/trade/search/Standard → 200  3.000s  delay=0.000 min_gap=1.000 last=1003.000
13:47:56.138  PRE   POST /api/trade/search/Standard  delay=0.000 min_gap=1.000 last=1003.000
13:47:56.138  ENF   delay=0.000 min_gap=1.000 jitter=2.000 gap=3.000 since_last=0.000 sleep=3.000
13:47:56.138  PARSE Account 3:5:60 → 0.500s/req pen=60s (used=0)  delay 0.000→1.500  min_gap→0  max_usage=0%
13:47:56.138  RAW   X-Rate-Limit-Rules: Account
13:47:56.138  RAW   X-Rate-Limit-Account: 3:5:60
13:47:56.138  RESP  POST /api/trade/search/Standard → 200  3.000s  delay=1.500 min_gap=0.000 last=1006.000
13:47:56.138  PRE   POST /api/trade/search/Standard  delay=1.500 min_gap=0.000 last=1006.000
13:47:56.138  ENF   delay=1.500 min_gap=0.000 jitter=2.000 gap=3.500 since_last=0.000 sleep=3.500
13:47:56.138  PARSE Account 3:5:60 → 0.500s/req pen=60s (used=0)  delay 1.500→1.500  min_gap→0  max_usage=0%
13:47:56.138  RAW   X-Rate-Limit-Rules: Account
13:47:56.138  RAW   X-Rate-Limit-Account: 3:5:60
13:47:56.138  RESP  POST /api/trade/search/Standard → 200  3.500s  delay=1.500 min_gap=0.000 last=1009.500
13:47:56.138  PRE   POST /api/trade/search/Standard  delay=1.500 min_gap=0.000 last=1009.500
13:47:56.138  ENF   delay=1.500 min_gap=0.000 jitter=2.000 gap=3.500 since_last=0.000 sleep=3.500
13:47:56.138  PARSE Ip 60:300:1800 → 1.500s/req pen=1800s (used=0)  delay 1.500→2.500  min_gap→0  max_usage=0%
13:47:56.138  RAW   X-Rate-Limit-Rules: Ip
13:47:56.138  RAW   X-Rate-Limit-Ip: 60:300:1800
13:47:56.138  RESP  POST /api/trade/search/Standard → 200  3.500s  delay=2.500 min_gap=0.000 last=1013.000
13:47:56.138  PRE   POST /api/trade/search/Standard  delay=2.500 min_gap=0.000 last=1013.000
13:47:56.138  ENF   delay=2.500 min_gap=0.000 jitter=2.000 gap=4.500 since_last=0.000 sleep=4.500
13:47:56.138  PARSE Ip 60:300:1800 → 1.500s/req pen=1800s (used=0)  delay 2.500→2.500  min_gap→0  max_usage=0%
13:47:56.138  RAW   X-Rate-Limit-Rules: Ip
13:47:56.138  RAW   X-Rate-Limit-Ip: 60:300:1800
13:47:56.138  RESP  POST /api/trade/search/Standard → 200  4.500s  delay=2.500 min_gap=0.000 last=1017.500
13:47:56.138  INIT  user_agent=test/0.1.0 delay=0.0 min_gap=1.0
13:47:56.138  PRE   POST /api/trade/search/Standard  delay=0.000 min_gap=1.000 last=1784634476.139
13:47:56.138  ENF   delay=0.000 min_gap=1.000 jitter=0.000 gap=1.000 since_last=0.000 sleep=1.000
13:47:57.139  PARSE Ip 60:300:1800 → 6.250s/req pen=1800s (used=30)  delay 0.000→7.250  min_gap→0  max_usage=50%
13:47:57.139  RAW   X-Rate-Limit-Rules: Ip
13:47:57.139  RAW   X-Rate-Limit-Ip: 60:300:1800
13:47:57.139  RAW   X-Rate-Limit-Ip-State: 30:300:0
13:47:57.139  RESP  POST /api/trade/search/Standard → 200  1.000s  delay=7.250 min_gap=0.000 last=1784634477.139
13:47:57.139  PRE   POST /api/trade/search/Standard  delay=7.250 min_gap=0.000 last=1784634477.139
13:47:57.139  ENF   delay=7.250 min_gap=0.000 jitter=0.000 gap=7.250 since_last=0.000 sleep=7.250
13:48:04.389  PARSE Ip 60:300:1800 → 2.875s/req pen=1800s (used=3)  delay 7.250→3.875  min_gap→0  max_usage=5%
13:48:04.389  RAW   X-Rate-Limit-Rules: Ip
13:48:04.389  RAW   X-Rate-Limit-Ip: 60:300:1800
13:48:04.389  RAW   X-Rate-Limit-Ip-State: 3:300:0
13:48:04.389  RESP  POST /api/trade/search/Standard → 200  7.250s  delay=3.875 min_gap=0.000 last=1784634484.389
13:48:04.389  INIT  user_agent=test/0.1.0 delay=0.0 min_gap=1.0
13:48:04.389  PRE   POST /api/trade/search/Standard  delay=0.000 min_gap=1.000 last=1784634484.390
13:48:04.389  ENF   delay=0.000 min_gap=1.000 jitter=0.000 gap=1.000 since_last=0.000 sleep=1.000
13:48:05.389  PARSE Ip 60:300:1800 → 1.500s/req pen=1800s (used=0)  delay 0.000→2.500  min_gap→0  max_usage=0%
13:48:05.389  RAW   X-Rate-Limit-Rules: Ip
13:48:05.389  RAW   X-Rate-Limit-Ip: 60:300:1800
13:48:05.389  RESP  POST /api/trade/search/Standard → 200  1.000s  delay=2.500 min_gap=0.000 last=1784634485.390
13:48:05.389  INIT  user_agent=test/0.1.0 delay=0.0 min_gap=1.0
13:48:05.390  PRE   POST /api/trade/search/Standard  delay=0.000 min_gap=1.000 last=1784634485.390
13:48:05.390  ENF   delay=0.000 min_gap=1.000 jitter=0.000 gap=1.000 since_last=0.000 sleep=1.000
13:48:05.390  RESP  POST /api/trade/search/Standard → 200  0.000s  delay=0.000 min_gap=1.000 last=1784634485.390
13:48:05.390  PRE   POST /api/trade/search/Standard  delay=0.000 min_gap=1.000 last=1784634485.390
13:48:05.390  ENF   delay=0.000 min_gap=1.000 jitter=0.000 gap=1.000 since_last=0.000 sleep=1.000
13:48:05.390  RESP  POST /api/trade/search/Standard → 200  0.000s  delay=0.000 min_gap=1.000 last=1784634485.390
13:48:05.390  INIT  user_agent=test/0.1.0 delay=0.0 min_gap=1.0
13:48:05.390  PRE   POST /api/trade/search/Standard  delay=0.000 min_gap=1.000 last=1784634485.390
13:48:05.390  ENF   delay=0.000 min_gap=1.000 jitter=0.000 gap=1.000 since_last=0.000 sleep=1.000
13:48:06.390  PARSE Account 3:5:60 → 0.500s/req pen=60s (used=0)  delay 0.000→1.500  min_gap→0  max_usage=0%
13:48:06.390  RAW   X-Rate-Limit-Rules: Account
13:48:06.390  RAW   X-Rate-Limit-Account: 3:5:60
13:48:06.390  RESP  POST /api/trade/search/Standard → 200  1.000s  delay=1.500 min_gap=0.000 last=1784634486.391
13:48:06.390  INIT  user_agent=test/0.1.0 delay=0.0 min_gap=1.0
13:48:06.390  PRE   POST /api/trade/search/Standard  delay=0.000 min_gap=1.000 last=1784634486.391
13:48:06.390  ENF   delay=0.000 min_gap=1.000 jitter=0.000 gap=1.000 since_last=0.000 sleep=1.000
13:48:07.390  PARSE Ip 60:300:1800 → 9.250s/req pen=1800s (used=54)  delay 0.000→10.250  min_gap→0  max_usage=90%
13:48:07.390  BACK  set 200s backoff at 90% usage
13:48:07.390  RAW   X-Rate-Limit-Rules: Ip
13:48:07.390  RAW   X-Rate-Limit-Ip: 60:300:1800
13:48:07.391  RAW   X-Rate-Limit-Ip-State: 54:300:0
13:48:07.391  RESP  POST /api/trade/search/Standard → 200  1.000s  delay=10.250 min_gap=0.000 last=1784634487.391
13:48:07.391  INIT  user_agent=test/0.1.0 delay=0.0 min_gap=1.0
13:48:07.391  LOCK  sleep=9999.000
13:48:07.391  ENF   delay=0.010 min_gap=1.000 jitter=0.000 gap=1.000 since_last=0.000 sleep=1.000
13:48:07.391  INIT  user_agent=test/0.1.0 delay=0.0 min_gap=1.0
13:48:07.391  PRE   POST /api/trade/search/Standard  delay=0.000 min_gap=1.000 last=1784634487.392
13:48:07.391  ENF   delay=0.000 min_gap=1.000 jitter=0.000 gap=1.000 since_last=0.000 sleep=1.000
13:48:08.391  PARSE Ip 60:300:1800 → 3.250s/req pen=1800s (used=6)  delay 0.000→4.250  min_gap→0  max_usage=10%
13:48:08.391  RAW   X-Rate-Limit-Rules: Ip
13:48:08.391  RAW   X-Rate-Limit-Ip: 60:300:1800
13:48:08.391  RAW   X-Rate-Limit-Ip-State: 6:300:0
13:48:08.391  RESP  POST /api/trade/search/Standard → 200  1.000s  delay=4.250 min_gap=0.000 last=1784634488.392
13:48:08.392  INIT  user_agent=test/0.1.0 delay=0.0 min_gap=1.0
13:48:08.392  PRE   POST /api/trade/search/Standard  delay=0.000 min_gap=1.000 last=1784634488.392
13:48:08.392  ENF   delay=0.000 min_gap=1.000 jitter=0.000 gap=1.000 since_last=0.000 sleep=1.000
13:48:09.392  PARSE Account 3:5:60 → 0.500s/req pen=60s (used=0)  delay 0.000→1.500  min_gap→0  max_usage=0%
13:48:09.392  RAW   X-Rate-Limit-Rules: Account
13:48:09.392  RAW   X-Rate-Limit-Account: 3:5:60
13:48:09.392  RESP  POST /api/trade/search/Standard → 200  1.000s  delay=1.500 min_gap=0.000 last=1784634489.392
13:48:09.392  INIT  user_agent=test/0.1.0 delay=0.0 min_gap=1.0
13:48:09.392  PRE   POST /api/trade/search/Standard  delay=0.000 min_gap=1.000 last=1784634489.392
13:48:09.392  ENF   delay=0.000 min_gap=1.000 jitter=0.000 gap=1.000 since_last=0.000 sleep=1.000
13:48:10.392  PARSE Ip 8:10:60 → 0.375s/req pen=60s (used=0); Ip 15:60:120 → 1.200s/req pen=120s (used=0); Ip 60:300:1800 → 1.500s/req pen=1800s (used=0)  delay 0.000→2.500  min_gap→0  max_usage=0%
13:48:10.392  RAW   X-Rate-Limit-Rules: Ip
13:48:10.392  RAW   X-Rate-Limit-Ip: 8:10:60,15:60:120,60:300:1800
13:48:10.392  RESP  POST /api/trade/search/Standard → 200  1.000s  delay=2.500 min_gap=0.000 last=1784634490.393
13:48:10.392  INIT  user_agent=test/0.1.0 delay=0.0 min_gap=1.0
13:48:10.392  PRE   POST /api/trade/search/Standard  delay=0.000 min_gap=1.000 last=1784634490.393
13:48:10.392  ENF   delay=0.000 min_gap=1.000 jitter=0.000 gap=1.000 since_last=0.000 sleep=1.000
13:48:11.392  PARSE Account 3:5:60 → 2.500s/req pen=60s (used=2); Ip 15:60:120 → 3.200s/req pen=120s (used=3)  delay 0.000→4.200  min_gap→0  max_usage=20%
13:48:11.392  RAW   X-Rate-Limit-Rules: Account,Ip
13:48:11.392  RAW   X-Rate-Limit-Account: 3:5:60
13:48:11.392  RAW   X-Rate-Limit-Account-State: 2:5:0
13:48:11.392  RAW   X-Rate-Limit-Ip: 15:60:120
13:48:11.392  RAW   X-Rate-Limit-Ip-State: 3:60:0
13:48:11.393  RESP  POST /api/trade/search/Standard → 200  1.000s  delay=4.200 min_gap=0.000 last=1784634491.393
13:48:11.393  INIT  user_agent=test/0.1.0 delay=0.0 min_gap=1.0
13:48:11.393  PRE   POST /api/trade/search/Standard  delay=0.000 min_gap=1.000 last=1784634491.393
13:48:11.393  ENF   delay=0.000 min_gap=1.000 jitter=0.000 gap=1.000 since_last=0.000 sleep=1.000
13:48:12.393  PARSE Account 3:5:60 → 0.500s/req pen=60s (used=0); Ip 60:300:1800 → 1.500s/req pen=1800s (used=0)  delay 0.000→2.500  min_gap→0  max_usage=0%
13:48:12.393  RAW   X-Rate-Limit-Rules: Account,Ip
13:48:12.393  RAW   X-Rate-Limit-Account: 3:5:60
13:48:12.393  RAW   X-Rate-Limit-Ip: 60:300:1800
13:48:12.393  RESP  POST /api/trade/search/Standard → 200  1.000s  delay=2.500 min_gap=0.000 last=1784634492.393
13:48:12.393  INIT  user_agent=test/0.1.0 delay=0.0 min_gap=1.0
13:48:12.393  PRE   POST /api/trade/search/Standard  delay=0.000 min_gap=1.000 last=1784634492.394
13:48:12.393  ENF   delay=0.000 min_gap=1.000 jitter=0.000 gap=1.000 since_last=0.000 sleep=1.000
13:48:13.393  RESP  POST /api/trade/search/Standard → 200  1.000s  delay=0.000 min_gap=1.000 last=1784634493.394
