11:09:55.007  INIT  user_agent=OAuth pypoe/0.1.0 (flipper) delay=0.0 min_gap=1.0
11:09:55.009  PRE   POST /api/trade/search/Standard  delay=0.000 min_gap=1.000 last=1784797795.007
11:09:55.009  ENF   delay=0.000 min_gap=1.000 jitter=2.312 gap=3.312 since_last=0.002 sleep=3.310
11:09:58.662  PARSE Account 3:5:60 → 2.500s/req pen=60s (used=2); Ip 8:10:60 → 1.094s/req pen=60s (used=2); Ip 15:60:120 → 5.600s/req pen=120s (used=9); Ip 60:300:1800 → 7.625s/req pen=1800s (used=41)  delay 0.000→8.625  min_gap→0  max_usage=68%
11:09:58.662  RAW   content-type: application/json
11:09:58.662  RAW   x-rate-limit-policy: trade-search-request-limit
11:09:58.662  RAW   x-rate-limit-rules: Account,Ip
11:09:58.662  RAW   x-rate-limit-account: 3:5:60
11:09:58.662  RAW   x-rate-limit-account-state: 2:5:0
11:09:58.662  RAW   x-rate-limit-ip: 8:10:60,15:60:120,60:300:1800
11:09:58.662  RAW   x-rate-limit-ip-state: 2:10:0,9:60:0,41:300:0
11:09:58.662  RAW   cf-cache-status: DYNAMIC
11:09:58.662  RAW   cf-ray: a1f98c9fabad722f-WAW
11:09:58.662  RESP  POST /api/trade/search/Standard → 200  3.653s  delay=8.625 min_gap=0.000 last=1784797798.663
11:09:58.662  PRE   GET /api/trade/fetch/a3473ad1cec9ee8cc1d4d41ded2bc623604b9824d01dab044cacd99a6da823e1%2C020127c93b9305fd0652cd301a79f0a923c88e04ab86e09f8f6e96d0c3bb4209%2C816bd83daf2248d30bf327c020f659e9294ce15a2a03b8dd5533c43582137f3f%2C9a95d4b645ab0c66ad1643a8816f69816f4ded0db8f6629387cad977c242049b%2Cc801b4fee0e0d8b7858fcabd8e5124eb1f74b9a486ca2e98dcae3b0b60024440  delay=8.625 min_gap=0.000 last=1784797798.663
11:09:58.662  ENF   delay=8.625 min_gap=0.000 jitter=1.632 gap=10.257 since_last=0.000 sleep=10.257
11:10:09.229  PARSE Account 6:4:10 → 0.667s/req pen=10s (used=2); Ip 12:4:60 → 0.250s/req pen=60s (used=2); Ip 16:12:60 → 0.516s/req pen=60s (used=2)  delay 8.625→1.667  min_gap→0  max_usage=0%
11:10:09.229  RAW   content-type: application/json
11:10:09.229  RAW   x-rate-limit-policy: trade-fetch-request-limit
11:10:09.229  RAW   x-rate-limit-rules: Account,Ip
11:10:09.229  RAW   x-rate-limit-account: 6:4:10
11:10:09.229  RAW   x-rate-limit-account-state: 2:4:0
11:10:09.229  RAW   x-rate-limit-ip: 12:4:60,16:12:60
11:10:09.229  RAW   x-rate-limit-ip-state: 2:4:0,2:12:0
11:10:09.229  RAW   cf-cache-status: DYNAMIC
11:10:09.229  RAW   cf-ray: a1f98ce1ce74722f-WAW
11:10:09.229  RESP  GET /api/trade/fetch/a3473ad1cec9ee8cc1d4d41ded2bc623604b9824d01dab044cacd99a6da823e1%2C020127c93b9305fd0652cd301a79f0a923c88e04ab86e09f8f6e96d0c3bb4209%2C816bd83daf2248d30bf327c020f659e9294ce15a2a03b8dd5533c43582137f3f%2C9a95d4b645ab0c66ad1643a8816f69816f4ded0db8f6629387cad977c242049b%2Cc801b4fee0e0d8b7858fcabd8e5124eb1f74b9a486ca2e98dcae3b0b60024440 → 200  10.566s  delay=1.667 min_gap=0.000 last=1784797809.229
11:10:09.229  PRE   POST /api/trade/search/Standard  delay=1.667 min_gap=0.000 last=1784797809.229
11:10:09.229  ENF   delay=1.667 min_gap=0.000 jitter=2.082 gap=3.749 since_last=0.000 sleep=3.749
11:10:13.314  PARSE Account 3:5:60 → 2.500s/req pen=60s (used=2); Ip 8:10:60 → 1.094s/req pen=60s (used=2); Ip 15:60:120 → 5.600s/req pen=120s (used=9); Ip 60:300:1800 → 6.875s/req pen=1800s (used=35)  delay 1.667→7.875  min_gap→0  max_usage=60%
11:10:13.314  RAW   content-type: application/json
11:10:13.314  RAW   x-rate-limit-policy: trade-search-request-limit
11:10:13.314  RAW   x-rate-limit-rules: Account,Ip
11:10:13.314  RAW   x-rate-limit-account: 3:5:60
11:10:13.314  RAW   x-rate-limit-account-state: 2:5:0
11:10:13.314  RAW   x-rate-limit-ip: 8:10:60,15:60:120,60:300:1800
11:10:13.314  RAW   x-rate-limit-ip-state: 2:10:0,9:60:0,35:300:0
11:10:13.314  RAW   cf-cache-status: DYNAMIC
11:10:13.314  RAW   cf-ray: a1f98cfb2d29722f-WAW
11:10:13.314  RESP  POST /api/trade/search/Standard → 200  4.085s  delay=7.875 min_gap=0.000 last=1784797813.315
11:10:13.314  PRE   GET /api/trade/fetch/534d4756b7f44330b30f614831e452a5e813fa84cea5485a38adafd98e1d3fea%2C0495847f858003e6053eedb261951b318ecaeec770a9c09f9bea3e444357e11c%2C4ae092dd8291e214a47095960a47cde0c566ccdad2d314601eafc7fa1ce861a6%2Cccdfd3d5c3a29c33d9121560363fb392fcb47185c73daac4acd17bafc5f73beb%2C9d5927738bf204deda9befaca7cec56c3f12cd06a508783a684e1fa9f5956cbc  delay=7.875 min_gap=0.000 last=1784797813.315
11:10:13.314  ENF   delay=7.875 min_gap=0.000 jitter=1.965 gap=9.840 since_last=0.000 sleep=9.840
11:10:23.456  PARSE Account 6:4:10 → 0.667s/req pen=10s (used=2); Ip 12:4:60 → 0.250s/req pen=60s (used=2); Ip 16:12:60 → 0.516s/req pen=60s (used=2)  delay 7.875→1.667  min_gap→0  max_usage=0%
11:10:23.456  RAW   content-type: application/json
11:10:23.456  RAW   x-rate-limit-policy: trade-fetch-request-limit
11:10:23.456  RAW   x-rate-limit-rules: Account,Ip
11:10:23.456  RAW   x-rate-limit-account: 6:4:10
11:10:23.456  RAW   x-rate-limit-account-state: 2:4:0
11:10:23.456  RAW   x-rate-limit-ip: 12:4:60,16:12:60
11:10:23.456  RAW   x-rate-limit-ip-state: 2:4:0,2:12:0
11:10:23.456  RAW   cf-cache-status: DYNAMIC
11:10:23.456  RAW   cf-ray: a1f98d3ab84a722f-WAW
11:10:23.456  RESP  GET /api/trade/fetch/534d4756b7f44330b30f614831e452a5e813fa84cea5485a38adafd98e1d3fea%2C0495847f858003e6053eedb261951b318ecaeec770a9c09f9bea3e444357e11c%2C4ae092dd8291e214a47095960a47cde0c566ccdad2d314601eafc7fa1ce861a6%2Cccdfd3d5c3a29c33d9121560363fb392fcb47185c73daac4acd17bafc5f73beb%2C9d5927738bf204deda9befaca7cec56c3f12cd06a508783a684e1fa9f5956cbc → 200  10.141s  delay=1.667 min_gap=0.000 last=1784797823.457
11:10:23.456  PRE   POST /api/trade/search/Standard  delay=1.667 min_gap=0.000 last=1784797823.457
11:10:23.456  ENF   delay=1.667 min_gap=0.000 jitter=1.994 gap=3.661 since_last=0.000 sleep=3.661
11:10:27.473  PARSE Account 3:5:60 → 2.500s/req pen=60s (used=2); Ip 8:10:60 → 1.094s/req pen=60s (used=2); Ip 15:60:120 → 5.600s/req pen=120s (used=9); Ip 60:300:1800 → 7.125s/req pen=1800s (used=37)  delay 1.667→8.125  min_gap→0  max_usage=62%
11:10:27.473  RAW   content-type: application/json
11:10:27.473  RAW   x-rate-limit-policy: trade-search-request-limit
11:10:27.473  RAW   x-rate-limit-rules: Account,Ip
11:10:27.473  RAW   x-rate-limit-account: 3:5:60
11:10:27.473  RAW   x-rate-limit-account-state: 2:5:0
11:10:27.473  RAW   x-rate-limit-ip: 8:10:60,15:60:120,60:300:1800
11:10:27.473  RAW   x-rate-limit-ip-state: 2:10:0,9:60:0,37:300:0
11:10:27.473  RAW   cf-cache-status: DYNAMIC
11:10:27.473  RAW   cf-ray: a1f98d538817722f-WAW
11:10:27.473  RESP  POST /api/trade/search/Standard → 200  4.016s  delay=8.125 min_gap=0.000 last=1784797827.473
11:10:27.473  PRE   GET /api/trade/fetch/9a95d4b645ab0c66ad1643a8816f69816f4ded0db8f6629387cad977c242049b%2C2348553c12fecd205856cadcf7d8bee5bcc19710c25c85274ce1466a973c03de%2Ca1929606e15144db64d1f8bcdf76f2b070ff7fb67e2047196501ef2eb5a7ea38%2C81d10120db16868196cd81688bab4cd7c78f28730cdd15fa3931ebcf8fd521bd%2Cc5a0e6f7b4bb99fc5cab318a6727749d9bd83bbf0e4bd74067566088bb8978d4  delay=8.125 min_gap=0.000 last=1784797827.473
11:10:27.473  ENF   delay=8.125 min_gap=0.000 jitter=2.169 gap=10.294 since_last=0.000 sleep=10.294
11:10:38.055  PARSE Account 6:4:10 → 0.667s/req pen=10s (used=2); Ip 12:4:60 → 0.250s/req pen=60s (used=2); Ip 16:12:60 → 0.516s/req pen=60s (used=2)  delay 8.125→1.667  min_gap→0  max_usage=0%
11:10:38.056  RAW   content-type: application/json
11:10:38.056  RAW   x-rate-limit-policy: trade-fetch-request-limit
11:10:38.056  RAW   x-rate-limit-rules: Account,Ip
11:10:38.056  RAW   x-rate-limit-account: 6:4:10
11:10:38.056  RAW   x-rate-limit-account-state: 2:4:0
11:10:38.056  RAW   x-rate-limit-ip: 12:4:60,16:12:60
11:10:38.056  RAW   x-rate-limit-ip-state: 2:4:0,2:12:0
11:10:38.056  RAW   cf-cache-status: DYNAMIC
11:10:38.056  RAW   cf-ray: a1f98d96195c722f-WAW
11:10:38.056  RESP  GET /api/trade/fetch/9a95d4b645ab0c66ad1643a8816f69816f4ded0db8f6629387cad977c242049b%2C2348553c12fecd205856cadcf7d8bee5bcc19710c25c85274ce1466a973c03de%2Ca1929606e15144db64d1f8bcdf76f2b070ff7fb67e2047196501ef2eb5a7ea38%2C81d10120db16868196cd81688bab4cd7c78f28730cdd15fa3931ebcf8fd521bd%2Cc5a0e6f7b4bb99fc5cab318a6727749d9bd83bbf0e4bd74067566088bb8978d4 → 200  10.582s  delay=1.667 min_gap=0.000 last=1784797838.056
11:10:38.081  PRE   POST /api/trade/search/Standard  delay=1.667 min_gap=0.000 last=1784797838.056
11:10:38.081  ENF   delay=1.667 min_gap=0.000 jitter=1.642 gap=3.309 since_last=0.026 sleep=3.283
11:10:41.755  PARSE Account 3:5:60 → 2.500s/req pen=60s (used=2); Ip 8:10:60 → 1.094s/req pen=60s (used=2); Ip 15:60:120 → 5.200s/req pen=120s (used=8); Ip 60:300:1800 → 7.375s/req pen=1800s (used=39)  delay 1.667→8.375  min_gap→0  max_usage=65%
11:10:41.755  RAW   content-type: application/json
11:10:41.755  RAW   x-rate-limit-policy: trade-search-request-limit
11:10:41.755  RAW   x-rate-limit-rules: Account,Ip
11:10:41.755  RAW   x-rate-limit-account: 3:5:60
11:10:41.755  RAW   x-rate-limit-account-state: 2:5:0
11:10:41.755  RAW   x-rate-limit-ip: 8:10:60,15:60:120,60:300:1800
11:10:41.755  RAW   x-rate-limit-ip-state: 2:10:0,8:60:0,39:300:0
11:10:41.755  RAW   cf-cache-status: DYNAMIC
11:10:41.755  RAW   cf-ray: a1f98dac8a72722f-WAW
11:10:41.755  RESP  POST /api/trade/search/Standard → 200  3.673s  delay=8.375 min_gap=0.000 last=1784797841.755
11:10:41.755  PRE   GET /api/trade/fetch/cb960290e7a40a77f4f4e984ca10fcec0d14db2a8530a77d27932a34ff9a65a6%2Cbe941264dbbe49fb3b2cbcb99218d4292a66ca968447a01185a37869972f6073%2C827011911069405fc15c924a760187942d0fe4ad1ab3563470161abf9b14288e%2C6b8fb53f8f331f5c031a5437012f6f50db5810aa89da61980cd7d36584f33bd3%2C247825d5780b3d663c27d2bcce19b25cbfed2ca23363107288fb409f581bfe1d  delay=8.375 min_gap=0.000 last=1784797841.755
11:10:41.755  ENF   delay=8.375 min_gap=0.000 jitter=2.167 gap=10.542 since_last=0.000 sleep=10.542
11:10:52.562  PARSE Account 6:4:10 → 0.500s/req pen=10s (used=1); Ip 12:4:60 → 0.208s/req pen=60s (used=1); Ip 16:12:60 → 0.516s/req pen=60s (used=2)  delay 8.375→1.516  min_gap→0  max_usage=0%
11:10:52.562  RAW   content-type: application/json
11:10:52.562  RAW   x-rate-limit-policy: trade-fetch-request-limit
11:10:52.562  RAW   x-rate-limit-rules: Account,Ip
11:10:52.562  RAW   x-rate-limit-account: 6:4:10
11:10:52.562  RAW   x-rate-limit-account-state: 1:4:0
11:10:52.562  RAW   x-rate-limit-ip: 12:4:60,16:12:60
11:10:52.562  RAW   x-rate-limit-ip-state: 1:4:0,2:12:0
11:10:52.562  RAW   cf-cache-status: DYNAMIC
11:10:52.562  RAW   cf-ray: a1f98df0eb6c722f-WAW
11:10:52.562  RESP  GET /api/trade/fetch/cb960290e7a40a77f4f4e984ca10fcec0d14db2a8530a77d27932a34ff9a65a6%2Cbe941264dbbe49fb3b2cbcb99218d4292a66ca968447a01185a37869972f6073%2C827011911069405fc15c924a760187942d0fe4ad1ab3563470161abf9b14288e%2C6b8fb53f8f331f5c031a5437012f6f50db5810aa89da61980cd7d36584f33bd3%2C247825d5780b3d663c27d2bcce19b25cbfed2ca23363107288fb409f581bfe1d → 200  10.807s  delay=1.516 min_gap=0.000 last=1784797852.562
11:10:52.562  PRE   POST /api/trade/search/Standard  delay=1.516 min_gap=0.000 last=1784797852.562
11:10:52.562  ENF   delay=1.516 min_gap=0.000 jitter=1.790 gap=3.305 since_last=0.000 sleep=3.305
11:10:56.158  PARSE Account 3:5:60 → 2.500s/req pen=60s (used=2); Ip 8:10:60 → 1.094s/req pen=60s (used=2); Ip 15:60:120 → 5.200s/req pen=120s (used=8); Ip 60:300:1800 → 7.625s/req pen=1800s (used=41)  delay 1.516→8.625  min_gap→0  max_usage=68%
11:10:56.159  RAW   content-type: application/json
11:10:56.159  RAW   x-rate-limit-policy: trade-search-request-limit
11:10:56.159  RAW   x-rate-limit-rules: Account,Ip
11:10:56.159  RAW   x-rate-limit-account: 3:5:60
11:10:56.159  RAW   x-rate-limit-account-state: 2:5:0
11:10:56.159  RAW   x-rate-limit-ip: 8:10:60,15:60:120,60:300:1800
11:10:56.159  RAW   x-rate-limit-ip-state: 2:10:0,8:60:0,41:300:0
11:10:56.159  RAW   cf-cache-status: DYNAMIC
11:10:56.159  RAW   cf-ray: a1f98e073ddf722f-WAW
11:10:56.159  RESP  POST /api/trade/search/Standard → 200  3.596s  delay=8.625 min_gap=0.000 last=1784797856.160
11:10:56.160  PRE   GET /api/trade/fetch/534d4756b7f44330b30f614831e452a5e813fa84cea5485a38adafd98e1d3fea%2C0495847f858003e6053eedb261951b318ecaeec770a9c09f9bea3e444357e11c%2Cccdfd3d5c3a29c33d9121560363fb392fcb47185c73daac4acd17bafc5f73beb%2C270c7093e3d90d6ac164325676ae12c447cad5a5afa7410bb67ebbb2e768aacc%2C7d7e2f3c3d70dad17d62c919768de0c05245787c879999c18423791e7b348d8c  delay=8.625 min_gap=0.000 last=1784797856.160
11:10:56.160  ENF   delay=8.625 min_gap=0.000 jitter=2.254 gap=10.879 since_last=0.000 sleep=10.879
11:11:07.355  PARSE Account 6:4:10 → 0.500s/req pen=10s (used=1); Ip 12:4:60 → 0.208s/req pen=60s (used=1); Ip 16:12:60 → 0.516s/req pen=60s (used=2)  delay 8.625→1.516  min_gap→0  max_usage=0%
11:11:07.355  RAW   content-type: application/json
11:11:07.355  RAW   x-rate-limit-policy: trade-fetch-request-limit
11:11:07.355  RAW   x-rate-limit-rules: Account,Ip
11:11:07.355  RAW   x-rate-limit-account: 6:4:10
11:11:07.355  RAW   x-rate-limit-account-state: 1:4:0
11:11:07.355  RAW   x-rate-limit-ip: 12:4:60,16:12:60
11:11:07.355  RAW   x-rate-limit-ip-state: 1:4:0,2:12:0
11:11:07.355  RAW   cf-cache-status: DYNAMIC
11:11:07.355  RAW   cf-ray: a1f98e4d0e70722f-WAW
11:11:07.355  RESP  GET /api/trade/fetch/534d4756b7f44330b30f614831e452a5e813fa84cea5485a38adafd98e1d3fea%2C0495847f858003e6053eedb261951b318ecaeec770a9c09f9bea3e444357e11c%2Cccdfd3d5c3a29c33d9121560363fb392fcb47185c73daac4acd17bafc5f73beb%2C270c7093e3d90d6ac164325676ae12c447cad5a5afa7410bb67ebbb2e768aacc%2C7d7e2f3c3d70dad17d62c919768de0c05245787c879999c18423791e7b348d8c → 200  11.195s  delay=1.516 min_gap=0.000 last=1784797867.356
11:11:07.355  PRE   POST /api/trade/search/Standard  delay=1.516 min_gap=0.000 last=1784797867.356
11:11:07.355  ENF   delay=1.516 min_gap=0.000 jitter=1.807 gap=3.323 since_last=0.000 sleep=3.323
11:11:11.038  PARSE Account 3:5:60 → 1.667s/req pen=60s (used=1); Ip 8:10:60 → 0.859s/req pen=60s (used=1); Ip 15:60:120 → 5.200s/req pen=120s (used=8); Ip 60:300:1800 → 6.750s/req pen=1800s (used=34)  delay 1.516→7.750  min_gap→0  max_usage=57%
11:11:11.038  RAW   content-type: application/json
11:11:11.038  RAW   x-rate-limit-policy: trade-search-request-limit
11:11:11.038  RAW   x-rate-limit-rules: Account,Ip
11:11:11.038  RAW   x-rate-limit-account: 3:5:60
11:11:11.038  RAW   x-rate-limit-account-state: 1:5:0
11:11:11.038  RAW   x-rate-limit-ip: 8:10:60,15:60:120,60:300:1800
11:11:11.038  RAW   x-rate-limit-ip-state: 1:10:0,8:60:0,34:300:0
11:11:11.038  RAW   cf-cache-status: DYNAMIC
11:11:11.039  RAW   cf-ray: a1f98e63cdca722f-WAW
11:11:11.039  RESP  POST /api/trade/search/Standard → 200  3.683s  delay=7.750 min_gap=0.000 last=1784797871.039
11:11:11.039  PRE   GET /api/trade/fetch/775cb9775017f3d332656f41ac5dcf40ef171c5988bee46bff875364030b0337%2C142c4a06f678a2fa22652075f799aef64f8f05c84afe43c854597209a430709c%2C7e4e7c03ad71c1df08f47c301903717bc214d6230fe93aec063c5f8c6fbc084d%2Cc54c80067ee9510ba1cf2b9be591b010f1cdbad2ccd797002d5a5efa41d609ba%2Ceb3b325a1f229467d5b8d17cacf24c3c7159dff03ca58b4e77765ca5c3fedfdd  delay=7.750 min_gap=0.000 last=1784797871.039
11:11:11.039  ENF   delay=7.750 min_gap=0.000 jitter=2.461 gap=10.211 since_last=0.000 sleep=10.211
11:11:21.526  PARSE Account 6:4:10 → 0.500s/req pen=10s (used=1); Ip 12:4:60 → 0.208s/req pen=60s (used=1); Ip 16:12:60 → 0.516s/req pen=60s (used=2)  delay 7.750→1.516  min_gap→0  max_usage=0%
11:11:21.526  RAW   content-type: application/json
11:11:21.526  RAW   x-rate-limit-policy: trade-fetch-request-limit
11:11:21.526  RAW   x-rate-limit-rules: Account,Ip
11:11:21.526  RAW   x-rate-limit-account: 6:4:10
11:11:21.526  RAW   x-rate-limit-account-state: 1:4:0
11:11:21.526  RAW   x-rate-limit-ip: 12:4:60,16:12:60
11:11:21.527  RAW   x-rate-limit-ip-state: 1:4:0,2:12:0
11:11:21.527  RAW   cf-cache-status: DYNAMIC
11:11:21.527  RAW   cf-ray: a1f98ea5daa9722f-WAW
11:11:21.527  RESP  GET /api/trade/fetch/775cb9775017f3d332656f41ac5dcf40ef171c5988bee46bff875364030b0337%2C142c4a06f678a2fa22652075f799aef64f8f05c84afe43c854597209a430709c%2C7e4e7c03ad71c1df08f47c301903717bc214d6230fe93aec063c5f8c6fbc084d%2Cc54c80067ee9510ba1cf2b9be591b010f1cdbad2ccd797002d5a5efa41d609ba%2Ceb3b325a1f229467d5b8d17cacf24c3c7159dff03ca58b4e77765ca5c3fedfdd → 200  10.488s  delay=1.516 min_gap=0.000 last=1784797881.527
11:11:21.548  PRE   POST /api/trade/search/Standard  delay=1.516 min_gap=0.000 last=1784797881.527
11:11:21.548  ENF   delay=1.516 min_gap=0.000 jitter=2.385 gap=3.901 since_last=0.022 sleep=3.880
11:11:25.748  PARSE Account 3:5:60 → 1.667s/req pen=60s (used=1); Ip 8:10:60 → 0.859s/req pen=60s (used=1); Ip 15:60:120 → 5.200s/req pen=120s (used=8); Ip 60:300:1800 → 7.000s/req pen=1800s (used=36)  delay 1.516→8.000  min_gap→0  max_usage=60%
11:11:25.748  RAW   content-type: application/json
11:11:25.748  RAW   x-rate-limit-policy: trade-search-request-limit
11:11:25.748  RAW   x-rate-limit-rules: Account,Ip
11:11:25.748  RAW   x-rate-limit-account: 3:5:60
11:11:25.748  RAW   x-rate-limit-account-state: 1:5:0
11:11:25.748  RAW   x-rate-limit-ip: 8:10:60,15:60:120,60:300:1800
11:11:25.748  RAW   x-rate-limit-ip-state: 1:10:0,8:60:0,36:300:0
11:11:25.748  RAW   cf-cache-status: DYNAMIC
11:11:25.749  RAW   cf-ray: a1f98ebffc04722f-WAW
11:11:25.749  RESP  POST /api/trade/search/Standard → 200  4.200s  delay=8.000 min_gap=0.000 last=1784797885.749
11:11:25.749  PRE   GET /api/trade/fetch/1596cc342f42b04d851d3c4b178a058ea59317e564d6c310baa8ab008294bac2%2C6b80ed2048f05f9c9f0bb0f8c11aa4533c990c05aceadd8e52e61db0f96c84e6%2Cb0790934c74da77059edaaa0ebe33190896012534413a231f5e3327b663c68cc%2C03274cf213b6fddce613266ade1b993ef4decfabe17f75c7a2999e89e85eed5c%2Ccdca93d10a4d3ed81790717482fb6ad7191f2213b1f3fec32d41b77470f8819e  delay=8.000 min_gap=0.000 last=1784797885.749
11:11:25.749  ENF   delay=8.000 min_gap=0.000 jitter=1.336 gap=9.336 since_last=0.000 sleep=9.336
11:11:35.446  PARSE Account 6:4:10 → 0.500s/req pen=10s (used=1); Ip 12:4:60 → 0.208s/req pen=60s (used=1); Ip 16:12:60 → 0.516s/req pen=60s (used=2)  delay 8.000→1.516  min_gap→0  max_usage=0%
11:11:35.446  RAW   content-type: application/json
11:11:35.446  RAW   x-rate-limit-policy: trade-fetch-request-limit
11:11:35.446  RAW   x-rate-limit-rules: Account,Ip
11:11:35.446  RAW   x-rate-limit-account: 6:4:10
11:11:35.446  RAW   x-rate-limit-account-state: 1:4:0
11:11:35.446  RAW   x-rate-limit-ip: 12:4:60,16:12:60
11:11:35.446  RAW   x-rate-limit-ip-state: 1:4:0,2:12:0
11:11:35.446  RAW   cf-cache-status: DYNAMIC
11:11:35.446  RAW   cf-ray: a1f98efc48ce722f-WAW
11:11:35.446  RESP  GET /api/trade/fetch/1596cc342f42b04d851d3c4b178a058ea59317e564d6c310baa8ab008294bac2%2C6b80ed2048f05f9c9f0bb0f8c11aa4533c990c05aceadd8e52e61db0f96c84e6%2Cb0790934c74da77059edaaa0ebe33190896012534413a231f5e3327b663c68cc%2C03274cf213b6fddce613266ade1b993ef4decfabe17f75c7a2999e89e85eed5c%2Ccdca93d10a4d3ed81790717482fb6ad7191f2213b1f3fec32d41b77470f8819e → 200  9.697s  delay=1.516 min_gap=0.000 last=1784797895.447
11:11:35.446  PRE   POST /api/trade/search/Standard  delay=1.516 min_gap=0.000 last=1784797895.447
11:11:35.446  ENF   delay=1.516 min_gap=0.000 jitter=2.280 gap=3.796 since_last=0.000 sleep=3.795
11:11:39.578  PARSE Account 3:5:60 → 1.667s/req pen=60s (used=1); Ip 8:10:60 → 1.094s/req pen=60s (used=2); Ip 15:60:120 → 5.200s/req pen=120s (used=8); Ip 60:300:1800 → 7.250s/req pen=1800s (used=38)  delay 1.516→8.250  min_gap→0  max_usage=63%
11:11:39.579  RAW   content-type: application/json
11:11:39.579  RAW   x-rate-limit-policy: trade-search-request-limit
11:11:39.579  RAW   x-rate-limit-rules: Account,Ip
11:11:39.579  RAW   x-rate-limit-account: 3:5:60
11:11:39.579  RAW   x-rate-limit-account-state: 1:5:0
11:11:39.579  RAW   x-rate-limit-ip: 8:10:60,15:60:120,60:300:1800
11:11:39.579  RAW   x-rate-limit-ip-state: 2:10:0,8:60:0,38:300:0
11:11:39.579  RAW   cf-cache-status: DYNAMIC
11:11:39.579  RAW   cf-ray: a1f98f164e3f722f-WAW
11:11:39.579  RESP  POST /api/trade/search/Standard → 200  4.132s  delay=8.250 min_gap=0.000 last=1784797899.579
11:11:39.579  PRE   GET /api/trade/fetch/534d4756b7f44330b30f614831e452a5e813fa84cea5485a38adafd98e1d3fea%2C0495847f858003e6053eedb261951b318ecaeec770a9c09f9bea3e444357e11c%2Cf9b35ade5f1bb4a14951785d8dcf7a282b9d1d9d10b28425e512b62600e6f245%2Cb242d46eb9c5c387af22770572b59bf69110dc2484d89a502208e0b0020fa2c9%2Cebb4c8aefd571afc4495dd492274ed8e8498ae20efb804b54922f66e29502885  delay=8.250 min_gap=0.000 last=1784797899.579
11:11:39.579  ENF   delay=8.250 min_gap=0.000 jitter=2.019 gap=10.269 since_last=0.000 sleep=10.269
11:11:50.128  PARSE Account 6:4:10 → 0.500s/req pen=10s (used=1); Ip 12:4:60 → 0.208s/req pen=60s (used=1); Ip 16:12:60 → 0.516s/req pen=60s (used=2)  delay 8.250→1.516  min_gap→0  max_usage=0%
11:11:50.128  RAW   content-type: application/json
11:11:50.128  RAW   x-rate-limit-policy: trade-fetch-request-limit
11:11:50.128  RAW   x-rate-limit-rules: Account,Ip
11:11:50.128  RAW   x-rate-limit-account: 6:4:10
11:11:50.128  RAW   x-rate-limit-account-state: 1:4:0
11:11:50.128  RAW   x-rate-limit-ip: 12:4:60,16:12:60
11:11:50.128  RAW   x-rate-limit-ip-state: 1:4:0,2:12:0
11:11:50.128  RAW   cf-cache-status: DYNAMIC
11:11:50.128  RAW   cf-ray: a1f98f589c04722f-WAW
11:11:50.128  RESP  GET /api/trade/fetch/534d4756b7f44330b30f614831e452a5e813fa84cea5485a38adafd98e1d3fea%2C0495847f858003e6053eedb261951b318ecaeec770a9c09f9bea3e444357e11c%2Cf9b35ade5f1bb4a14951785d8dcf7a282b9d1d9d10b28425e512b62600e6f245%2Cb242d46eb9c5c387af22770572b59bf69110dc2484d89a502208e0b0020fa2c9%2Cebb4c8aefd571afc4495dd492274ed8e8498ae20efb804b54922f66e29502885 → 200  10.549s  delay=1.516 min_gap=0.000 last=1784797910.129
11:11:50.128  PRE   POST /api/trade/search/Standard  delay=1.516 min_gap=0.000 last=1784797910.129
11:11:50.129  ENF   delay=1.516 min_gap=0.000 jitter=2.442 gap=3.957 since_last=0.000 sleep=3.957
11:11:54.373  PARSE Account 3:5:60 → 1.667s/req pen=60s (used=1); Ip 8:10:60 → 1.094s/req pen=60s (used=2); Ip 15:60:120 → 5.200s/req pen=120s (used=8); Ip 60:300:1800 → 7.500s/req pen=1800s (used=40)  delay 1.516→8.500  min_gap→0  max_usage=67%
11:11:54.373  RAW   content-type: application/json
11:11:54.373  RAW   x-rate-limit-policy: trade-search-request-limit
11:11:54.373  RAW   x-rate-limit-rules: Account,Ip
11:11:54.373  RAW   x-rate-limit-account: 3:5:60
11:11:54.373  RAW   x-rate-limit-account-state: 1:5:0
11:11:54.373  RAW   x-rate-limit-ip: 8:10:60,15:60:120,60:300:1800
11:11:54.373  RAW   x-rate-limit-ip-state: 2:10:0,8:60:0,40:300:0
11:11:54.374  RAW   cf-cache-status: DYNAMIC
11:11:54.374  RAW   cf-ray: a1f98f730eed722f-WAW
11:11:54.374  RESP  POST /api/trade/search/Standard → 200  4.245s  delay=8.500 min_gap=0.000 last=1784797914.374
11:11:54.374  PRE   GET /api/trade/fetch/6b80ed2048f05f9c9f0bb0f8c11aa4533c990c05aceadd8e52e61db0f96c84e6%2Cb0790934c74da77059edaaa0ebe33190896012534413a231f5e3327b663c68cc%2Cc73b2783f7ae409dc10c7a5a833630fe71c8893eec7e8ad07dec6a5235ba7acd%2C8412c2d1c5e76cf9b192d3350273fcee8c31a5bb86d1ae1bb34aa3956ec6b2c3%2Cc63df03ee3a90db340766fe238e3c531d9bf041268fb53b6afa4c5141cade290  delay=8.500 min_gap=0.000 last=1784797914.374
11:11:54.374  ENF   delay=8.500 min_gap=0.000 jitter=2.443 gap=10.943 since_last=0.000 sleep=10.942
11:12:05.746  PARSE Account 6:4:10 → 0.500s/req pen=10s (used=1); Ip 12:4:60 → 0.208s/req pen=60s (used=1); Ip 16:12:60 → 0.516s/req pen=60s (used=2)  delay 8.500→1.516  min_gap→0  max_usage=0%
11:12:05.746  RAW   content-type: application/json
11:12:05.746  RAW   x-rate-limit-policy: trade-fetch-request-limit
11:12:05.747  RAW   x-rate-limit-rules: Account,Ip
11:12:05.747  RAW   x-rate-limit-account: 6:4:10
11:12:05.747  RAW   x-rate-limit-account-state: 1:4:0
11:12:05.747  RAW   x-rate-limit-ip: 12:4:60,16:12:60
11:12:05.747  RAW   x-rate-limit-ip-state: 1:4:0,2:12:0
11:12:05.747  RAW   cf-cache-status: DYNAMIC
11:12:05.747  RAW   cf-ray: a1f98fb93f4b722f-WAW
11:12:05.747  RESP  GET /api/trade/fetch/6b80ed2048f05f9c9f0bb0f8c11aa4533c990c05aceadd8e52e61db0f96c84e6%2Cb0790934c74da77059edaaa0ebe33190896012534413a231f5e3327b663c68cc%2Cc73b2783f7ae409dc10c7a5a833630fe71c8893eec7e8ad07dec6a5235ba7acd%2C8412c2d1c5e76cf9b192d3350273fcee8c31a5bb86d1ae1bb34aa3956ec6b2c3%2Cc63df03ee3a90db340766fe238e3c531d9bf041268fb53b6afa4c5141cade290 → 200  11.373s  delay=1.516 min_gap=0.000 last=1784797925.747
11:12:05.770  PRE   POST /api/trade/search/Standard  delay=1.516 min_gap=0.000 last=1784797925.747
11:12:05.770  ENF   delay=1.516 min_gap=0.000 jitter=2.332 gap=3.847 since_last=0.024 sleep=3.824
11:12:09.887  PARSE Account 3:5:60 → 1.667s/req pen=60s (used=1); Ip 8:10:60 → 0.859s/req pen=60s (used=1); Ip 15:60:120 → 5.200s/req pen=120s (used=8); Ip 60:300:1800 → 6.875s/req pen=1800s (used=35)  delay 1.516→7.875  min_gap→0  max_usage=58%
11:12:09.887  RAW   content-type: application/json
11:12:09.887  RAW   x-rate-limit-policy: trade-search-request-limit
11:12:09.887  RAW   x-rate-limit-rules: Account,Ip
11:12:09.887  RAW   x-rate-limit-account: 3:5:60
11:12:09.887  RAW   x-rate-limit-account-state: 1:5:0
11:12:09.887  RAW   x-rate-limit-ip: 8:10:60,15:60:120,60:300:1800
11:12:09.887  RAW   x-rate-limit-ip-state: 1:10:0,8:60:0,35:300:0
11:12:09.887  RAW   cf-cache-status: DYNAMIC
11:12:09.887  RAW   cf-ray: a1f98fd3fd95722f-WAW
11:12:09.887  RESP  POST /api/trade/search/Standard → 200  4.117s  delay=7.875 min_gap=0.000 last=1784797929.888
11:12:09.887  PRE   GET /api/trade/fetch/6b80ed2048f05f9c9f0bb0f8c11aa4533c990c05aceadd8e52e61db0f96c84e6%2C1edb7f633b38b8c79363c3ffe830c2c5d53d402b6a19d1cddb103218b9babbaf%2C52fa57518c4f7609142e3139927ce0344d0bed2275be9f4f1b91786472591b51%2Cc42349bfd61cc9b2d3fb0ad2fd5e2fa91e5c293b3db1a2d3e06032ccff08cfa6%2C4afee02685a02f5edf50b25fc0552e33f8e114e97317c8ede078ec04fe792e23  delay=7.875 min_gap=0.000 last=1784797929.888
11:12:09.887  ENF   delay=7.875 min_gap=0.000 jitter=1.125 gap=9.000 since_last=0.000 sleep=9.000
11:12:19.336  PARSE Account 6:4:10 → 0.500s/req pen=10s (used=1); Ip 12:4:60 → 0.208s/req pen=60s (used=1); Ip 16:12:60 → 0.516s/req pen=60s (used=2)  delay 7.875→1.516  min_gap→0  max_usage=0%
11:12:19.336  RAW   content-type: application/json
11:12:19.336  RAW   x-rate-limit-policy: trade-fetch-request-limit
11:12:19.336  RAW   x-rate-limit-rules: Account,Ip
11:12:19.336  RAW   x-rate-limit-account: 6:4:10
11:12:19.336  RAW   x-rate-limit-account-state: 1:4:0
11:12:19.336  RAW   x-rate-limit-ip: 12:4:60,16:12:60
11:12:19.336  RAW   x-rate-limit-ip-state: 1:4:0,2:12:0
11:12:19.336  RAW   cf-cache-status: DYNAMIC
11:12:19.336  RAW   cf-ray: a1f9900e18f3722f-WAW
11:12:19.336  RESP  GET /api/trade/fetch/6b80ed2048f05f9c9f0bb0f8c11aa4533c990c05aceadd8e52e61db0f96c84e6%2C1edb7f633b38b8c79363c3ffe830c2c5d53d402b6a19d1cddb103218b9babbaf%2C52fa57518c4f7609142e3139927ce0344d0bed2275be9f4f1b91786472591b51%2Cc42349bfd61cc9b2d3fb0ad2fd5e2fa91e5c293b3db1a2d3e06032ccff08cfa6%2C4afee02685a02f5edf50b25fc0552e33f8e114e97317c8ede078ec04fe792e23 → 200  9.448s  delay=1.516 min_gap=0.000 last=1784797939.337
11:12:19.336  PRE   POST /api/trade/search/Standard  delay=1.516 min_gap=0.000 last=1784797939.337
11:12:19.336  ENF   delay=1.516 min_gap=0.000 jitter=1.412 gap=2.927 since_last=0.000 sleep=2.927
11:12:22.577  PARSE Account 3:5:60 → 1.667s/req pen=60s (used=1); Ip 8:10:60 → 0.859s/req pen=60s (used=1); Ip 15:60:120 → 5.200s/req pen=120s (used=8); Ip 60:300:1800 → 7.125s/req pen=1800s (used=37)  delay 1.516→8.125  min_gap→0  max_usage=62%
11:12:22.577  RAW   content-type: application/json
11:12:22.577  RAW   x-rate-limit-policy: trade-search-request-limit
11:12:22.577  RAW   x-rate-limit-rules: Account,Ip
11:12:22.577  RAW   x-rate-limit-account: 3:5:60
11:12:22.577  RAW   x-rate-limit-account-state: 1:5:0
11:12:22.577  RAW   x-rate-limit-ip: 8:10:60,15:60:120,60:300:1800
11:12:22.577  RAW   x-rate-limit-ip-state: 1:10:0,8:60:0,37:300:0
11:12:22.577  RAW   cf-cache-status: DYNAMIC
11:12:22.577  RAW   cf-ray: a1f990232b40722f-WAW
11:12:22.577  RESP  POST /api/trade/search/Standard → 200  3.241s  delay=8.125 min_gap=0.000 last=1784797942.578
11:12:22.577  PRE   GET /api/trade/fetch/534d4756b7f44330b30f614831e452a5e813fa84cea5485a38adafd98e1d3fea%2C0495847f858003e6053eedb261951b318ecaeec770a9c09f9bea3e444357e11c%2C4ae092dd8291e214a47095960a47cde0c566ccdad2d314601eafc7fa1ce861a6%2Cccdfd3d5c3a29c33d9121560363fb392fcb47185c73daac4acd17bafc5f73beb%2C270c7093e3d90d6ac164325676ae12c447cad5a5afa7410bb67ebbb2e768aacc  delay=8.125 min_gap=0.000 last=1784797942.578
11:12:22.577  ENF   delay=8.125 min_gap=0.000 jitter=1.097 gap=9.222 since_last=0.000 sleep=9.222
11:12:32.168  PARSE Account 6:4:10 → 0.500s/req pen=10s (used=1); Ip 12:4:60 → 0.208s/req pen=60s (used=1); Ip 16:12:60 → 0.516s/req pen=60s (used=2)  delay 8.125→1.516  min_gap→0  max_usage=0%
11:12:32.168  RAW   content-type: application/json
11:12:32.168  RAW   x-rate-limit-policy: trade-fetch-request-limit
11:12:32.168  RAW   x-rate-limit-rules: Account,Ip
11:12:32.168  RAW   x-rate-limit-account: 6:4:10
11:12:32.168  RAW   x-rate-limit-account-state: 1:4:0
11:12:32.168  RAW   x-rate-limit-ip: 12:4:60,16:12:60
11:12:32.168  RAW   x-rate-limit-ip-state: 1:4:0,2:12:0
11:12:32.168  RAW   cf-cache-status: DYNAMIC
11:12:32.168  RAW   cf-ray: a1f9905ecadc722f-WAW
11:12:32.168  RESP  GET /api/trade/fetch/534d4756b7f44330b30f614831e452a5e813fa84cea5485a38adafd98e1d3fea%2C0495847f858003e6053eedb261951b318ecaeec770a9c09f9bea3e444357e11c%2C4ae092dd8291e214a47095960a47cde0c566ccdad2d314601eafc7fa1ce861a6%2Cccdfd3d5c3a29c33d9121560363fb392fcb47185c73daac4acd17bafc5f73beb%2C270c7093e3d90d6ac164325676ae12c447cad5a5afa7410bb67ebbb2e768aacc → 200  9.591s  delay=1.516 min_gap=0.000 last=1784797952.169
11:12:32.168  PRE   POST /api/trade/search/Standard  delay=1.516 min_gap=0.000 last=1784797952.169
11:12:32.168  ENF   delay=1.516 min_gap=0.000 jitter=1.998 gap=3.513 since_last=0.000 sleep=3.513
11:12:36.047  PARSE Account 3:5:60 → 1.667s/req pen=60s (used=1); Ip 8:10:60 → 0.859s/req pen=60s (used=1); Ip 15:60:120 → 5.200s/req pen=120s (used=8); Ip 60:300:1800 → 7.375s/req pen=1800s (used=39)  delay 1.516→8.375  min_gap→0  max_usage=65%
11:12:36.047  RAW   content-type: application/json
11:12:36.047  RAW   x-rate-limit-policy: trade-search-request-limit
11:12:36.047  RAW   x-rate-limit-rules: Account,Ip
11:12:36.047  RAW   x-rate-limit-account: 3:5:60
11:12:36.047  RAW   x-rate-limit-account-state: 1:5:0
11:12:36.047  RAW   x-rate-limit-ip: 8:10:60,15:60:120,60:300:1800
11:12:36.047  RAW   x-rate-limit-ip-state: 1:10:0,8:60:0,39:300:0
11:12:36.047  RAW   cf-cache-status: DYNAMIC
11:12:36.047  RAW   cf-ray: a1f99077090f722f-WAW
11:12:36.047  RESP  POST /api/trade/search/Standard → 200  3.879s  delay=8.375 min_gap=0.000 last=1784797956.048
11:12:36.047  PRE   GET /api/trade/fetch/6b80ed2048f05f9c9f0bb0f8c11aa4533c990c05aceadd8e52e61db0f96c84e6%2C42083f50b7169648e905a8788c689768b77ee17cf1af1a54ede5d41aafd28ca9%2Cadcc5a47f2f4efbb874a0330d418a1adacff01a77545d8b651dc835b151d0ac3%2C5f9b533bdd65dfb542630814dd5e0e224be9b8d7f40ae1c1c064d9ddc5a75476%2Cc42349bfd61cc9b2d3fb0ad2fd5e2fa91e5c293b3db1a2d3e06032ccff08cfa6  delay=8.375 min_gap=0.000 last=1784797956.048
11:12:36.047  ENF   delay=8.375 min_gap=0.000 jitter=1.426 gap=9.801 since_last=0.000 sleep=9.801
11:12:46.173  PARSE Account 6:4:10 → 0.500s/req pen=10s (used=1); Ip 12:4:60 → 0.208s/req pen=60s (used=1); Ip 16:12:60 → 0.516s/req pen=60s (used=2)  delay 8.375→1.516  min_gap→0  max_usage=0%
11:12:46.173  RAW   content-type: application/json
11:12:46.173  RAW   x-rate-limit-policy: trade-fetch-request-limit
11:12:46.173  RAW   x-rate-limit-rules: Account,Ip
11:12:46.173  RAW   x-rate-limit-account: 6:4:10
11:12:46.173  RAW   x-rate-limit-account-state: 1:4:0
11:12:46.173  RAW   x-rate-limit-ip: 12:4:60,16:12:60
11:12:46.173  RAW   x-rate-limit-ip-state: 1:4:0,2:12:0
11:12:46.173  RAW   cf-cache-status: DYNAMIC
11:12:46.173  RAW   cf-ray: a1f990b69ac0722f-WAW
11:12:46.173  RESP  GET /api/trade/fetch/6b80ed2048f05f9c9f0bb0f8c11aa4533c990c05aceadd8e52e61db0f96c84e6%2C42083f50b7169648e905a8788c689768b77ee17cf1af1a54ede5d41aafd28ca9%2Cadcc5a47f2f4efbb874a0330d418a1adacff01a77545d8b651dc835b151d0ac3%2C5f9b533bdd65dfb542630814dd5e0e224be9b8d7f40ae1c1c064d9ddc5a75476%2Cc42349bfd61cc9b2d3fb0ad2fd5e2fa91e5c293b3db1a2d3e06032ccff08cfa6 → 200  10.125s  delay=1.516 min_gap=0.000 last=1784797966.174
11:12:46.200  PRE   POST /api/trade/search/Standard  delay=1.516 min_gap=0.000 last=1784797966.174
11:12:46.200  ENF   delay=1.516 min_gap=0.000 jitter=1.184 gap=2.700 since_last=0.027 sleep=2.673
11:12:49.231  PARSE Account 3:5:60 → 1.667s/req pen=60s (used=1); Ip 8:10:60 → 1.094s/req pen=60s (used=2); Ip 15:60:120 → 4.800s/req pen=120s (used=7); Ip 60:300:1800 → 7.625s/req pen=1800s (used=41)  delay 1.516→8.625  min_gap→0  max_usage=68%
11:12:49.231  RAW   content-type: application/json
11:12:49.231  RAW   x-rate-limit-policy: trade-search-request-limit
11:12:49.231  RAW   x-rate-limit-rules: Account,Ip
11:12:49.231  RAW   x-rate-limit-account: 3:5:60
11:12:49.231  RAW   x-rate-limit-account-state: 1:5:0
11:12:49.231  RAW   x-rate-limit-ip: 8:10:60,15:60:120,60:300:1800
11:12:49.231  RAW   x-rate-limit-ip-state: 2:10:0,7:60:0,41:300:0
11:12:49.231  RAW   cf-cache-status: DYNAMIC
11:12:49.231  RAW   cf-ray: a1f990c97e3b722f-WAW
11:12:49.231  RESP  POST /api/trade/search/Standard → 200  3.031s  delay=8.625 min_gap=0.000 last=1784797969.232
11:12:49.231  PRE   GET /api/trade/fetch/22dc5fb30af3d36f07d7bd131d7c56c9605aa999f0c6549eadab75fed7ff7c96%2C3fda402a20e63b392a49cbcd7208d1d6657e10073cbc09cc9a772f764e0e6de1%2Caea2225a201abc3ff0a93080cd8f086dae0d6edfa3564846b63ad9fb8246e199%2Cb374b71ed023eaad880c5e00cd4fbef301e3075113697e946a354cb054a44db6%2Cd5d82ab12cb1b2853759272943efb5d3e263076354105ea58f8160978107e6e4  delay=8.625 min_gap=0.000 last=1784797969.232
11:12:49.231  ENF   delay=8.625 min_gap=0.000 jitter=1.169 gap=9.794 since_last=0.000 sleep=9.794
11:12:59.340  PARSE Account 6:4:10 → 0.500s/req pen=10s (used=1); Ip 12:4:60 → 0.208s/req pen=60s (used=1); Ip 16:12:60 → 0.516s/req pen=60s (used=2)  delay 8.625→1.516  min_gap→0  max_usage=0%
11:12:59.340  RAW   content-type: application/json
11:12:59.340  RAW   x-rate-limit-policy: trade-fetch-request-limit
11:12:59.340  RAW   x-rate-limit-rules: Account,Ip
11:12:59.340  RAW   x-rate-limit-account: 6:4:10
11:12:59.340  RAW   x-rate-limit-account-state: 1:4:0
11:12:59.340  RAW   x-rate-limit-ip: 12:4:60,16:12:60
11:12:59.340  RAW   x-rate-limit-ip-state: 1:4:0,2:12:0
11:12:59.340  RAW   cf-cache-status: DYNAMIC
11:12:59.340  RAW   cf-ray: a1f99108ea94722f-WAW
11:12:59.340  RESP  GET /api/trade/fetch/22dc5fb30af3d36f07d7bd131d7c56c9605aa999f0c6549eadab75fed7ff7c96%2C3fda402a20e63b392a49cbcd7208d1d6657e10073cbc09cc9a772f764e0e6de1%2Caea2225a201abc3ff0a93080cd8f086dae0d6edfa3564846b63ad9fb8246e199%2Cb374b71ed023eaad880c5e00cd4fbef301e3075113697e946a354cb054a44db6%2Cd5d82ab12cb1b2853759272943efb5d3e263076354105ea58f8160978107e6e4 → 200  10.109s  delay=1.516 min_gap=0.000 last=1784797979.341
11:12:59.340  PRE   POST /api/trade/search/Standard  delay=1.516 min_gap=0.000 last=1784797979.341
11:12:59.340  ENF   delay=1.516 min_gap=0.000 jitter=2.482 gap=3.998 since_last=0.000 sleep=3.998
11:13:03.633  PARSE Account 3:5:60 → 1.667s/req pen=60s (used=1); Ip 8:10:60 → 1.094s/req pen=60s (used=2); Ip 15:60:120 → 4.800s/req pen=120s (used=7); Ip 60:300:1800 → 6.875s/req pen=1800s (used=35)  delay 1.516→7.875  min_gap→0  max_usage=58%
11:13:03.633  RAW   content-type: application/json
11:13:03.633  RAW   x-rate-limit-policy: trade-search-request-limit
11:13:03.633  RAW   x-rate-limit-rules: Account,Ip
11:13:03.633  RAW   x-rate-limit-account: 3:5:60
11:13:03.633  RAW   x-rate-limit-account-state: 1:5:0
11:13:03.633  RAW   x-rate-limit-ip: 8:10:60,15:60:120,60:300:1800
11:13:03.633  RAW   x-rate-limit-ip-state: 2:10:0,7:60:0,35:300:0
11:13:03.633  RAW   cf-cache-status: DYNAMIC
11:13:03.633  RAW   cf-ray: a1f99123eabe722f-WAW
11:13:03.633  RESP  POST /api/trade/search/Standard → 200  4.292s  delay=7.875 min_gap=0.000 last=1784797983.634
11:13:03.633  PRE   GET /api/trade/fetch/534d4756b7f44330b30f614831e452a5e813fa84cea5485a38adafd98e1d3fea%2C0495847f858003e6053eedb261951b318ecaeec770a9c09f9bea3e444357e11c%2Cf9b35ade5f1bb4a14951785d8dcf7a282b9d1d9d10b28425e512b62600e6f245%2Cb242d46eb9c5c387af22770572b59bf69110dc2484d89a502208e0b0020fa2c9%2C270c7093e3d90d6ac164325676ae12c447cad5a5afa7410bb67ebbb2e768aacc  delay=7.875 min_gap=0.000 last=1784797983.634
11:13:03.633  ENF   delay=7.875 min_gap=0.000 jitter=1.029 gap=8.904 since_last=0.000 sleep=8.903
11:13:12.917  PARSE Account 6:4:10 → 0.500s/req pen=10s (used=1); Ip 12:4:60 → 0.208s/req pen=60s (used=1); Ip 16:12:60 → 0.516s/req pen=60s (used=2)  delay 7.875→1.516  min_gap→0  max_usage=0%
11:13:12.917  RAW   content-type: application/json
11:13:12.917  RAW   x-rate-limit-policy: trade-fetch-request-limit
11:13:12.917  RAW   x-rate-limit-rules: Account,Ip
11:13:12.917  RAW   x-rate-limit-account: 6:4:10
11:13:12.917  RAW   x-rate-limit-account-state: 1:4:0
11:13:12.917  RAW   x-rate-limit-ip: 12:4:60,16:12:60
11:13:12.917  RAW   x-rate-limit-ip-state: 1:4:0,2:12:0
11:13:12.917  RAW   cf-cache-status: DYNAMIC
11:13:12.917  RAW   cf-ray: a1f9915d6cb1722f-WAW
11:13:12.917  RESP  GET /api/trade/fetch/534d4756b7f44330b30f614831e452a5e813fa84cea5485a38adafd98e1d3fea%2C0495847f858003e6053eedb261951b318ecaeec770a9c09f9bea3e444357e11c%2Cf9b35ade5f1bb4a14951785d8dcf7a282b9d1d9d10b28425e512b62600e6f245%2Cb242d46eb9c5c387af22770572b59bf69110dc2484d89a502208e0b0020fa2c9%2C270c7093e3d90d6ac164325676ae12c447cad5a5afa7410bb67ebbb2e768aacc → 200  9.284s  delay=1.516 min_gap=0.000 last=1784797992.918
11:13:12.918  PRE   POST /api/trade/search/Standard  delay=1.516 min_gap=0.000 last=1784797992.918
11:13:12.918  ENF   delay=1.516 min_gap=0.000 jitter=1.599 gap=3.115 since_last=0.000 sleep=3.115
11:13:16.331  PARSE Account 3:5:60 → 1.667s/req pen=60s (used=1); Ip 8:10:60 → 1.094s/req pen=60s (used=2); Ip 15:60:120 → 4.800s/req pen=120s (used=7); Ip 60:300:1800 → 7.125s/req pen=1800s (used=37)  delay 1.516→8.125  min_gap→0  max_usage=62%
11:13:16.331  RAW   content-type: application/json
11:13:16.331  RAW   x-rate-limit-policy: trade-search-request-limit
11:13:16.331  RAW   x-rate-limit-rules: Account,Ip
11:13:16.331  RAW   x-rate-limit-account: 3:5:60
11:13:16.331  RAW   x-rate-limit-account-state: 1:5:0
11:13:16.331  RAW   x-rate-limit-ip: 8:10:60,15:60:120,60:300:1800
11:13:16.331  RAW   x-rate-limit-ip-state: 2:10:0,7:60:0,37:300:0
11:13:16.331  RAW   cf-cache-status: DYNAMIC
11:13:16.331  RAW   cf-ray: a1f991733c00722f-WAW
11:13:16.331  RESP  POST /api/trade/search/Standard → 200  3.414s  delay=8.125 min_gap=0.000 last=1784797996.332
11:13:16.331  PRE   GET /api/trade/fetch/aea2225a201abc3ff0a93080cd8f086dae0d6edfa3564846b63ad9fb8246e199%2Cb374b71ed023eaad880c5e00cd4fbef301e3075113697e946a354cb054a44db6%2Cd6e70cd7f30cdb0934a27d7af9387c8558571ae91fc25694847381f24677be49%2C401c002581f9282fed39618953f170cbc7cc13eec6927a83ccae71cbb8519055%2C1adb86d806e748730ff257e58b91ef88ea18a4463008027e8ef00f50b6cce692  delay=8.125 min_gap=0.000 last=1784797996.332
11:13:16.332  ENF   delay=8.125 min_gap=0.000 jitter=1.610 gap=9.735 since_last=0.000 sleep=9.735
11:13:26.437  PARSE Account 6:4:10 → 0.500s/req pen=10s (used=1); Ip 12:4:60 → 0.208s/req pen=60s (used=1); Ip 16:12:60 → 0.516s/req pen=60s (used=2)  delay 8.125→1.516  min_gap→0  max_usage=0%
11:13:26.437  RAW   content-type: application/json
11:13:26.437  RAW   x-rate-limit-policy: trade-fetch-request-limit
11:13:26.437  RAW   x-rate-limit-rules: Account,Ip
11:13:26.437  RAW   x-rate-limit-account: 6:4:10
11:13:26.437  RAW   x-rate-limit-account-state: 1:4:0
11:13:26.437  RAW   x-rate-limit-ip: 12:4:60,16:12:60
11:13:26.437  RAW   x-rate-limit-ip-state: 1:4:0,2:12:0
11:13:26.437  RAW   cf-cache-status: DYNAMIC
11:13:26.437  RAW   cf-ray: a1f991b1eeba722f-WAW
11:13:26.437  RESP  GET /api/trade/fetch/aea2225a201abc3ff0a93080cd8f086dae0d6edfa3564846b63ad9fb8246e199%2Cb374b71ed023eaad880c5e00cd4fbef301e3075113697e946a354cb054a44db6%2Cd6e70cd7f30cdb0934a27d7af9387c8558571ae91fc25694847381f24677be49%2C401c002581f9282fed39618953f170cbc7cc13eec6927a83ccae71cbb8519055%2C1adb86d806e748730ff257e58b91ef88ea18a4463008027e8ef00f50b6cce692 → 200  10.105s  delay=1.516 min_gap=0.000 last=1784798006.438
11:13:26.461  PRE   POST /api/trade/search/Standard  delay=1.516 min_gap=0.000 last=1784798006.438
11:13:26.462  ENF   delay=1.516 min_gap=0.000 jitter=1.199 gap=2.715 since_last=0.024 sleep=2.690
11:13:29.455  PARSE Account 3:5:60 → 2.500s/req pen=60s (used=2); Ip 8:10:60 → 1.094s/req pen=60s (used=2); Ip 15:60:120 → 5.600s/req pen=120s (used=9); Ip 60:300:1800 → 7.375s/req pen=1800s (used=39)  delay 1.516→8.375  min_gap→0  max_usage=65%
11:13:29.455  RAW   content-type: application/json
11:13:29.455  RAW   x-rate-limit-policy: trade-search-request-limit
11:13:29.455  RAW   x-rate-limit-rules: Account,Ip
11:13:29.455  RAW   x-rate-limit-account: 3:5:60
11:13:29.455  RAW   x-rate-limit-account-state: 2:5:0
11:13:29.455  RAW   x-rate-limit-ip: 8:10:60,15:60:120,60:300:1800
11:13:29.455  RAW   x-rate-limit-ip-state: 2:10:0,9:60:0,39:300:0
11:13:29.455  RAW   cf-cache-status: DYNAMIC
11:13:29.455  RAW   cf-ray: a1f991c53ba5722f-WAW
11:13:29.455  RESP  POST /api/trade/search/Standard → 200  2.993s  delay=8.375 min_gap=0.000 last=1784798009.456
11:13:29.455  PRE   GET /api/trade/fetch/13f5e061c641a3fa21486ccfc566663ba712aa29062744cc56580405e5b4cb45%2Cc1b77bd1d3810414924be5ae8994a4262e7f02b18442ebc1182f005379cf659c%2C3a1946495cdef0d4483c9820d45762b8c6c229c92927bcffa2754143fccfacad%2Cf76eadf7d5fc02558806fa3cd76b563252101656979fe1f6fadba67cd3dd1da2%2C06dc06250beb86842bccde5eab2483a4959e2fffa3fbd0966b14b15f2e34b813  delay=8.375 min_gap=0.000 last=1784798009.456
11:13:29.455  ENF   delay=8.375 min_gap=0.000 jitter=2.170 gap=10.545 since_last=0.000 sleep=10.545
11:13:40.307  PARSE Account 6:4:10 → 0.500s/req pen=10s (used=1); Ip 12:4:60 → 0.208s/req pen=60s (used=1); Ip 16:12:60 → 0.516s/req pen=60s (used=2)  delay 8.375→1.516  min_gap→0  max_usage=0%
11:13:40.308  RAW   content-type: application/json
11:13:40.308  RAW   x-rate-limit-policy: trade-fetch-request-limit
11:13:40.308  RAW   x-rate-limit-rules: Account,Ip
11:13:40.308  RAW   x-rate-limit-account: 6:4:10
11:13:40.308  RAW   x-rate-limit-account-state: 1:4:0
11:13:40.308  RAW   x-rate-limit-ip: 12:4:60,16:12:60
11:13:40.308  RAW   x-rate-limit-ip-state: 1:4:0,2:12:0
11:13:40.308  RAW   cf-cache-status: DYNAMIC
11:13:40.308  RAW   cf-ray: a1f992090d4f722f-WAW
11:13:40.308  RESP  GET /api/trade/fetch/13f5e061c641a3fa21486ccfc566663ba712aa29062744cc56580405e5b4cb45%2Cc1b77bd1d3810414924be5ae8994a4262e7f02b18442ebc1182f005379cf659c%2C3a1946495cdef0d4483c9820d45762b8c6c229c92927bcffa2754143fccfacad%2Cf76eadf7d5fc02558806fa3cd76b563252101656979fe1f6fadba67cd3dd1da2%2C06dc06250beb86842bccde5eab2483a4959e2fffa3fbd0966b14b15f2e34b813 → 200  10.852s  delay=1.516 min_gap=0.000 last=1784798020.308
11:13:40.308  PRE   POST /api/trade/search/Standard  delay=1.516 min_gap=0.000 last=1784798020.308
11:13:40.308  ENF   delay=1.516 min_gap=0.000 jitter=1.860 gap=3.375 since_last=0.000 sleep=3.375
11:13:43.960  PARSE Account 3:5:60 → 1.667s/req pen=60s (used=1); Ip 8:10:60 → 1.094s/req pen=60s (used=2); Ip 15:60:120 → 5.600s/req pen=120s (used=9); Ip 60:300:1800 → 7.625s/req pen=1800s (used=41)  delay 1.516→8.625  min_gap→0  max_usage=68%
11:13:43.960  RAW   content-type: application/json
11:13:43.960  RAW   x-rate-limit-policy: trade-search-request-limit
11:13:43.960  RAW   x-rate-limit-rules: Account,Ip
11:13:43.960  RAW   x-rate-limit-account: 3:5:60
11:13:43.960  RAW   x-rate-limit-account-state: 1:5:0
11:13:43.960  RAW   x-rate-limit-ip: 8:10:60,15:60:120,60:300:1800
11:13:43.960  RAW   x-rate-limit-ip-state: 2:10:0,9:60:0,41:300:0
11:13:43.960  RAW   cf-cache-status: DYNAMIC
11:13:43.960  RAW   cf-ray: a1f992200eca722f-WAW
11:13:43.960  RESP  POST /api/trade/search/Standard → 200  3.652s  delay=8.625 min_gap=0.000 last=1784798023.961
11:13:43.960  PRE   GET /api/trade/fetch/534d4756b7f44330b30f614831e452a5e813fa84cea5485a38adafd98e1d3fea%2C0495847f858003e6053eedb261951b318ecaeec770a9c09f9bea3e444357e11c%2Cebb4c8aefd571afc4495dd492274ed8e8498ae20efb804b54922f66e29502885%2Cf9b35ade5f1bb4a14951785d8dcf7a282b9d1d9d10b28425e512b62600e6f245%2Cccdfd3d5c3a29c33d9121560363fb392fcb47185c73daac4acd17bafc5f73beb  delay=8.625 min_gap=0.000 last=1784798023.961
11:13:43.960  ENF   delay=8.625 min_gap=0.000 jitter=1.863 gap=10.488 since_last=0.000 sleep=10.488
