16:20:00.356  INIT  user_agent=test/0.1.0 delay=0.0 min_gap=1.0
16:20:00.356  PRE   POST /api/trade/search/Standard  delay=0.000 min_gap=1.000 last=1784643590.357
16:20:00.356  RESP  POST /api/trade/search/Standard → 429  0.000s  delay=0.000 min_gap=1.000 last=1784643600.357
16:20:00.357  BODY  req=(none)
16:20:00.357  BODY  resp=
16:20:00.357  !! 429 ! headers={'Server': 'cloudflare'}  state_delay=0.000 state_min_gap=1.000 state_last=1784643600.357
16:20:00.357  INIT  user_agent=test/0.1.0 delay=0.0 min_gap=1.0
16:20:00.357  PRE   POST /api/trade/search/Standard  delay=0.000 min_gap=1.000 last=1784643590.357
16:20:00.357  PARSE Account 1:5:60 → 1.500s/req pen=60s (used=0)  delay 0.000→2.500  min_gap→0  max_usage=0%
16:20:00.357  RAW   X-Rate-Limit-Rules: Account
16:20:00.357  RAW   X-Rate-Limit-Account: 1:5:60
16:20:00.357  RESP  POST /api/trade/search/Standard → 429  0.000s  delay=2.500 min_gap=0.000 last=1784643600.357
16:20:00.357  BODY  req=(none)
16:20:00.357  BODY  resp=
16:20:00.357  !! 429 ! headers={'X-Rate-Limit-Rules': 'Account', 'X-Rate-Limit-Account': '1:5:60'}  state_delay=2.500 state_min_gap=0.000 state_last=1784643600.357
16:20:00.357  INIT  user_agent=test/0.1.0 delay=0.0 min_gap=1.0
16:20:00.357  PRE   POST /api/trade/search/Standard  delay=0.000 min_gap=1.000 last=1784643600.357
16:20:00.357  ENF   delay=0.000 min_gap=1.000 jitter=0.000 gap=1.000 since_last=0.000 sleep=1.000
16:20:01.357  PARSE Account 1:1:1 → 0.300s/req pen=1s (used=0)  delay 0.000→1.300  min_gap→0  max_usage=0%
16:20:01.357  RAW   X-Rate-Limit-Rules: Account
16:20:01.357  RAW   X-Rate-Limit-Account: 1:1:1
16:20:01.357  RESP  POST /api/trade/search/Standard → 200  1.000s  delay=1.300 min_gap=0.000 last=1784643601.358
16:20:01.357  INIT  user_agent=test/0.1.0 delay=0.0 min_gap=1.0
16:20:01.358  PRE   POST /api/trade/search/Standard  delay=0.000 min_gap=1.000 last=1784643601.358
16:20:01.358  ENF   delay=0.000 min_gap=1.000 jitter=0.000 gap=1.000 since_last=0.000 sleep=1.000
16:20:01.358  PARSE Account 3:5:60 → 0.500s/req pen=60s (used=0)  delay 0.000→1.500  min_gap→0  max_usage=0%
16:20:01.358  RAW   X-Rate-Limit-Rules: Account
16:20:01.358  RAW   X-Rate-Limit-Account: 3:5:60
16:20:01.358  RESP  POST /api/trade/search/Standard → 200  0.000s  delay=1.500 min_gap=0.000 last=1784643601.358
16:20:01.358  PRE   GET /api/trade/fetch/a  delay=1.500 min_gap=0.000 last=1784643601.358
16:20:01.358  ENF   delay=1.500 min_gap=0.000 jitter=0.000 gap=1.500 since_last=0.000 sleep=1.500
16:20:01.358  PARSE Account 3:5:60 → 0.500s/req pen=60s (used=0)  delay 1.500→1.500  min_gap→0  max_usage=0%
16:20:01.358  RAW   X-Rate-Limit-Rules: Account
16:20:01.358  RAW   X-Rate-Limit-Account: 3:5:60
16:20:01.358  RESP  GET /api/trade/fetch/a → 200  0.000s  delay=1.500 min_gap=0.000 last=1784643601.358
16:20:01.358  INIT  user_agent=test/0.1.0 delay=0.0 min_gap=1.0
16:20:01.358  PRE   POST /api/trade/search/Standard  delay=0.000 min_gap=1.000 last=990.000
16:20:01.358  RESP  POST /api/trade/search/Standard → 200  0.000s  delay=0.000 min_gap=1.000 last=1000.000
16:20:01.358  PRE   POST /api/trade/search/Standard  delay=0.000 min_gap=1.000 last=1000.000
16:20:01.358  ENF   delay=0.000 min_gap=1.000 jitter=2.000 gap=3.000 since_last=0.000 sleep=3.000
16:20:01.358  RESP  POST /api/trade/search/Standard → 200  3.000s  delay=0.000 min_gap=1.000 last=1003.000
16:20:01.358  PRE   POST /api/trade/search/Standard  delay=0.000 min_gap=1.000 last=1003.000
16:20:01.358  ENF   delay=0.000 min_gap=1.000 jitter=2.000 gap=3.000 since_last=0.000 sleep=3.000
16:20:01.358  PARSE Account 3:5:60 → 0.500s/req pen=60s (used=0)  delay 0.000→1.500  min_gap→0  max_usage=0%
16:20:01.358  RAW   X-Rate-Limit-Rules: Account
16:20:01.358  RAW   X-Rate-Limit-Account: 3:5:60
16:20:01.358  RESP  POST /api/trade/search/Standard → 200  3.000s  delay=1.500 min_gap=0.000 last=1006.000
16:20:01.358  PRE   POST /api/trade/search/Standard  delay=1.500 min_gap=0.000 last=1006.000
16:20:01.358  ENF   delay=1.500 min_gap=0.000 jitter=2.000 gap=3.500 since_last=0.000 sleep=3.500
16:20:01.358  PARSE Account 3:5:60 → 0.500s/req pen=60s (used=0)  delay 1.500→1.500  min_gap→0  max_usage=0%
16:20:01.358  RAW   X-Rate-Limit-Rules: Account
16:20:01.358  RAW   X-Rate-Limit-Account: 3:5:60
16:20:01.358  RESP  POST /api/trade/search/Standard → 200  3.500s  delay=1.500 min_gap=0.000 last=1009.500
16:20:01.358  PRE   POST /api/trade/search/Standard  delay=1.500 min_gap=0.000 last=1009.500
16:20:01.358  ENF   delay=1.500 min_gap=0.000 jitter=2.000 gap=3.500 since_last=0.000 sleep=3.500
16:20:01.358  PARSE Ip 60:300:1800 → 1.500s/req pen=1800s (used=0)  delay 1.500→2.500  min_gap→0  max_usage=0%
16:20:01.358  RAW   X-Rate-Limit-Rules: Ip
16:20:01.358  RAW   X-Rate-Limit-Ip: 60:300:1800
16:20:01.358  RESP  POST /api/trade/search/Standard → 200  3.500s  delay=2.500 min_gap=0.000 last=1013.000
16:20:01.358  PRE   POST /api/trade/search/Standard  delay=2.500 min_gap=0.000 last=1013.000
16:20:01.358  ENF   delay=2.500 min_gap=0.000 jitter=2.000 gap=4.500 since_last=0.000 sleep=4.500
16:20:01.358  PARSE Ip 60:300:1800 → 1.500s/req pen=1800s (used=0)  delay 2.500→2.500  min_gap→0  max_usage=0%
16:20:01.359  RAW   X-Rate-Limit-Rules: Ip
16:20:01.359  RAW   X-Rate-Limit-Ip: 60:300:1800
16:20:01.359  RESP  POST /api/trade/search/Standard → 200  4.500s  delay=2.500 min_gap=0.000 last=1017.500
16:20:01.359  INIT  user_agent=test/0.1.0 delay=0.0 min_gap=1.0
16:20:01.359  PRE   POST /api/trade/search/Standard  delay=0.000 min_gap=1.000 last=1784643601.359
16:20:01.359  ENF   delay=0.000 min_gap=1.000 jitter=0.000 gap=1.000 since_last=0.000 sleep=1.000
16:20:02.359  PARSE Ip 60:300:1800 → 6.250s/req pen=1800s (used=30)  delay 0.000→7.250  min_gap→0  max_usage=50%
16:20:02.359  RAW   X-Rate-Limit-Rules: Ip
16:20:02.359  RAW   X-Rate-Limit-Ip: 60:300:1800
16:20:02.359  RAW   X-Rate-Limit-Ip-State: 30:300:0
16:20:02.359  RESP  POST /api/trade/search/Standard → 200  1.000s  delay=7.250 min_gap=0.000 last=1784643602.359
16:20:02.359  PRE   POST /api/trade/search/Standard  delay=7.250 min_gap=0.000 last=1784643602.359
16:20:02.359  ENF   delay=7.250 min_gap=0.000 jitter=0.000 gap=7.250 since_last=0.000 sleep=7.250
16:20:09.609  PARSE Ip 60:300:1800 → 2.875s/req pen=1800s (used=3)  delay 7.250→3.875  min_gap→0  max_usage=5%
16:20:09.609  RAW   X-Rate-Limit-Rules: Ip
16:20:09.609  RAW   X-Rate-Limit-Ip: 60:300:1800
16:20:09.609  RAW   X-Rate-Limit-Ip-State: 3:300:0
16:20:09.609  RESP  POST /api/trade/search/Standard → 200  7.250s  delay=3.875 min_gap=0.000 last=1784643609.610
16:20:09.609  INIT  user_agent=test/0.1.0 delay=0.0 min_gap=1.0
16:20:09.609  PRE   POST /api/trade/search/Standard  delay=0.000 min_gap=1.000 last=1784643609.610
16:20:09.609  ENF   delay=0.000 min_gap=1.000 jitter=0.000 gap=1.000 since_last=0.000 sleep=1.000
16:20:10.609  PARSE Ip 60:300:1800 → 1.500s/req pen=1800s (used=0)  delay 0.000→2.500  min_gap→0  max_usage=0%
16:20:10.609  RAW   X-Rate-Limit-Rules: Ip
16:20:10.609  RAW   X-Rate-Limit-Ip: 60:300:1800
16:20:10.609  RESP  POST /api/trade/search/Standard → 200  1.000s  delay=2.500 min_gap=0.000 last=1784643610.610
16:20:10.610  INIT  user_agent=test/0.1.0 delay=0.0 min_gap=1.0
16:20:10.610  PRE   POST /api/trade/search/Standard  delay=0.000 min_gap=1.000 last=1784643610.610
16:20:10.610  ENF   delay=0.000 min_gap=1.000 jitter=0.000 gap=1.000 since_last=0.000 sleep=1.000
16:20:10.610  RESP  POST /api/trade/search/Standard → 200  0.000s  delay=0.000 min_gap=1.000 last=1784643610.610
16:20:10.610  PRE   POST /api/trade/search/Standard  delay=0.000 min_gap=1.000 last=1784643610.610
16:20:10.610  ENF   delay=0.000 min_gap=1.000 jitter=0.000 gap=1.000 since_last=0.000 sleep=1.000
16:20:10.610  RESP  POST /api/trade/search/Standard → 200  0.000s  delay=0.000 min_gap=1.000 last=1784643610.611
16:20:10.610  INIT  user_agent=test/0.1.0 delay=0.0 min_gap=1.0
16:20:10.610  PRE   POST /api/trade/search/Standard  delay=0.000 min_gap=1.000 last=1784643610.611
16:20:10.610  ENF   delay=0.000 min_gap=1.000 jitter=0.000 gap=1.000 since_last=0.000 sleep=1.000
16:20:11.610  PARSE Account 3:5:60 → 0.500s/req pen=60s (used=0)  delay 0.000→1.500  min_gap→0  max_usage=0%
16:20:11.610  RAW   X-Rate-Limit-Rules: Account
16:20:11.610  RAW   X-Rate-Limit-Account: 3:5:60
16:20:11.610  RESP  POST /api/trade/search/Standard → 200  1.000s  delay=1.500 min_gap=0.000 last=1784643611.611
16:20:11.611  INIT  user_agent=test/0.1.0 delay=0.0 min_gap=1.0
16:20:11.611  PRE   POST /api/trade/search/Standard  delay=0.000 min_gap=1.000 last=1784643611.611
16:20:11.611  ENF   delay=0.000 min_gap=1.000 jitter=0.000 gap=1.000 since_last=0.000 sleep=1.000
16:20:12.611  PARSE Ip 60:300:1800 → 9.250s/req pen=1800s (used=54)  delay 0.000→10.250  min_gap→0  max_usage=90%
16:20:12.611  BACK  set 200s backoff at 90% usage
16:20:12.611  RAW   X-Rate-Limit-Rules: Ip
16:20:12.611  RAW   X-Rate-Limit-Ip: 60:300:1800
16:20:12.611  RAW   X-Rate-Limit-Ip-State: 54:300:0
16:20:12.611  RESP  POST /api/trade/search/Standard → 200  1.000s  delay=10.250 min_gap=0.000 last=1784643612.611
16:20:12.611  INIT  user_agent=test/0.1.0 delay=0.0 min_gap=1.0
16:20:12.611  LOCK  sleep=9999.000
16:20:12.611  ENF   delay=0.010 min_gap=1.000 jitter=0.000 gap=1.000 since_last=0.000 sleep=1.000
16:20:12.612  INIT  user_agent=test/0.1.0 delay=0.0 min_gap=1.0
16:20:12.612  PRE   POST /api/trade/search/Standard  delay=0.000 min_gap=1.000 last=1784643612.612
16:20:12.612  ENF   delay=0.000 min_gap=1.000 jitter=0.000 gap=1.000 since_last=0.000 sleep=1.000
16:20:13.612  PARSE Ip 60:300:1800 → 3.250s/req pen=1800s (used=6)  delay 0.000→4.250  min_gap→0  max_usage=10%
16:20:13.612  RAW   X-Rate-Limit-Rules: Ip
16:20:13.612  RAW   X-Rate-Limit-Ip: 60:300:1800
16:20:13.612  RAW   X-Rate-Limit-Ip-State: 6:300:0
16:20:13.612  RESP  POST /api/trade/search/Standard → 200  1.000s  delay=4.250 min_gap=0.000 last=1784643613.612
16:20:13.612  INIT  user_agent=test/0.1.0 delay=0.0 min_gap=1.0
16:20:13.612  PRE   POST /api/trade/search/Standard  delay=0.000 min_gap=1.000 last=1784643613.612
16:20:13.612  ENF   delay=0.000 min_gap=1.000 jitter=0.000 gap=1.000 since_last=0.000 sleep=1.000
16:20:14.612  PARSE Account 3:5:60 → 0.500s/req pen=60s (used=0)  delay 0.000→1.500  min_gap→0  max_usage=0%
16:20:14.612  RAW   X-Rate-Limit-Rules: Account
16:20:14.612  RAW   X-Rate-Limit-Account: 3:5:60
16:20:14.612  RESP  POST /api/trade/search/Standard → 200  1.000s  delay=1.500 min_gap=0.000 last=1784643614.613
16:20:14.612  INIT  user_agent=test/0.1.0 delay=0.0 min_gap=1.0
16:20:14.612  PRE   POST /api/trade/search/Standard  delay=0.000 min_gap=1.000 last=1784643614.613
16:20:14.612  ENF   delay=0.000 min_gap=1.000 jitter=0.000 gap=1.000 since_last=0.000 sleep=1.000
16:20:15.612  PARSE Ip 8:10:60 → 0.375s/req pen=60s (used=0); Ip 15:60:120 → 1.200s/req pen=120s (used=0); Ip 60:300:1800 → 1.500s/req pen=1800s (used=0)  delay 0.000→2.500  min_gap→0  max_usage=0%
16:20:15.612  RAW   X-Rate-Limit-Rules: Ip
16:20:15.612  RAW   X-Rate-Limit-Ip: 8:10:60,15:60:120,60:300:1800
16:20:15.613  RESP  POST /api/trade/search/Standard → 200  1.000s  delay=2.500 min_gap=0.000 last=1784643615.613
16:20:15.613  INIT  user_agent=test/0.1.0 delay=0.0 min_gap=1.0
16:20:15.613  PRE   POST /api/trade/search/Standard  delay=0.000 min_gap=1.000 last=1784643615.613
16:20:15.613  ENF   delay=0.000 min_gap=1.000 jitter=0.000 gap=1.000 since_last=0.000 sleep=1.000
16:20:16.613  PARSE Account 3:5:60 → 2.500s/req pen=60s (used=2); Ip 15:60:120 → 3.200s/req pen=120s (used=3)  delay 0.000→4.200  min_gap→0  max_usage=20%
16:20:16.613  RAW   X-Rate-Limit-Rules: Account,Ip
16:20:16.613  RAW   X-Rate-Limit-Account: 3:5:60
16:20:16.613  RAW   X-Rate-Limit-Account-State: 2:5:0
16:20:16.613  RAW   X-Rate-Limit-Ip: 15:60:120
16:20:16.613  RAW   X-Rate-Limit-Ip-State: 3:60:0
16:20:16.613  RESP  POST /api/trade/search/Standard → 200  1.000s  delay=4.200 min_gap=0.000 last=1784643616.613
16:20:16.613  INIT  user_agent=test/0.1.0 delay=0.0 min_gap=1.0
16:20:16.613  PRE   POST /api/trade/search/Standard  delay=0.000 min_gap=1.000 last=1784643616.614
16:20:16.613  ENF   delay=0.000 min_gap=1.000 jitter=0.000 gap=1.000 since_last=0.000 sleep=1.000
16:20:17.613  PARSE Account 3:5:60 → 0.500s/req pen=60s (used=0); Ip 60:300:1800 → 1.500s/req pen=1800s (used=0)  delay 0.000→2.500  min_gap→0  max_usage=0%
16:20:17.613  RAW   X-Rate-Limit-Rules: Account,Ip
16:20:17.613  RAW   X-Rate-Limit-Account: 3:5:60
16:20:17.613  RAW   X-Rate-Limit-Ip: 60:300:1800
16:20:17.613  RESP  POST /api/trade/search/Standard → 200  1.000s  delay=2.500 min_gap=0.000 last=1784643617.614
16:20:17.614  INIT  user_agent=test/0.1.0 delay=0.0 min_gap=1.0
16:20:17.614  PRE   POST /api/trade/search/Standard  delay=0.000 min_gap=1.000 last=1784643617.614
16:20:17.614  ENF   delay=0.000 min_gap=1.000 jitter=0.000 gap=1.000 since_last=0.000 sleep=1.000
16:20:18.614  RESP  POST /api/trade/search/Standard → 200  1.000s  delay=0.000 min_gap=1.000 last=1784643618.614
