16:26:05.040  INIT  user_agent=test/0.1.0 delay=0.0 min_gap=1.0
16:26:05.040  PRE   POST /api/trade/search/Standard  delay=0.000 min_gap=1.000 last=1784643955.040
16:26:05.040  RESP  POST /api/trade/search/Standard → 429  0.000s  delay=0.000 min_gap=1.000 last=1784643965.041
16:26:05.040  BODY  req=(none)
16:26:05.040  BODY  resp=
16:26:05.040  !! 429 ! headers={'Server': 'cloudflare'}  state_delay=0.000 state_min_gap=1.000 state_last=1784643965.041
16:26:05.040  INIT  user_agent=test/0.1.0 delay=0.0 min_gap=1.0
16:26:05.040  PRE   POST /api/trade/search/Standard  delay=0.000 min_gap=1.000 last=1784643955.041
16:26:05.041  PARSE Account 1:5:60 → 1.500s/req pen=60s (used=0)  delay 0.000→2.500  min_gap→0  max_usage=0%
16:26:05.041  RAW   X-Rate-Limit-Rules: Account
16:26:05.041  RAW   X-Rate-Limit-Account: 1:5:60
16:26:05.041  RESP  POST /api/trade/search/Standard → 429  0.000s  delay=2.500 min_gap=0.000 last=1784643965.041
16:26:05.041  BODY  req=(none)
16:26:05.041  BODY  resp=
16:26:05.041  !! 429 ! headers={'X-Rate-Limit-Rules': 'Account', 'X-Rate-Limit-Account': '1:5:60'}  state_delay=2.500 state_min_gap=0.000 state_last=1784643965.041
16:26:05.041  INIT  user_agent=test/0.1.0 delay=0.0 min_gap=1.0
16:26:05.041  PRE   POST /api/trade/search/Standard  delay=0.000 min_gap=1.000 last=1784643965.041
16:26:05.041  ENF   delay=0.000 min_gap=1.000 jitter=0.000 gap=1.000 since_last=0.000 sleep=1.000
16:26:06.041  PARSE Account 1:1:1 → 0.300s/req pen=1s (used=0)  delay 0.000→1.300  min_gap→0  max_usage=0%
16:26:06.041  RAW   X-Rate-Limit-Rules: Account
16:26:06.041  RAW   X-Rate-Limit-Account: 1:1:1
16:26:06.041  RESP  POST /api/trade/search/Standard → 200  1.000s  delay=1.300 min_gap=0.000 last=1784643966.041
16:26:06.041  INIT  user_agent=test/0.1.0 delay=0.0 min_gap=1.0
16:26:06.041  PRE   POST /api/trade/search/Standard  delay=0.000 min_gap=1.000 last=1784643966.042
16:26:06.041  ENF   delay=0.000 min_gap=1.000 jitter=0.000 gap=1.000 since_last=0.000 sleep=1.000
16:26:06.042  PARSE Account 3:5:60 → 0.500s/req pen=60s (used=0)  delay 0.000→1.500  min_gap→0  max_usage=0%
16:26:06.042  RAW   X-Rate-Limit-Rules: Account
16:26:06.042  RAW   X-Rate-Limit-Account: 3:5:60
16:26:06.042  RESP  POST /api/trade/search/Standard → 200  0.000s  delay=1.500 min_gap=0.000 last=1784643966.042
16:26:06.042  PRE   GET /api/trade/fetch/a  delay=1.500 min_gap=0.000 last=1784643966.042
16:26:06.042  ENF   delay=1.500 min_gap=0.000 jitter=0.000 gap=1.500 since_last=0.000 sleep=1.500
16:26:06.042  PARSE Account 3:5:60 → 0.500s/req pen=60s (used=0)  delay 1.500→1.500  min_gap→0  max_usage=0%
16:26:06.042  RAW   X-Rate-Limit-Rules: Account
16:26:06.042  RAW   X-Rate-Limit-Account: 3:5:60
16:26:06.042  RESP  GET /api/trade/fetch/a → 200  0.000s  delay=1.500 min_gap=0.000 last=1784643966.042
16:26:06.042  INIT  user_agent=test/0.1.0 delay=0.0 min_gap=1.0
16:26:06.042  PRE   POST /api/trade/search/Standard  delay=0.000 min_gap=1.000 last=990.000
16:26:06.042  RESP  POST /api/trade/search/Standard → 200  0.000s  delay=0.000 min_gap=1.000 last=1000.000
16:26:06.042  PRE   POST /api/trade/search/Standard  delay=0.000 min_gap=1.000 last=1000.000
16:26:06.042  ENF   delay=0.000 min_gap=1.000 jitter=2.000 gap=3.000 since_last=0.000 sleep=3.000
16:26:06.042  RESP  POST /api/trade/search/Standard → 200  3.000s  delay=0.000 min_gap=1.000 last=1003.000
16:26:06.042  PRE   POST /api/trade/search/Standard  delay=0.000 min_gap=1.000 last=1003.000
16:26:06.042  ENF   delay=0.000 min_gap=1.000 jitter=2.000 gap=3.000 since_last=0.000 sleep=3.000
16:26:06.042  PARSE Account 3:5:60 → 0.500s/req pen=60s (used=0)  delay 0.000→1.500  min_gap→0  max_usage=0%
16:26:06.042  RAW   X-Rate-Limit-Rules: Account
16:26:06.042  RAW   X-Rate-Limit-Account: 3:5:60
16:26:06.042  RESP  POST /api/trade/search/Standard → 200  3.000s  delay=1.500 min_gap=0.000 last=1006.000
16:26:06.042  PRE   POST /api/trade/search/Standard  delay=1.500 min_gap=0.000 last=1006.000
16:26:06.042  ENF   delay=1.500 min_gap=0.000 jitter=2.000 gap=3.500 since_last=0.000 sleep=3.500
16:26:06.042  PARSE Account 3:5:60 → 0.500s/req pen=60s (used=0)  delay 1.500→1.500  min_gap→0  max_usage=0%
16:26:06.042  RAW   X-Rate-Limit-Rules: Account
16:26:06.042  RAW   X-Rate-Limit-Account: 3:5:60
16:26:06.042  RESP  POST /api/trade/search/Standard → 200  3.500s  delay=1.500 min_gap=0.000 last=1009.500
16:26:06.042  PRE   POST /api/trade/search/Standard  delay=1.500 min_gap=0.000 last=1009.500
16:26:06.042  ENF   delay=1.500 min_gap=0.000 jitter=2.000 gap=3.500 since_last=0.000 sleep=3.500
16:26:06.042  PARSE Ip 60:300:1800 → 1.500s/req pen=1800s (used=0)  delay 1.500→2.500  min_gap→0  max_usage=0%
16:26:06.042  RAW   X-Rate-Limit-Rules: Ip
16:26:06.042  RAW   X-Rate-Limit-Ip: 60:300:1800
16:26:06.042  RESP  POST /api/trade/search/Standard → 200  3.500s  delay=2.500 min_gap=0.000 last=1013.000
16:26:06.042  PRE   POST /api/trade/search/Standard  delay=2.500 min_gap=0.000 last=1013.000
16:26:06.042  ENF   delay=2.500 min_gap=0.000 jitter=2.000 gap=4.500 since_last=0.000 sleep=4.500
16:26:06.042  PARSE Ip 60:300:1800 → 1.500s/req pen=1800s (used=0)  delay 2.500→2.500  min_gap→0  max_usage=0%
16:26:06.042  RAW   X-Rate-Limit-Rules: Ip
16:26:06.042  RAW   X-Rate-Limit-Ip: 60:300:1800
16:26:06.042  RESP  POST /api/trade/search/Standard → 200  4.500s  delay=2.500 min_gap=0.000 last=1017.500
16:26:06.042  INIT  user_agent=test/0.1.0 delay=0.0 min_gap=1.0
16:26:06.042  PRE   POST /api/trade/search/Standard  delay=0.000 min_gap=1.000 last=1784643966.043
16:26:06.042  ENF   delay=0.000 min_gap=1.000 jitter=0.000 gap=1.000 since_last=0.000 sleep=1.000
16:26:07.042  PARSE Ip 60:300:1800 → 6.250s/req pen=1800s (used=30)  delay 0.000→7.250  min_gap→0  max_usage=50%
16:26:07.042  RAW   X-Rate-Limit-Rules: Ip
16:26:07.043  RAW   X-Rate-Limit-Ip: 60:300:1800
16:26:07.043  RAW   X-Rate-Limit-Ip-State: 30:300:0
16:26:07.043  RESP  POST /api/trade/search/Standard → 200  1.000s  delay=7.250 min_gap=0.000 last=1784643967.043
16:26:07.043  PRE   POST /api/trade/search/Standard  delay=7.250 min_gap=0.000 last=1784643967.043
16:26:07.043  ENF   delay=7.250 min_gap=0.000 jitter=0.000 gap=7.250 since_last=0.000 sleep=7.250
16:26:14.293  PARSE Ip 60:300:1800 → 2.875s/req pen=1800s (used=3)  delay 7.250→3.875  min_gap→0  max_usage=5%
16:26:14.293  RAW   X-Rate-Limit-Rules: Ip
16:26:14.293  RAW   X-Rate-Limit-Ip: 60:300:1800
16:26:14.293  RAW   X-Rate-Limit-Ip-State: 3:300:0
16:26:14.293  RESP  POST /api/trade/search/Standard → 200  7.250s  delay=3.875 min_gap=0.000 last=1784643974.293
16:26:14.293  INIT  user_agent=test/0.1.0 delay=0.0 min_gap=1.0
16:26:14.293  PRE   POST /api/trade/search/Standard  delay=0.000 min_gap=1.000 last=1784643974.293
16:26:14.293  ENF   delay=0.000 min_gap=1.000 jitter=0.000 gap=1.000 since_last=0.000 sleep=1.000
16:26:15.293  PARSE Ip 60:300:1800 → 1.500s/req pen=1800s (used=0)  delay 0.000→2.500  min_gap→0  max_usage=0%
16:26:15.293  RAW   X-Rate-Limit-Rules: Ip
16:26:15.293  RAW   X-Rate-Limit-Ip: 60:300:1800
16:26:15.293  RESP  POST /api/trade/search/Standard → 200  1.000s  delay=2.500 min_gap=0.000 last=1784643975.294
16:26:15.293  INIT  user_agent=test/0.1.0 delay=0.0 min_gap=1.0
16:26:15.294  PRE   POST /api/trade/search/Standard  delay=0.000 min_gap=1.000 last=1784643975.294
16:26:15.294  ENF   delay=0.000 min_gap=1.000 jitter=0.000 gap=1.000 since_last=0.000 sleep=1.000
16:26:15.294  RESP  POST /api/trade/search/Standard → 200  0.000s  delay=0.000 min_gap=1.000 last=1784643975.294
16:26:15.294  PRE   POST /api/trade/search/Standard  delay=0.000 min_gap=1.000 last=1784643975.294
16:26:15.294  ENF   delay=0.000 min_gap=1.000 jitter=0.000 gap=1.000 since_last=0.000 sleep=1.000
16:26:15.294  RESP  POST /api/trade/search/Standard → 200  0.000s  delay=0.000 min_gap=1.000 last=1784643975.294
16:26:15.294  INIT  user_agent=test/0.1.0 delay=0.0 min_gap=1.0
16:26:15.294  PRE   POST /api/trade/search/Standard  delay=0.000 min_gap=1.000 last=1784643975.294
16:26:15.294  ENF   delay=0.000 min_gap=1.000 jitter=0.000 gap=1.000 since_last=0.000 sleep=1.000
16:26:16.294  PARSE Account 3:5:60 → 0.500s/req pen=60s (used=0)  delay 0.000→1.500  min_gap→0  max_usage=0%
16:26:16.294  RAW   X-Rate-Limit-Rules: Account
16:26:16.294  RAW   X-Rate-Limit-Account: 3:5:60
16:26:16.294  RESP  POST /api/trade/search/Standard → 200  1.000s  delay=1.500 min_gap=0.000 last=1784643976.295
16:26:16.294  INIT  user_agent=test/0.1.0 delay=0.0 min_gap=1.0
16:26:16.294  PRE   POST /api/trade/search/Standard  delay=0.000 min_gap=1.000 last=1784643976.295
16:26:16.294  ENF   delay=0.000 min_gap=1.000 jitter=0.000 gap=1.000 since_last=0.000 sleep=1.000
16:26:17.294  PARSE Ip 60:300:1800 → 9.250s/req pen=1800s (used=54)  delay 0.000→10.250  min_gap→0  max_usage=90%
16:26:17.294  BACK  set 200s backoff at 90% usage
16:26:17.294  RAW   X-Rate-Limit-Rules: Ip
16:26:17.294  RAW   X-Rate-Limit-Ip: 60:300:1800
16:26:17.294  RAW   X-Rate-Limit-Ip-State: 54:300:0
16:26:17.295  RESP  POST /api/trade/search/Standard → 200  1.000s  delay=10.250 min_gap=0.000 last=1784643977.295
16:26:17.295  INIT  user_agent=test/0.1.0 delay=0.0 min_gap=1.0
16:26:17.295  LOCK  sleep=9999.000
16:26:17.295  ENF   delay=0.010 min_gap=1.000 jitter=0.000 gap=1.000 since_last=0.000 sleep=1.000
16:26:17.295  INIT  user_agent=test/0.1.0 delay=0.0 min_gap=1.0
16:26:17.295  PRE   POST /api/trade/search/Standard  delay=0.000 min_gap=1.000 last=1784643977.296
16:26:17.295  ENF   delay=0.000 min_gap=1.000 jitter=0.000 gap=1.000 since_last=0.000 sleep=1.000
16:26:18.295  PARSE Ip 60:300:1800 → 3.250s/req pen=1800s (used=6)  delay 0.000→4.250  min_gap→0  max_usage=10%
16:26:18.295  RAW   X-Rate-Limit-Rules: Ip
16:26:18.295  RAW   X-Rate-Limit-Ip: 60:300:1800
16:26:18.295  RAW   X-Rate-Limit-Ip-State: 6:300:0
16:26:18.295  RESP  POST /api/trade/search/Standard → 200  1.000s  delay=4.250 min_gap=0.000 last=1784643978.296
16:26:18.296  INIT  user_agent=test/0.1.0 delay=0.0 min_gap=1.0
16:26:18.296  PRE   POST /api/trade/search/Standard  delay=0.000 min_gap=1.000 last=1784643978.296
16:26:18.296  ENF   delay=0.000 min_gap=1.000 jitter=0.000 gap=1.000 since_last=0.000 sleep=1.000
16:26:19.296  PARSE Account 3:5:60 → 0.500s/req pen=60s (used=0)  delay 0.000→1.500  min_gap→0  max_usage=0%
16:26:19.296  RAW   X-Rate-Limit-Rules: Account
16:26:19.296  RAW   X-Rate-Limit-Account: 3:5:60
16:26:19.296  RESP  POST /api/trade/search/Standard → 200  1.000s  delay=1.500 min_gap=0.000 last=1784643979.296
16:26:19.296  INIT  user_agent=test/0.1.0 delay=0.0 min_gap=1.0
16:26:19.296  PRE   POST /api/trade/search/Standard  delay=0.000 min_gap=1.000 last=1784643979.296
16:26:19.296  ENF   delay=0.000 min_gap=1.000 jitter=0.000 gap=1.000 since_last=0.000 sleep=1.000
16:26:20.296  PARSE Ip 8:10:60 → 0.375s/req pen=60s (used=0); Ip 15:60:120 → 1.200s/req pen=120s (used=0); Ip 60:300:1800 → 1.500s/req pen=1800s (used=0)  delay 0.000→2.500  min_gap→0  max_usage=0%
16:26:20.296  RAW   X-Rate-Limit-Rules: Ip
16:26:20.296  RAW   X-Rate-Limit-Ip: 8:10:60,15:60:120,60:300:1800
16:26:20.296  RESP  POST /api/trade/search/Standard → 200  1.000s  delay=2.500 min_gap=0.000 last=1784643980.297
16:26:20.296  INIT  user_agent=test/0.1.0 delay=0.0 min_gap=1.0
16:26:20.296  PRE   POST /api/trade/search/Standard  delay=0.000 min_gap=1.000 last=1784643980.297
16:26:20.296  ENF   delay=0.000 min_gap=1.000 jitter=0.000 gap=1.000 since_last=0.000 sleep=1.000
16:26:21.296  PARSE Account 3:5:60 → 2.500s/req pen=60s (used=2); Ip 15:60:120 → 3.200s/req pen=120s (used=3)  delay 0.000→4.200  min_gap→0  max_usage=20%
16:26:21.296  RAW   X-Rate-Limit-Rules: Account,Ip
16:26:21.297  RAW   X-Rate-Limit-Account: 3:5:60
16:26:21.297  RAW   X-Rate-Limit-Account-State: 2:5:0
16:26:21.297  RAW   X-Rate-Limit-Ip: 15:60:120
16:26:21.297  RAW   X-Rate-Limit-Ip-State: 3:60:0
16:26:21.297  RESP  POST /api/trade/search/Standard → 200  1.000s  delay=4.200 min_gap=0.000 last=1784643981.297
16:26:21.297  INIT  user_agent=test/0.1.0 delay=0.0 min_gap=1.0
16:26:21.297  PRE   POST /api/trade/search/Standard  delay=0.000 min_gap=1.000 last=1784643981.297
16:26:21.297  ENF   delay=0.000 min_gap=1.000 jitter=0.000 gap=1.000 since_last=0.000 sleep=1.000
16:26:22.297  PARSE Account 3:5:60 → 0.500s/req pen=60s (used=0); Ip 60:300:1800 → 1.500s/req pen=1800s (used=0)  delay 0.000→2.500  min_gap→0  max_usage=0%
16:26:22.297  RAW   X-Rate-Limit-Rules: Account,Ip
16:26:22.297  RAW   X-Rate-Limit-Account: 3:5:60
16:26:22.297  RAW   X-Rate-Limit-Ip: 60:300:1800
16:26:22.297  RESP  POST /api/trade/search/Standard → 200  1.000s  delay=2.500 min_gap=0.000 last=1784643982.297
16:26:22.297  INIT  user_agent=test/0.1.0 delay=0.0 min_gap=1.0
16:26:22.297  PRE   POST /api/trade/search/Standard  delay=0.000 min_gap=1.000 last=1784643982.298
16:26:22.297  ENF   delay=0.000 min_gap=1.000 jitter=0.000 gap=1.000 since_last=0.000 sleep=1.000
16:26:23.297  RESP  POST /api/trade/search/Standard → 200  1.000s  delay=0.000 min_gap=1.000 last=1784643983.298
