09:59:13.946  INIT  user_agent=OAuth pypoe/0.1.0 (flipper) delay=0.0 min_gap=1.0
09:59:13.948  PRE   POST /api/trade/search/Standard  delay=0.000 min_gap=1.000 last=1784793553.947
09:59:13.948  ENF   delay=0.000 min_gap=1.000 jitter=2.593 gap=3.593 since_last=0.002 sleep=3.590
09:59:18.249  PARSE Account 3:5:60 → 2.500s/req pen=60s (used=2); Ip 8:10:60 → 1.094s/req pen=60s (used=2); Ip 15:60:120 → 4.400s/req pen=120s (used=6); Ip 60:300:1800 → 5.750s/req pen=1800s (used=26)  delay 0.000→6.750  min_gap→0  max_usage=43%
09:59:18.250  RAW   content-type: application/json
09:59:18.250  RAW   x-rate-limit-policy: trade-search-request-limit
09:59:18.250  RAW   x-rate-limit-rules: Account,Ip
09:59:18.250  RAW   x-rate-limit-account: 3:5:60
09:59:18.250  RAW   x-rate-limit-account-state: 2:5:0
09:59:18.250  RAW   x-rate-limit-ip: 8:10:60,15:60:120,60:300:1800
09:59:18.250  RAW   x-rate-limit-ip-state: 2:10:0,6:60:0,26:300:0
09:59:18.250  RAW   cf-cache-status: DYNAMIC
09:59:18.250  RAW   cf-ray: a1f92516ce141bf9-WAW
09:59:18.250  RESP  POST /api/trade/search/Standard → 200  4.301s  delay=6.750 min_gap=0.000 last=1784793558.250
09:59:18.250  PRE   GET /api/trade/fetch/4fc30ef32b0db3438be40cd0cb4939919308306d56e8132582ffe4cee69f8d9a%2C4cf5747154a963027735341ca09ea1b4f5a92168220c7cb32978e0df05013a0e%2Cc2e51d26ce655645a84a4ebbfff4c78da12f263ddad705f9172259f7e91c5cf2%2C59d8958d14c8f6c5492a1dc8fe21bb5c3c953a10d67a7d5f7c5e9979cb842d0a%2C3f394dd3358bfc21e75b905287630e8c3149ebdd33f10ef7f36829f39e72d73a  delay=6.750 min_gap=0.000 last=1784793558.250
09:59:18.250  ENF   delay=6.750 min_gap=0.000 jitter=4.270 gap=11.020 since_last=0.000 sleep=11.020
09:59:29.648  PARSE Account 6:4:10 → 0.667s/req pen=10s (used=2); Ip 12:4:60 → 0.250s/req pen=60s (used=2); Ip 16:12:60 → 0.516s/req pen=60s (used=2)  delay 6.750→1.667  min_gap→0  max_usage=0%
09:59:29.648  RAW   content-type: application/json
09:59:29.648  RAW   x-rate-limit-policy: trade-fetch-request-limit
09:59:29.648  RAW   x-rate-limit-rules: Account,Ip
09:59:29.648  RAW   x-rate-limit-account: 6:4:10
09:59:29.648  RAW   x-rate-limit-account-state: 2:4:0
09:59:29.648  RAW   x-rate-limit-ip: 12:4:60,16:12:60
09:59:29.648  RAW   x-rate-limit-ip-state: 2:4:0,2:12:0
09:59:29.648  RAW   cf-cache-status: DYNAMIC
09:59:29.648  RAW   cf-ray: a1f9255ffa321bf9-WAW
09:59:29.648  RESP  GET /api/trade/fetch/4fc30ef32b0db3438be40cd0cb4939919308306d56e8132582ffe4cee69f8d9a%2C4cf5747154a963027735341ca09ea1b4f5a92168220c7cb32978e0df05013a0e%2Cc2e51d26ce655645a84a4ebbfff4c78da12f263ddad705f9172259f7e91c5cf2%2C59d8958d14c8f6c5492a1dc8fe21bb5c3c953a10d67a7d5f7c5e9979cb842d0a%2C3f394dd3358bfc21e75b905287630e8c3149ebdd33f10ef7f36829f39e72d73a → 200  11.398s  delay=1.667 min_gap=0.000 last=1784793569.649
09:59:29.648  PRE   POST /api/trade/search/Standard  delay=1.667 min_gap=0.000 last=1784793569.649
09:59:29.648  ENF   delay=1.667 min_gap=0.000 jitter=2.153 gap=3.819 since_last=0.000 sleep=3.819
09:59:34.203  PARSE Account 3:5:60 → 2.500s/req pen=60s (used=2); Ip 8:10:60 → 1.094s/req pen=60s (used=2); Ip 15:60:120 → 5.200s/req pen=120s (used=8); Ip 60:300:1800 → 6.000s/req pen=1800s (used=28)  delay 1.667→7.000  min_gap→0  max_usage=53%
09:59:34.203  RAW   content-type: application/json
09:59:34.203  RAW   x-rate-limit-policy: trade-search-request-limit
09:59:34.203  RAW   x-rate-limit-rules: Account,Ip
09:59:34.203  RAW   x-rate-limit-account: 3:5:60
09:59:34.203  RAW   x-rate-limit-account-state: 2:5:0
09:59:34.203  RAW   x-rate-limit-ip: 8:10:60,15:60:120,60:300:1800
09:59:34.204  RAW   x-rate-limit-ip-state: 2:10:0,8:60:0,28:300:0
09:59:34.204  RAW   cf-cache-status: DYNAMIC
09:59:34.204  RAW   cf-ray: a1f9257a389e1bf9-WAW
09:59:34.204  RESP  POST /api/trade/search/Standard → 200  4.555s  delay=7.000 min_gap=0.000 last=1784793574.204
09:59:34.204  PRE   GET /api/trade/fetch/628142777ff319540202306011db54c0f93c35bf42870087a84d9fc2538ae5f9%2C26d59adb7d097b87fbc4d139d8602c7f29203a974bf53b2cd05066ab22f8f97a%2C7b90f48aea2a9c1346184a5d81fd0ce1ce1bb3791b1badc4c8cf7a6508f62982%2C200bb5ee008845336d012afd79d33f243a88fc11574c78ee65ea43965648c78d%2Cf4ae7e8b22823f80b3a6f28df848e3f9ba9dfa9c6976d754097fcb28fccdb767  delay=7.000 min_gap=0.000 last=1784793574.204
09:59:34.204  ENF   delay=7.000 min_gap=0.000 jitter=3.498 gap=10.498 since_last=0.000 sleep=10.498
09:59:45.368  PARSE Account 6:4:10 → 0.667s/req pen=10s (used=2); Ip 12:4:60 → 0.250s/req pen=60s (used=2); Ip 16:12:60 → 0.516s/req pen=60s (used=2)  delay 7.000→1.667  min_gap→0  max_usage=0%
09:59:45.368  RAW   content-type: application/json
09:59:45.368  RAW   x-rate-limit-policy: trade-fetch-request-limit
09:59:45.368  RAW   x-rate-limit-rules: Account,Ip
09:59:45.368  RAW   x-rate-limit-account: 6:4:10
09:59:45.368  RAW   x-rate-limit-account-state: 2:4:0
09:59:45.368  RAW   x-rate-limit-ip: 12:4:60,16:12:60
09:59:45.368  RAW   x-rate-limit-ip-state: 2:4:0,2:12:0
09:59:45.368  RAW   cf-cache-status: DYNAMIC
09:59:45.368  RAW   cf-ray: a1f925c06edb1bf9-WAW
09:59:45.368  RESP  GET /api/trade/fetch/628142777ff319540202306011db54c0f93c35bf42870087a84d9fc2538ae5f9%2C26d59adb7d097b87fbc4d139d8602c7f29203a974bf53b2cd05066ab22f8f97a%2C7b90f48aea2a9c1346184a5d81fd0ce1ce1bb3791b1badc4c8cf7a6508f62982%2C200bb5ee008845336d012afd79d33f243a88fc11574c78ee65ea43965648c78d%2Cf4ae7e8b22823f80b3a6f28df848e3f9ba9dfa9c6976d754097fcb28fccdb767 → 200  11.165s  delay=1.667 min_gap=0.000 last=1784793585.369
09:59:45.369  PRE   POST /api/trade/search/Standard  delay=1.667 min_gap=0.000 last=1784793585.369
09:59:45.369  ENF   delay=1.667 min_gap=0.000 jitter=2.161 gap=3.827 since_last=0.000 sleep=3.827
09:59:50.101  PARSE Account 3:5:60 → 2.500s/req pen=60s (used=2); Ip 8:10:60 → 1.094s/req pen=60s (used=2); Ip 15:60:120 → 5.200s/req pen=120s (used=8); Ip 60:300:1800 → 6.250s/req pen=1800s (used=30)  delay 1.667→7.250  min_gap→0  max_usage=53%
09:59:50.101  RAW   content-type: application/json
09:59:50.101  RAW   x-rate-limit-policy: trade-search-request-limit
09:59:50.101  RAW   x-rate-limit-rules: Account,Ip
09:59:50.101  RAW   x-rate-limit-account: 3:5:60
09:59:50.101  RAW   x-rate-limit-account-state: 2:5:0
09:59:50.101  RAW   x-rate-limit-ip: 8:10:60,15:60:120,60:300:1800
09:59:50.101  RAW   x-rate-limit-ip-state: 2:10:0,8:60:0,30:300:0
09:59:50.101  RAW   cf-cache-status: DYNAMIC
09:59:50.101  RAW   cf-ray: a1f925dc78561bf9-WAW
09:59:50.101  RESP  POST /api/trade/search/Standard → 200  4.732s  delay=7.250 min_gap=0.000 last=1784793590.101
09:59:50.101  PRE   GET /api/trade/fetch/08265eb1f3fc92217e000741faf0d2385c0762f1feaac7ad0edbe16a100c516f%2C4f0c1032a627e86f5f7935bc59f2fe260a1370a3d79bc3fd6218ef0b5d70a69a%2Ca1477089d73c045c428f6246ff85bd78ea5fcfed5539be30a5d28e9e277884aa%2C1c5fca00d597e5b8e0192927c543dc34f1c7ded8a406aca9146a7e60e6c5bc78%2Cc62a9a44bc1b4173984118a92c3c98b4dc735f459cfd57c5f6b1b645edd839be  delay=7.250 min_gap=0.000 last=1784793590.101
09:59:50.101  ENF   delay=7.250 min_gap=0.000 jitter=4.484 gap=11.734 since_last=0.000 sleep=11.733
10:00:02.276  PARSE Account 6:4:10 → 0.667s/req pen=10s (used=2); Ip 12:4:60 → 0.250s/req pen=60s (used=2); Ip 16:12:60 → 0.516s/req pen=60s (used=2)  delay 7.250→1.667  min_gap→0  max_usage=0%
10:00:02.276  RAW   content-type: application/json
10:00:02.276  RAW   x-rate-limit-policy: trade-fetch-request-limit
10:00:02.276  RAW   x-rate-limit-rules: Account,Ip
10:00:02.276  RAW   x-rate-limit-account: 6:4:10
10:00:02.276  RAW   x-rate-limit-account-state: 2:4:0
10:00:02.276  RAW   x-rate-limit-ip: 12:4:60,16:12:60
10:00:02.276  RAW   x-rate-limit-ip-state: 2:4:0,2:12:0
10:00:02.276  RAW   cf-cache-status: DYNAMIC
10:00:02.276  RAW   cf-ray: a1f9262b7dd31bf9-WAW
10:00:02.276  RESP  GET /api/trade/fetch/08265eb1f3fc92217e000741faf0d2385c0762f1feaac7ad0edbe16a100c516f%2C4f0c1032a627e86f5f7935bc59f2fe260a1370a3d79bc3fd6218ef0b5d70a69a%2Ca1477089d73c045c428f6246ff85bd78ea5fcfed5539be30a5d28e9e277884aa%2C1c5fca00d597e5b8e0192927c543dc34f1c7ded8a406aca9146a7e60e6c5bc78%2Cc62a9a44bc1b4173984118a92c3c98b4dc735f459cfd57c5f6b1b645edd839be → 200  12.175s  delay=1.667 min_gap=0.000 last=1784793602.276
10:00:02.300  PRE   POST /api/trade/search/Standard  delay=1.667 min_gap=0.000 last=1784793602.276
10:00:02.300  ENF   delay=1.667 min_gap=0.000 jitter=4.192 gap=5.858 since_last=0.024 sleep=5.835
10:00:08.572  PARSE Account 3:5:60 → 2.500s/req pen=60s (used=2); Ip 8:10:60 → 1.094s/req pen=60s (used=2); Ip 15:60:120 → 5.200s/req pen=120s (used=8); Ip 60:300:1800 → 5.500s/req pen=1800s (used=24)  delay 1.667→6.500  min_gap→0  max_usage=53%
10:00:08.572  RAW   content-type: application/json
10:00:08.572  RAW   x-rate-limit-policy: trade-search-request-limit
10:00:08.572  RAW   x-rate-limit-rules: Account,Ip
10:00:08.572  RAW   x-rate-limit-account: 3:5:60
10:00:08.572  RAW   x-rate-limit-account-state: 2:5:0
10:00:08.572  RAW   x-rate-limit-ip: 8:10:60,15:60:120,60:300:1800
10:00:08.572  RAW   x-rate-limit-ip-state: 2:10:0,8:60:0,24:300:0
10:00:08.572  RAW   cf-cache-status: DYNAMIC
10:00:08.572  RAW   cf-ray: a1f92652db1f1bf9-WAW
10:00:08.572  RESP  POST /api/trade/search/Standard → 200  6.272s  delay=6.500 min_gap=0.000 last=1784793608.573
10:00:08.572  PRE   GET /api/trade/fetch/a7c5bb47ad911d7a6a011a914f499cb2bba9623b352f689457dbfedbca6ebb08%2C80a4a79bfe8ef9c93f00344fbf81ec829c3a8afcd5520ef7c7e4e5157d52c6a4%2Ccf93e8e4ef3bfa40141baf9e70e2f232fd6346a912c636250a6809760698e77c%2Caa1e69f8f5b78f2c704fa56b584ef054972e5fdef9adcb6fc0904ea7eee7e6f4%2C7f03c0a78318a00c63d0fc5bd93f7394f01c87fd8c4227683cfbc1e7608e67dd  delay=6.500 min_gap=0.000 last=1784793608.573
10:00:08.572  ENF   delay=6.500 min_gap=0.000 jitter=4.099 gap=10.599 since_last=0.000 sleep=10.599
10:00:19.526  PARSE Account 6:4:10 → 0.667s/req pen=10s (used=2); Ip 12:4:60 → 0.250s/req pen=60s (used=2); Ip 16:12:60 → 0.516s/req pen=60s (used=2)  delay 6.500→1.667  min_gap→0  max_usage=0%
10:00:19.526  RAW   content-type: application/json
10:00:19.526  RAW   x-rate-limit-policy: trade-fetch-request-limit
10:00:19.526  RAW   x-rate-limit-rules: Account,Ip
10:00:19.527  RAW   x-rate-limit-account: 6:4:10
10:00:19.527  RAW   x-rate-limit-account-state: 2:4:0
10:00:19.527  RAW   x-rate-limit-ip: 12:4:60,16:12:60
10:00:19.527  RAW   x-rate-limit-ip-state: 2:4:0,2:12:0
10:00:19.527  RAW   cf-cache-status: DYNAMIC
10:00:19.527  RAW   cf-ray: a1f92697d83d1bf9-WAW
10:00:19.527  RESP  GET /api/trade/fetch/a7c5bb47ad911d7a6a011a914f499cb2bba9623b352f689457dbfedbca6ebb08%2C80a4a79bfe8ef9c93f00344fbf81ec829c3a8afcd5520ef7c7e4e5157d52c6a4%2Ccf93e8e4ef3bfa40141baf9e70e2f232fd6346a912c636250a6809760698e77c%2Caa1e69f8f5b78f2c704fa56b584ef054972e5fdef9adcb6fc0904ea7eee7e6f4%2C7f03c0a78318a00c63d0fc5bd93f7394f01c87fd8c4227683cfbc1e7608e67dd → 200  10.954s  delay=1.667 min_gap=0.000 last=1784793619.527
10:00:19.527  PRE   POST /api/trade/search/Standard  delay=1.667 min_gap=0.000 last=1784793619.527
10:00:19.527  ENF   delay=1.667 min_gap=0.000 jitter=2.984 gap=4.651 since_last=0.000 sleep=4.651
10:00:24.645  PARSE Account 3:5:60 → 2.500s/req pen=60s (used=2); Ip 8:10:60 → 1.094s/req pen=60s (used=2); Ip 15:60:120 → 5.200s/req pen=120s (used=8); Ip 60:300:1800 → 5.750s/req pen=1800s (used=26)  delay 1.667→6.750  min_gap→0  max_usage=53%
10:00:24.645  RAW   content-type: application/json
10:00:24.646  RAW   x-rate-limit-policy: trade-search-request-limit
10:00:24.646  RAW   x-rate-limit-rules: Account,Ip
10:00:24.646  RAW   x-rate-limit-account: 3:5:60
10:00:24.646  RAW   x-rate-limit-account-state: 2:5:0
10:00:24.646  RAW   x-rate-limit-ip: 8:10:60,15:60:120,60:300:1800
10:00:24.646  RAW   x-rate-limit-ip-state: 2:10:0,8:60:0,26:300:0
10:00:24.646  RAW   cf-cache-status: DYNAMIC
10:00:24.646  RAW   cf-ray: a1f926b72c8b1bf9-WAW
10:00:24.646  RESP  POST /api/trade/search/Standard → 200  5.119s  delay=6.750 min_gap=0.000 last=1784793624.646
10:00:24.646  PRE   GET /api/trade/fetch/628142777ff319540202306011db54c0f93c35bf42870087a84d9fc2538ae5f9%2C26d59adb7d097b87fbc4d139d8602c7f29203a974bf53b2cd05066ab22f8f97a%2C7b90f48aea2a9c1346184a5d81fd0ce1ce1bb3791b1badc4c8cf7a6508f62982%2C200bb5ee008845336d012afd79d33f243a88fc11574c78ee65ea43965648c78d%2Cf4ae7e8b22823f80b3a6f28df848e3f9ba9dfa9c6976d754097fcb28fccdb767  delay=6.750 min_gap=0.000 last=1784793624.646
10:00:24.646  ENF   delay=6.750 min_gap=0.000 jitter=2.389 gap=9.139 since_last=0.000 sleep=9.139
10:00:34.202  PARSE Account 6:4:10 → 0.500s/req pen=10s (used=1); Ip 12:4:60 → 0.208s/req pen=60s (used=1); Ip 16:12:60 → 0.445s/req pen=60s (used=1)  delay 6.750→1.500  min_gap→0  max_usage=0%
10:00:34.202  RAW   content-type: application/json
10:00:34.202  RAW   x-rate-limit-policy: trade-fetch-request-limit
10:00:34.202  RAW   x-rate-limit-rules: Account,Ip
10:00:34.202  RAW   x-rate-limit-account: 6:4:10
10:00:34.202  RAW   x-rate-limit-account-state: 1:4:0
10:00:34.202  RAW   x-rate-limit-ip: 12:4:60,16:12:60
10:00:34.202  RAW   x-rate-limit-ip-state: 1:4:0,1:12:0
10:00:34.202  RAW   cf-cache-status: DYNAMIC
10:00:34.202  RAW   cf-ray: a1f926f32efc1bf9-WAW
10:00:34.202  RESP  GET /api/trade/fetch/628142777ff319540202306011db54c0f93c35bf42870087a84d9fc2538ae5f9%2C26d59adb7d097b87fbc4d139d8602c7f29203a974bf53b2cd05066ab22f8f97a%2C7b90f48aea2a9c1346184a5d81fd0ce1ce1bb3791b1badc4c8cf7a6508f62982%2C200bb5ee008845336d012afd79d33f243a88fc11574c78ee65ea43965648c78d%2Cf4ae7e8b22823f80b3a6f28df848e3f9ba9dfa9c6976d754097fcb28fccdb767 → 200  9.556s  delay=1.500 min_gap=0.000 last=1784793634.203
10:00:34.203  PRE   POST /api/trade/search/Standard  delay=1.500 min_gap=0.000 last=1784793634.203
10:00:34.203  ENF   delay=1.500 min_gap=0.000 jitter=4.180 gap=5.680 since_last=0.000 sleep=5.680
10:00:40.508  PARSE Account 3:5:60 → 1.667s/req pen=60s (used=1); Ip 8:10:60 → 0.859s/req pen=60s (used=1); Ip 15:60:120 → 4.800s/req pen=120s (used=7); Ip 60:300:1800 → 5.875s/req pen=1800s (used=27)  delay 1.500→6.875  min_gap→0  max_usage=47%
10:00:40.508  RAW   content-type: application/json
10:00:40.509  RAW   x-rate-limit-policy: trade-search-request-limit
10:00:40.509  RAW   x-rate-limit-rules: Account,Ip
10:00:40.509  RAW   x-rate-limit-account: 3:5:60
10:00:40.509  RAW   x-rate-limit-account-state: 1:5:0
10:00:40.509  RAW   x-rate-limit-ip: 8:10:60,15:60:120,60:300:1800
10:00:40.509  RAW   x-rate-limit-ip-state: 1:10:0,7:60:0,27:300:0
10:00:40.509  RAW   cf-cache-status: DYNAMIC
10:00:40.509  RAW   cf-ray: a1f927194c3b1bf9-WAW
10:00:40.509  RESP  POST /api/trade/search/Standard → 200  6.306s  delay=6.875 min_gap=0.000 last=1784793640.509
10:00:40.509  PRE   GET /api/trade/fetch/80a4a79bfe8ef9c93f00344fbf81ec829c3a8afcd5520ef7c7e4e5157d52c6a4%2Ccf93e8e4ef3bfa40141baf9e70e2f232fd6346a912c636250a6809760698e77c%2C7f03c0a78318a00c63d0fc5bd93f7394f01c87fd8c4227683cfbc1e7608e67dd%2Ceb7f164594fb9b6ae1625adbb8a8ec20cecfe451105b910e4b1af67fc05976b1%2Cd0eabed80b974bc0a00c6333bfadf8ce0edbe1682f9ef26c70ca662c1c0c0ce3  delay=6.875 min_gap=0.000 last=1784793640.509
10:00:40.509  ENF   delay=6.875 min_gap=0.000 jitter=3.558 gap=10.433 since_last=0.000 sleep=10.433
10:00:51.396  PARSE Account 6:4:10 → 0.500s/req pen=10s (used=1); Ip 12:4:60 → 0.208s/req pen=60s (used=1); Ip 16:12:60 → 0.445s/req pen=60s (used=1)  delay 6.875→1.500  min_gap→0  max_usage=0%
10:00:51.396  RAW   content-type: application/json
10:00:51.396  RAW   x-rate-limit-policy: trade-fetch-request-limit
10:00:51.396  RAW   x-rate-limit-rules: Account,Ip
10:00:51.396  RAW   x-rate-limit-account: 6:4:10
10:00:51.396  RAW   x-rate-limit-account-state: 1:4:0
10:00:51.396  RAW   x-rate-limit-ip: 12:4:60,16:12:60
10:00:51.396  RAW   x-rate-limit-ip-state: 1:4:0,1:12:0
10:00:51.396  RAW   cf-cache-status: DYNAMIC
10:00:51.396  RAW   cf-ray: a1f9275e6fd71bf9-WAW
10:00:51.396  RESP  GET /api/trade/fetch/80a4a79bfe8ef9c93f00344fbf81ec829c3a8afcd5520ef7c7e4e5157d52c6a4%2Ccf93e8e4ef3bfa40141baf9e70e2f232fd6346a912c636250a6809760698e77c%2C7f03c0a78318a00c63d0fc5bd93f7394f01c87fd8c4227683cfbc1e7608e67dd%2Ceb7f164594fb9b6ae1625adbb8a8ec20cecfe451105b910e4b1af67fc05976b1%2Cd0eabed80b974bc0a00c6333bfadf8ce0edbe1682f9ef26c70ca662c1c0c0ce3 → 200  10.887s  delay=1.500 min_gap=0.000 last=1784793651.397
10:00:51.423  PRE   POST /api/trade/search/Standard  delay=1.500 min_gap=0.000 last=1784793651.397
10:00:51.423  ENF   delay=1.500 min_gap=0.000 jitter=4.091 gap=5.591 since_last=0.027 sleep=5.565
10:00:57.597  PARSE Account 3:5:60 → 1.667s/req pen=60s (used=1); Ip 8:10:60 → 0.859s/req pen=60s (used=1); Ip 15:60:120 → 4.800s/req pen=120s (used=7); Ip 60:300:1800 → 6.125s/req pen=1800s (used=29)  delay 1.500→7.125  min_gap→0  max_usage=48%
10:00:57.597  RAW   content-type: application/json
10:00:57.597  RAW   x-rate-limit-policy: trade-search-request-limit
10:00:57.597  RAW   x-rate-limit-rules: Account,Ip
10:00:57.597  RAW   x-rate-limit-account: 3:5:60
10:00:57.597  RAW   x-rate-limit-account-state: 1:5:0
10:00:57.598  RAW   x-rate-limit-ip: 8:10:60,15:60:120,60:300:1800
10:00:57.598  RAW   x-rate-limit-ip-state: 1:10:0,7:60:0,29:300:0
10:00:57.598  RAW   cf-cache-status: DYNAMIC
10:00:57.598  RAW   cf-ray: a1f927843e541bf9-WAW
10:00:57.598  RESP  POST /api/trade/search/Standard → 200  6.174s  delay=7.125 min_gap=0.000 last=1784793657.598
10:00:57.598  PRE   GET /api/trade/fetch/5a46e1ddee5c7bfdeba916cfe0345a02cbdd6064cc9d7a8a9c64da320648263f%2Ce98db4049f53fc91336069ccc210e4731ace77fd5a301323f4172374eaa10edb%2Ccb5488d57ce4c02e65a7d7079b852c0428f5caedabfb375d7a98c3810bf38f84%2C4cbe1a334252351e70a1acb5e493c20822035655ada6e01ec4a0b83051d48124%2C6bd7221db9d13e6d8fb77fc28994628e34eeb751d41835a4d761144f73f49d6d  delay=7.125 min_gap=0.000 last=1784793657.598
10:00:57.598  ENF   delay=7.125 min_gap=0.000 jitter=3.917 gap=11.042 since_last=0.000 sleep=11.042
10:01:09.158  PARSE Account 6:4:10 → 0.500s/req pen=10s (used=1); Ip 12:4:60 → 0.208s/req pen=60s (used=1); Ip 16:12:60 → 0.445s/req pen=60s (used=1)  delay 7.125→1.500  min_gap→0  max_usage=0%
10:01:09.158  RAW   content-type: application/json
10:01:09.158  RAW   x-rate-limit-policy: trade-fetch-request-limit
10:01:09.158  RAW   x-rate-limit-rules: Account,Ip
10:01:09.158  RAW   x-rate-limit-account: 6:4:10
10:01:09.158  RAW   x-rate-limit-account-state: 1:4:0
10:01:09.158  RAW   x-rate-limit-ip: 12:4:60,16:12:60
10:01:09.158  RAW   x-rate-limit-ip-state: 1:4:0,1:12:0
10:01:09.158  RAW   cf-cache-status: DYNAMIC
10:01:09.158  RAW   cf-ray: a1f927cd0ff21bf9-WAW
10:01:09.158  RESP  GET /api/trade/fetch/5a46e1ddee5c7bfdeba916cfe0345a02cbdd6064cc9d7a8a9c64da320648263f%2Ce98db4049f53fc91336069ccc210e4731ace77fd5a301323f4172374eaa10edb%2Ccb5488d57ce4c02e65a7d7079b852c0428f5caedabfb375d7a98c3810bf38f84%2C4cbe1a334252351e70a1acb5e493c20822035655ada6e01ec4a0b83051d48124%2C6bd7221db9d13e6d8fb77fc28994628e34eeb751d41835a4d761144f73f49d6d → 200  11.560s  delay=1.500 min_gap=0.000 last=1784793669.158
10:01:09.158  PRE   POST /api/trade/search/Standard  delay=1.500 min_gap=0.000 last=1784793669.158
10:01:09.158  ENF   delay=1.500 min_gap=0.000 jitter=3.719 gap=5.219 since_last=0.000 sleep=5.219
10:01:14.879  PARSE Account 3:5:60 → 1.667s/req pen=60s (used=1); Ip 8:10:60 → 0.859s/req pen=60s (used=1); Ip 15:60:120 → 4.800s/req pen=120s (used=7); Ip 60:300:1800 → 5.625s/req pen=1800s (used=25)  delay 1.500→6.625  min_gap→0  max_usage=47%
10:01:14.879  RAW   content-type: application/json
10:01:14.879  RAW   x-rate-limit-policy: trade-search-request-limit
10:01:14.879  RAW   x-rate-limit-rules: Account,Ip
10:01:14.879  RAW   x-rate-limit-account: 3:5:60
10:01:14.879  RAW   x-rate-limit-account-state: 1:5:0
10:01:14.879  RAW   x-rate-limit-ip: 8:10:60,15:60:120,60:300:1800
10:01:14.879  RAW   x-rate-limit-ip-state: 1:10:0,7:60:0,25:300:0
10:01:14.879  RAW   cf-cache-status: DYNAMIC
10:01:14.879  RAW   cf-ray: a1f927f0eb191bf9-WAW
10:01:14.879  RESP  POST /api/trade/search/Standard → 200  5.721s  delay=6.625 min_gap=0.000 last=1784793674.880
10:01:14.879  PRE   GET /api/trade/fetch/628142777ff319540202306011db54c0f93c35bf42870087a84d9fc2538ae5f9%2C26d59adb7d097b87fbc4d139d8602c7f29203a974bf53b2cd05066ab22f8f97a%2C7b90f48aea2a9c1346184a5d81fd0ce1ce1bb3791b1badc4c8cf7a6508f62982%2Cf4ae7e8b22823f80b3a6f28df848e3f9ba9dfa9c6976d754097fcb28fccdb767%2C200bb5ee008845336d012afd79d33f243a88fc11574c78ee65ea43965648c78d  delay=6.625 min_gap=0.000 last=1784793674.880
10:01:14.880  ENF   delay=6.625 min_gap=0.000 jitter=2.760 gap=9.385 since_last=0.000 sleep=9.385
10:01:24.691  PARSE Account 6:4:10 → 0.500s/req pen=10s (used=1); Ip 12:4:60 → 0.208s/req pen=60s (used=1); Ip 16:12:60 → 0.445s/req pen=60s (used=1)  delay 6.625→1.500  min_gap→0  max_usage=0%
10:01:24.691  RAW   content-type: application/json
10:01:24.691  RAW   x-rate-limit-policy: trade-fetch-request-limit
10:01:24.691  RAW   x-rate-limit-rules: Account,Ip
10:01:24.691  RAW   x-rate-limit-account: 6:4:10
10:01:24.691  RAW   x-rate-limit-account-state: 1:4:0
10:01:24.691  RAW   x-rate-limit-ip: 12:4:60,16:12:60
10:01:24.691  RAW   x-rate-limit-ip-state: 1:4:0,1:12:0
10:01:24.691  RAW   cf-cache-status: DYNAMIC
10:01:24.691  RAW   cf-ray: a1f9282eae761bf9-WAW
10:01:24.691  RESP  GET /api/trade/fetch/628142777ff319540202306011db54c0f93c35bf42870087a84d9fc2538ae5f9%2C26d59adb7d097b87fbc4d139d8602c7f29203a974bf53b2cd05066ab22f8f97a%2C7b90f48aea2a9c1346184a5d81fd0ce1ce1bb3791b1badc4c8cf7a6508f62982%2Cf4ae7e8b22823f80b3a6f28df848e3f9ba9dfa9c6976d754097fcb28fccdb767%2C200bb5ee008845336d012afd79d33f243a88fc11574c78ee65ea43965648c78d → 200  9.811s  delay=1.500 min_gap=0.000 last=1784793684.691
10:01:24.691  PRE   POST /api/trade/search/Standard  delay=1.500 min_gap=0.000 last=1784793684.691
10:01:24.691  ENF   delay=1.500 min_gap=0.000 jitter=4.522 gap=6.022 since_last=0.000 sleep=6.022
10:01:31.332  PARSE Account 3:5:60 → 1.667s/req pen=60s (used=1); Ip 8:10:60 → 0.859s/req pen=60s (used=1); Ip 15:60:120 → 4.000s/req pen=120s (used=5); Ip 60:300:1800 → 5.875s/req pen=1800s (used=27)  delay 1.500→6.875  min_gap→0  max_usage=45%
10:01:31.332  RAW   content-type: application/json
10:01:31.332  RAW   x-rate-limit-policy: trade-search-request-limit
10:01:31.332  RAW   x-rate-limit-rules: Account,Ip
10:01:31.332  RAW   x-rate-limit-account: 3:5:60
10:01:31.332  RAW   x-rate-limit-account-state: 1:5:0
10:01:31.332  RAW   x-rate-limit-ip: 8:10:60,15:60:120,60:300:1800
10:01:31.332  RAW   x-rate-limit-ip-state: 1:10:0,5:60:0,27:300:0
10:01:31.332  RAW   cf-cache-status: DYNAMIC
10:01:31.332  RAW   cf-ray: a1f92856fb5f1bf9-WAW
10:01:31.332  RESP  POST /api/trade/search/Standard → 200  6.641s  delay=6.875 min_gap=0.000 last=1784793691.333
10:01:31.332  PRE   GET /api/trade/fetch/e98db4049f53fc91336069ccc210e4731ace77fd5a301323f4172374eaa10edb%2C4cbe1a334252351e70a1acb5e493c20822035655ada6e01ec4a0b83051d48124%2C63729495b97e8e6b75a173ade107df69c2bc010ccb01cd3db576912447f6084d%2C3a100f1c40c2f4d7dc857f20c0515f2f221905a374df606486dc068efca39d79%2Cae1dce478ef03a951b343f6b18ffd0600610052bfd091af992522dce3c11c946  delay=6.875 min_gap=0.000 last=1784793691.333
10:01:31.332  ENF   delay=6.875 min_gap=0.000 jitter=3.446 gap=10.321 since_last=0.000 sleep=10.321
10:01:42.081  PARSE Account 6:4:10 → 0.500s/req pen=10s (used=1); Ip 12:4:60 → 0.208s/req pen=60s (used=1); Ip 16:12:60 → 0.445s/req pen=60s (used=1)  delay 6.875→1.500  min_gap→0  max_usage=0%
10:01:42.081  RAW   content-type: application/json
10:01:42.081  RAW   x-rate-limit-policy: trade-fetch-request-limit
10:01:42.081  RAW   x-rate-limit-rules: Account,Ip
10:01:42.081  RAW   x-rate-limit-account: 6:4:10
10:01:42.081  RAW   x-rate-limit-account-state: 1:4:0
10:01:42.081  RAW   x-rate-limit-ip: 12:4:60,16:12:60
10:01:42.081  RAW   x-rate-limit-ip-state: 1:4:0,1:12:0
10:01:42.081  RAW   cf-cache-status: DYNAMIC
10:01:42.081  RAW   cf-ray: a1f9289b5c751bf9-WAW
10:01:42.081  RESP  GET /api/trade/fetch/e98db4049f53fc91336069ccc210e4731ace77fd5a301323f4172374eaa10edb%2C4cbe1a334252351e70a1acb5e493c20822035655ada6e01ec4a0b83051d48124%2C63729495b97e8e6b75a173ade107df69c2bc010ccb01cd3db576912447f6084d%2C3a100f1c40c2f4d7dc857f20c0515f2f221905a374df606486dc068efca39d79%2Cae1dce478ef03a951b343f6b18ffd0600610052bfd091af992522dce3c11c946 → 200  10.748s  delay=1.500 min_gap=0.000 last=1784793702.081
10:01:42.109  PRE   POST /api/trade/search/Standard  delay=1.500 min_gap=0.000 last=1784793702.081
10:01:42.109  ENF   delay=1.500 min_gap=0.000 jitter=4.472 gap=5.972 since_last=0.028 sleep=5.944
10:01:48.760  PARSE Account 3:5:60 → 1.667s/req pen=60s (used=1); Ip 8:10:60 → 0.859s/req pen=60s (used=1); Ip 15:60:120 → 4.000s/req pen=120s (used=5); Ip 60:300:1800 → 6.125s/req pen=1800s (used=29)  delay 1.500→7.125  min_gap→0  max_usage=48%
10:01:48.760  RAW   content-type: application/json
10:01:48.760  RAW   x-rate-limit-policy: trade-search-request-limit
10:01:48.760  RAW   x-rate-limit-rules: Account,Ip
10:01:48.760  RAW   x-rate-limit-account: 3:5:60
10:01:48.760  RAW   x-rate-limit-account-state: 1:5:0
10:01:48.760  RAW   x-rate-limit-ip: 8:10:60,15:60:120,60:300:1800
10:01:48.760  RAW   x-rate-limit-ip-state: 1:10:0,5:60:0,29:300:0
10:01:48.760  RAW   cf-cache-status: DYNAMIC
10:01:48.760  RAW   cf-ray: a1f928c35e001bf9-WAW
10:01:48.760  RESP  POST /api/trade/search/Standard → 200  6.651s  delay=7.125 min_gap=0.000 last=1784793708.761
10:01:48.760  PRE   GET /api/trade/fetch/64014e77e6c257283fca4709056875a50fbf994b1814a6b5fd0328e2de00cf4b%2Ca80782068466141a8a3be06f0ec2f1cc3c0cb7f2a3776d6dea8c4bd9d6fbc8fc%2C47791b000495a0d14b91d9720c0dfcdf3de78443d021306d45259c5e1ea10a9c%2Cc5d417ed9d88e5c7a7c2de427a8c052fb830b84a66bcb47bcb9577bd0482dfbb%2Cd1a272b46168b01c983a6ed7a151eab43f0de935a68053157a34946af6b83847  delay=7.125 min_gap=0.000 last=1784793708.761
10:01:48.760  ENF   delay=7.125 min_gap=0.000 jitter=2.212 gap=9.337 since_last=0.000 sleep=9.337
10:01:58.648  PARSE Account 6:4:10 → 0.500s/req pen=10s (used=1); Ip 12:4:60 → 0.208s/req pen=60s (used=1); Ip 16:12:60 → 0.445s/req pen=60s (used=1)  delay 7.125→1.500  min_gap→0  max_usage=0%
10:01:58.648  RAW   content-type: application/json
10:01:58.648  RAW   x-rate-limit-policy: trade-fetch-request-limit
10:01:58.648  RAW   x-rate-limit-rules: Account,Ip
10:01:58.648  RAW   x-rate-limit-account: 6:4:10
10:01:58.648  RAW   x-rate-limit-account-state: 1:4:0
10:01:58.648  RAW   x-rate-limit-ip: 12:4:60,16:12:60
10:01:58.648  RAW   x-rate-limit-ip-state: 1:4:0,1:12:0
10:01:58.648  RAW   cf-cache-status: DYNAMIC
10:01:58.648  RAW   cf-ray: a1f929022c291bf9-WAW
10:01:58.648  RESP  GET /api/trade/fetch/64014e77e6c257283fca4709056875a50fbf994b1814a6b5fd0328e2de00cf4b%2Ca80782068466141a8a3be06f0ec2f1cc3c0cb7f2a3776d6dea8c4bd9d6fbc8fc%2C47791b000495a0d14b91d9720c0dfcdf3de78443d021306d45259c5e1ea10a9c%2Cc5d417ed9d88e5c7a7c2de427a8c052fb830b84a66bcb47bcb9577bd0482dfbb%2Cd1a272b46168b01c983a6ed7a151eab43f0de935a68053157a34946af6b83847 → 200  9.888s  delay=1.500 min_gap=0.000 last=1784793718.649
10:01:58.648  PRE   POST /api/trade/search/Standard  delay=1.500 min_gap=0.000 last=1784793718.649
10:01:58.648  ENF   delay=1.500 min_gap=0.000 jitter=3.405 gap=4.905 since_last=0.000 sleep=4.905
10:02:04.442  PARSE Account 3:5:60 → 1.667s/req pen=60s (used=1); Ip 8:10:60 → 0.859s/req pen=60s (used=1); Ip 15:60:120 → 4.400s/req pen=120s (used=6); Ip 60:300:1800 → 5.625s/req pen=1800s (used=25)  delay 1.500→6.625  min_gap→0  max_usage=42%
10:02:04.442  RAW   content-type: application/json
10:02:04.442  RAW   x-rate-limit-policy: trade-search-request-limit
10:02:04.442  RAW   x-rate-limit-rules: Account,Ip
10:02:04.443  RAW   x-rate-limit-account: 3:5:60
10:02:04.443  RAW   x-rate-limit-account-state: 1:5:0
10:02:04.443  RAW   x-rate-limit-ip: 8:10:60,15:60:120,60:300:1800
10:02:04.443  RAW   x-rate-limit-ip-state: 1:10:0,6:60:0,25:300:0
10:02:04.443  RAW   cf-cache-status: DYNAMIC
10:02:04.443  RAW   cf-ray: a1f9292439441bf9-WAW
10:02:04.443  RESP  POST /api/trade/search/Standard → 200  5.794s  delay=6.625 min_gap=0.000 last=1784793724.443
10:02:04.443  PRE   GET /api/trade/fetch/628142777ff319540202306011db54c0f93c35bf42870087a84d9fc2538ae5f9%2C26d59adb7d097b87fbc4d139d8602c7f29203a974bf53b2cd05066ab22f8f97a%2C7b90f48aea2a9c1346184a5d81fd0ce1ce1bb3791b1badc4c8cf7a6508f62982%2C200bb5ee008845336d012afd79d33f243a88fc11574c78ee65ea43965648c78d%2C2b185d5e706faa05601acd6b0388f651763bcc2b830288aae20c9b444f1c5ab0  delay=6.625 min_gap=0.000 last=1784793724.443
10:02:04.443  ENF   delay=6.625 min_gap=0.000 jitter=2.668 gap=9.293 since_last=0.000 sleep=9.293
10:02:14.325  PARSE Account 6:4:10 → 0.500s/req pen=10s (used=1); Ip 12:4:60 → 0.208s/req pen=60s (used=1); Ip 16:12:60 → 0.445s/req pen=60s (used=1)  delay 6.625→1.500  min_gap→0  max_usage=0%
10:02:14.325  RAW   content-type: application/json
10:02:14.325  RAW   x-rate-limit-policy: trade-fetch-request-limit
10:02:14.325  RAW   x-rate-limit-rules: Account,Ip
10:02:14.325  RAW   x-rate-limit-account: 6:4:10
10:02:14.325  RAW   x-rate-limit-account-state: 1:4:0
10:02:14.325  RAW   x-rate-limit-ip: 12:4:60,16:12:60
10:02:14.325  RAW   x-rate-limit-ip-state: 1:4:0,1:12:0
10:02:14.325  RAW   cf-cache-status: DYNAMIC
10:02:14.325  RAW   cf-ray: a1f92963df771bf9-WAW
10:02:14.325  RESP  GET /api/trade/fetch/628142777ff319540202306011db54c0f93c35bf42870087a84d9fc2538ae5f9%2C26d59adb7d097b87fbc4d139d8602c7f29203a974bf53b2cd05066ab22f8f97a%2C7b90f48aea2a9c1346184a5d81fd0ce1ce1bb3791b1badc4c8cf7a6508f62982%2C200bb5ee008845336d012afd79d33f243a88fc11574c78ee65ea43965648c78d%2C2b185d5e706faa05601acd6b0388f651763bcc2b830288aae20c9b444f1c5ab0 → 200  9.882s  delay=1.500 min_gap=0.000 last=1784793734.326
10:02:14.325  PRE   POST /api/trade/search/Standard  delay=1.500 min_gap=0.000 last=1784793734.326
10:02:14.325  ENF   delay=1.500 min_gap=0.000 jitter=4.890 gap=6.390 since_last=0.000 sleep=6.390
