11:13:58.693  INIT  user_agent=OAuth pypoe/0.1.0 (flipper) delay=0.0 min_gap=1.0
11:13:58.695  PRE   POST /api/trade/search/Standard  delay=0.000 min_gap=1.000 last=1784798038.693
11:13:58.695  ENF   delay=0.000 min_gap=1.000 jitter=1.380 gap=2.380 since_last=0.002 sleep=2.378
11:14:01.368  PARSE Account 3:5:60 → 2.500s/req pen=60s (used=2); Ip 8:10:60 → 1.094s/req pen=60s (used=2); Ip 15:60:120 → 5.200s/req pen=120s (used=8); Ip 60:300:1800 → 6.875s/req pen=1800s (used=35)  delay 0.000→7.875  min_gap→0  max_usage=58%
11:14:01.368  RAW   content-type: application/json
11:14:01.368  RAW   x-rate-limit-policy: trade-search-request-limit
11:14:01.368  RAW   x-rate-limit-rules: Account,Ip
11:14:01.368  RAW   x-rate-limit-account: 3:5:60
11:14:01.368  RAW   x-rate-limit-account-state: 2:5:0
11:14:01.368  RAW   x-rate-limit-ip: 8:10:60,15:60:120,60:300:1800
11:14:01.368  RAW   x-rate-limit-ip-state: 2:10:0,8:60:0,35:300:0
11:14:01.368  RAW   cf-cache-status: DYNAMIC
11:14:01.368  RAW   cf-ray: a1f9928cde17c60b-WAW
11:14:01.368  RESP  POST /api/trade/search/Standard → 200  2.673s  delay=7.875 min_gap=0.000 last=1784798041.369
11:14:01.369  PRE   GET /api/trade/fetch/c1b77bd1d3810414924be5ae8994a4262e7f02b18442ebc1182f005379cf659c%2C13f5e061c641a3fa21486ccfc566663ba712aa29062744cc56580405e5b4cb45%2C06dc06250beb86842bccde5eab2483a4959e2fffa3fbd0966b14b15f2e34b813%2Cb31774364cc48f77c9e17d29ecd13629b2889a9b1efd2b769f680a442011e9a7%2C4fb3b770b87e1d771dbf945bc223ea30bb5b1a9b5b9d0a4448f65f03a24ab8c4  delay=7.875 min_gap=0.000 last=1784798041.369
11:14:01.369  ENF   delay=7.875 min_gap=0.000 jitter=1.387 gap=9.262 since_last=0.000 sleep=9.262
11:14:10.915  PARSE Account 6:4:10 → 0.500s/req pen=10s (used=1); Ip 12:4:60 → 0.208s/req pen=60s (used=1); Ip 16:12:60 → 0.445s/req pen=60s (used=1)  delay 7.875→1.500  min_gap→0  max_usage=0%
11:14:10.915  RAW   content-type: application/json
11:14:10.915  RAW   x-rate-limit-policy: trade-fetch-request-limit
11:14:10.915  RAW   x-rate-limit-rules: Account,Ip
11:14:10.915  RAW   x-rate-limit-account: 6:4:10
11:14:10.915  RAW   x-rate-limit-account-state: 1:4:0
11:14:10.915  RAW   x-rate-limit-ip: 12:4:60,16:12:60
11:14:10.915  RAW   x-rate-limit-ip-state: 1:4:0,1:12:0
11:14:10.915  RAW   cf-cache-status: DYNAMIC
11:14:10.915  RAW   cf-ray: a1f992c87fe0c60b-WAW
11:14:10.915  RESP  GET /api/trade/fetch/c1b77bd1d3810414924be5ae8994a4262e7f02b18442ebc1182f005379cf659c%2C13f5e061c641a3fa21486ccfc566663ba712aa29062744cc56580405e5b4cb45%2C06dc06250beb86842bccde5eab2483a4959e2fffa3fbd0966b14b15f2e34b813%2Cb31774364cc48f77c9e17d29ecd13629b2889a9b1efd2b769f680a442011e9a7%2C4fb3b770b87e1d771dbf945bc223ea30bb5b1a9b5b9d0a4448f65f03a24ab8c4 → 200  9.547s  delay=1.500 min_gap=0.000 last=1784798050.916
11:14:10.915  PRE   POST /api/trade/search/Standard  delay=1.500 min_gap=0.000 last=1784798050.916
11:14:10.915  ENF   delay=1.500 min_gap=0.000 jitter=1.962 gap=3.462 since_last=0.000 sleep=3.462
11:14:14.669  PARSE Account 3:5:60 → 1.667s/req pen=60s (used=1); Ip 8:10:60 → 0.859s/req pen=60s (used=1); Ip 15:60:120 → 5.600s/req pen=120s (used=9); Ip 60:300:1800 → 7.000s/req pen=1800s (used=36)  delay 1.500→8.000  min_gap→0  max_usage=60%
11:14:14.669  RAW   content-type: application/json
11:14:14.669  RAW   x-rate-limit-policy: trade-search-request-limit
11:14:14.669  RAW   x-rate-limit-rules: Account,Ip
11:14:14.669  RAW   x-rate-limit-account: 3:5:60
11:14:14.669  RAW   x-rate-limit-account-state: 1:5:0
11:14:14.669  RAW   x-rate-limit-ip: 8:10:60,15:60:120,60:300:1800
11:14:14.669  RAW   x-rate-limit-ip-state: 1:10:0,9:60:0,36:300:0
11:14:14.669  RAW   cf-cache-status: DYNAMIC
11:14:14.669  RAW   cf-ray: a1f992dfeceec60b-WAW
11:14:14.669  RESP  POST /api/trade/search/Standard → 200  3.753s  delay=8.000 min_gap=0.000 last=1784798054.669
11:14:14.669  PRE   GET /api/trade/fetch/534d4756b7f44330b30f614831e452a5e813fa84cea5485a38adafd98e1d3fea%2C0495847f858003e6053eedb261951b318ecaeec770a9c09f9bea3e444357e11c%2Cb242d46eb9c5c387af22770572b59bf69110dc2484d89a502208e0b0020fa2c9%2C4ae092dd8291e214a47095960a47cde0c566ccdad2d314601eafc7fa1ce861a6%2Cccdfd3d5c3a29c33d9121560363fb392fcb47185c73daac4acd17bafc5f73beb  delay=8.000 min_gap=0.000 last=1784798054.669
11:14:14.669  ENF   delay=8.000 min_gap=0.000 jitter=2.153 gap=10.153 since_last=0.000 sleep=10.153
11:14:25.110  PARSE Account 6:4:10 → 0.500s/req pen=10s (used=1); Ip 12:4:60 → 0.208s/req pen=60s (used=1); Ip 16:12:60 → 0.445s/req pen=60s (used=1)  delay 8.000→1.500  min_gap→0  max_usage=0%
11:14:25.110  RAW   content-type: application/json
11:14:25.110  RAW   x-rate-limit-policy: trade-fetch-request-limit
11:14:25.110  RAW   x-rate-limit-rules: Account,Ip
11:14:25.111  RAW   x-rate-limit-account: 6:4:10
11:14:25.111  RAW   x-rate-limit-account-state: 1:4:0
11:14:25.111  RAW   x-rate-limit-ip: 12:4:60,16:12:60
11:14:25.111  RAW   x-rate-limit-ip-state: 1:4:0,1:12:0
11:14:25.111  RAW   cf-cache-status: DYNAMIC
11:14:25.111  RAW   cf-ray: a1f993212efec60b-WAW
11:14:25.111  RESP  GET /api/trade/fetch/534d4756b7f44330b30f614831e452a5e813fa84cea5485a38adafd98e1d3fea%2C0495847f858003e6053eedb261951b318ecaeec770a9c09f9bea3e444357e11c%2Cb242d46eb9c5c387af22770572b59bf69110dc2484d89a502208e0b0020fa2c9%2C4ae092dd8291e214a47095960a47cde0c566ccdad2d314601eafc7fa1ce861a6%2Cccdfd3d5c3a29c33d9121560363fb392fcb47185c73daac4acd17bafc5f73beb → 200  10.441s  delay=1.500 min_gap=0.000 last=1784798065.111
11:14:25.111  PRE   POST /api/trade/search/Standard  delay=1.500 min_gap=0.000 last=1784798065.111
11:14:25.111  ENF   delay=1.500 min_gap=0.000 jitter=1.601 gap=3.101 since_last=0.000 sleep=3.100
11:14:28.496  PARSE Account 3:5:60 → 1.667s/req pen=60s (used=1); Ip 8:10:60 → 0.859s/req pen=60s (used=1); Ip 15:60:120 → 4.800s/req pen=120s (used=7); Ip 60:300:1800 → 7.125s/req pen=1800s (used=37)  delay 1.500→8.125  min_gap→0  max_usage=62%
11:14:28.496  RAW   content-type: application/json
11:14:28.496  RAW   x-rate-limit-policy: trade-search-request-limit
11:14:28.496  RAW   x-rate-limit-rules: Account,Ip
11:14:28.496  RAW   x-rate-limit-account: 3:5:60
11:14:28.496  RAW   x-rate-limit-account-state: 1:5:0
11:14:28.496  RAW   x-rate-limit-ip: 8:10:60,15:60:120,60:300:1800
11:14:28.496  RAW   x-rate-limit-ip-state: 1:10:0,7:60:0,37:300:0
11:14:28.496  RAW   cf-cache-status: DYNAMIC
11:14:28.496  RAW   cf-ray: a1f993365900c60b-WAW
11:14:28.496  RESP  POST /api/trade/search/Standard → 200  3.385s  delay=8.125 min_gap=0.000 last=1784798068.496
11:14:28.496  PRE   GET /api/trade/fetch/c1b77bd1d3810414924be5ae8994a4262e7f02b18442ebc1182f005379cf659c%2C13f5e061c641a3fa21486ccfc566663ba712aa29062744cc56580405e5b4cb45%2C48768c07e449c36058c2f1be9f444dd869c1f49459636a03d11d874278131221%2Cff0e385fea698d651f6b821e190e065fe807a7da23093079759e9ee224463232%2C06dc06250beb86842bccde5eab2483a4959e2fffa3fbd0966b14b15f2e34b813  delay=8.125 min_gap=0.000 last=1784798068.496
11:14:28.496  ENF   delay=8.125 min_gap=0.000 jitter=2.136 gap=10.261 since_last=0.000 sleep=10.261
11:14:39.022  PARSE Account 6:4:10 → 0.500s/req pen=10s (used=1); Ip 12:4:60 → 0.208s/req pen=60s (used=1); Ip 16:12:60 → 0.516s/req pen=60s (used=2)  delay 8.125→1.516  min_gap→0  max_usage=0%
11:14:39.022  RAW   content-type: application/json
11:14:39.022  RAW   x-rate-limit-policy: trade-fetch-request-limit
11:14:39.022  RAW   x-rate-limit-rules: Account,Ip
11:14:39.022  RAW   x-rate-limit-account: 6:4:10
11:14:39.022  RAW   x-rate-limit-account-state: 1:4:0
11:14:39.022  RAW   x-rate-limit-ip: 12:4:60,16:12:60
11:14:39.022  RAW   x-rate-limit-ip-state: 1:4:0,2:12:0
11:14:39.022  RAW   cf-cache-status: DYNAMIC
11:14:39.022  RAW   cf-ray: a1f993784ea8c60b-WAW
11:14:39.022  RESP  GET /api/trade/fetch/c1b77bd1d3810414924be5ae8994a4262e7f02b18442ebc1182f005379cf659c%2C13f5e061c641a3fa21486ccfc566663ba712aa29062744cc56580405e5b4cb45%2C48768c07e449c36058c2f1be9f444dd869c1f49459636a03d11d874278131221%2Cff0e385fea698d651f6b821e190e065fe807a7da23093079759e9ee224463232%2C06dc06250beb86842bccde5eab2483a4959e2fffa3fbd0966b14b15f2e34b813 → 200  10.526s  delay=1.516 min_gap=0.000 last=1784798079.022
11:14:39.048  PRE   POST /api/trade/search/Standard  delay=1.516 min_gap=0.000 last=1784798079.022
11:14:39.048  ENF   delay=1.516 min_gap=0.000 jitter=1.227 gap=2.743 since_last=0.026 sleep=2.717
11:14:42.147  PARSE Account 3:5:60 → 1.667s/req pen=60s (used=1); Ip 8:10:60 → 0.859s/req pen=60s (used=1); Ip 15:60:120 → 4.800s/req pen=120s (used=7); Ip 60:300:1800 → 7.375s/req pen=1800s (used=39)  delay 1.516→8.375  min_gap→0  max_usage=65%
11:14:42.147  RAW   content-type: application/json
11:14:42.148  RAW   x-rate-limit-policy: trade-search-request-limit
11:14:42.148  RAW   x-rate-limit-rules: Account,Ip
11:14:42.148  RAW   x-rate-limit-account: 3:5:60
11:14:42.148  RAW   x-rate-limit-account-state: 1:5:0
11:14:42.148  RAW   x-rate-limit-ip: 8:10:60,15:60:120,60:300:1800
11:14:42.148  RAW   x-rate-limit-ip-state: 1:10:0,7:60:0,39:300:0
11:14:42.148  RAW   cf-cache-status: DYNAMIC
11:14:42.148  RAW   cf-ray: a1f9938b0ca0c60b-WAW
11:14:42.148  RESP  POST /api/trade/search/Standard → 200  3.100s  delay=8.375 min_gap=0.000 last=1784798082.148
11:14:42.148  PRE   GET /api/trade/fetch/c1b77bd1d3810414924be5ae8994a4262e7f02b18442ebc1182f005379cf659c%2C13f5e061c641a3fa21486ccfc566663ba712aa29062744cc56580405e5b4cb45%2Cff0e385fea698d651f6b821e190e065fe807a7da23093079759e9ee224463232%2Cf76eadf7d5fc02558806fa3cd76b563252101656979fe1f6fadba67cd3dd1da2%2C7d5f4cc0a851da3a4dc45e6aeca02354c8e5600c8c208e37aa031a9386c51edd  delay=8.375 min_gap=0.000 last=1784798082.148
11:14:42.148  ENF   delay=8.375 min_gap=0.000 jitter=2.271 gap=10.646 since_last=0.000 sleep=10.646
11:14:53.078  PARSE Account 6:4:10 → 0.500s/req pen=10s (used=1); Ip 12:4:60 → 0.208s/req pen=60s (used=1); Ip 16:12:60 → 0.445s/req pen=60s (used=1)  delay 8.375→1.500  min_gap→0  max_usage=0%
11:14:53.078  RAW   content-type: application/json
11:14:53.078  RAW   x-rate-limit-policy: trade-fetch-request-limit
11:14:53.078  RAW   x-rate-limit-rules: Account,Ip
11:14:53.078  RAW   x-rate-limit-account: 6:4:10
11:14:53.078  RAW   x-rate-limit-account-state: 1:4:0
11:14:53.078  RAW   x-rate-limit-ip: 12:4:60,16:12:60
11:14:53.078  RAW   x-rate-limit-ip-state: 1:4:0,1:12:0
11:14:53.078  RAW   cf-cache-status: DYNAMIC
11:14:53.078  RAW   cf-ray: a1f993cffc3fc60b-WAW
11:14:53.078  RESP  GET /api/trade/fetch/c1b77bd1d3810414924be5ae8994a4262e7f02b18442ebc1182f005379cf659c%2C13f5e061c641a3fa21486ccfc566663ba712aa29062744cc56580405e5b4cb45%2Cff0e385fea698d651f6b821e190e065fe807a7da23093079759e9ee224463232%2Cf76eadf7d5fc02558806fa3cd76b563252101656979fe1f6fadba67cd3dd1da2%2C7d5f4cc0a851da3a4dc45e6aeca02354c8e5600c8c208e37aa031a9386c51edd → 200  10.930s  delay=1.500 min_gap=0.000 last=1784798093.078
11:14:53.078  PRE   POST /api/trade/search/Standard  delay=1.500 min_gap=0.000 last=1784798093.078
11:14:53.078  ENF   delay=1.500 min_gap=0.000 jitter=1.559 gap=3.059 since_last=0.000 sleep=3.059
11:14:56.556  PARSE Account 3:5:60 → 1.667s/req pen=60s (used=1); Ip 8:10:60 → 0.859s/req pen=60s (used=1); Ip 15:60:120 → 4.800s/req pen=120s (used=7); Ip 60:300:1800 → 7.625s/req pen=1800s (used=41)  delay 1.500→8.625  min_gap→0  max_usage=68%
11:14:56.556  RAW   content-type: application/json
11:14:56.556  RAW   x-rate-limit-policy: trade-search-request-limit
11:14:56.556  RAW   x-rate-limit-rules: Account,Ip
11:14:56.556  RAW   x-rate-limit-account: 3:5:60
11:14:56.556  RAW   x-rate-limit-account-state: 1:5:0
11:14:56.556  RAW   x-rate-limit-ip: 8:10:60,15:60:120,60:300:1800
11:14:56.556  RAW   x-rate-limit-ip-state: 1:10:0,7:60:0,41:300:0
11:14:56.556  RAW   cf-cache-status: DYNAMIC
11:14:56.556  RAW   cf-ray: a1f993e4ed11c60b-WAW
11:14:56.556  RESP  POST /api/trade/search/Standard → 200  3.478s  delay=8.625 min_gap=0.000 last=1784798096.556
11:14:56.556  PRE   GET /api/trade/fetch/534d4756b7f44330b30f614831e452a5e813fa84cea5485a38adafd98e1d3fea%2C0495847f858003e6053eedb261951b318ecaeec770a9c09f9bea3e444357e11c%2C202b74cf377b8c40e3c001bc81ff4ecaceee6f1ee883dab94bdc2faaa7701aa6%2C270c7093e3d90d6ac164325676ae12c447cad5a5afa7410bb67ebbb2e768aacc%2Cccdfd3d5c3a29c33d9121560363fb392fcb47185c73daac4acd17bafc5f73beb  delay=8.625 min_gap=0.000 last=1784798096.556
11:14:56.556  ENF   delay=8.625 min_gap=0.000 jitter=2.389 gap=11.014 since_last=0.000 sleep=11.014
