11:20:32.664  INIT  user_agent=test/0.1.0 delay=0.0 min_gap=1.0
11:20:32.664  PRE   POST /api/trade/search/Standard  delay=0.000 min_gap=1.000 last=1784625622.664
11:20:32.664  RESP  POST /api/trade/search/Standard → 429  0.000s  delay=0.000 min_gap=1.000 last=1784625632.665
11:20:32.664  !! 429 ! headers={'Server': 'cloudflare'}  state_delay=0.000 state_min_gap=1.000 state_last=1784625632.665
11:20:32.664  INIT  user_agent=test/0.1.0 delay=0.0 min_gap=1.0
11:20:32.665  PRE   POST /api/trade/search/Standard  delay=0.000 min_gap=1.000 last=1784625622.665
11:20:32.665  PARSE Account 1:5:60 → 5.000s/req pen=60s  delay 0.000→6.000  min_gap→0  max_usage=0%
11:20:32.665  RAW   X-Rate-Limit-Rules: Account
11:20:32.665  RAW   X-Rate-Limit-Account: 1:5:60
11:20:32.665  RESP  POST /api/trade/search/Standard → 429  0.000s  delay=6.000 min_gap=0.000 last=1784625632.665
11:20:32.665  !! 429 ! headers={'X-Rate-Limit-Rules': 'Account', 'X-Rate-Limit-Account': '1:5:60'}  state_delay=6.000 state_min_gap=0.000 state_last=1784625632.665
11:20:32.665  INIT  user_agent=test/0.1.0 delay=0.0 min_gap=1.0
11:20:32.665  PRE   POST /api/trade/search/Standard  delay=0.000 min_gap=1.000 last=1784625632.665
11:20:32.665  ENF   delay=0.000 min_gap=1.000 jitter=0.000 gap=1.000 since_last=0.000 sleep=1.000
11:20:33.665  PARSE Account 1:1:1 → 1.000s/req pen=1s  delay 0.000→2.000  min_gap→0  max_usage=0%
11:20:33.665  RAW   X-Rate-Limit-Rules: Account
11:20:33.665  RAW   X-Rate-Limit-Account: 1:1:1
11:20:33.665  RESP  POST /api/trade/search/Standard → 200  1.000s  delay=2.000 min_gap=0.000 last=1784625633.666
11:20:33.665  INIT  user_agent=test/0.1.0 delay=0.0 min_gap=1.0
11:20:33.665  PRE   POST /api/trade/search/Standard  delay=0.000 min_gap=1.000 last=1784625633.666
11:20:33.665  ENF   delay=0.000 min_gap=1.000 jitter=0.000 gap=1.000 since_last=0.000 sleep=1.000
11:20:33.666  PARSE Account 3:5:60 → 1.667s/req pen=60s  delay 0.000→2.667  min_gap→0  max_usage=0%
11:20:33.666  RAW   X-Rate-Limit-Rules: Account
11:20:33.666  RAW   X-Rate-Limit-Account: 3:5:60
11:20:33.666  RESP  POST /api/trade/search/Standard → 200  0.000s  delay=2.667 min_gap=0.000 last=1784625633.666
11:20:33.666  PRE   GET /api/trade/fetch/a  delay=2.667 min_gap=0.000 last=1784625633.666
11:20:33.666  ENF   delay=2.667 min_gap=0.000 jitter=0.000 gap=2.667 since_last=0.000 sleep=2.667
11:20:33.666  PARSE Account 3:5:60 → 1.667s/req pen=60s  delay 2.667→2.667  min_gap→0  max_usage=0%
11:20:33.666  RAW   X-Rate-Limit-Rules: Account
11:20:33.666  RAW   X-Rate-Limit-Account: 3:5:60
11:20:33.666  RESP  GET /api/trade/fetch/a → 200  0.000s  delay=2.667 min_gap=0.000 last=1784625633.666
11:20:33.666  INIT  user_agent=test/0.1.0 delay=0.0 min_gap=1.0
11:20:33.666  PRE   POST /api/trade/search/Standard  delay=0.000 min_gap=1.000 last=990.000
11:20:33.666  RESP  POST /api/trade/search/Standard → 200  0.000s  delay=0.000 min_gap=1.000 last=1000.000
11:20:33.666  PRE   POST /api/trade/search/Standard  delay=0.000 min_gap=1.000 last=1000.000
11:20:33.666  ENF   delay=0.000 min_gap=1.000 jitter=2.000 gap=3.000 since_last=0.000 sleep=3.000
11:20:33.666  RESP  POST /api/trade/search/Standard → 200  3.000s  delay=0.000 min_gap=1.000 last=1003.000
11:20:33.666  PRE   POST /api/trade/search/Standard  delay=0.000 min_gap=1.000 last=1003.000
11:20:33.666  ENF   delay=0.000 min_gap=1.000 jitter=2.000 gap=3.000 since_last=0.000 sleep=3.000
11:20:33.666  PARSE Account 3:5:60 → 1.667s/req pen=60s  delay 0.000→2.667  min_gap→0  max_usage=0%
11:20:33.666  RAW   X-Rate-Limit-Rules: Account
11:20:33.666  RAW   X-Rate-Limit-Account: 3:5:60
11:20:33.666  RESP  POST /api/trade/search/Standard → 200  3.000s  delay=2.667 min_gap=0.000 last=1006.000
11:20:33.666  PRE   POST /api/trade/search/Standard  delay=2.667 min_gap=0.000 last=1006.000
11:20:33.666  ENF   delay=2.667 min_gap=0.000 jitter=2.000 gap=4.667 since_last=0.000 sleep=4.667
11:20:33.666  PARSE Account 3:5:60 → 1.667s/req pen=60s  delay 2.667→2.667  min_gap→0  max_usage=0%
11:20:33.666  RAW   X-Rate-Limit-Rules: Account
11:20:33.666  RAW   X-Rate-Limit-Account: 3:5:60
11:20:33.666  RESP  POST /api/trade/search/Standard → 200  4.667s  delay=2.667 min_gap=0.000 last=1010.667
11:20:33.666  PRE   POST /api/trade/search/Standard  delay=2.667 min_gap=0.000 last=1010.667
11:20:33.666  ENF   delay=2.667 min_gap=0.000 jitter=2.000 gap=4.667 since_last=0.000 sleep=4.667
11:20:33.666  PARSE Ip 60:300:1800 → 5.000s/req pen=1800s  delay 2.667→6.000  min_gap→0  max_usage=0%
11:20:33.666  RAW   X-Rate-Limit-Rules: Ip
11:20:33.666  RAW   X-Rate-Limit-Ip: 60:300:1800
11:20:33.666  RESP  POST /api/trade/search/Standard → 200  4.667s  delay=6.000 min_gap=0.000 last=1015.333
11:20:33.666  PRE   POST /api/trade/search/Standard  delay=6.000 min_gap=0.000 last=1015.333
11:20:33.666  ENF   delay=6.000 min_gap=0.000 jitter=2.000 gap=8.000 since_last=0.000 sleep=8.000
11:20:33.666  PARSE Ip 60:300:1800 → 5.000s/req pen=1800s  delay 6.000→6.000  min_gap→0  max_usage=0%
11:20:33.666  RAW   X-Rate-Limit-Rules: Ip
11:20:33.666  RAW   X-Rate-Limit-Ip: 60:300:1800
11:20:33.666  RESP  POST /api/trade/search/Standard → 200  8.000s  delay=6.000 min_gap=0.000 last=1023.333
11:20:33.666  INIT  user_agent=test/0.1.0 delay=0.0 min_gap=1.0
11:20:33.666  PRE   POST /api/trade/search/Standard  delay=0.000 min_gap=1.000 last=1784625633.667
11:20:33.666  ENF   delay=0.000 min_gap=1.000 jitter=0.000 gap=1.000 since_last=0.000 sleep=1.000
11:20:34.667  PARSE Ip 60:300:1800 → 5.000s/req pen=1800s  delay 0.000→6.000  min_gap→0  max_usage=0%
11:20:34.667  RAW   X-Rate-Limit-Rules: Ip
11:20:34.667  RAW   X-Rate-Limit-Ip: 60:300:1800
11:20:34.667  RESP  POST /api/trade/search/Standard → 200  1.000s  delay=6.000 min_gap=0.000 last=1784625634.667
11:20:34.667  PRE   POST /api/trade/search/Standard  delay=6.000 min_gap=0.000 last=1784625634.667
11:20:34.667  ENF   delay=6.000 min_gap=0.000 jitter=0.000 gap=6.000 since_last=0.000 sleep=6.000
11:20:40.667  PARSE Account 10:1:2 → 0.100s/req pen=2s  delay 6.000→6.000  min_gap→0  max_usage=0%
11:20:40.667  RAW   X-Rate-Limit-Rules: Account
11:20:40.667  RAW   X-Rate-Limit-Account: 10:1:2
11:20:40.667  RESP  POST /api/trade/search/Standard → 200  6.000s  delay=6.000 min_gap=0.000 last=1784625640.667
11:20:40.667  INIT  user_agent=test/0.1.0 delay=0.0 min_gap=1.0
11:20:40.667  PRE   POST /api/trade/search/Standard  delay=0.000 min_gap=1.000 last=1784625640.667
11:20:40.667  ENF   delay=0.000 min_gap=1.000 jitter=0.000 gap=1.000 since_last=0.000 sleep=1.000
11:20:40.667  RESP  POST /api/trade/search/Standard → 200  0.000s  delay=0.000 min_gap=1.000 last=1784625640.668
11:20:40.667  PRE   POST /api/trade/search/Standard  delay=0.000 min_gap=1.000 last=1784625640.668
11:20:40.667  ENF   delay=0.000 min_gap=1.000 jitter=0.000 gap=1.000 since_last=0.000 sleep=1.000
11:20:40.667  RESP  POST /api/trade/search/Standard → 200  0.000s  delay=0.000 min_gap=1.000 last=1784625640.668
11:20:40.668  INIT  user_agent=test/0.1.0 delay=0.0 min_gap=1.0
11:20:40.668  PRE   POST /api/trade/search/Standard  delay=0.000 min_gap=1.000 last=1784625640.668
11:20:40.668  ENF   delay=0.000 min_gap=1.000 jitter=0.000 gap=1.000 since_last=0.000 sleep=1.000
11:20:41.668  PARSE Account 3:5:60 → 1.667s/req pen=60s  delay 0.000→2.667  min_gap→0  max_usage=0%
11:20:41.668  RAW   X-Rate-Limit-Rules: Account
11:20:41.668  RAW   X-Rate-Limit-Account: 3:5:60
11:20:41.668  RESP  POST /api/trade/search/Standard → 200  1.000s  delay=2.667 min_gap=0.000 last=1784625641.668
11:20:41.668  INIT  user_agent=test/0.1.0 delay=0.0 min_gap=1.0
11:20:41.668  LOCK  sleep=9999.000
11:20:41.668  ENF   delay=0.010 min_gap=1.000 jitter=0.000 gap=1.000 since_last=0.000 sleep=1.000
11:20:41.668  INIT  user_agent=test/0.1.0 delay=0.0 min_gap=1.0
11:20:41.668  PRE   POST /api/trade/search/Standard  delay=0.000 min_gap=1.000 last=1784625641.669
11:20:41.668  ENF   delay=0.000 min_gap=1.000 jitter=0.000 gap=1.000 since_last=0.000 sleep=1.000
11:20:42.668  PARSE Account 3:5:60 → 1.667s/req pen=60s  delay 0.000→2.667  min_gap→0  max_usage=0%
11:20:42.669  RAW   X-Rate-Limit-Rules: Account
11:20:42.669  RAW   X-Rate-Limit-Account: 3:5:60
11:20:42.669  RESP  POST /api/trade/search/Standard → 200  1.000s  delay=2.667 min_gap=0.000 last=1784625642.669
11:20:42.669  INIT  user_agent=test/0.1.0 delay=0.0 min_gap=1.0
11:20:42.669  PRE   POST /api/trade/search/Standard  delay=0.000 min_gap=1.000 last=1784625642.669
11:20:42.669  ENF   delay=0.000 min_gap=1.000 jitter=0.000 gap=1.000 since_last=0.000 sleep=1.000
11:20:43.669  PARSE Ip 8:10:60 → 1.250s/req pen=60s; Ip 15:60:120 → 4.000s/req pen=120s; Ip 60:300:1800 → 5.000s/req pen=1800s  delay 0.000→6.000  min_gap→0  max_usage=0%
11:20:43.669  RAW   X-Rate-Limit-Rules: Ip
11:20:43.669  RAW   X-Rate-Limit-Ip: 8:10:60,15:60:120,60:300:1800
11:20:43.669  RESP  POST /api/trade/search/Standard → 200  1.000s  delay=6.000 min_gap=0.000 last=1784625643.669
11:20:43.669  INIT  user_agent=test/0.1.0 delay=0.0 min_gap=1.0
11:20:43.669  PRE   POST /api/trade/search/Standard  delay=0.000 min_gap=1.000 last=1784625643.670
11:20:43.669  ENF   delay=0.000 min_gap=1.000 jitter=0.000 gap=1.000 since_last=0.000 sleep=1.000
11:20:44.669  PARSE Account 3:5:60 → 1.667s/req pen=60s; Ip 60:300:1800 → 5.000s/req pen=1800s  delay 0.000→6.000  min_gap→0  max_usage=0%
11:20:44.669  RAW   X-Rate-Limit-Rules: Account,Ip
11:20:44.669  RAW   X-Rate-Limit-Account: 3:5:60
11:20:44.669  RAW   X-Rate-Limit-Ip: 60:300:1800
11:20:44.669  RESP  POST /api/trade/search/Standard → 200  1.000s  delay=6.000 min_gap=0.000 last=1784625644.670
11:20:44.670  INIT  user_agent=test/0.1.0 delay=0.0 min_gap=1.0
11:20:44.670  PRE   POST /api/trade/search/Standard  delay=0.000 min_gap=1.000 last=1784625644.670
11:20:44.670  ENF   delay=0.000 min_gap=1.000 jitter=0.000 gap=1.000 since_last=0.000 sleep=1.000
11:20:45.670  RESP  POST /api/trade/search/Standard → 200  1.000s  delay=0.000 min_gap=1.000 last=1784625645.670
