10:53:17.908  INIT  user_agent=OAuth pypoe/0.1.0 (flipper) delay=0.0 min_gap=1.0
10:53:17.910  PRE   POST /api/trade/search/Standard  delay=0.000 min_gap=1.000 last=1784796797.909
10:53:17.910  ENF   delay=0.000 min_gap=1.000 jitter=1.146 gap=2.146 since_last=0.002 sleep=2.144
10:53:20.373  PARSE Account 3:5:60 → 2.500s/req pen=60s (used=2); Ip 8:10:60 → 1.094s/req pen=60s (used=2); Ip 15:60:120 → 4.800s/req pen=120s (used=7); Ip 60:300:1800 → 6.875s/req pen=1800s (used=35)  delay 0.000→7.875  min_gap→0  max_usage=58%
10:53:20.373  RAW   content-type: application/json
10:53:20.373  RAW   x-rate-limit-policy: trade-search-request-limit
10:53:20.373  RAW   x-rate-limit-rules: Account,Ip
10:53:20.373  RAW   x-rate-limit-account: 3:5:60
10:53:20.373  RAW   x-rate-limit-account-state: 2:5:0
10:53:20.374  RAW   x-rate-limit-ip: 8:10:60,15:60:120,60:300:1800
10:53:20.374  RAW   x-rate-limit-ip-state: 2:10:0,7:60:0,35:300:0
10:53:20.374  RAW   cf-cache-status: DYNAMIC
10:53:20.374  RAW   cf-ray: a1f974407bc0bfd2-WAW
10:53:20.374  RESP  POST /api/trade/search/Standard → 200  2.463s  delay=7.875 min_gap=0.000 last=1784796800.374
10:53:20.374  PRE   GET /api/trade/fetch/fdb246d4b1a567c14587edb86b0de3816bcdb2615907faaf1925bcedf0b5efa2%2C37451b4a913fd273a57bba55d602f48d095071852a15f171b31318218b75a81f%2C3ef60e3dd8eb142c3a60de438bed1ea9ccbd4ce85bb557c56611db658853c6ab%2C0980fa673411a9895328f5f0c88a770de8219449087b7b8f712e26d71ef88297%2C0b14f7b424486f93a26b813c0354d10e91e5826488a7a2f19222aa4afcda9dfb  delay=7.875 min_gap=0.000 last=1784796800.374
10:53:20.374  ENF   delay=7.875 min_gap=0.000 jitter=2.314 gap=10.189 since_last=0.000 sleep=10.189
10:53:30.887  PARSE Account 6:4:10 → 0.667s/req pen=10s (used=2); Ip 12:4:60 → 0.250s/req pen=60s (used=2); Ip 16:12:60 → 0.516s/req pen=60s (used=2)  delay 7.875→1.667  min_gap→0  max_usage=0%
10:53:30.887  RAW   content-type: application/json
10:53:30.887  RAW   x-rate-limit-policy: trade-fetch-request-limit
10:53:30.887  RAW   x-rate-limit-rules: Account,Ip
10:53:30.887  RAW   x-rate-limit-account: 6:4:10
10:53:30.887  RAW   x-rate-limit-account-state: 2:4:0
10:53:30.887  RAW   x-rate-limit-ip: 12:4:60,16:12:60
10:53:30.887  RAW   x-rate-limit-ip-state: 2:4:0,2:12:0
10:53:30.887  RAW   cf-cache-status: DYNAMIC
10:53:30.887  RAW   cf-ray: a1f97482095abfd2-WAW
10:53:30.887  RESP  GET /api/trade/fetch/fdb246d4b1a567c14587edb86b0de3816bcdb2615907faaf1925bcedf0b5efa2%2C37451b4a913fd273a57bba55d602f48d095071852a15f171b31318218b75a81f%2C3ef60e3dd8eb142c3a60de438bed1ea9ccbd4ce85bb557c56611db658853c6ab%2C0980fa673411a9895328f5f0c88a770de8219449087b7b8f712e26d71ef88297%2C0b14f7b424486f93a26b813c0354d10e91e5826488a7a2f19222aa4afcda9dfb → 200  10.513s  delay=1.667 min_gap=0.000 last=1784796810.888
10:53:30.887  PRE   POST /api/trade/search/Standard  delay=1.667 min_gap=0.000 last=1784796810.888
10:53:30.887  ENF   delay=1.667 min_gap=0.000 jitter=1.432 gap=3.098 since_last=0.000 sleep=3.098
10:53:34.304  PARSE Account 3:5:60 → 2.500s/req pen=60s (used=2); Ip 8:10:60 → 1.094s/req pen=60s (used=2); Ip 15:60:120 → 4.800s/req pen=120s (used=7); Ip 60:300:1800 → 7.125s/req pen=1800s (used=37)  delay 1.667→8.125  min_gap→0  max_usage=62%
10:53:34.304  RAW   content-type: application/json
10:53:34.304  RAW   x-rate-limit-policy: trade-search-request-limit
10:53:34.304  RAW   x-rate-limit-rules: Account,Ip
10:53:34.304  RAW   x-rate-limit-account: 3:5:60
10:53:34.304  RAW   x-rate-limit-account-state: 2:5:0
10:53:34.304  RAW   x-rate-limit-ip: 8:10:60,15:60:120,60:300:1800
10:53:34.304  RAW   x-rate-limit-ip-state: 2:10:0,7:60:0,37:300:0
10:53:34.304  RAW   cf-cache-status: DYNAMIC
10:53:34.304  RAW   cf-ray: a1f974976b66bfd2-WAW
10:53:34.304  RESP  POST /api/trade/search/Standard → 200  3.416s  delay=8.125 min_gap=0.000 last=1784796814.305
10:53:34.305  PRE   GET /api/trade/fetch/628142777ff319540202306011db54c0f93c35bf42870087a84d9fc2538ae5f9%2C26d59adb7d097b87fbc4d139d8602c7f29203a974bf53b2cd05066ab22f8f97a%2C7b90f48aea2a9c1346184a5d81fd0ce1ce1bb3791b1badc4c8cf7a6508f62982%2C2b185d5e706faa05601acd6b0388f651763bcc2b830288aae20c9b444f1c5ab0%2C200bb5ee008845336d012afd79d33f243a88fc11574c78ee65ea43965648c78d  delay=8.125 min_gap=0.000 last=1784796814.305
10:53:34.305  ENF   delay=8.125 min_gap=0.000 jitter=1.469 gap=9.594 since_last=0.000 sleep=9.593
