10:24:49.018  INIT  user_agent=OAuth pypoe/0.1.0 (flipper) delay=0.0 min_gap=1.0
10:24:49.020  PRE   POST /api/trade/search/Standard  delay=0.000 min_gap=1.000 last=1784795089.018
10:24:49.020  ENF   delay=0.000 min_gap=1.000 jitter=3.648 gap=4.648 since_last=0.002 sleep=4.646
10:24:54.164  PARSE Account 3:5:60 → 2.500s/req pen=60s (used=2); Ip 8:10:60 → 1.094s/req pen=60s (used=2); Ip 15:60:120 → 2.800s/req pen=120s (used=2); Ip 60:300:1800 → 2.750s/req pen=1800s (used=2)  delay 0.000→3.800  min_gap→0  max_usage=13%
10:24:54.165  RAW   content-type: application/json
10:24:54.165  RAW   x-rate-limit-policy: trade-search-request-limit
10:24:54.165  RAW   x-rate-limit-rules: Account,Ip
10:24:54.165  RAW   x-rate-limit-account: 3:5:60
10:24:54.165  RAW   x-rate-limit-account-state: 2:5:0
10:24:54.165  RAW   x-rate-limit-ip: 8:10:60,15:60:120,60:300:1800
10:24:54.165  RAW   x-rate-limit-ip-state: 2:10:0,2:60:0,2:300:0
10:24:54.165  RAW   cf-cache-status: DYNAMIC
10:24:54.165  RAW   cf-ray: a1f94a979a0bc412-WAW
10:24:54.165  RESP  POST /api/trade/search/Standard → 200  5.144s  delay=3.800 min_gap=0.000 last=1784795094.165
10:24:54.165  PRE   GET /api/trade/fetch/a80782068466141a8a3be06f0ec2f1cc3c0cb7f2a3776d6dea8c4bd9d6fbc8fc%2C64014e77e6c257283fca4709056875a50fbf994b1814a6b5fd0328e2de00cf4b%2C47791b000495a0d14b91d9720c0dfcdf3de78443d021306d45259c5e1ea10a9c%2Cc5d417ed9d88e5c7a7c2de427a8c052fb830b84a66bcb47bcb9577bd0482dfbb%2Cd1a272b46168b01c983a6ed7a151eab43f0de935a68053157a34946af6b83847  delay=3.800 min_gap=0.000 last=1784795094.165
10:24:54.165  ENF   delay=3.800 min_gap=0.000 jitter=2.445 gap=6.245 since_last=0.000 sleep=6.245
10:25:00.827  PARSE Account 6:4:10 → 0.500s/req pen=10s (used=1); Ip 12:4:60 → 0.208s/req pen=60s (used=1); Ip 16:12:60 → 0.445s/req pen=60s (used=1)  delay 3.800→1.500  min_gap→0  max_usage=0%
10:25:00.827  RAW   content-type: application/json
10:25:00.827  RAW   x-rate-limit-policy: trade-fetch-request-limit
10:25:00.827  RAW   x-rate-limit-rules: Account,Ip
10:25:00.827  RAW   x-rate-limit-account: 6:4:10
10:25:00.827  RAW   x-rate-limit-account-state: 1:4:0
10:25:00.827  RAW   x-rate-limit-ip: 12:4:60,16:12:60
10:25:00.827  RAW   x-rate-limit-ip-state: 1:4:0,1:12:0
10:25:00.827  RAW   cf-cache-status: DYNAMIC
10:25:00.827  RAW   cf-ray: a1f94ac19e4fc412-WAW
10:25:00.827  RESP  GET /api/trade/fetch/a80782068466141a8a3be06f0ec2f1cc3c0cb7f2a3776d6dea8c4bd9d6fbc8fc%2C64014e77e6c257283fca4709056875a50fbf994b1814a6b5fd0328e2de00cf4b%2C47791b000495a0d14b91d9720c0dfcdf3de78443d021306d45259c5e1ea10a9c%2Cc5d417ed9d88e5c7a7c2de427a8c052fb830b84a66bcb47bcb9577bd0482dfbb%2Cd1a272b46168b01c983a6ed7a151eab43f0de935a68053157a34946af6b83847 → 200  6.662s  delay=1.500 min_gap=0.000 last=1784795100.827
10:25:00.827  PRE   POST /api/trade/search/Standard  delay=1.500 min_gap=0.000 last=1784795100.827
10:25:00.827  ENF   delay=1.500 min_gap=0.000 jitter=3.145 gap=4.645 since_last=0.000 sleep=4.645
10:25:05.897  PARSE Account 3:5:60 → 2.500s/req pen=60s (used=2); Ip 8:10:60 → 1.094s/req pen=60s (used=2); Ip 15:60:120 → 3.600s/req pen=120s (used=4); Ip 60:300:1800 → 3.000s/req pen=1800s (used=4)  delay 1.500→4.600  min_gap→0  max_usage=27%
10:25:05.897  RAW   content-type: application/json
10:25:05.897  RAW   x-rate-limit-policy: trade-search-request-limit
10:25:05.897  RAW   x-rate-limit-rules: Account,Ip
10:25:05.897  RAW   x-rate-limit-account: 3:5:60
10:25:05.897  RAW   x-rate-limit-account-state: 2:5:0
10:25:05.897  RAW   x-rate-limit-ip: 8:10:60,15:60:120,60:300:1800
10:25:05.897  RAW   x-rate-limit-ip-state: 2:10:0,4:60:0,4:300:0
10:25:05.897  RAW   cf-cache-status: DYNAMIC
10:25:05.897  RAW   cf-ray: a1f94ae13d39c412-WAW
10:25:05.897  RESP  POST /api/trade/search/Standard → 200  5.069s  delay=4.600 min_gap=0.000 last=1784795105.897
10:25:05.897  PRE   GET /api/trade/fetch/628142777ff319540202306011db54c0f93c35bf42870087a84d9fc2538ae5f9%2C26d59adb7d097b87fbc4d139d8602c7f29203a974bf53b2cd05066ab22f8f97a%2C7b90f48aea2a9c1346184a5d81fd0ce1ce1bb3791b1badc4c8cf7a6508f62982%2C2b185d5e706faa05601acd6b0388f651763bcc2b830288aae20c9b444f1c5ab0%2Cf4ae7e8b22823f80b3a6f28df848e3f9ba9dfa9c6976d754097fcb28fccdb767  delay=4.600 min_gap=0.000 last=1784795105.897
10:25:05.897  ENF   delay=4.600 min_gap=0.000 jitter=3.231 gap=7.831 since_last=0.000 sleep=7.831
10:25:14.189  PARSE Account 6:4:10 → 0.667s/req pen=10s (used=2); Ip 12:4:60 → 0.250s/req pen=60s (used=2); Ip 16:12:60 → 0.516s/req pen=60s (used=2)  delay 4.600→1.667  min_gap→0  max_usage=0%
10:25:14.189  RAW   content-type: application/json
10:25:14.189  RAW   x-rate-limit-policy: trade-fetch-request-limit
10:25:14.189  RAW   x-rate-limit-rules: Account,Ip
10:25:14.189  RAW   x-rate-limit-account: 6:4:10
10:25:14.189  RAW   x-rate-limit-account-state: 2:4:0
10:25:14.189  RAW   x-rate-limit-ip: 12:4:60,16:12:60
10:25:14.189  RAW   x-rate-limit-ip-state: 2:4:0,2:12:0
10:25:14.189  RAW   cf-cache-status: DYNAMIC
10:25:14.189  RAW   cf-ray: a1f94b14de78c412-WAW
10:25:14.189  RESP  GET /api/trade/fetch/628142777ff319540202306011db54c0f93c35bf42870087a84d9fc2538ae5f9%2C26d59adb7d097b87fbc4d139d8602c7f29203a974bf53b2cd05066ab22f8f97a%2C7b90f48aea2a9c1346184a5d81fd0ce1ce1bb3791b1badc4c8cf7a6508f62982%2C2b185d5e706faa05601acd6b0388f651763bcc2b830288aae20c9b444f1c5ab0%2Cf4ae7e8b22823f80b3a6f28df848e3f9ba9dfa9c6976d754097fcb28fccdb767 → 200  8.292s  delay=1.667 min_gap=0.000 last=1784795114.189
10:25:14.189  PRE   POST /api/trade/search/Standard  delay=1.667 min_gap=0.000 last=1784795114.189
10:25:14.189  ENF   delay=1.667 min_gap=0.000 jitter=3.243 gap=4.909 since_last=0.000 sleep=4.909
