13:26:19.619  INIT  user_agent=test/0.1.0 delay=0.0 min_gap=1.0
13:26:19.619  PRE   POST /api/trade/search/Standard  delay=0.000 min_gap=1.000 last=1784633169.620
13:26:19.620  RESP  POST /api/trade/search/Standard → 429  0.000s  delay=0.000 min_gap=1.000 last=1784633179.620
13:26:19.620  BODY  req=(none)
13:26:19.620  BODY  resp=
13:26:19.620  !! 429 ! headers={'Server': 'cloudflare'}  state_delay=0.000 state_min_gap=1.000 state_last=1784633179.620
13:26:19.620  INIT  user_agent=test/0.1.0 delay=0.0 min_gap=1.0
13:26:19.620  PRE   POST /api/trade/search/Standard  delay=0.000 min_gap=1.000 last=1784633169.620
13:26:19.620  PARSE Account 1:5:60 → 1.500s/req pen=60s (used=0)  delay 0.000→2.500  min_gap→0  max_usage=0%
13:26:19.620  RAW   X-Rate-Limit-Rules: Account
13:26:19.620  RAW   X-Rate-Limit-Account: 1:5:60
13:26:19.620  RESP  POST /api/trade/search/Standard → 429  0.000s  delay=2.500 min_gap=0.000 last=1784633179.620
13:26:19.620  BODY  req=(none)
13:26:19.620  BODY  resp=
13:26:19.620  !! 429 ! headers={'X-Rate-Limit-Rules': 'Account', 'X-Rate-Limit-Account': '1:5:60'}  state_delay=2.500 state_min_gap=0.000 state_last=1784633179.620
13:26:19.620  INIT  user_agent=test/0.1.0 delay=0.0 min_gap=1.0
13:26:19.620  PRE   POST /api/trade/search/Standard  delay=0.000 min_gap=1.000 last=1784633179.621
13:26:19.620  ENF   delay=0.000 min_gap=1.000 jitter=0.000 gap=1.000 since_last=0.000 sleep=1.000
13:26:20.620  PARSE Account 1:1:1 → 0.300s/req pen=1s (used=0)  delay 0.000→1.300  min_gap→0  max_usage=0%
13:26:20.620  RAW   X-Rate-Limit-Rules: Account
13:26:20.620  RAW   X-Rate-Limit-Account: 1:1:1
13:26:20.620  RESP  POST /api/trade/search/Standard → 200  1.000s  delay=1.300 min_gap=0.000 last=1784633180.621
13:26:20.621  INIT  user_agent=test/0.1.0 delay=0.0 min_gap=1.0
13:26:20.621  PRE   POST /api/trade/search/Standard  delay=0.000 min_gap=1.000 last=1784633180.621
13:26:20.621  ENF   delay=0.000 min_gap=1.000 jitter=0.000 gap=1.000 since_last=0.000 sleep=1.000
13:26:20.621  PARSE Account 3:5:60 → 0.500s/req pen=60s (used=0)  delay 0.000→1.500  min_gap→0  max_usage=0%
13:26:20.621  RAW   X-Rate-Limit-Rules: Account
13:26:20.621  RAW   X-Rate-Limit-Account: 3:5:60
13:26:20.621  RESP  POST /api/trade/search/Standard → 200  0.000s  delay=1.500 min_gap=0.000 last=1784633180.621
13:26:20.621  PRE   GET /api/trade/fetch/a  delay=1.500 min_gap=0.000 last=1784633180.621
13:26:20.621  ENF   delay=1.500 min_gap=0.000 jitter=0.000 gap=1.500 since_last=0.000 sleep=1.500
13:26:20.621  PARSE Account 3:5:60 → 0.500s/req pen=60s (used=0)  delay 1.500→1.500  min_gap→0  max_usage=0%
13:26:20.621  RAW   X-Rate-Limit-Rules: Account
13:26:20.621  RAW   X-Rate-Limit-Account: 3:5:60
13:26:20.621  RESP  GET /api/trade/fetch/a → 200  0.000s  delay=1.500 min_gap=0.000 last=1784633180.622
13:26:20.621  INIT  user_agent=test/0.1.0 delay=0.0 min_gap=1.0
13:26:20.621  PRE   POST /api/trade/search/Standard  delay=0.000 min_gap=1.000 last=990.000
13:26:20.621  RESP  POST /api/trade/search/Standard → 200  0.000s  delay=0.000 min_gap=1.000 last=1000.000
13:26:20.621  PRE   POST /api/trade/search/Standard  delay=0.000 min_gap=1.000 last=1000.000
13:26:20.621  ENF   delay=0.000 min_gap=1.000 jitter=2.000 gap=3.000 since_last=0.000 sleep=3.000
13:26:20.621  RESP  POST /api/trade/search/Standard → 200  3.000s  delay=0.000 min_gap=1.000 last=1003.000
13:26:20.621  PRE   POST /api/trade/search/Standard  delay=0.000 min_gap=1.000 last=1003.000
13:26:20.621  ENF   delay=0.000 min_gap=1.000 jitter=2.000 gap=3.000 since_last=0.000 sleep=3.000
13:26:20.621  PARSE Account 3:5:60 → 0.500s/req pen=60s (used=0)  delay 0.000→1.500  min_gap→0  max_usage=0%
13:26:20.621  RAW   X-Rate-Limit-Rules: Account
13:26:20.621  RAW   X-Rate-Limit-Account: 3:5:60
13:26:20.621  RESP  POST /api/trade/search/Standard → 200  3.000s  delay=1.500 min_gap=0.000 last=1006.000
13:26:20.621  PRE   POST /api/trade/search/Standard  delay=1.500 min_gap=0.000 last=1006.000
13:26:20.621  ENF   delay=1.500 min_gap=0.000 jitter=2.000 gap=3.500 since_last=0.000 sleep=3.500
13:26:20.621  PARSE Account 3:5:60 → 0.500s/req pen=60s (used=0)  delay 1.500→1.500  min_gap→0  max_usage=0%
13:26:20.622  RAW   X-Rate-Limit-Rules: Account
13:26:20.622  RAW   X-Rate-Limit-Account: 3:5:60
13:26:20.622  RESP  POST /api/trade/search/Standard → 200  3.500s  delay=1.500 min_gap=0.000 last=1009.500
13:26:20.622  PRE   POST /api/trade/search/Standard  delay=1.500 min_gap=0.000 last=1009.500
13:26:20.622  ENF   delay=1.500 min_gap=0.000 jitter=2.000 gap=3.500 since_last=0.000 sleep=3.500
13:26:20.622  PARSE Ip 60:300:1800 → 1.500s/req pen=1800s (used=0)  delay 1.500→2.500  min_gap→0  max_usage=0%
13:26:20.622  RAW   X-Rate-Limit-Rules: Ip
13:26:20.622  RAW   X-Rate-Limit-Ip: 60:300:1800
13:26:20.622  RESP  POST /api/trade/search/Standard → 200  3.500s  delay=2.500 min_gap=0.000 last=1013.000
13:26:20.622  PRE   POST /api/trade/search/Standard  delay=2.500 min_gap=0.000 last=1013.000
13:26:20.622  ENF   delay=2.500 min_gap=0.000 jitter=2.000 gap=4.500 since_last=0.000 sleep=4.500
13:26:20.622  PARSE Ip 60:300:1800 → 1.500s/req pen=1800s (used=0)  delay 2.500→2.500  min_gap→0  max_usage=0%
13:26:20.622  RAW   X-Rate-Limit-Rules: Ip
13:26:20.622  RAW   X-Rate-Limit-Ip: 60:300:1800
13:26:20.622  RESP  POST /api/trade/search/Standard → 200  4.500s  delay=2.500 min_gap=0.000 last=1017.500
13:26:20.622  INIT  user_agent=test/0.1.0 delay=0.0 min_gap=1.0
13:26:20.622  PRE   POST /api/trade/search/Standard  delay=0.000 min_gap=1.000 last=1784633180.622
13:26:20.622  ENF   delay=0.000 min_gap=1.000 jitter=0.000 gap=1.000 since_last=0.000 sleep=1.000
13:26:21.622  PARSE Ip 60:300:1800 → 6.250s/req pen=1800s (used=30)  delay 0.000→7.250  min_gap→0  max_usage=50%
13:26:21.622  RAW   X-Rate-Limit-Rules: Ip
13:26:21.622  RAW   X-Rate-Limit-Ip: 60:300:1800
13:26:21.622  RAW   X-Rate-Limit-Ip-State: 30:300:0
13:26:21.622  RESP  POST /api/trade/search/Standard → 200  1.000s  delay=7.250 min_gap=0.000 last=1784633181.623
13:26:21.622  PRE   POST /api/trade/search/Standard  delay=7.250 min_gap=0.000 last=1784633181.623
13:26:21.622  ENF   delay=7.250 min_gap=0.000 jitter=0.000 gap=7.250 since_last=0.000 sleep=7.250
13:26:28.872  PARSE Ip 60:300:1800 → 2.875s/req pen=1800s (used=3)  delay 7.250→3.875  min_gap→0  max_usage=5%
13:26:28.872  RAW   X-Rate-Limit-Rules: Ip
13:26:28.872  RAW   X-Rate-Limit-Ip: 60:300:1800
13:26:28.872  RAW   X-Rate-Limit-Ip-State: 3:300:0
13:26:28.872  RESP  POST /api/trade/search/Standard → 200  7.250s  delay=3.875 min_gap=0.000 last=1784633188.873
13:26:28.873  INIT  user_agent=test/0.1.0 delay=0.0 min_gap=1.0
13:26:28.873  PRE   POST /api/trade/search/Standard  delay=0.000 min_gap=1.000 last=1784633188.873
13:26:28.873  ENF   delay=0.000 min_gap=1.000 jitter=0.000 gap=1.000 since_last=0.000 sleep=1.000
13:26:29.873  PARSE Ip 60:300:1800 → 1.500s/req pen=1800s (used=0)  delay 0.000→2.500  min_gap→0  max_usage=0%
13:26:29.873  RAW   X-Rate-Limit-Rules: Ip
13:26:29.873  RAW   X-Rate-Limit-Ip: 60:300:1800
13:26:29.873  RESP  POST /api/trade/search/Standard → 200  1.000s  delay=2.500 min_gap=0.000 last=1784633189.873
13:26:29.873  INIT  user_agent=test/0.1.0 delay=0.0 min_gap=1.0
13:26:29.873  PRE   POST /api/trade/search/Standard  delay=0.000 min_gap=1.000 last=1784633189.873
13:26:29.873  ENF   delay=0.000 min_gap=1.000 jitter=0.000 gap=1.000 since_last=0.000 sleep=1.000
13:26:29.873  RESP  POST /api/trade/search/Standard → 200  0.000s  delay=0.000 min_gap=1.000 last=1784633189.874
13:26:29.873  PRE   POST /api/trade/search/Standard  delay=0.000 min_gap=1.000 last=1784633189.874
13:26:29.873  ENF   delay=0.000 min_gap=1.000 jitter=0.000 gap=1.000 since_last=0.000 sleep=1.000
13:26:29.873  RESP  POST /api/trade/search/Standard → 200  0.000s  delay=0.000 min_gap=1.000 last=1784633189.874
13:26:29.874  INIT  user_agent=test/0.1.0 delay=0.0 min_gap=1.0
13:26:29.874  PRE   POST /api/trade/search/Standard  delay=0.000 min_gap=1.000 last=1784633189.874
13:26:29.874  ENF   delay=0.000 min_gap=1.000 jitter=0.000 gap=1.000 since_last=0.000 sleep=1.000
13:26:30.874  PARSE Account 3:5:60 → 0.500s/req pen=60s (used=0)  delay 0.000→1.500  min_gap→0  max_usage=0%
13:26:30.874  RAW   X-Rate-Limit-Rules: Account
13:26:30.874  RAW   X-Rate-Limit-Account: 3:5:60
13:26:30.874  RESP  POST /api/trade/search/Standard → 200  1.000s  delay=1.500 min_gap=0.000 last=1784633190.874
13:26:30.874  INIT  user_agent=test/0.1.0 delay=0.0 min_gap=1.0
13:26:30.874  PRE   POST /api/trade/search/Standard  delay=0.000 min_gap=1.000 last=1784633190.874
13:26:30.874  ENF   delay=0.000 min_gap=1.000 jitter=0.000 gap=1.000 since_last=0.000 sleep=1.000
13:26:31.874  PARSE Ip 60:300:1800 → 9.250s/req pen=1800s (used=54)  delay 0.000→10.250  min_gap→0  max_usage=90%
13:26:31.874  BACK  set 1200s backoff at 90% usage (penalty=1800s)
13:26:31.874  RAW   X-Rate-Limit-Rules: Ip
13:26:31.874  RAW   X-Rate-Limit-Ip: 60:300:1800
13:26:31.874  RAW   X-Rate-Limit-Ip-State: 54:300:0
13:26:31.874  RESP  POST /api/trade/search/Standard → 200  1.000s  delay=10.250 min_gap=0.000 last=1784633191.875
13:26:31.874  INIT  user_agent=test/0.1.0 delay=0.0 min_gap=1.0
13:26:31.875  LOCK  sleep=9999.000
13:26:31.875  ENF   delay=0.010 min_gap=1.000 jitter=0.000 gap=1.000 since_last=0.000 sleep=1.000
13:26:31.875  INIT  user_agent=test/0.1.0 delay=0.0 min_gap=1.0
13:26:31.875  PRE   POST /api/trade/search/Standard  delay=0.000 min_gap=1.000 last=1784633191.875
13:26:31.875  ENF   delay=0.000 min_gap=1.000 jitter=0.000 gap=1.000 since_last=0.000 sleep=1.000
13:26:32.875  PARSE Ip 60:300:1800 → 3.250s/req pen=1800s (used=6)  delay 0.000→4.250  min_gap→0  max_usage=10%
13:26:32.875  RAW   X-Rate-Limit-Rules: Ip
13:26:32.875  RAW   X-Rate-Limit-Ip: 60:300:1800
13:26:32.875  RAW   X-Rate-Limit-Ip-State: 6:300:0
13:26:32.875  RESP  POST /api/trade/search/Standard → 200  1.000s  delay=4.250 min_gap=0.000 last=1784633192.876
13:26:32.875  INIT  user_agent=test/0.1.0 delay=0.0 min_gap=1.0
13:26:32.875  PRE   POST /api/trade/search/Standard  delay=0.000 min_gap=1.000 last=1784633192.876
13:26:32.875  ENF   delay=0.000 min_gap=1.000 jitter=0.000 gap=1.000 since_last=0.000 sleep=1.000
13:26:33.875  PARSE Account 3:5:60 → 0.500s/req pen=60s (used=0)  delay 0.000→1.500  min_gap→0  max_usage=0%
13:26:33.875  RAW   X-Rate-Limit-Rules: Account
13:26:33.875  RAW   X-Rate-Limit-Account: 3:5:60
13:26:33.875  RESP  POST /api/trade/search/Standard → 200  1.000s  delay=1.500 min_gap=0.000 last=1784633193.876
13:26:33.876  INIT  user_agent=test/0.1.0 delay=0.0 min_gap=1.0
13:26:33.876  PRE   POST /api/trade/search/Standard  delay=0.000 min_gap=1.000 last=1784633193.876
13:26:33.876  ENF   delay=0.000 min_gap=1.000 jitter=0.000 gap=1.000 since_last=0.000 sleep=1.000
13:26:34.876  PARSE Ip 8:10:60 → 0.375s/req pen=60s (used=0); Ip 15:60:120 → 1.200s/req pen=120s (used=0); Ip 60:300:1800 → 1.500s/req pen=1800s (used=0)  delay 0.000→2.500  min_gap→0  max_usage=0%
13:26:34.876  RAW   X-Rate-Limit-Rules: Ip
13:26:34.876  RAW   X-Rate-Limit-Ip: 8:10:60,15:60:120,60:300:1800
13:26:34.876  RESP  POST /api/trade/search/Standard → 200  1.000s  delay=2.500 min_gap=0.000 last=1784633194.876
13:26:34.876  INIT  user_agent=test/0.1.0 delay=0.0 min_gap=1.0
13:26:34.876  PRE   POST /api/trade/search/Standard  delay=0.000 min_gap=1.000 last=1784633194.876
13:26:34.876  ENF   delay=0.000 min_gap=1.000 jitter=0.000 gap=1.000 since_last=0.000 sleep=1.000
13:26:35.876  PARSE Account 3:5:60 → 2.500s/req pen=60s (used=2); Ip 15:60:120 → 3.200s/req pen=120s (used=3)  delay 0.000→4.200  min_gap→0  max_usage=20%
13:26:35.876  RAW   X-Rate-Limit-Rules: Account,Ip
13:26:35.876  RAW   X-Rate-Limit-Account: 3:5:60
13:26:35.876  RAW   X-Rate-Limit-Account-State: 2:5:0
13:26:35.876  RAW   X-Rate-Limit-Ip: 15:60:120
13:26:35.876  RAW   X-Rate-Limit-Ip-State: 3:60:0
13:26:35.876  RESP  POST /api/trade/search/Standard → 200  1.000s  delay=4.200 min_gap=0.000 last=1784633195.877
13:26:35.876  INIT  user_agent=test/0.1.0 delay=0.0 min_gap=1.0
13:26:35.876  PRE   POST /api/trade/search/Standard  delay=0.000 min_gap=1.000 last=1784633195.877
13:26:35.876  ENF   delay=0.000 min_gap=1.000 jitter=0.000 gap=1.000 since_last=0.000 sleep=1.000
13:26:36.876  PARSE Account 3:5:60 → 0.500s/req pen=60s (used=0); Ip 60:300:1800 → 1.500s/req pen=1800s (used=0)  delay 0.000→2.500  min_gap→0  max_usage=0%
13:26:36.877  RAW   X-Rate-Limit-Rules: Account,Ip
13:26:36.877  RAW   X-Rate-Limit-Account: 3:5:60
13:26:36.877  RAW   X-Rate-Limit-Ip: 60:300:1800
13:26:36.877  RESP  POST /api/trade/search/Standard → 200  1.000s  delay=2.500 min_gap=0.000 last=1784633196.877
13:26:36.877  INIT  user_agent=test/0.1.0 delay=0.0 min_gap=1.0
13:26:36.877  PRE   POST /api/trade/search/Standard  delay=0.000 min_gap=1.000 last=1784633196.877
13:26:36.877  ENF   delay=0.000 min_gap=1.000 jitter=0.000 gap=1.000 since_last=0.000 sleep=1.000
13:26:37.877  RESP  POST /api/trade/search/Standard → 200  1.000s  delay=0.000 min_gap=1.000 last=1784633197.877
