15:14:10.184  INIT  user_agent=test/0.1.0 delay=0.0 min_gap=1.0
15:14:10.184  PRE   POST /api/trade/search/Standard  delay=0.000 min_gap=1.000 last=1784639640.184
15:14:10.184  RESP  POST /api/trade/search/Standard → 429  0.000s  delay=0.000 min_gap=1.000 last=1784639650.185
15:14:10.184  BODY  req=(none)
15:14:10.184  BODY  resp=
15:14:10.184  !! 429 ! headers={'Server': 'cloudflare'}  state_delay=0.000 state_min_gap=1.000 state_last=1784639650.185
15:14:10.185  INIT  user_agent=test/0.1.0 delay=0.0 min_gap=1.0
15:14:10.185  PRE   POST /api/trade/search/Standard  delay=0.000 min_gap=1.000 last=1784639640.185
15:14:10.185  PARSE Account 1:5:60 → 1.500s/req pen=60s (used=0)  delay 0.000→2.500  min_gap→0  max_usage=0%
15:14:10.185  RAW   X-Rate-Limit-Rules: Account
15:14:10.185  RAW   X-Rate-Limit-Account: 1:5:60
15:14:10.185  RESP  POST /api/trade/search/Standard → 429  0.000s  delay=2.500 min_gap=0.000 last=1784639650.185
15:14:10.185  BODY  req=(none)
15:14:10.185  BODY  resp=
15:14:10.185  !! 429 ! headers={'X-Rate-Limit-Rules': 'Account', 'X-Rate-Limit-Account': '1:5:60'}  state_delay=2.500 state_min_gap=0.000 state_last=1784639650.185
15:14:10.185  INIT  user_agent=test/0.1.0 delay=0.0 min_gap=1.0
15:14:10.185  PRE   POST /api/trade/search/Standard  delay=0.000 min_gap=1.000 last=1784639650.186
15:14:10.185  ENF   delay=0.000 min_gap=1.000 jitter=0.000 gap=1.000 since_last=0.000 sleep=1.000
15:14:11.185  PARSE Account 1:1:1 → 0.300s/req pen=1s (used=0)  delay 0.000→1.300  min_gap→0  max_usage=0%
15:14:11.185  RAW   X-Rate-Limit-Rules: Account
15:14:11.185  RAW   X-Rate-Limit-Account: 1:1:1
15:14:11.185  RESP  POST /api/trade/search/Standard → 200  1.000s  delay=1.300 min_gap=0.000 last=1784639651.186
15:14:11.186  INIT  user_agent=test/0.1.0 delay=0.0 min_gap=1.0
15:14:11.186  PRE   POST /api/trade/search/Standard  delay=0.000 min_gap=1.000 last=1784639651.186
15:14:11.186  ENF   delay=0.000 min_gap=1.000 jitter=0.000 gap=1.000 since_last=0.000 sleep=1.000
15:14:11.186  PARSE Account 3:5:60 → 0.500s/req pen=60s (used=0)  delay 0.000→1.500  min_gap→0  max_usage=0%
15:14:11.186  RAW   X-Rate-Limit-Rules: Account
15:14:11.186  RAW   X-Rate-Limit-Account: 3:5:60
15:14:11.186  RESP  POST /api/trade/search/Standard → 200  0.000s  delay=1.500 min_gap=0.000 last=1784639651.186
15:14:11.186  PRE   GET /api/trade/fetch/a  delay=1.500 min_gap=0.000 last=1784639651.186
15:14:11.186  ENF   delay=1.500 min_gap=0.000 jitter=0.000 gap=1.500 since_last=0.000 sleep=1.500
15:14:11.186  PARSE Account 3:5:60 → 0.500s/req pen=60s (used=0)  delay 1.500→1.500  min_gap→0  max_usage=0%
15:14:11.186  RAW   X-Rate-Limit-Rules: Account
15:14:11.186  RAW   X-Rate-Limit-Account: 3:5:60
15:14:11.186  RESP  GET /api/trade/fetch/a → 200  0.000s  delay=1.500 min_gap=0.000 last=1784639651.187
15:14:11.186  INIT  user_agent=test/0.1.0 delay=0.0 min_gap=1.0
15:14:11.186  PRE   POST /api/trade/search/Standard  delay=0.000 min_gap=1.000 last=990.000
15:14:11.186  RESP  POST /api/trade/search/Standard → 200  0.000s  delay=0.000 min_gap=1.000 last=1000.000
15:14:11.186  PRE   POST /api/trade/search/Standard  delay=0.000 min_gap=1.000 last=1000.000
15:14:11.186  ENF   delay=0.000 min_gap=1.000 jitter=2.000 gap=3.000 since_last=0.000 sleep=3.000
15:14:11.186  RESP  POST /api/trade/search/Standard → 200  3.000s  delay=0.000 min_gap=1.000 last=1003.000
15:14:11.186  PRE   POST /api/trade/search/Standard  delay=0.000 min_gap=1.000 last=1003.000
15:14:11.186  ENF   delay=0.000 min_gap=1.000 jitter=2.000 gap=3.000 since_last=0.000 sleep=3.000
15:14:11.186  PARSE Account 3:5:60 → 0.500s/req pen=60s (used=0)  delay 0.000→1.500  min_gap→0  max_usage=0%
15:14:11.186  RAW   X-Rate-Limit-Rules: Account
15:14:11.186  RAW   X-Rate-Limit-Account: 3:5:60
15:14:11.186  RESP  POST /api/trade/search/Standard → 200  3.000s  delay=1.500 min_gap=0.000 last=1006.000
15:14:11.186  PRE   POST /api/trade/search/Standard  delay=1.500 min_gap=0.000 last=1006.000
15:14:11.186  ENF   delay=1.500 min_gap=0.000 jitter=2.000 gap=3.500 since_last=0.000 sleep=3.500
15:14:11.186  PARSE Account 3:5:60 → 0.500s/req pen=60s (used=0)  delay 1.500→1.500  min_gap→0  max_usage=0%
15:14:11.186  RAW   X-Rate-Limit-Rules: Account
15:14:11.186  RAW   X-Rate-Limit-Account: 3:5:60
15:14:11.186  RESP  POST /api/trade/search/Standard → 200  3.500s  delay=1.500 min_gap=0.000 last=1009.500
15:14:11.187  PRE   POST /api/trade/search/Standard  delay=1.500 min_gap=0.000 last=1009.500
15:14:11.187  ENF   delay=1.500 min_gap=0.000 jitter=2.000 gap=3.500 since_last=0.000 sleep=3.500
15:14:11.187  PARSE Ip 60:300:1800 → 1.500s/req pen=1800s (used=0)  delay 1.500→2.500  min_gap→0  max_usage=0%
15:14:11.187  RAW   X-Rate-Limit-Rules: Ip
15:14:11.187  RAW   X-Rate-Limit-Ip: 60:300:1800
15:14:11.187  RESP  POST /api/trade/search/Standard → 200  3.500s  delay=2.500 min_gap=0.000 last=1013.000
15:14:11.187  PRE   POST /api/trade/search/Standard  delay=2.500 min_gap=0.000 last=1013.000
15:14:11.187  ENF   delay=2.500 min_gap=0.000 jitter=2.000 gap=4.500 since_last=0.000 sleep=4.500
15:14:11.187  PARSE Ip 60:300:1800 → 1.500s/req pen=1800s (used=0)  delay 2.500→2.500  min_gap→0  max_usage=0%
15:14:11.187  RAW   X-Rate-Limit-Rules: Ip
15:14:11.187  RAW   X-Rate-Limit-Ip: 60:300:1800
15:14:11.187  RESP  POST /api/trade/search/Standard → 200  4.500s  delay=2.500 min_gap=0.000 last=1017.500
15:14:11.187  INIT  user_agent=test/0.1.0 delay=0.0 min_gap=1.0
15:14:11.187  PRE   POST /api/trade/search/Standard  delay=0.000 min_gap=1.000 last=1784639651.187
15:14:11.187  ENF   delay=0.000 min_gap=1.000 jitter=0.000 gap=1.000 since_last=0.000 sleep=1.000
15:14:12.187  PARSE Ip 60:300:1800 → 6.250s/req pen=1800s (used=30)  delay 0.000→7.250  min_gap→0  max_usage=50%
15:14:12.187  RAW   X-Rate-Limit-Rules: Ip
15:14:12.187  RAW   X-Rate-Limit-Ip: 60:300:1800
15:14:12.187  RAW   X-Rate-Limit-Ip-State: 30:300:0
15:14:12.187  RESP  POST /api/trade/search/Standard → 200  1.000s  delay=7.250 min_gap=0.000 last=1784639652.187
15:14:12.187  PRE   POST /api/trade/search/Standard  delay=7.250 min_gap=0.000 last=1784639652.187
15:14:12.187  ENF   delay=7.250 min_gap=0.000 jitter=0.000 gap=7.250 since_last=0.000 sleep=7.250
15:14:19.437  PARSE Ip 60:300:1800 → 2.875s/req pen=1800s (used=3)  delay 7.250→3.875  min_gap→0  max_usage=5%
15:14:19.437  RAW   X-Rate-Limit-Rules: Ip
15:14:19.437  RAW   X-Rate-Limit-Ip: 60:300:1800
15:14:19.437  RAW   X-Rate-Limit-Ip-State: 3:300:0
15:14:19.437  RESP  POST /api/trade/search/Standard → 200  7.250s  delay=3.875 min_gap=0.000 last=1784639659.438
15:14:19.437  INIT  user_agent=test/0.1.0 delay=0.0 min_gap=1.0
15:14:19.437  PRE   POST /api/trade/search/Standard  delay=0.000 min_gap=1.000 last=1784639659.438
15:14:19.437  ENF   delay=0.000 min_gap=1.000 jitter=0.000 gap=1.000 since_last=0.000 sleep=1.000
15:14:20.437  PARSE Ip 60:300:1800 → 1.500s/req pen=1800s (used=0)  delay 0.000→2.500  min_gap→0  max_usage=0%
15:14:20.438  RAW   X-Rate-Limit-Rules: Ip
15:14:20.438  RAW   X-Rate-Limit-Ip: 60:300:1800
15:14:20.438  RESP  POST /api/trade/search/Standard → 200  1.000s  delay=2.500 min_gap=0.000 last=1784639660.438
15:14:20.438  INIT  user_agent=test/0.1.0 delay=0.0 min_gap=1.0
15:14:20.438  PRE   POST /api/trade/search/Standard  delay=0.000 min_gap=1.000 last=1784639660.438
15:14:20.438  ENF   delay=0.000 min_gap=1.000 jitter=0.000 gap=1.000 since_last=0.000 sleep=1.000
15:14:20.438  RESP  POST /api/trade/search/Standard → 200  0.000s  delay=0.000 min_gap=1.000 last=1784639660.439
15:14:20.438  PRE   POST /api/trade/search/Standard  delay=0.000 min_gap=1.000 last=1784639660.439
15:14:20.438  ENF   delay=0.000 min_gap=1.000 jitter=0.000 gap=1.000 since_last=0.000 sleep=1.000
15:14:20.438  RESP  POST /api/trade/search/Standard → 200  0.000s  delay=0.000 min_gap=1.000 last=1784639660.439
15:14:20.438  INIT  user_agent=test/0.1.0 delay=0.0 min_gap=1.0
15:14:20.438  PRE   POST /api/trade/search/Standard  delay=0.000 min_gap=1.000 last=1784639660.439
15:14:20.438  ENF   delay=0.000 min_gap=1.000 jitter=0.000 gap=1.000 since_last=0.000 sleep=1.000
15:14:21.438  PARSE Account 3:5:60 → 0.500s/req pen=60s (used=0)  delay 0.000→1.500  min_gap→0  max_usage=0%
15:14:21.438  RAW   X-Rate-Limit-Rules: Account
15:14:21.438  RAW   X-Rate-Limit-Account: 3:5:60
15:14:21.438  RESP  POST /api/trade/search/Standard → 200  1.000s  delay=1.500 min_gap=0.000 last=1784639661.439
15:14:21.439  INIT  user_agent=test/0.1.0 delay=0.0 min_gap=1.0
15:14:21.439  PRE   POST /api/trade/search/Standard  delay=0.000 min_gap=1.000 last=1784639661.439
15:14:21.439  ENF   delay=0.000 min_gap=1.000 jitter=0.000 gap=1.000 since_last=0.000 sleep=1.000
15:14:22.439  PARSE Ip 60:300:1800 → 9.250s/req pen=1800s (used=54)  delay 0.000→10.250  min_gap→0  max_usage=90%
15:14:22.439  BACK  set 200s backoff at 90% usage
15:14:22.439  RAW   X-Rate-Limit-Rules: Ip
15:14:22.439  RAW   X-Rate-Limit-Ip: 60:300:1800
15:14:22.439  RAW   X-Rate-Limit-Ip-State: 54:300:0
15:14:22.439  RESP  POST /api/trade/search/Standard → 200  1.000s  delay=10.250 min_gap=0.000 last=1784639662.439
15:14:22.439  INIT  user_agent=test/0.1.0 delay=0.0 min_gap=1.0
15:14:22.439  LOCK  sleep=9999.000
15:14:22.439  ENF   delay=0.010 min_gap=1.000 jitter=0.000 gap=1.000 since_last=0.000 sleep=1.000
15:14:22.440  INIT  user_agent=test/0.1.0 delay=0.0 min_gap=1.0
15:14:22.440  PRE   POST /api/trade/search/Standard  delay=0.000 min_gap=1.000 last=1784639662.440
15:14:22.440  ENF   delay=0.000 min_gap=1.000 jitter=0.000 gap=1.000 since_last=0.000 sleep=1.000
15:14:23.440  PARSE Ip 60:300:1800 → 3.250s/req pen=1800s (used=6)  delay 0.000→4.250  min_gap→0  max_usage=10%
15:14:23.440  RAW   X-Rate-Limit-Rules: Ip
15:14:23.440  RAW   X-Rate-Limit-Ip: 60:300:1800
15:14:23.440  RAW   X-Rate-Limit-Ip-State: 6:300:0
15:14:23.440  RESP  POST /api/trade/search/Standard → 200  1.000s  delay=4.250 min_gap=0.000 last=1784639663.440
15:14:23.440  INIT  user_agent=test/0.1.0 delay=0.0 min_gap=1.0
15:14:23.440  PRE   POST /api/trade/search/Standard  delay=0.000 min_gap=1.000 last=1784639663.440
15:14:23.440  ENF   delay=0.000 min_gap=1.000 jitter=0.000 gap=1.000 since_last=0.000 sleep=1.000
15:14:24.440  PARSE Account 3:5:60 → 0.500s/req pen=60s (used=0)  delay 0.000→1.500  min_gap→0  max_usage=0%
15:14:24.440  RAW   X-Rate-Limit-Rules: Account
15:14:24.440  RAW   X-Rate-Limit-Account: 3:5:60
15:14:24.440  RESP  POST /api/trade/search/Standard → 200  1.000s  delay=1.500 min_gap=0.000 last=1784639664.441
15:14:24.440  INIT  user_agent=test/0.1.0 delay=0.0 min_gap=1.0
15:14:24.440  PRE   POST /api/trade/search/Standard  delay=0.000 min_gap=1.000 last=1784639664.441
15:14:24.440  ENF   delay=0.000 min_gap=1.000 jitter=0.000 gap=1.000 since_last=0.000 sleep=1.000
15:14:25.440  PARSE Ip 8:10:60 → 0.375s/req pen=60s (used=0); Ip 15:60:120 → 1.200s/req pen=120s (used=0); Ip 60:300:1800 → 1.500s/req pen=1800s (used=0)  delay 0.000→2.500  min_gap→0  max_usage=0%
15:14:25.441  RAW   X-Rate-Limit-Rules: Ip
15:14:25.441  RAW   X-Rate-Limit-Ip: 8:10:60,15:60:120,60:300:1800
15:14:25.441  RESP  POST /api/trade/search/Standard → 200  1.000s  delay=2.500 min_gap=0.000 last=1784639665.441
15:14:25.441  INIT  user_agent=test/0.1.0 delay=0.0 min_gap=1.0
15:14:25.441  PRE   POST /api/trade/search/Standard  delay=0.000 min_gap=1.000 last=1784639665.441
15:14:25.441  ENF   delay=0.000 min_gap=1.000 jitter=0.000 gap=1.000 since_last=0.000 sleep=1.000
15:14:26.441  PARSE Account 3:5:60 → 2.500s/req pen=60s (used=2); Ip 15:60:120 → 3.200s/req pen=120s (used=3)  delay 0.000→4.200  min_gap→0  max_usage=20%
15:14:26.441  RAW   X-Rate-Limit-Rules: Account,Ip
15:14:26.441  RAW   X-Rate-Limit-Account: 3:5:60
15:14:26.441  RAW   X-Rate-Limit-Account-State: 2:5:0
15:14:26.441  RAW   X-Rate-Limit-Ip: 15:60:120
15:14:26.441  RAW   X-Rate-Limit-Ip-State: 3:60:0
15:14:26.441  RESP  POST /api/trade/search/Standard → 200  1.000s  delay=4.200 min_gap=0.000 last=1784639666.441
15:14:26.441  INIT  user_agent=test/0.1.0 delay=0.0 min_gap=1.0
15:14:26.441  PRE   POST /api/trade/search/Standard  delay=0.000 min_gap=1.000 last=1784639666.442
15:14:26.441  ENF   delay=0.000 min_gap=1.000 jitter=0.000 gap=1.000 since_last=0.000 sleep=1.000
15:14:27.441  PARSE Account 3:5:60 → 0.500s/req pen=60s (used=0); Ip 60:300:1800 → 1.500s/req pen=1800s (used=0)  delay 0.000→2.500  min_gap→0  max_usage=0%
15:14:27.441  RAW   X-Rate-Limit-Rules: Account,Ip
15:14:27.441  RAW   X-Rate-Limit-Account: 3:5:60
15:14:27.441  RAW   X-Rate-Limit-Ip: 60:300:1800
15:14:27.441  RESP  POST /api/trade/search/Standard → 200  1.000s  delay=2.500 min_gap=0.000 last=1784639667.442
15:14:27.442  INIT  user_agent=test/0.1.0 delay=0.0 min_gap=1.0
15:14:27.442  PRE   POST /api/trade/search/Standard  delay=0.000 min_gap=1.000 last=1784639667.442
15:14:27.442  ENF   delay=0.000 min_gap=1.000 jitter=0.000 gap=1.000 since_last=0.000 sleep=1.000
15:14:28.442  RESP  POST /api/trade/search/Standard → 200  1.000s  delay=0.000 min_gap=1.000 last=1784639668.442
