16:30:52.543  INIT  user_agent=test/0.1.0 delay=0.0 min_gap=1.0
16:30:52.544  PRE   POST /api/trade/search/Mirage  delay=0.000 min_gap=1.000 last=1784557842.544
16:30:52.544  RESP  POST /api/trade/search/Mirage → 429  0.000s  delay=0.000 min_gap=1.000 last=1784557852.544
16:30:52.544  !! 429 ! headers={'Server': 'cloudflare'}  state_delay=0.000 state_min_gap=1.000 state_last=1784557852.544
16:30:52.544  INIT  user_agent=test/0.1.0 delay=0.0 min_gap=1.0
16:30:52.544  PRE   POST /api/trade/search/Mirage  delay=0.000 min_gap=1.000 last=1784557842.544
16:30:52.544  PARSE Account 1:5:60 → 5.000s/req pen=60s  delay 0.000→6.000  min_gap→0  max_usage=0%
16:30:52.544  RAW   X-Rate-Limit-Rules: Account
16:30:52.544  RAW   X-Rate-Limit-Account: 1:5:60
16:30:52.544  RESP  POST /api/trade/search/Mirage → 429  0.000s  delay=6.000 min_gap=0.000 last=1784557852.545
16:30:52.544  !! 429 ! headers={'X-Rate-Limit-Rules': 'Account', 'X-Rate-Limit-Account': '1:5:60'}  state_delay=6.000 state_min_gap=0.000 state_last=1784557852.545
16:30:52.544  INIT  user_agent=test/0.1.0 delay=0.0 min_gap=1.0
16:30:52.544  PRE   POST /api/trade/search/Mirage  delay=0.000 min_gap=1.000 last=1784557852.545
16:30:52.544  ENF   delay=0.000 min_gap=1.000 jitter=0.000 gap=1.000 since_last=0.000 sleep=1.000
16:30:53.544  PARSE Account 1:1:1 → 1.000s/req pen=1s  delay 0.000→2.000  min_gap→0  max_usage=0%
16:30:53.544  RAW   X-Rate-Limit-Rules: Account
16:30:53.544  RAW   X-Rate-Limit-Account: 1:1:1
16:30:53.544  RESP  POST /api/trade/search/Mirage → 200  1.000s  delay=2.000 min_gap=0.000 last=1784557853.545
16:30:53.545  INIT  user_agent=test/0.1.0 delay=0.0 min_gap=1.0
16:30:53.545  PRE   POST /api/trade/search/Mirage  delay=0.000 min_gap=1.000 last=1784557853.545
16:30:53.545  ENF   delay=0.000 min_gap=1.000 jitter=0.000 gap=1.000 since_last=0.000 sleep=1.000
16:30:53.545  PARSE Account 3:5:60 → 1.667s/req pen=60s  delay 0.000→2.667  min_gap→0  max_usage=0%
16:30:53.545  RAW   X-Rate-Limit-Rules: Account
16:30:53.545  RAW   X-Rate-Limit-Account: 3:5:60
16:30:53.545  RESP  POST /api/trade/search/Mirage → 200  0.000s  delay=2.667 min_gap=0.000 last=1784557853.546
16:30:53.545  PRE   GET /api/trade/fetch/a  delay=2.667 min_gap=0.000 last=1784557853.546
16:30:53.545  ENF   delay=2.667 min_gap=0.000 jitter=0.000 gap=2.667 since_last=0.000 sleep=2.667
16:30:53.545  PARSE Account 3:5:60 → 1.667s/req pen=60s  delay 2.667→2.667  min_gap→0  max_usage=0%
16:30:53.545  RAW   X-Rate-Limit-Rules: Account
16:30:53.545  RAW   X-Rate-Limit-Account: 3:5:60
16:30:53.545  RESP  GET /api/trade/fetch/a → 200  0.000s  delay=2.667 min_gap=0.000 last=1784557853.546
16:30:53.545  INIT  user_agent=test/0.1.0 delay=0.0 min_gap=1.0
16:30:53.545  PRE   POST /api/trade/search/Mirage  delay=0.000 min_gap=1.000 last=990.000
16:30:53.545  RESP  POST /api/trade/search/Mirage → 200  0.000s  delay=0.000 min_gap=1.000 last=1000.000
16:30:53.546  PRE   POST /api/trade/search/Mirage  delay=0.000 min_gap=1.000 last=1000.000
16:30:53.546  ENF   delay=0.000 min_gap=1.000 jitter=2.000 gap=3.000 since_last=0.000 sleep=3.000
16:30:53.546  RESP  POST /api/trade/search/Mirage → 200  3.000s  delay=0.000 min_gap=1.000 last=1003.000
16:30:53.546  PRE   POST /api/trade/search/Mirage  delay=0.000 min_gap=1.000 last=1003.000
16:30:53.546  ENF   delay=0.000 min_gap=1.000 jitter=2.000 gap=3.000 since_last=0.000 sleep=3.000
16:30:53.546  PARSE Account 3:5:60 → 1.667s/req pen=60s  delay 0.000→2.667  min_gap→0  max_usage=0%
16:30:53.546  RAW   X-Rate-Limit-Rules: Account
16:30:53.546  RAW   X-Rate-Limit-Account: 3:5:60
16:30:53.546  RESP  POST /api/trade/search/Mirage → 200  3.000s  delay=2.667 min_gap=0.000 last=1006.000
16:30:53.546  PRE   POST /api/trade/search/Mirage  delay=2.667 min_gap=0.000 last=1006.000
16:30:53.546  ENF   delay=2.667 min_gap=0.000 jitter=2.000 gap=4.667 since_last=0.000 sleep=4.667
16:30:53.546  PARSE Account 3:5:60 → 1.667s/req pen=60s  delay 2.667→2.667  min_gap→0  max_usage=0%
16:30:53.546  RAW   X-Rate-Limit-Rules: Account
16:30:53.546  RAW   X-Rate-Limit-Account: 3:5:60
16:30:53.546  RESP  POST /api/trade/search/Mirage → 200  4.667s  delay=2.667 min_gap=0.000 last=1010.667
16:30:53.546  PRE   POST /api/trade/search/Mirage  delay=2.667 min_gap=0.000 last=1010.667
16:30:53.546  ENF   delay=2.667 min_gap=0.000 jitter=2.000 gap=4.667 since_last=0.000 sleep=4.667
16:30:53.546  PARSE Ip 60:300:1800 → 5.000s/req pen=1800s  delay 2.667→6.000  min_gap→0  max_usage=0%
16:30:53.546  RAW   X-Rate-Limit-Rules: Ip
16:30:53.546  RAW   X-Rate-Limit-Ip: 60:300:1800
16:30:53.546  RESP  POST /api/trade/search/Mirage → 200  4.667s  delay=6.000 min_gap=0.000 last=1015.333
16:30:53.546  PRE   POST /api/trade/search/Mirage  delay=6.000 min_gap=0.000 last=1015.333
16:30:53.546  ENF   delay=6.000 min_gap=0.000 jitter=2.000 gap=8.000 since_last=0.000 sleep=8.000
16:30:53.546  PARSE Ip 60:300:1800 → 5.000s/req pen=1800s  delay 6.000→6.000  min_gap→0  max_usage=0%
16:30:53.546  RAW   X-Rate-Limit-Rules: Ip
16:30:53.546  RAW   X-Rate-Limit-Ip: 60:300:1800
16:30:53.546  RESP  POST /api/trade/search/Mirage → 200  8.000s  delay=6.000 min_gap=0.000 last=1023.333
16:30:53.546  INIT  user_agent=test/0.1.0 delay=0.0 min_gap=1.0
16:30:53.546  PRE   POST /api/trade/search/Mirage  delay=0.000 min_gap=1.000 last=1784557853.547
16:30:53.546  ENF   delay=0.000 min_gap=1.000 jitter=0.000 gap=1.000 since_last=0.000 sleep=1.000
16:30:54.546  PARSE Ip 60:300:1800 → 5.000s/req pen=1800s  delay 0.000→6.000  min_gap→0  max_usage=0%
16:30:54.546  RAW   X-Rate-Limit-Rules: Ip
16:30:54.546  RAW   X-Rate-Limit-Ip: 60:300:1800
16:30:54.546  RESP  POST /api/trade/search/Mirage → 200  1.000s  delay=6.000 min_gap=0.000 last=1784557854.547
16:30:54.546  PRE   POST /api/trade/search/Mirage  delay=6.000 min_gap=0.000 last=1784557854.547
16:30:54.546  ENF   delay=6.000 min_gap=0.000 jitter=0.000 gap=6.000 since_last=0.000 sleep=6.000
16:31:00.547  PARSE Account 10:1:2 → 0.100s/req pen=2s  delay 6.000→6.000  min_gap→0  max_usage=0%
16:31:00.547  RAW   X-Rate-Limit-Rules: Account
16:31:00.547  RAW   X-Rate-Limit-Account: 10:1:2
16:31:00.547  RESP  POST /api/trade/search/Mirage → 200  6.000s  delay=6.000 min_gap=0.000 last=1784557860.547
16:31:00.547  INIT  user_agent=test/0.1.0 delay=0.0 min_gap=1.0
16:31:00.547  PRE   POST /api/trade/search/Mirage  delay=0.000 min_gap=1.000 last=1784557860.547
16:31:00.547  ENF   delay=0.000 min_gap=1.000 jitter=0.000 gap=1.000 since_last=0.000 sleep=1.000
16:31:00.547  RESP  POST /api/trade/search/Mirage → 200  0.000s  delay=0.000 min_gap=1.000 last=1784557860.548
16:31:00.547  PRE   POST /api/trade/search/Mirage  delay=0.000 min_gap=1.000 last=1784557860.548
16:31:00.547  ENF   delay=0.000 min_gap=1.000 jitter=0.000 gap=1.000 since_last=0.000 sleep=1.000
16:31:00.547  RESP  POST /api/trade/search/Mirage → 200  0.000s  delay=0.000 min_gap=1.000 last=1784557860.548
16:31:00.547  INIT  user_agent=test/0.1.0 delay=0.0 min_gap=1.0
16:31:00.547  PRE   POST /api/trade/search/Mirage  delay=0.000 min_gap=1.000 last=1784557860.548
16:31:00.547  ENF   delay=0.000 min_gap=1.000 jitter=0.000 gap=1.000 since_last=0.000 sleep=1.000
16:31:01.547  PARSE Account 3:5:60 → 1.667s/req pen=60s  delay 0.000→2.667  min_gap→0  max_usage=0%
16:31:01.547  RAW   X-Rate-Limit-Rules: Account
16:31:01.547  RAW   X-Rate-Limit-Account: 3:5:60
16:31:01.547  RESP  POST /api/trade/search/Mirage → 200  1.000s  delay=2.667 min_gap=0.000 last=1784557861.548
16:31:01.547  INIT  user_agent=test/0.1.0 delay=0.0 min_gap=1.0
16:31:01.548  LOCK  sleep=9999.000
16:31:01.548  ENF   delay=0.010 min_gap=1.000 jitter=0.000 gap=1.000 since_last=0.000 sleep=1.000
16:31:01.548  INIT  user_agent=test/0.1.0 delay=0.0 min_gap=1.0
16:31:01.548  PRE   POST /api/trade/search/Mirage  delay=0.000 min_gap=1.000 last=1784557861.548
16:31:01.548  ENF   delay=0.000 min_gap=1.000 jitter=0.000 gap=1.000 since_last=0.000 sleep=1.000
16:31:02.548  PARSE Account 3:5:60 → 1.667s/req pen=60s  delay 0.000→2.667  min_gap→0  max_usage=0%
16:31:02.548  RAW   X-Rate-Limit-Rules: Account
16:31:02.548  RAW   X-Rate-Limit-Account: 3:5:60
16:31:02.548  RESP  POST /api/trade/search/Mirage → 200  1.000s  delay=2.667 min_gap=0.000 last=1784557862.549
16:31:02.548  INIT  user_agent=test/0.1.0 delay=0.0 min_gap=1.0
16:31:02.548  PRE   POST /api/trade/search/Mirage  delay=0.000 min_gap=1.000 last=1784557862.549
16:31:02.548  ENF   delay=0.000 min_gap=1.000 jitter=0.000 gap=1.000 since_last=0.000 sleep=1.000
16:31:03.548  PARSE Ip 8:10:60 → 1.250s/req pen=60s; Ip 15:60:120 → 4.000s/req pen=120s; Ip 60:300:1800 → 5.000s/req pen=1800s  delay 0.000→6.000  min_gap→0  max_usage=0%
16:31:03.548  RAW   X-Rate-Limit-Rules: Ip
16:31:03.548  RAW   X-Rate-Limit-Ip: 8:10:60,15:60:120,60:300:1800
16:31:03.548  RESP  POST /api/trade/search/Mirage → 200  1.000s  delay=6.000 min_gap=0.000 last=1784557863.549
16:31:03.549  INIT  user_agent=test/0.1.0 delay=0.0 min_gap=1.0
16:31:03.549  PRE   POST /api/trade/search/Mirage  delay=0.000 min_gap=1.000 last=1784557863.549
16:31:03.549  ENF   delay=0.000 min_gap=1.000 jitter=0.000 gap=1.000 since_last=0.000 sleep=1.000
16:31:04.549  PARSE Account 3:5:60 → 1.667s/req pen=60s; Ip 60:300:1800 → 5.000s/req pen=1800s  delay 0.000→6.000  min_gap→0  max_usage=0%
16:31:04.549  RAW   X-Rate-Limit-Rules: Account,Ip
16:31:04.549  RAW   X-Rate-Limit-Account: 3:5:60
16:31:04.549  RAW   X-Rate-Limit-Ip: 60:300:1800
16:31:04.549  RESP  POST /api/trade/search/Mirage → 200  1.000s  delay=6.000 min_gap=0.000 last=1784557864.549
16:31:04.549  INIT  user_agent=test/0.1.0 delay=0.0 min_gap=1.0
16:31:04.549  PRE   POST /api/trade/search/Mirage  delay=0.000 min_gap=1.000 last=1784557864.549
16:31:04.549  ENF   delay=0.000 min_gap=1.000 jitter=0.000 gap=1.000 since_last=0.000 sleep=1.000
16:31:05.549  RESP  POST /api/trade/search/Mirage → 200  1.000s  delay=0.000 min_gap=1.000 last=1784557865.549
