09:58:42.995  INIT  user_agent=OAuth pypoe/0.1.0 (flipper) delay=0.0 min_gap=1.0
09:58:42.997  PRE   POST /api/trade/search/Standard  delay=0.000 min_gap=1.000 last=1784793522.995
09:58:42.997  ENF   delay=0.000 min_gap=1.000 jitter=2.789 gap=3.789 since_last=0.002 sleep=3.787
09:58:47.250  PARSE Account 3:5:60 → 2.500s/req pen=60s (used=2); Ip 8:10:60 → 1.094s/req pen=60s (used=2); Ip 15:60:120 → 2.800s/req pen=120s (used=2); Ip 60:300:1800 → 6.000s/req pen=1800s (used=28)  delay 0.000→7.000  min_gap→0  max_usage=47%
09:58:47.250  RAW   content-type: application/json
09:58:47.250  RAW   x-rate-limit-policy: trade-search-request-limit
09:58:47.250  RAW   x-rate-limit-rules: Account,Ip
09:58:47.250  RAW   x-rate-limit-account: 3:5:60
09:58:47.250  RAW   x-rate-limit-account-state: 2:5:0
09:58:47.250  RAW   x-rate-limit-ip: 8:10:60,15:60:120,60:300:1800
09:58:47.250  RAW   x-rate-limit-ip-state: 2:10:0,2:60:0,28:300:0
09:58:47.250  RAW   cf-cache-status: DYNAMIC
09:58:47.250  RAW   cf-ray: a1f924568ac8ee3b-WAW
09:58:47.250  RESP  POST /api/trade/search/Standard → 200  4.253s  delay=7.000 min_gap=0.000 last=1784793527.251
09:58:47.250  PRE   GET /api/trade/fetch/4fc30ef32b0db3438be40cd0cb4939919308306d56e8132582ffe4cee69f8d9a%2C4cf5747154a963027735341ca09ea1b4f5a92168220c7cb32978e0df05013a0e%2Cc2e51d26ce655645a84a4ebbfff4c78da12f263ddad705f9172259f7e91c5cf2%2C59d8958d14c8f6c5492a1dc8fe21bb5c3c953a10d67a7d5f7c5e9979cb842d0a%2C3f394dd3358bfc21e75b905287630e8c3149ebdd33f10ef7f36829f39e72d73a  delay=7.000 min_gap=0.000 last=1784793527.251
09:58:47.250  ENF   delay=7.000 min_gap=0.000 jitter=4.829 gap=11.829 since_last=0.000 sleep=11.828
09:58:59.412  PARSE Account 6:4:10 → 0.667s/req pen=10s (used=2); Ip 12:4:60 → 0.250s/req pen=60s (used=2); Ip 16:12:60 → 0.516s/req pen=60s (used=2)  delay 7.000→1.667  min_gap→0  max_usage=0%
09:58:59.412  RAW   content-type: application/json
09:58:59.412  RAW   x-rate-limit-policy: trade-fetch-request-limit
09:58:59.412  RAW   x-rate-limit-rules: Account,Ip
09:58:59.412  RAW   x-rate-limit-account: 6:4:10
09:58:59.412  RAW   x-rate-limit-account-state: 2:4:0
09:58:59.412  RAW   x-rate-limit-ip: 12:4:60,16:12:60
09:58:59.412  RAW   x-rate-limit-ip-state: 2:4:0,2:12:0
09:58:59.412  RAW   cf-cache-status: DYNAMIC
09:58:59.412  RAW   cf-ray: a1f924a34ad9ee3b-WAW
09:58:59.412  RESP  GET /api/trade/fetch/4fc30ef32b0db3438be40cd0cb4939919308306d56e8132582ffe4cee69f8d9a%2C4cf5747154a963027735341ca09ea1b4f5a92168220c7cb32978e0df05013a0e%2Cc2e51d26ce655645a84a4ebbfff4c78da12f263ddad705f9172259f7e91c5cf2%2C59d8958d14c8f6c5492a1dc8fe21bb5c3c953a10d67a7d5f7c5e9979cb842d0a%2C3f394dd3358bfc21e75b905287630e8c3149ebdd33f10ef7f36829f39e72d73a → 200  12.162s  delay=1.667 min_gap=0.000 last=1784793539.413
09:58:59.412  PRE   POST /api/trade/search/Standard  delay=1.667 min_gap=0.000 last=1784793539.413
09:58:59.412  ENF   delay=1.667 min_gap=0.000 jitter=4.490 gap=6.157 since_last=0.000 sleep=6.157
09:59:06.114  PARSE Account 3:5:60 → 2.500s/req pen=60s (used=2); Ip 8:10:60 → 1.094s/req pen=60s (used=2); Ip 15:60:120 → 3.600s/req pen=120s (used=4); Ip 60:300:1800 → 5.500s/req pen=1800s (used=24)  delay 1.667→6.500  min_gap→0  max_usage=40%
09:59:06.114  RAW   content-type: application/json
09:59:06.114  RAW   x-rate-limit-policy: trade-search-request-limit
09:59:06.114  RAW   x-rate-limit-rules: Account,Ip
09:59:06.114  RAW   x-rate-limit-account: 3:5:60
09:59:06.114  RAW   x-rate-limit-account-state: 2:5:0
09:59:06.114  RAW   x-rate-limit-ip: 8:10:60,15:60:120,60:300:1800
09:59:06.114  RAW   x-rate-limit-ip-state: 2:10:0,4:60:0,24:300:0
09:59:06.114  RAW   cf-cache-status: DYNAMIC
09:59:06.114  RAW   cf-ray: a1f924cbdbe7ee3b-WAW
09:59:06.114  RESP  POST /api/trade/search/Standard → 200  6.702s  delay=6.500 min_gap=0.000 last=1784793546.115
09:59:06.115  PRE   GET /api/trade/fetch/628142777ff319540202306011db54c0f93c35bf42870087a84d9fc2538ae5f9%2C26d59adb7d097b87fbc4d139d8602c7f29203a974bf53b2cd05066ab22f8f97a%2C7b90f48aea2a9c1346184a5d81fd0ce1ce1bb3791b1badc4c8cf7a6508f62982%2Cf4ae7e8b22823f80b3a6f28df848e3f9ba9dfa9c6976d754097fcb28fccdb767%2C2b185d5e706faa05601acd6b0388f651763bcc2b830288aae20c9b444f1c5ab0  delay=6.500 min_gap=0.000 last=1784793546.115
09:59:06.115  ENF   delay=6.500 min_gap=0.000 jitter=2.949 gap=9.449 since_last=0.000 sleep=9.448
