15:37:16.197  INIT  user_agent=test/0.1.0 delay=0.0 min_gap=1.0
15:37:16.197  PRE   POST /api/trade/search/Mirage  delay=0.000 min_gap=1.000 last=1784554626.198
15:37:16.197  RESP  POST /api/trade/search/Mirage → 429  0.000s  delay=0.000 min_gap=1.000 last=1784554636.198
15:37:16.197  !! 429 ! headers={'Server': 'cloudflare'}  state_delay=0.000 state_min_gap=1.000 state_last=1784554636.198
15:37:16.198  INIT  user_agent=test/0.1.0 delay=0.0 min_gap=1.0
15:37:16.198  PRE   POST /api/trade/search/Mirage  delay=0.000 min_gap=1.000 last=1784554626.198
15:37:16.198  PARSE Account 1:5:60 → 5.000s/req pen=60s  delay 0.000→6.000  min_gap→0  max_usage=0%
15:37:16.198  RAW   X-Rate-Limit-Rules: Account
15:37:16.198  RAW   X-Rate-Limit-Account: 1:5:60
15:37:16.198  RESP  POST /api/trade/search/Mirage → 429  0.000s  delay=6.000 min_gap=0.000 last=1784554636.198
15:37:16.198  !! 429 ! headers={'X-Rate-Limit-Rules': 'Account', 'X-Rate-Limit-Account': '1:5:60'}  state_delay=6.000 state_min_gap=0.000 state_last=1784554636.198
15:37:16.198  INIT  user_agent=test/0.1.0 delay=0.0 min_gap=1.0
15:37:16.198  PRE   POST /api/trade/search/Mirage  delay=0.000 min_gap=1.000 last=1784554636.198
15:37:16.198  ENF   delay=0.000 min_gap=1.000 jitter=0.000 gap=1.000 since_last=0.000 sleep=1.000
15:37:17.198  PARSE Account 1:1:1 → 1.000s/req pen=1s  delay 0.000→2.000  min_gap→0  max_usage=0%
15:37:17.198  RAW   X-Rate-Limit-Rules: Account
15:37:17.198  RAW   X-Rate-Limit-Account: 1:1:1
15:37:17.198  RESP  POST /api/trade/search/Mirage → 200  1.000s  delay=2.000 min_gap=0.000 last=1784554637.199
15:37:17.198  INIT  user_agent=test/0.1.0 delay=0.0 min_gap=1.0
15:37:17.198  PRE   POST /api/trade/search/Mirage  delay=0.000 min_gap=1.000 last=1784554637.199
15:37:17.198  ENF   delay=0.000 min_gap=1.000 jitter=0.000 gap=1.000 since_last=0.000 sleep=1.000
15:37:17.199  PARSE Account 3:5:60 → 1.667s/req pen=60s  delay 0.000→2.667  min_gap→0  max_usage=0%
15:37:17.199  RAW   X-Rate-Limit-Rules: Account
15:37:17.199  RAW   X-Rate-Limit-Account: 3:5:60
15:37:17.199  RESP  POST /api/trade/search/Mirage → 200  0.000s  delay=2.667 min_gap=0.000 last=1784554637.199
15:37:17.199  PRE   GET /api/trade/fetch/a  delay=2.667 min_gap=0.000 last=1784554637.199
15:37:17.199  ENF   delay=2.667 min_gap=0.000 jitter=0.000 gap=2.667 since_last=0.000 sleep=2.667
15:37:17.199  PARSE Account 3:5:60 → 1.667s/req pen=60s  delay 2.667→2.667  min_gap→0  max_usage=0%
15:37:17.199  RAW   X-Rate-Limit-Rules: Account
15:37:17.199  RAW   X-Rate-Limit-Account: 3:5:60
15:37:17.199  RESP  GET /api/trade/fetch/a → 200  0.000s  delay=2.667 min_gap=0.000 last=1784554637.199
15:37:17.199  INIT  user_agent=test/0.1.0 delay=0.0 min_gap=1.0
15:37:17.199  PRE   POST /api/trade/search/Mirage  delay=0.000 min_gap=1.000 last=990.000
15:37:17.199  RESP  POST /api/trade/search/Mirage → 200  0.000s  delay=0.000 min_gap=1.000 last=1000.000
15:37:17.199  PRE   POST /api/trade/search/Mirage  delay=0.000 min_gap=1.000 last=1000.000
15:37:17.199  ENF   delay=0.000 min_gap=1.000 jitter=2.000 gap=3.000 since_last=0.000 sleep=3.000
15:37:17.199  RESP  POST /api/trade/search/Mirage → 200  3.000s  delay=0.000 min_gap=1.000 last=1003.000
15:37:17.199  PRE   POST /api/trade/search/Mirage  delay=0.000 min_gap=1.000 last=1003.000
15:37:17.199  ENF   delay=0.000 min_gap=1.000 jitter=2.000 gap=3.000 since_last=0.000 sleep=3.000
15:37:17.199  PARSE Account 3:5:60 → 1.667s/req pen=60s  delay 0.000→2.667  min_gap→0  max_usage=0%
15:37:17.199  RAW   X-Rate-Limit-Rules: Account
15:37:17.199  RAW   X-Rate-Limit-Account: 3:5:60
15:37:17.199  RESP  POST /api/trade/search/Mirage → 200  3.000s  delay=2.667 min_gap=0.000 last=1006.000
15:37:17.199  PRE   POST /api/trade/search/Mirage  delay=2.667 min_gap=0.000 last=1006.000
15:37:17.199  ENF   delay=2.667 min_gap=0.000 jitter=2.000 gap=4.667 since_last=0.000 sleep=4.667
15:37:17.199  PARSE Account 3:5:60 → 1.667s/req pen=60s  delay 2.667→2.667  min_gap→0  max_usage=0%
15:37:17.199  RAW   X-Rate-Limit-Rules: Account
15:37:17.199  RAW   X-Rate-Limit-Account: 3:5:60
15:37:17.199  RESP  POST /api/trade/search/Mirage → 200  4.667s  delay=2.667 min_gap=0.000 last=1010.667
15:37:17.199  PRE   POST /api/trade/search/Mirage  delay=2.667 min_gap=0.000 last=1010.667
15:37:17.199  ENF   delay=2.667 min_gap=0.000 jitter=2.000 gap=4.667 since_last=0.000 sleep=4.667
15:37:17.199  PARSE Ip 60:300:1800 → 5.000s/req pen=1800s  delay 2.667→6.000  min_gap→0  max_usage=0%
15:37:17.199  RAW   X-Rate-Limit-Rules: Ip
15:37:17.199  RAW   X-Rate-Limit-Ip: 60:300:1800
15:37:17.199  RESP  POST /api/trade/search/Mirage → 200  4.667s  delay=6.000 min_gap=0.000 last=1015.333
15:37:17.199  PRE   POST /api/trade/search/Mirage  delay=6.000 min_gap=0.000 last=1015.333
15:37:17.199  ENF   delay=6.000 min_gap=0.000 jitter=2.000 gap=8.000 since_last=0.000 sleep=8.000
15:37:17.199  PARSE Ip 60:300:1800 → 5.000s/req pen=1800s  delay 6.000→6.000  min_gap→0  max_usage=0%
15:37:17.199  RAW   X-Rate-Limit-Rules: Ip
15:37:17.199  RAW   X-Rate-Limit-Ip: 60:300:1800
15:37:17.199  RESP  POST /api/trade/search/Mirage → 200  8.000s  delay=6.000 min_gap=0.000 last=1023.333
15:37:17.200  INIT  user_agent=test/0.1.0 delay=0.0 min_gap=1.0
15:37:17.200  PRE   POST /api/trade/search/Mirage  delay=0.000 min_gap=1.000 last=1784554637.200
15:37:17.200  ENF   delay=0.000 min_gap=1.000 jitter=0.000 gap=1.000 since_last=0.000 sleep=1.000
15:37:18.200  PARSE Ip 60:300:1800 → 5.000s/req pen=1800s  delay 0.000→6.000  min_gap→0  max_usage=0%
15:37:18.200  RAW   X-Rate-Limit-Rules: Ip
15:37:18.200  RAW   X-Rate-Limit-Ip: 60:300:1800
15:37:18.200  RESP  POST /api/trade/search/Mirage → 200  1.000s  delay=6.000 min_gap=0.000 last=1784554638.200
15:37:18.200  PRE   POST /api/trade/search/Mirage  delay=6.000 min_gap=0.000 last=1784554638.200
15:37:18.200  ENF   delay=6.000 min_gap=0.000 jitter=0.000 gap=6.000 since_last=0.000 sleep=6.000
15:37:24.200  PARSE Account 10:1:2 → 0.100s/req pen=2s  delay 6.000→6.000  min_gap→0  max_usage=0%
15:37:24.200  RAW   X-Rate-Limit-Rules: Account
15:37:24.200  RAW   X-Rate-Limit-Account: 10:1:2
15:37:24.200  RESP  POST /api/trade/search/Mirage → 200  6.000s  delay=6.000 min_gap=0.000 last=1784554644.200
15:37:24.200  INIT  user_agent=test/0.1.0 delay=0.0 min_gap=1.0
15:37:24.200  PRE   POST /api/trade/search/Mirage  delay=0.000 min_gap=1.000 last=1784554644.201
15:37:24.200  ENF   delay=0.000 min_gap=1.000 jitter=0.000 gap=1.000 since_last=0.000 sleep=1.000
15:37:24.200  RESP  POST /api/trade/search/Mirage → 200  0.000s  delay=0.000 min_gap=1.000 last=1784554644.201
15:37:24.200  PRE   POST /api/trade/search/Mirage  delay=0.000 min_gap=1.000 last=1784554644.201
15:37:24.200  ENF   delay=0.000 min_gap=1.000 jitter=0.000 gap=1.000 since_last=0.000 sleep=1.000
15:37:24.200  RESP  POST /api/trade/search/Mirage → 200  0.000s  delay=0.000 min_gap=1.000 last=1784554644.201
15:37:24.200  INIT  user_agent=test/0.1.0 delay=0.0 min_gap=1.0
15:37:24.201  PRE   POST /api/trade/search/Mirage  delay=0.000 min_gap=1.000 last=1784554644.201
15:37:24.201  ENF   delay=0.000 min_gap=1.000 jitter=0.000 gap=1.000 since_last=0.000 sleep=1.000
15:37:25.201  PARSE Account 3:5:60 → 1.667s/req pen=60s  delay 0.000→2.667  min_gap→0  max_usage=0%
15:37:25.201  RAW   X-Rate-Limit-Rules: Account
15:37:25.201  RAW   X-Rate-Limit-Account: 3:5:60
15:37:25.201  RESP  POST /api/trade/search/Mirage → 200  1.000s  delay=2.667 min_gap=0.000 last=1784554645.201
15:37:25.201  INIT  user_agent=test/0.1.0 delay=0.0 min_gap=1.0
15:37:25.201  LOCK  sleep=9999.000
15:37:25.201  ENF   delay=0.010 min_gap=1.000 jitter=0.000 gap=1.000 since_last=0.000 sleep=1.000
15:37:25.201  INIT  user_agent=test/0.1.0 delay=0.0 min_gap=1.0
15:37:25.202  PRE   POST /api/trade/search/Mirage  delay=0.000 min_gap=1.000 last=1784554645.202
15:37:25.202  ENF   delay=0.000 min_gap=1.000 jitter=0.000 gap=1.000 since_last=0.000 sleep=1.000
15:37:26.202  PARSE Account 3:5:60 → 1.667s/req pen=60s  delay 0.000→2.667  min_gap→0  max_usage=0%
15:37:26.202  RAW   X-Rate-Limit-Rules: Account
15:37:26.202  RAW   X-Rate-Limit-Account: 3:5:60
15:37:26.202  RESP  POST /api/trade/search/Mirage → 200  1.000s  delay=2.667 min_gap=0.000 last=1784554646.202
15:37:26.202  INIT  user_agent=test/0.1.0 delay=0.0 min_gap=1.0
15:37:26.202  PRE   POST /api/trade/search/Mirage  delay=0.000 min_gap=1.000 last=1784554646.202
15:37:26.202  ENF   delay=0.000 min_gap=1.000 jitter=0.000 gap=1.000 since_last=0.000 sleep=1.000
15:37:27.202  PARSE Ip 8:10:60 → 1.250s/req pen=60s; Ip 15:60:120 → 4.000s/req pen=120s; Ip 60:300:1800 → 5.000s/req pen=1800s  delay 0.000→6.000  min_gap→0  max_usage=0%
15:37:27.202  RAW   X-Rate-Limit-Rules: Ip
15:37:27.202  RAW   X-Rate-Limit-Ip: 8:10:60,15:60:120,60:300:1800
15:37:27.202  RESP  POST /api/trade/search/Mirage → 200  1.000s  delay=6.000 min_gap=0.000 last=1784554647.202
15:37:27.202  INIT  user_agent=test/0.1.0 delay=0.0 min_gap=1.0
15:37:27.202  PRE   POST /api/trade/search/Mirage  delay=0.000 min_gap=1.000 last=1784554647.203
15:37:27.202  ENF   delay=0.000 min_gap=1.000 jitter=0.000 gap=1.000 since_last=0.000 sleep=1.000
15:37:28.202  PARSE Account 3:5:60 → 1.667s/req pen=60s; Ip 60:300:1800 → 5.000s/req pen=1800s  delay 0.000→6.000  min_gap→0  max_usage=0%
15:37:28.202  RAW   X-Rate-Limit-Rules: Account,Ip
15:37:28.202  RAW   X-Rate-Limit-Account: 3:5:60
15:37:28.202  RAW   X-Rate-Limit-Ip: 60:300:1800
15:37:28.202  RESP  POST /api/trade/search/Mirage → 200  1.000s  delay=6.000 min_gap=0.000 last=1784554648.203
15:37:28.202  INIT  user_agent=test/0.1.0 delay=0.0 min_gap=1.0
15:37:28.202  PRE   POST /api/trade/search/Mirage  delay=0.000 min_gap=1.000 last=1784554648.203
15:37:28.202  ENF   delay=0.000 min_gap=1.000 jitter=0.000 gap=1.000 since_last=0.000 sleep=1.000
15:37:29.202  RESP  POST /api/trade/search/Mirage → 200  1.000s  delay=0.000 min_gap=1.000 last=1784554649.203
