15:17:45.405  INIT  user_agent=test/0.1.0 delay=0.0 min_gap=1.0
15:17:45.406  PRE   POST /api/trade/search/Standard  delay=0.000 min_gap=1.000 last=1784639855.406
15:17:45.406  RESP  POST /api/trade/search/Standard → 429  0.000s  delay=0.000 min_gap=1.000 last=1784639865.406
15:17:45.406  BODY  req=(none)
15:17:45.406  BODY  resp=
15:17:45.406  !! 429 ! headers={'Server': 'cloudflare'}  state_delay=0.000 state_min_gap=1.000 state_last=1784639865.406
15:17:45.406  INIT  user_agent=test/0.1.0 delay=0.0 min_gap=1.0
15:17:45.406  PRE   POST /api/trade/search/Standard  delay=0.000 min_gap=1.000 last=1784639855.407
15:17:45.406  PARSE Account 1:5:60 → 1.500s/req pen=60s (used=0)  delay 0.000→2.500  min_gap→0  max_usage=0%
15:17:45.406  RAW   X-Rate-Limit-Rules: Account
15:17:45.406  RAW   X-Rate-Limit-Account: 1:5:60
15:17:45.406  RESP  POST /api/trade/search/Standard → 429  0.000s  delay=2.500 min_gap=0.000 last=1784639865.407
15:17:45.406  BODY  req=(none)
15:17:45.406  BODY  resp=
15:17:45.406  !! 429 ! headers={'X-Rate-Limit-Rules': 'Account', 'X-Rate-Limit-Account': '1:5:60'}  state_delay=2.500 state_min_gap=0.000 state_last=1784639865.407
15:17:45.406  INIT  user_agent=test/0.1.0 delay=0.0 min_gap=1.0
15:17:45.406  PRE   POST /api/trade/search/Standard  delay=0.000 min_gap=1.000 last=1784639865.407
15:17:45.407  ENF   delay=0.000 min_gap=1.000 jitter=0.000 gap=1.000 since_last=0.000 sleep=1.000
15:17:46.407  PARSE Account 1:1:1 → 0.300s/req pen=1s (used=0)  delay 0.000→1.300  min_gap→0  max_usage=0%
15:17:46.407  RAW   X-Rate-Limit-Rules: Account
15:17:46.407  RAW   X-Rate-Limit-Account: 1:1:1
15:17:46.407  RESP  POST /api/trade/search/Standard → 200  1.000s  delay=1.300 min_gap=0.000 last=1784639866.407
15:17:46.407  INIT  user_agent=test/0.1.0 delay=0.0 min_gap=1.0
15:17:46.407  PRE   POST /api/trade/search/Standard  delay=0.000 min_gap=1.000 last=1784639866.407
15:17:46.407  ENF   delay=0.000 min_gap=1.000 jitter=0.000 gap=1.000 since_last=0.000 sleep=1.000
15:17:46.407  PARSE Account 3:5:60 → 0.500s/req pen=60s (used=0)  delay 0.000→1.500  min_gap→0  max_usage=0%
15:17:46.407  RAW   X-Rate-Limit-Rules: Account
15:17:46.407  RAW   X-Rate-Limit-Account: 3:5:60
15:17:46.407  RESP  POST /api/trade/search/Standard → 200  0.000s  delay=1.500 min_gap=0.000 last=1784639866.408
15:17:46.407  PRE   GET /api/trade/fetch/a  delay=1.500 min_gap=0.000 last=1784639866.408
15:17:46.407  ENF   delay=1.500 min_gap=0.000 jitter=0.000 gap=1.500 since_last=0.000 sleep=1.500
15:17:46.407  PARSE Account 3:5:60 → 0.500s/req pen=60s (used=0)  delay 1.500→1.500  min_gap→0  max_usage=0%
15:17:46.407  RAW   X-Rate-Limit-Rules: Account
15:17:46.407  RAW   X-Rate-Limit-Account: 3:5:60
15:17:46.407  RESP  GET /api/trade/fetch/a → 200  0.000s  delay=1.500 min_gap=0.000 last=1784639866.408
15:17:46.407  INIT  user_agent=test/0.1.0 delay=0.0 min_gap=1.0
15:17:46.407  PRE   POST /api/trade/search/Standard  delay=0.000 min_gap=1.000 last=990.000
15:17:46.408  RESP  POST /api/trade/search/Standard → 200  0.000s  delay=0.000 min_gap=1.000 last=1000.000
15:17:46.408  PRE   POST /api/trade/search/Standard  delay=0.000 min_gap=1.000 last=1000.000
15:17:46.408  ENF   delay=0.000 min_gap=1.000 jitter=2.000 gap=3.000 since_last=0.000 sleep=3.000
15:17:46.408  RESP  POST /api/trade/search/Standard → 200  3.000s  delay=0.000 min_gap=1.000 last=1003.000
15:17:46.408  PRE   POST /api/trade/search/Standard  delay=0.000 min_gap=1.000 last=1003.000
15:17:46.408  ENF   delay=0.000 min_gap=1.000 jitter=2.000 gap=3.000 since_last=0.000 sleep=3.000
15:17:46.408  PARSE Account 3:5:60 → 0.500s/req pen=60s (used=0)  delay 0.000→1.500  min_gap→0  max_usage=0%
15:17:46.408  RAW   X-Rate-Limit-Rules: Account
15:17:46.408  RAW   X-Rate-Limit-Account: 3:5:60
15:17:46.408  RESP  POST /api/trade/search/Standard → 200  3.000s  delay=1.500 min_gap=0.000 last=1006.000
15:17:46.408  PRE   POST /api/trade/search/Standard  delay=1.500 min_gap=0.000 last=1006.000
15:17:46.408  ENF   delay=1.500 min_gap=0.000 jitter=2.000 gap=3.500 since_last=0.000 sleep=3.500
15:17:46.408  PARSE Account 3:5:60 → 0.500s/req pen=60s (used=0)  delay 1.500→1.500  min_gap→0  max_usage=0%
15:17:46.408  RAW   X-Rate-Limit-Rules: Account
15:17:46.408  RAW   X-Rate-Limit-Account: 3:5:60
15:17:46.408  RESP  POST /api/trade/search/Standard → 200  3.500s  delay=1.500 min_gap=0.000 last=1009.500
15:17:46.408  PRE   POST /api/trade/search/Standard  delay=1.500 min_gap=0.000 last=1009.500
15:17:46.408  ENF   delay=1.500 min_gap=0.000 jitter=2.000 gap=3.500 since_last=0.000 sleep=3.500
15:17:46.408  PARSE Ip 60:300:1800 → 1.500s/req pen=1800s (used=0)  delay 1.500→2.500  min_gap→0  max_usage=0%
15:17:46.408  RAW   X-Rate-Limit-Rules: Ip
15:17:46.408  RAW   X-Rate-Limit-Ip: 60:300:1800
15:17:46.408  RESP  POST /api/trade/search/Standard → 200  3.500s  delay=2.500 min_gap=0.000 last=1013.000
15:17:46.408  PRE   POST /api/trade/search/Standard  delay=2.500 min_gap=0.000 last=1013.000
15:17:46.408  ENF   delay=2.500 min_gap=0.000 jitter=2.000 gap=4.500 since_last=0.000 sleep=4.500
15:17:46.408  PARSE Ip 60:300:1800 → 1.500s/req pen=1800s (used=0)  delay 2.500→2.500  min_gap→0  max_usage=0%
15:17:46.408  RAW   X-Rate-Limit-Rules: Ip
15:17:46.408  RAW   X-Rate-Limit-Ip: 60:300:1800
15:17:46.408  RESP  POST /api/trade/search/Standard → 200  4.500s  delay=2.500 min_gap=0.000 last=1017.500
15:17:46.408  INIT  user_agent=test/0.1.0 delay=0.0 min_gap=1.0
15:17:46.408  PRE   POST /api/trade/search/Standard  delay=0.000 min_gap=1.000 last=1784639866.408
15:17:46.408  ENF   delay=0.000 min_gap=1.000 jitter=0.000 gap=1.000 since_last=0.000 sleep=1.000
15:17:47.408  PARSE Ip 60:300:1800 → 6.250s/req pen=1800s (used=30)  delay 0.000→7.250  min_gap→0  max_usage=50%
15:17:47.408  RAW   X-Rate-Limit-Rules: Ip
15:17:47.408  RAW   X-Rate-Limit-Ip: 60:300:1800
15:17:47.408  RAW   X-Rate-Limit-Ip-State: 30:300:0
15:17:47.408  RESP  POST /api/trade/search/Standard → 200  1.000s  delay=7.250 min_gap=0.000 last=1784639867.409
15:17:47.408  PRE   POST /api/trade/search/Standard  delay=7.250 min_gap=0.000 last=1784639867.409
15:17:47.408  ENF   delay=7.250 min_gap=0.000 jitter=0.000 gap=7.250 since_last=0.000 sleep=7.250
15:17:54.658  PARSE Ip 60:300:1800 → 2.875s/req pen=1800s (used=3)  delay 7.250→3.875  min_gap→0  max_usage=5%
15:17:54.658  RAW   X-Rate-Limit-Rules: Ip
15:17:54.658  RAW   X-Rate-Limit-Ip: 60:300:1800
15:17:54.658  RAW   X-Rate-Limit-Ip-State: 3:300:0
15:17:54.659  RESP  POST /api/trade/search/Standard → 200  7.250s  delay=3.875 min_gap=0.000 last=1784639874.659
15:17:54.659  INIT  user_agent=test/0.1.0 delay=0.0 min_gap=1.0
15:17:54.659  PRE   POST /api/trade/search/Standard  delay=0.000 min_gap=1.000 last=1784639874.659
15:17:54.659  ENF   delay=0.000 min_gap=1.000 jitter=0.000 gap=1.000 since_last=0.000 sleep=1.000
15:17:55.659  PARSE Ip 60:300:1800 → 1.500s/req pen=1800s (used=0)  delay 0.000→2.500  min_gap→0  max_usage=0%
15:17:55.659  RAW   X-Rate-Limit-Rules: Ip
15:17:55.659  RAW   X-Rate-Limit-Ip: 60:300:1800
15:17:55.659  RESP  POST /api/trade/search/Standard → 200  1.000s  delay=2.500 min_gap=0.000 last=1784639875.659
15:17:55.659  INIT  user_agent=test/0.1.0 delay=0.0 min_gap=1.0
15:17:55.659  PRE   POST /api/trade/search/Standard  delay=0.000 min_gap=1.000 last=1784639875.660
15:17:55.659  ENF   delay=0.000 min_gap=1.000 jitter=0.000 gap=1.000 since_last=0.000 sleep=1.000
15:17:55.659  RESP  POST /api/trade/search/Standard → 200  0.000s  delay=0.000 min_gap=1.000 last=1784639875.660
15:17:55.659  PRE   POST /api/trade/search/Standard  delay=0.000 min_gap=1.000 last=1784639875.660
15:17:55.659  ENF   delay=0.000 min_gap=1.000 jitter=0.000 gap=1.000 since_last=0.000 sleep=1.000
15:17:55.660  RESP  POST /api/trade/search/Standard → 200  0.000s  delay=0.000 min_gap=1.000 last=1784639875.660
15:17:55.660  INIT  user_agent=test/0.1.0 delay=0.0 min_gap=1.0
15:17:55.660  PRE   POST /api/trade/search/Standard  delay=0.000 min_gap=1.000 last=1784639875.660
15:17:55.660  ENF   delay=0.000 min_gap=1.000 jitter=0.000 gap=1.000 since_last=0.000 sleep=1.000
15:17:56.660  PARSE Account 3:5:60 → 0.500s/req pen=60s (used=0)  delay 0.000→1.500  min_gap→0  max_usage=0%
15:17:56.660  RAW   X-Rate-Limit-Rules: Account
15:17:56.660  RAW   X-Rate-Limit-Account: 3:5:60
15:17:56.660  RESP  POST /api/trade/search/Standard → 200  1.000s  delay=1.500 min_gap=0.000 last=1784639876.660
15:17:56.660  INIT  user_agent=test/0.1.0 delay=0.0 min_gap=1.0
15:17:56.660  PRE   POST /api/trade/search/Standard  delay=0.000 min_gap=1.000 last=1784639876.660
15:17:56.660  ENF   delay=0.000 min_gap=1.000 jitter=0.000 gap=1.000 since_last=0.000 sleep=1.000
15:17:57.660  PARSE Ip 60:300:1800 → 9.250s/req pen=1800s (used=54)  delay 0.000→10.250  min_gap→0  max_usage=90%
15:17:57.660  BACK  set 200s backoff at 90% usage
15:17:57.660  RAW   X-Rate-Limit-Rules: Ip
15:17:57.660  RAW   X-Rate-Limit-Ip: 60:300:1800
15:17:57.660  RAW   X-Rate-Limit-Ip-State: 54:300:0
15:17:57.660  RESP  POST /api/trade/search/Standard → 200  1.000s  delay=10.250 min_gap=0.000 last=1784639877.661
15:17:57.661  INIT  user_agent=test/0.1.0 delay=0.0 min_gap=1.0
15:17:57.661  LOCK  sleep=9999.000
15:17:57.661  ENF   delay=0.010 min_gap=1.000 jitter=0.000 gap=1.000 since_last=0.000 sleep=1.000
15:17:57.661  INIT  user_agent=test/0.1.0 delay=0.0 min_gap=1.0
15:17:57.661  PRE   POST /api/trade/search/Standard  delay=0.000 min_gap=1.000 last=1784639877.662
15:17:57.661  ENF   delay=0.000 min_gap=1.000 jitter=0.000 gap=1.000 since_last=0.000 sleep=1.000
15:17:58.661  PARSE Ip 60:300:1800 → 3.250s/req pen=1800s (used=6)  delay 0.000→4.250  min_gap→0  max_usage=10%
15:17:58.661  RAW   X-Rate-Limit-Rules: Ip
15:17:58.661  RAW   X-Rate-Limit-Ip: 60:300:1800
15:17:58.661  RAW   X-Rate-Limit-Ip-State: 6:300:0
15:17:58.661  RESP  POST /api/trade/search/Standard → 200  1.000s  delay=4.250 min_gap=0.000 last=1784639878.662
15:17:58.661  INIT  user_agent=test/0.1.0 delay=0.0 min_gap=1.0
15:17:58.661  PRE   POST /api/trade/search/Standard  delay=0.000 min_gap=1.000 last=1784639878.662
15:17:58.662  ENF   delay=0.000 min_gap=1.000 jitter=0.000 gap=1.000 since_last=0.000 sleep=1.000
15:17:59.662  PARSE Account 3:5:60 → 0.500s/req pen=60s (used=0)  delay 0.000→1.500  min_gap→0  max_usage=0%
15:17:59.662  RAW   X-Rate-Limit-Rules: Account
15:17:59.662  RAW   X-Rate-Limit-Account: 3:5:60
15:17:59.662  RESP  POST /api/trade/search/Standard → 200  1.000s  delay=1.500 min_gap=0.000 last=1784639879.662
15:17:59.662  INIT  user_agent=test/0.1.0 delay=0.0 min_gap=1.0
15:17:59.662  PRE   POST /api/trade/search/Standard  delay=0.000 min_gap=1.000 last=1784639879.662
15:17:59.662  ENF   delay=0.000 min_gap=1.000 jitter=0.000 gap=1.000 since_last=0.000 sleep=1.000
15:18:00.662  PARSE Ip 8:10:60 → 0.375s/req pen=60s (used=0); Ip 15:60:120 → 1.200s/req pen=120s (used=0); Ip 60:300:1800 → 1.500s/req pen=1800s (used=0)  delay 0.000→2.500  min_gap→0  max_usage=0%
15:18:00.662  RAW   X-Rate-Limit-Rules: Ip
15:18:00.662  RAW   X-Rate-Limit-Ip: 8:10:60,15:60:120,60:300:1800
15:18:00.662  RESP  POST /api/trade/search/Standard → 200  1.000s  delay=2.500 min_gap=0.000 last=1784639880.662
15:18:00.662  INIT  user_agent=test/0.1.0 delay=0.0 min_gap=1.0
15:18:00.662  PRE   POST /api/trade/search/Standard  delay=0.000 min_gap=1.000 last=1784639880.663
15:18:00.662  ENF   delay=0.000 min_gap=1.000 jitter=0.000 gap=1.000 since_last=0.000 sleep=1.000
15:18:01.662  PARSE Account 3:5:60 → 2.500s/req pen=60s (used=2); Ip 15:60:120 → 3.200s/req pen=120s (used=3)  delay 0.000→4.200  min_gap→0  max_usage=20%
15:18:01.662  RAW   X-Rate-Limit-Rules: Account,Ip
15:18:01.662  RAW   X-Rate-Limit-Account: 3:5:60
15:18:01.662  RAW   X-Rate-Limit-Account-State: 2:5:0
15:18:01.662  RAW   X-Rate-Limit-Ip: 15:60:120
15:18:01.662  RAW   X-Rate-Limit-Ip-State: 3:60:0
15:18:01.662  RESP  POST /api/trade/search/Standard → 200  1.000s  delay=4.200 min_gap=0.000 last=1784639881.663
15:18:01.663  INIT  user_agent=test/0.1.0 delay=0.0 min_gap=1.0
15:18:01.663  PRE   POST /api/trade/search/Standard  delay=0.000 min_gap=1.000 last=1784639881.663
15:18:01.663  ENF   delay=0.000 min_gap=1.000 jitter=0.000 gap=1.000 since_last=0.000 sleep=1.000
15:18:02.663  PARSE Account 3:5:60 → 0.500s/req pen=60s (used=0); Ip 60:300:1800 → 1.500s/req pen=1800s (used=0)  delay 0.000→2.500  min_gap→0  max_usage=0%
15:18:02.663  RAW   X-Rate-Limit-Rules: Account,Ip
15:18:02.663  RAW   X-Rate-Limit-Account: 3:5:60
15:18:02.663  RAW   X-Rate-Limit-Ip: 60:300:1800
15:18:02.663  RESP  POST /api/trade/search/Standard → 200  1.000s  delay=2.500 min_gap=0.000 last=1784639882.663
15:18:02.663  INIT  user_agent=test/0.1.0 delay=0.0 min_gap=1.0
15:18:02.663  PRE   POST /api/trade/search/Standard  delay=0.000 min_gap=1.000 last=1784639882.663
15:18:02.663  ENF   delay=0.000 min_gap=1.000 jitter=0.000 gap=1.000 since_last=0.000 sleep=1.000
15:18:03.663  RESP  POST /api/trade/search/Standard → 200  1.000s  delay=0.000 min_gap=1.000 last=1784639883.664
