15:36:55.094  INIT  user_agent=test/0.1.0 delay=0.0 min_gap=1.0
15:36:55.094  PRE   POST /api/trade/search/Standard  delay=0.000 min_gap=1.000 last=1784641005.094
15:36:55.094  RESP  POST /api/trade/search/Standard → 429  0.000s  delay=0.000 min_gap=1.000 last=1784641015.095
15:36:55.094  BODY  req=(none)
15:36:55.094  BODY  resp=
15:36:55.094  !! 429 ! headers={'Server': 'cloudflare'}  state_delay=0.000 state_min_gap=1.000 state_last=1784641015.095
15:36:55.095  INIT  user_agent=test/0.1.0 delay=0.0 min_gap=1.0
15:36:55.095  PRE   POST /api/trade/search/Standard  delay=0.000 min_gap=1.000 last=1784641005.095
15:36:55.095  PARSE Account 1:5:60 → 1.500s/req pen=60s (used=0)  delay 0.000→2.500  min_gap→0  max_usage=0%
15:36:55.095  RAW   X-Rate-Limit-Rules: Account
15:36:55.095  RAW   X-Rate-Limit-Account: 1:5:60
15:36:55.095  RESP  POST /api/trade/search/Standard → 429  0.000s  delay=2.500 min_gap=0.000 last=1784641015.095
15:36:55.095  BODY  req=(none)
15:36:55.095  BODY  resp=
15:36:55.095  !! 429 ! headers={'X-Rate-Limit-Rules': 'Account', 'X-Rate-Limit-Account': '1:5:60'}  state_delay=2.500 state_min_gap=0.000 state_last=1784641015.095
15:36:55.095  INIT  user_agent=test/0.1.0 delay=0.0 min_gap=1.0
15:36:55.095  PRE   POST /api/trade/search/Standard  delay=0.000 min_gap=1.000 last=1784641015.095
15:36:55.095  ENF   delay=0.000 min_gap=1.000 jitter=0.000 gap=1.000 since_last=0.000 sleep=1.000
15:36:56.095  PARSE Account 1:1:1 → 0.300s/req pen=1s (used=0)  delay 0.000→1.300  min_gap→0  max_usage=0%
15:36:56.095  RAW   X-Rate-Limit-Rules: Account
15:36:56.095  RAW   X-Rate-Limit-Account: 1:1:1
15:36:56.095  RESP  POST /api/trade/search/Standard → 200  1.000s  delay=1.300 min_gap=0.000 last=1784641016.096
15:36:56.095  INIT  user_agent=test/0.1.0 delay=0.0 min_gap=1.0
15:36:56.096  PRE   POST /api/trade/search/Standard  delay=0.000 min_gap=1.000 last=1784641016.096
15:36:56.096  ENF   delay=0.000 min_gap=1.000 jitter=0.000 gap=1.000 since_last=0.000 sleep=1.000
15:36:56.096  PARSE Account 3:5:60 → 0.500s/req pen=60s (used=0)  delay 0.000→1.500  min_gap→0  max_usage=0%
15:36:56.096  RAW   X-Rate-Limit-Rules: Account
15:36:56.096  RAW   X-Rate-Limit-Account: 3:5:60
15:36:56.096  RESP  POST /api/trade/search/Standard → 200  0.000s  delay=1.500 min_gap=0.000 last=1784641016.096
15:36:56.096  PRE   GET /api/trade/fetch/a  delay=1.500 min_gap=0.000 last=1784641016.096
15:36:56.096  ENF   delay=1.500 min_gap=0.000 jitter=0.000 gap=1.500 since_last=0.000 sleep=1.500
15:36:56.096  PARSE Account 3:5:60 → 0.500s/req pen=60s (used=0)  delay 1.500→1.500  min_gap→0  max_usage=0%
15:36:56.096  RAW   X-Rate-Limit-Rules: Account
15:36:56.096  RAW   X-Rate-Limit-Account: 3:5:60
15:36:56.096  RESP  GET /api/trade/fetch/a → 200  0.000s  delay=1.500 min_gap=0.000 last=1784641016.096
15:36:56.096  INIT  user_agent=test/0.1.0 delay=0.0 min_gap=1.0
15:36:56.096  PRE   POST /api/trade/search/Standard  delay=0.000 min_gap=1.000 last=990.000
15:36:56.096  RESP  POST /api/trade/search/Standard → 200  0.000s  delay=0.000 min_gap=1.000 last=1000.000
15:36:56.096  PRE   POST /api/trade/search/Standard  delay=0.000 min_gap=1.000 last=1000.000
15:36:56.096  ENF   delay=0.000 min_gap=1.000 jitter=2.000 gap=3.000 since_last=0.000 sleep=3.000
15:36:56.096  RESP  POST /api/trade/search/Standard → 200  3.000s  delay=0.000 min_gap=1.000 last=1003.000
15:36:56.096  PRE   POST /api/trade/search/Standard  delay=0.000 min_gap=1.000 last=1003.000
15:36:56.096  ENF   delay=0.000 min_gap=1.000 jitter=2.000 gap=3.000 since_last=0.000 sleep=3.000
15:36:56.096  PARSE Account 3:5:60 → 0.500s/req pen=60s (used=0)  delay 0.000→1.500  min_gap→0  max_usage=0%
15:36:56.096  RAW   X-Rate-Limit-Rules: Account
15:36:56.096  RAW   X-Rate-Limit-Account: 3:5:60
15:36:56.096  RESP  POST /api/trade/search/Standard → 200  3.000s  delay=1.500 min_gap=0.000 last=1006.000
15:36:56.096  PRE   POST /api/trade/search/Standard  delay=1.500 min_gap=0.000 last=1006.000
15:36:56.096  ENF   delay=1.500 min_gap=0.000 jitter=2.000 gap=3.500 since_last=0.000 sleep=3.500
15:36:56.096  PARSE Account 3:5:60 → 0.500s/req pen=60s (used=0)  delay 1.500→1.500  min_gap→0  max_usage=0%
15:36:56.096  RAW   X-Rate-Limit-Rules: Account
15:36:56.096  RAW   X-Rate-Limit-Account: 3:5:60
15:36:56.096  RESP  POST /api/trade/search/Standard → 200  3.500s  delay=1.500 min_gap=0.000 last=1009.500
15:36:56.096  PRE   POST /api/trade/search/Standard  delay=1.500 min_gap=0.000 last=1009.500
15:36:56.096  ENF   delay=1.500 min_gap=0.000 jitter=2.000 gap=3.500 since_last=0.000 sleep=3.500
15:36:56.096  PARSE Ip 60:300:1800 → 1.500s/req pen=1800s (used=0)  delay 1.500→2.500  min_gap→0  max_usage=0%
15:36:56.096  RAW   X-Rate-Limit-Rules: Ip
15:36:56.096  RAW   X-Rate-Limit-Ip: 60:300:1800
15:36:56.096  RESP  POST /api/trade/search/Standard → 200  3.500s  delay=2.500 min_gap=0.000 last=1013.000
15:36:56.096  PRE   POST /api/trade/search/Standard  delay=2.500 min_gap=0.000 last=1013.000
15:36:56.096  ENF   delay=2.500 min_gap=0.000 jitter=2.000 gap=4.500 since_last=0.000 sleep=4.500
15:36:56.096  PARSE Ip 60:300:1800 → 1.500s/req pen=1800s (used=0)  delay 2.500→2.500  min_gap→0  max_usage=0%
15:36:56.096  RAW   X-Rate-Limit-Rules: Ip
15:36:56.096  RAW   X-Rate-Limit-Ip: 60:300:1800
15:36:56.096  RESP  POST /api/trade/search/Standard → 200  4.500s  delay=2.500 min_gap=0.000 last=1017.500
15:36:56.097  INIT  user_agent=test/0.1.0 delay=0.0 min_gap=1.0
15:36:56.097  PRE   POST /api/trade/search/Standard  delay=0.000 min_gap=1.000 last=1784641016.097
15:36:56.097  ENF   delay=0.000 min_gap=1.000 jitter=0.000 gap=1.000 since_last=0.000 sleep=1.000
15:36:57.097  PARSE Ip 60:300:1800 → 6.250s/req pen=1800s (used=30)  delay 0.000→7.250  min_gap→0  max_usage=50%
15:36:57.097  RAW   X-Rate-Limit-Rules: Ip
15:36:57.097  RAW   X-Rate-Limit-Ip: 60:300:1800
15:36:57.097  RAW   X-Rate-Limit-Ip-State: 30:300:0
15:36:57.097  RESP  POST /api/trade/search/Standard → 200  1.000s  delay=7.250 min_gap=0.000 last=1784641017.097
15:36:57.097  PRE   POST /api/trade/search/Standard  delay=7.250 min_gap=0.000 last=1784641017.097
15:36:57.097  ENF   delay=7.250 min_gap=0.000 jitter=0.000 gap=7.250 since_last=0.000 sleep=7.250
15:37:04.347  PARSE Ip 60:300:1800 → 2.875s/req pen=1800s (used=3)  delay 7.250→3.875  min_gap→0  max_usage=5%
15:37:04.347  RAW   X-Rate-Limit-Rules: Ip
15:37:04.347  RAW   X-Rate-Limit-Ip: 60:300:1800
15:37:04.347  RAW   X-Rate-Limit-Ip-State: 3:300:0
15:37:04.347  RESP  POST /api/trade/search/Standard → 200  7.250s  delay=3.875 min_gap=0.000 last=1784641024.348
15:37:04.347  INIT  user_agent=test/0.1.0 delay=0.0 min_gap=1.0
15:37:04.347  PRE   POST /api/trade/search/Standard  delay=0.000 min_gap=1.000 last=1784641024.348
15:37:04.347  ENF   delay=0.000 min_gap=1.000 jitter=0.000 gap=1.000 since_last=0.000 sleep=1.000
15:37:05.347  PARSE Ip 60:300:1800 → 1.500s/req pen=1800s (used=0)  delay 0.000→2.500  min_gap→0  max_usage=0%
15:37:05.347  RAW   X-Rate-Limit-Rules: Ip
15:37:05.347  RAW   X-Rate-Limit-Ip: 60:300:1800
15:37:05.347  RESP  POST /api/trade/search/Standard → 200  1.000s  delay=2.500 min_gap=0.000 last=1784641025.348
15:37:05.348  INIT  user_agent=test/0.1.0 delay=0.0 min_gap=1.0
15:37:05.348  PRE   POST /api/trade/search/Standard  delay=0.000 min_gap=1.000 last=1784641025.348
15:37:05.348  ENF   delay=0.000 min_gap=1.000 jitter=0.000 gap=1.000 since_last=0.000 sleep=1.000
15:37:05.348  RESP  POST /api/trade/search/Standard → 200  0.000s  delay=0.000 min_gap=1.000 last=1784641025.348
15:37:05.348  PRE   POST /api/trade/search/Standard  delay=0.000 min_gap=1.000 last=1784641025.348
15:37:05.348  ENF   delay=0.000 min_gap=1.000 jitter=0.000 gap=1.000 since_last=0.000 sleep=1.000
15:37:05.348  RESP  POST /api/trade/search/Standard → 200  0.000s  delay=0.000 min_gap=1.000 last=1784641025.348
15:37:05.348  INIT  user_agent=test/0.1.0 delay=0.0 min_gap=1.0
15:37:05.348  PRE   POST /api/trade/search/Standard  delay=0.000 min_gap=1.000 last=1784641025.348
15:37:05.348  ENF   delay=0.000 min_gap=1.000 jitter=0.000 gap=1.000 since_last=0.000 sleep=1.000
15:37:06.348  PARSE Account 3:5:60 → 0.500s/req pen=60s (used=0)  delay 0.000→1.500  min_gap→0  max_usage=0%
15:37:06.348  RAW   X-Rate-Limit-Rules: Account
15:37:06.348  RAW   X-Rate-Limit-Account: 3:5:60
15:37:06.348  RESP  POST /api/trade/search/Standard → 200  1.000s  delay=1.500 min_gap=0.000 last=1784641026.349
15:37:06.348  INIT  user_agent=test/0.1.0 delay=0.0 min_gap=1.0
15:37:06.348  PRE   POST /api/trade/search/Standard  delay=0.000 min_gap=1.000 last=1784641026.349
15:37:06.348  ENF   delay=0.000 min_gap=1.000 jitter=0.000 gap=1.000 since_last=0.000 sleep=1.000
15:37:07.348  PARSE Ip 60:300:1800 → 9.250s/req pen=1800s (used=54)  delay 0.000→10.250  min_gap→0  max_usage=90%
15:37:07.349  BACK  set 200s backoff at 90% usage
15:37:07.349  RAW   X-Rate-Limit-Rules: Ip
15:37:07.349  RAW   X-Rate-Limit-Ip: 60:300:1800
15:37:07.349  RAW   X-Rate-Limit-Ip-State: 54:300:0
15:37:07.349  RESP  POST /api/trade/search/Standard → 200  1.000s  delay=10.250 min_gap=0.000 last=1784641027.349
15:37:07.349  INIT  user_agent=test/0.1.0 delay=0.0 min_gap=1.0
15:37:07.349  LOCK  sleep=9999.000
15:37:07.349  ENF   delay=0.010 min_gap=1.000 jitter=0.000 gap=1.000 since_last=0.000 sleep=1.000
15:37:07.349  INIT  user_agent=test/0.1.0 delay=0.0 min_gap=1.0
15:37:07.349  PRE   POST /api/trade/search/Standard  delay=0.000 min_gap=1.000 last=1784641027.350
15:37:07.349  ENF   delay=0.000 min_gap=1.000 jitter=0.000 gap=1.000 since_last=0.000 sleep=1.000
15:37:08.349  PARSE Ip 60:300:1800 → 3.250s/req pen=1800s (used=6)  delay 0.000→4.250  min_gap→0  max_usage=10%
15:37:08.349  RAW   X-Rate-Limit-Rules: Ip
15:37:08.349  RAW   X-Rate-Limit-Ip: 60:300:1800
15:37:08.349  RAW   X-Rate-Limit-Ip-State: 6:300:0
15:37:08.350  RESP  POST /api/trade/search/Standard → 200  1.000s  delay=4.250 min_gap=0.000 last=1784641028.350
15:37:08.350  INIT  user_agent=test/0.1.0 delay=0.0 min_gap=1.0
15:37:08.350  PRE   POST /api/trade/search/Standard  delay=0.000 min_gap=1.000 last=1784641028.350
15:37:08.350  ENF   delay=0.000 min_gap=1.000 jitter=0.000 gap=1.000 since_last=0.000 sleep=1.000
15:37:09.350  PARSE Account 3:5:60 → 0.500s/req pen=60s (used=0)  delay 0.000→1.500  min_gap→0  max_usage=0%
15:37:09.350  RAW   X-Rate-Limit-Rules: Account
15:37:09.350  RAW   X-Rate-Limit-Account: 3:5:60
15:37:09.350  RESP  POST /api/trade/search/Standard → 200  1.000s  delay=1.500 min_gap=0.000 last=1784641029.350
15:37:09.350  INIT  user_agent=test/0.1.0 delay=0.0 min_gap=1.0
15:37:09.350  PRE   POST /api/trade/search/Standard  delay=0.000 min_gap=1.000 last=1784641029.351
15:37:09.350  ENF   delay=0.000 min_gap=1.000 jitter=0.000 gap=1.000 since_last=0.000 sleep=1.000
15:37:10.350  PARSE Ip 8:10:60 → 0.375s/req pen=60s (used=0); Ip 15:60:120 → 1.200s/req pen=120s (used=0); Ip 60:300:1800 → 1.500s/req pen=1800s (used=0)  delay 0.000→2.500  min_gap→0  max_usage=0%
15:37:10.350  RAW   X-Rate-Limit-Rules: Ip
15:37:10.350  RAW   X-Rate-Limit-Ip: 8:10:60,15:60:120,60:300:1800
15:37:10.350  RESP  POST /api/trade/search/Standard → 200  1.000s  delay=2.500 min_gap=0.000 last=1784641030.351
15:37:10.350  INIT  user_agent=test/0.1.0 delay=0.0 min_gap=1.0
15:37:10.351  PRE   POST /api/trade/search/Standard  delay=0.000 min_gap=1.000 last=1784641030.351
15:37:10.351  ENF   delay=0.000 min_gap=1.000 jitter=0.000 gap=1.000 since_last=0.000 sleep=1.000
15:37:11.351  PARSE Account 3:5:60 → 2.500s/req pen=60s (used=2); Ip 15:60:120 → 3.200s/req pen=120s (used=3)  delay 0.000→4.200  min_gap→0  max_usage=20%
15:37:11.351  RAW   X-Rate-Limit-Rules: Account,Ip
15:37:11.351  RAW   X-Rate-Limit-Account: 3:5:60
15:37:11.351  RAW   X-Rate-Limit-Account-State: 2:5:0
15:37:11.351  RAW   X-Rate-Limit-Ip: 15:60:120
15:37:11.351  RAW   X-Rate-Limit-Ip-State: 3:60:0
15:37:11.351  RESP  POST /api/trade/search/Standard → 200  1.000s  delay=4.200 min_gap=0.000 last=1784641031.351
15:37:11.351  INIT  user_agent=test/0.1.0 delay=0.0 min_gap=1.0
15:37:11.351  PRE   POST /api/trade/search/Standard  delay=0.000 min_gap=1.000 last=1784641031.351
15:37:11.351  ENF   delay=0.000 min_gap=1.000 jitter=0.000 gap=1.000 since_last=0.000 sleep=1.000
15:37:12.351  PARSE Account 3:5:60 → 0.500s/req pen=60s (used=0); Ip 60:300:1800 → 1.500s/req pen=1800s (used=0)  delay 0.000→2.500  min_gap→0  max_usage=0%
15:37:12.351  RAW   X-Rate-Limit-Rules: Account,Ip
15:37:12.351  RAW   X-Rate-Limit-Account: 3:5:60
15:37:12.351  RAW   X-Rate-Limit-Ip: 60:300:1800
15:37:12.351  RESP  POST /api/trade/search/Standard → 200  1.000s  delay=2.500 min_gap=0.000 last=1784641032.352
15:37:12.351  INIT  user_agent=test/0.1.0 delay=0.0 min_gap=1.0
15:37:12.351  PRE   POST /api/trade/search/Standard  delay=0.000 min_gap=1.000 last=1784641032.352
15:37:12.351  ENF   delay=0.000 min_gap=1.000 jitter=0.000 gap=1.000 since_last=0.000 sleep=1.000
15:37:13.351  RESP  POST /api/trade/search/Standard → 200  1.000s  delay=0.000 min_gap=1.000 last=1784641033.352
