14:06:24.556  INIT  user_agent=OAuth pypoe/0.1.0 (flipper) delay=0.0 min_gap=1.0
14:06:24.558  PRE   POST /api/trade/search/Standard  delay=0.000 min_gap=1.000 last=1784635584.556
14:06:24.558  ENF   delay=0.000 min_gap=1.000 jitter=2.316 gap=3.316 since_last=0.002 sleep=3.314
14:06:28.176  PARSE Account 3:5:60 → 3.333s/req pen=60s (used=3); Ip 8:10:60 → 1.328s/req pen=60s (used=3); Ip 15:60:120 → 4.400s/req pen=120s (used=6); Ip 60:300:1800 → 5.000s/req pen=1800s (used=20)  delay 0.000→6.000  min_gap→0  max_usage=40%
14:06:28.176  RAW   content-type: application/json
14:06:28.176  RAW   x-rate-limit-policy: trade-search-request-limit
14:06:28.176  RAW   x-rate-limit-rules: Account,Ip
14:06:28.176  RAW   x-rate-limit-account: 3:5:60
14:06:28.176  RAW   x-rate-limit-account-state: 3:5:0
14:06:28.176  RAW   x-rate-limit-ip: 8:10:60,15:60:120,60:300:1800
14:06:28.176  RAW   x-rate-limit-ip-state: 3:10:0,6:60:0,20:300:0
14:06:28.176  RAW   cf-cache-status: DYNAMIC
14:06:28.176  RAW   cf-ray: a1ea146859db028c-WAW
14:06:28.176  RESP  POST /api/trade/search/Standard → 200  3.618s  delay=6.000 min_gap=0.000 last=1784635588.177
14:06:28.176  PRE   GET /api/trade/fetch/79fa8a1fab6619de56fb37221ffb1c990d9d89b6561ffe951e8f5a13c830826e%2C58832f9e09881883ea0987f048b3ace45ed20f5c18451d50b925f4b03927102d%2Caa49abe6d4e08d1634c433171799e282c96fc38f7d5461413fabeee0ea2cf07e%2C61e0566e83dc08d867035e358465383328fe7370fbdc63fefd007408c98a4638%2C3771eca18402f12c328a25157928e239cdd38f4bea9f01d555c0b265a6f22982  delay=6.000 min_gap=0.000 last=1784635588.177
14:06:28.176  ENF   delay=6.000 min_gap=0.000 jitter=2.497 gap=8.497 since_last=0.000 sleep=8.497
14:06:36.946  PARSE Account 6:4:10 → 0.667s/req pen=10s (used=2); Ip 12:4:60 → 0.250s/req pen=60s (used=2); Ip 16:12:60 → 0.586s/req pen=60s (used=3)  delay 6.000→1.667  min_gap→0  max_usage=0%
14:06:36.947  RAW   content-type: application/json
14:06:36.947  RAW   x-rate-limit-policy: trade-fetch-request-limit
14:06:36.947  RAW   x-rate-limit-rules: Account,Ip
14:06:36.947  RAW   x-rate-limit-account: 6:4:10
14:06:36.947  RAW   x-rate-limit-account-state: 2:4:0
14:06:36.947  RAW   x-rate-limit-ip: 12:4:60,16:12:60
14:06:36.947  RAW   x-rate-limit-ip-state: 2:4:0,3:12:0
14:06:36.947  RAW   cf-cache-status: DYNAMIC
14:06:36.947  RAW   cf-ray: a1ea149f3b7b028c-WAW
14:06:36.947  RESP  GET /api/trade/fetch/79fa8a1fab6619de56fb37221ffb1c990d9d89b6561ffe951e8f5a13c830826e%2C58832f9e09881883ea0987f048b3ace45ed20f5c18451d50b925f4b03927102d%2Caa49abe6d4e08d1634c433171799e282c96fc38f7d5461413fabeee0ea2cf07e%2C61e0566e83dc08d867035e358465383328fe7370fbdc63fefd007408c98a4638%2C3771eca18402f12c328a25157928e239cdd38f4bea9f01d555c0b265a6f22982 → 200  8.770s  delay=1.667 min_gap=0.000 last=1784635596.947
14:06:36.950  PRE   POST /api/trade/search/Standard  delay=1.667 min_gap=0.000 last=1784635596.947
14:06:36.950  ENF   delay=1.667 min_gap=0.000 jitter=4.332 gap=5.999 since_last=0.003 sleep=5.996
14:06:43.228  PARSE Account 3:5:60 → 2.500s/req pen=60s (used=2); Ip 8:10:60 → 1.328s/req pen=60s (used=3); Ip 15:60:120 → 5.200s/req pen=120s (used=8); Ip 60:300:1800 → 5.375s/req pen=1800s (used=23)  delay 1.667→6.375  min_gap→0  max_usage=53%
14:06:43.228  RAW   content-type: application/json
14:06:43.229  RAW   x-rate-limit-policy: trade-search-request-limit
14:06:43.229  RAW   x-rate-limit-rules: Account,Ip
14:06:43.229  RAW   x-rate-limit-account: 3:5:60
14:06:43.229  RAW   x-rate-limit-account-state: 2:5:0
14:06:43.229  RAW   x-rate-limit-ip: 8:10:60,15:60:120,60:300:1800
14:06:43.229  RAW   x-rate-limit-ip-state: 3:10:0,8:60:0,23:300:0
14:06:43.229  RAW   cf-cache-status: DYNAMIC
14:06:43.229  RAW   cf-ray: a1ea14c669a5028c-WAW
14:06:43.229  RESP  POST /api/trade/search/Standard → 200  6.279s  delay=6.375 min_gap=0.000 last=1784635603.229
14:06:43.229  PRE   GET /api/trade/fetch/26d59adb7d097b87fbc4d139d8602c7f29203a974bf53b2cd05066ab22f8f97a%2C65460476fa59c9073a0497e7b9a2a59d8af9365e525f85264a98ff1947c7696d%2Cbaaf91c95b2bb6b3f4f7b4cc6d9b2c61d0bc35427ebefb46e7066dce8e4d567c%2C4353afd2447de4a2654476108b378834c70b4d50cb9cb3831dd08f06aaefb48b%2Cab523111205719396e4f3063fdb3138c4c09fdd60dededaff598a01a0ea2170a  delay=6.375 min_gap=0.000 last=1784635603.229
14:06:43.229  ENF   delay=6.375 min_gap=0.000 jitter=2.579 gap=8.954 since_last=0.000 sleep=8.953
14:06:52.475  PARSE Account 6:4:10 → 0.667s/req pen=10s (used=2); Ip 12:4:60 → 0.250s/req pen=60s (used=2); Ip 16:12:60 → 0.586s/req pen=60s (used=3)  delay 6.375→1.667  min_gap→0  max_usage=0%
14:06:52.475  RAW   content-type: application/json
14:06:52.475  RAW   x-rate-limit-policy: trade-fetch-request-limit
14:06:52.476  RAW   x-rate-limit-rules: Account,Ip
14:06:52.476  RAW   x-rate-limit-account: 6:4:10
14:06:52.476  RAW   x-rate-limit-account-state: 2:4:0
14:06:52.476  RAW   x-rate-limit-ip: 12:4:60,16:12:60
14:06:52.476  RAW   x-rate-limit-ip-state: 2:4:0,3:12:0
14:06:52.476  RAW   cf-cache-status: DYNAMIC
14:06:52.476  RAW   cf-ray: a1ea150028b0028c-WAW
14:06:52.476  RESP  GET /api/trade/fetch/26d59adb7d097b87fbc4d139d8602c7f29203a974bf53b2cd05066ab22f8f97a%2C65460476fa59c9073a0497e7b9a2a59d8af9365e525f85264a98ff1947c7696d%2Cbaaf91c95b2bb6b3f4f7b4cc6d9b2c61d0bc35427ebefb46e7066dce8e4d567c%2C4353afd2447de4a2654476108b378834c70b4d50cb9cb3831dd08f06aaefb48b%2Cab523111205719396e4f3063fdb3138c4c09fdd60dededaff598a01a0ea2170a → 200  9.247s  delay=1.667 min_gap=0.000 last=1784635612.476
14:06:52.476  PRE   POST /api/trade/search/Standard  delay=1.667 min_gap=0.000 last=1784635612.476
14:06:52.476  ENF   delay=1.667 min_gap=0.000 jitter=2.906 gap=4.573 since_last=0.000 sleep=4.573
14:06:57.324  PARSE Account 3:5:60 → 2.500s/req pen=60s (used=2); Ip 8:10:60 → 1.328s/req pen=60s (used=3); Ip 15:60:120 → 6.000s/req pen=120s (used=10); Ip 60:300:1800 → 5.750s/req pen=1800s (used=26)  delay 1.667→7.000  min_gap→0  max_usage=67%
14:06:57.324  RAW   content-type: application/json
14:06:57.324  RAW   x-rate-limit-policy: trade-search-request-limit
14:06:57.324  RAW   x-rate-limit-rules: Account,Ip
14:06:57.324  RAW   x-rate-limit-account: 3:5:60
14:06:57.324  RAW   x-rate-limit-account-state: 2:5:0
14:06:57.324  RAW   x-rate-limit-ip: 8:10:60,15:60:120,60:300:1800
14:06:57.324  RAW   x-rate-limit-ip-state: 3:10:0,10:60:0,26:300:0
14:06:57.324  RAW   cf-cache-status: DYNAMIC
14:06:57.324  RAW   cf-ray: a1ea151e9ecc028c-WAW
14:06:57.324  RESP  POST /api/trade/search/Standard → 200  4.848s  delay=7.000 min_gap=0.000 last=1784635617.325
14:06:57.324  PRE   GET /api/trade/fetch/3771eca18402f12c328a25157928e239cdd38f4bea9f01d555c0b265a6f22982%2Cda819b56971e56bc7335596b89f2c5f3630c84f9cb361c4b77e8888a95beb461%2Cb69ed00c465f7d3b01ee0a1a511874a6f85c5be5a1f368d007185d22ff0937e1%2C3b0c538faebc0154ab01d15a5465157286b2d66602f52e536cc848b20bf47be1%2Cdbdeed13acd8462b045baca8319e02a7df1a81c2b31d0f400e97124539058a05  delay=7.000 min_gap=0.000 last=1784635617.325
14:06:57.325  ENF   delay=7.000 min_gap=0.000 jitter=4.848 gap=11.848 since_last=0.000 sleep=11.848
