16:28:20.745  INIT  user_agent=test/0.1.0 delay=0.0 min_gap=1.0
16:28:20.745  PRE   POST /api/trade/search/Standard  delay=0.000 min_gap=1.000 last=1784644090.745
16:28:20.745  RESP  POST /api/trade/search/Standard → 429  0.000s  delay=0.000 min_gap=1.000 last=1784644100.746
16:28:20.745  BODY  req=(none)
16:28:20.745  BODY  resp=
16:28:20.745  !! 429 ! headers={'Server': 'cloudflare'}  state_delay=0.000 state_min_gap=1.000 state_last=1784644100.746
16:28:20.745  INIT  user_agent=test/0.1.0 delay=0.0 min_gap=1.0
16:28:20.745  PRE   POST /api/trade/search/Standard  delay=0.000 min_gap=1.000 last=1784644090.746
16:28:20.746  PARSE Account 1:5:60 → 1.500s/req pen=60s (used=0)  delay 0.000→2.500  min_gap→0  max_usage=0%
16:28:20.746  RAW   X-Rate-Limit-Rules: Account
16:28:20.746  RAW   X-Rate-Limit-Account: 1:5:60
16:28:20.746  RESP  POST /api/trade/search/Standard → 429  0.000s  delay=2.500 min_gap=0.000 last=1784644100.746
16:28:20.746  BODY  req=(none)
16:28:20.746  BODY  resp=
16:28:20.746  !! 429 ! headers={'X-Rate-Limit-Rules': 'Account', 'X-Rate-Limit-Account': '1:5:60'}  state_delay=2.500 state_min_gap=0.000 state_last=1784644100.746
16:28:20.746  INIT  user_agent=test/0.1.0 delay=0.0 min_gap=1.0
16:28:20.746  PRE   POST /api/trade/search/Standard  delay=0.000 min_gap=1.000 last=1784644100.746
16:28:20.746  ENF   delay=0.000 min_gap=1.000 jitter=0.000 gap=1.000 since_last=0.000 sleep=1.000
16:28:21.746  PARSE Account 1:1:1 → 0.300s/req pen=1s (used=0)  delay 0.000→1.300  min_gap→0  max_usage=0%
16:28:21.746  RAW   X-Rate-Limit-Rules: Account
16:28:21.746  RAW   X-Rate-Limit-Account: 1:1:1
16:28:21.746  RESP  POST /api/trade/search/Standard → 200  1.000s  delay=1.300 min_gap=0.000 last=1784644101.746
16:28:21.746  INIT  user_agent=test/0.1.0 delay=0.0 min_gap=1.0
16:28:21.746  PRE   POST /api/trade/search/Standard  delay=0.000 min_gap=1.000 last=1784644101.747
16:28:21.746  ENF   delay=0.000 min_gap=1.000 jitter=0.000 gap=1.000 since_last=0.000 sleep=1.000
16:28:21.746  PARSE Account 3:5:60 → 0.500s/req pen=60s (used=0)  delay 0.000→1.500  min_gap→0  max_usage=0%
16:28:21.746  RAW   X-Rate-Limit-Rules: Account
16:28:21.747  RAW   X-Rate-Limit-Account: 3:5:60
16:28:21.747  RESP  POST /api/trade/search/Standard → 200  0.000s  delay=1.500 min_gap=0.000 last=1784644101.747
16:28:21.747  PRE   GET /api/trade/fetch/a  delay=1.500 min_gap=0.000 last=1784644101.747
16:28:21.747  ENF   delay=1.500 min_gap=0.000 jitter=0.000 gap=1.500 since_last=0.000 sleep=1.500
16:28:21.747  PARSE Account 3:5:60 → 0.500s/req pen=60s (used=0)  delay 1.500→1.500  min_gap→0  max_usage=0%
16:28:21.747  RAW   X-Rate-Limit-Rules: Account
16:28:21.747  RAW   X-Rate-Limit-Account: 3:5:60
16:28:21.747  RESP  GET /api/trade/fetch/a → 200  0.000s  delay=1.500 min_gap=0.000 last=1784644101.747
16:28:21.747  INIT  user_agent=test/0.1.0 delay=0.0 min_gap=1.0
16:28:21.747  PRE   POST /api/trade/search/Standard  delay=0.000 min_gap=1.000 last=990.000
16:28:21.747  RESP  POST /api/trade/search/Standard → 200  0.000s  delay=0.000 min_gap=1.000 last=1000.000
16:28:21.747  PRE   POST /api/trade/search/Standard  delay=0.000 min_gap=1.000 last=1000.000
16:28:21.747  ENF   delay=0.000 min_gap=1.000 jitter=2.000 gap=3.000 since_last=0.000 sleep=3.000
16:28:21.747  RESP  POST /api/trade/search/Standard → 200  3.000s  delay=0.000 min_gap=1.000 last=1003.000
16:28:21.747  PRE   POST /api/trade/search/Standard  delay=0.000 min_gap=1.000 last=1003.000
16:28:21.747  ENF   delay=0.000 min_gap=1.000 jitter=2.000 gap=3.000 since_last=0.000 sleep=3.000
16:28:21.747  PARSE Account 3:5:60 → 0.500s/req pen=60s (used=0)  delay 0.000→1.500  min_gap→0  max_usage=0%
16:28:21.747  RAW   X-Rate-Limit-Rules: Account
16:28:21.747  RAW   X-Rate-Limit-Account: 3:5:60
16:28:21.747  RESP  POST /api/trade/search/Standard → 200  3.000s  delay=1.500 min_gap=0.000 last=1006.000
16:28:21.747  PRE   POST /api/trade/search/Standard  delay=1.500 min_gap=0.000 last=1006.000
16:28:21.747  ENF   delay=1.500 min_gap=0.000 jitter=2.000 gap=3.500 since_last=0.000 sleep=3.500
16:28:21.747  PARSE Account 3:5:60 → 0.500s/req pen=60s (used=0)  delay 1.500→1.500  min_gap→0  max_usage=0%
16:28:21.747  RAW   X-Rate-Limit-Rules: Account
16:28:21.747  RAW   X-Rate-Limit-Account: 3:5:60
16:28:21.747  RESP  POST /api/trade/search/Standard → 200  3.500s  delay=1.500 min_gap=0.000 last=1009.500
16:28:21.747  PRE   POST /api/trade/search/Standard  delay=1.500 min_gap=0.000 last=1009.500
16:28:21.747  ENF   delay=1.500 min_gap=0.000 jitter=2.000 gap=3.500 since_last=0.000 sleep=3.500
16:28:21.747  PARSE Ip 60:300:1800 → 1.500s/req pen=1800s (used=0)  delay 1.500→2.500  min_gap→0  max_usage=0%
16:28:21.747  RAW   X-Rate-Limit-Rules: Ip
16:28:21.747  RAW   X-Rate-Limit-Ip: 60:300:1800
16:28:21.747  RESP  POST /api/trade/search/Standard → 200  3.500s  delay=2.500 min_gap=0.000 last=1013.000
16:28:21.747  PRE   POST /api/trade/search/Standard  delay=2.500 min_gap=0.000 last=1013.000
16:28:21.747  ENF   delay=2.500 min_gap=0.000 jitter=2.000 gap=4.500 since_last=0.000 sleep=4.500
16:28:21.747  PARSE Ip 60:300:1800 → 1.500s/req pen=1800s (used=0)  delay 2.500→2.500  min_gap→0  max_usage=0%
16:28:21.747  RAW   X-Rate-Limit-Rules: Ip
16:28:21.747  RAW   X-Rate-Limit-Ip: 60:300:1800
16:28:21.747  RESP  POST /api/trade/search/Standard → 200  4.500s  delay=2.500 min_gap=0.000 last=1017.500
16:28:21.747  INIT  user_agent=test/0.1.0 delay=0.0 min_gap=1.0
16:28:21.747  PRE   POST /api/trade/search/Standard  delay=0.000 min_gap=1.000 last=1784644101.748
16:28:21.747  ENF   delay=0.000 min_gap=1.000 jitter=0.000 gap=1.000 since_last=0.000 sleep=1.000
16:28:22.747  PARSE Ip 60:300:1800 → 6.250s/req pen=1800s (used=30)  delay 0.000→7.250  min_gap→0  max_usage=50%
16:28:22.747  RAW   X-Rate-Limit-Rules: Ip
16:28:22.747  RAW   X-Rate-Limit-Ip: 60:300:1800
16:28:22.747  RAW   X-Rate-Limit-Ip-State: 30:300:0
16:28:22.747  RESP  POST /api/trade/search/Standard → 200  1.000s  delay=7.250 min_gap=0.000 last=1784644102.748
16:28:22.748  PRE   POST /api/trade/search/Standard  delay=7.250 min_gap=0.000 last=1784644102.748
16:28:22.748  ENF   delay=7.250 min_gap=0.000 jitter=0.000 gap=7.250 since_last=0.000 sleep=7.250
16:28:29.998  PARSE Ip 60:300:1800 → 2.875s/req pen=1800s (used=3)  delay 7.250→3.875  min_gap→0  max_usage=5%
16:28:29.998  RAW   X-Rate-Limit-Rules: Ip
16:28:29.998  RAW   X-Rate-Limit-Ip: 60:300:1800
16:28:29.998  RAW   X-Rate-Limit-Ip-State: 3:300:0
16:28:29.998  RESP  POST /api/trade/search/Standard → 200  7.250s  delay=3.875 min_gap=0.000 last=1784644109.998
16:28:29.998  INIT  user_agent=test/0.1.0 delay=0.0 min_gap=1.0
16:28:29.998  PRE   POST /api/trade/search/Standard  delay=0.000 min_gap=1.000 last=1784644109.998
16:28:29.998  ENF   delay=0.000 min_gap=1.000 jitter=0.000 gap=1.000 since_last=0.000 sleep=1.000
16:28:30.998  PARSE Ip 60:300:1800 → 1.500s/req pen=1800s (used=0)  delay 0.000→2.500  min_gap→0  max_usage=0%
16:28:30.998  RAW   X-Rate-Limit-Rules: Ip
16:28:30.998  RAW   X-Rate-Limit-Ip: 60:300:1800
16:28:30.998  RESP  POST /api/trade/search/Standard → 200  1.000s  delay=2.500 min_gap=0.000 last=1784644110.999
16:28:30.998  INIT  user_agent=test/0.1.0 delay=0.0 min_gap=1.0
16:28:30.999  PRE   POST /api/trade/search/Standard  delay=0.000 min_gap=1.000 last=1784644110.999
16:28:30.999  ENF   delay=0.000 min_gap=1.000 jitter=0.000 gap=1.000 since_last=0.000 sleep=1.000
16:28:30.999  RESP  POST /api/trade/search/Standard → 200  0.000s  delay=0.000 min_gap=1.000 last=1784644110.999
16:28:30.999  PRE   POST /api/trade/search/Standard  delay=0.000 min_gap=1.000 last=1784644110.999
16:28:30.999  ENF   delay=0.000 min_gap=1.000 jitter=0.000 gap=1.000 since_last=0.000 sleep=1.000
16:28:30.999  RESP  POST /api/trade/search/Standard → 200  0.000s  delay=0.000 min_gap=1.000 last=1784644110.999
16:28:30.999  INIT  user_agent=test/0.1.0 delay=0.0 min_gap=1.0
16:28:30.999  PRE   POST /api/trade/search/Standard  delay=0.000 min_gap=1.000 last=1784644110.999
16:28:30.999  ENF   delay=0.000 min_gap=1.000 jitter=0.000 gap=1.000 since_last=0.000 sleep=1.000
16:28:31.999  PARSE Account 3:5:60 → 0.500s/req pen=60s (used=0)  delay 0.000→1.500  min_gap→0  max_usage=0%
16:28:31.999  RAW   X-Rate-Limit-Rules: Account
16:28:31.999  RAW   X-Rate-Limit-Account: 3:5:60
16:28:31.999  RESP  POST /api/trade/search/Standard → 200  1.000s  delay=1.500 min_gap=0.000 last=1784644112.000
16:28:31.999  INIT  user_agent=test/0.1.0 delay=0.0 min_gap=1.0
16:28:31.999  PRE   POST /api/trade/search/Standard  delay=0.000 min_gap=1.000 last=1784644112.000
16:28:31.999  ENF   delay=0.000 min_gap=1.000 jitter=0.000 gap=1.000 since_last=0.000 sleep=1.000
16:28:32.999  PARSE Ip 60:300:1800 → 9.250s/req pen=1800s (used=54)  delay 0.000→10.250  min_gap→0  max_usage=90%
16:28:32.999  BACK  set 200s backoff at 90% usage
16:28:32.999  RAW   X-Rate-Limit-Rules: Ip
16:28:32.999  RAW   X-Rate-Limit-Ip: 60:300:1800
16:28:33.000  RAW   X-Rate-Limit-Ip-State: 54:300:0
16:28:33.000  RESP  POST /api/trade/search/Standard → 200  1.000s  delay=10.250 min_gap=0.000 last=1784644113.000
16:28:33.000  INIT  user_agent=test/0.1.0 delay=0.0 min_gap=1.0
16:28:33.000  LOCK  sleep=9999.000
16:28:33.000  ENF   delay=0.010 min_gap=1.000 jitter=0.000 gap=1.000 since_last=0.000 sleep=1.000
16:28:33.000  INIT  user_agent=test/0.1.0 delay=0.0 min_gap=1.0
16:28:33.000  PRE   POST /api/trade/search/Standard  delay=0.000 min_gap=1.000 last=1784644113.001
16:28:33.000  ENF   delay=0.000 min_gap=1.000 jitter=0.000 gap=1.000 since_last=0.000 sleep=1.000
16:28:34.000  PARSE Ip 60:300:1800 → 3.250s/req pen=1800s (used=6)  delay 0.000→4.250  min_gap→0  max_usage=10%
16:28:34.000  RAW   X-Rate-Limit-Rules: Ip
16:28:34.000  RAW   X-Rate-Limit-Ip: 60:300:1800
16:28:34.000  RAW   X-Rate-Limit-Ip-State: 6:300:0
16:28:34.001  RESP  POST /api/trade/search/Standard → 200  1.000s  delay=4.250 min_gap=0.000 last=1784644114.001
16:28:34.001  INIT  user_agent=test/0.1.0 delay=0.0 min_gap=1.0
16:28:34.001  PRE   POST /api/trade/search/Standard  delay=0.000 min_gap=1.000 last=1784644114.001
16:28:34.001  ENF   delay=0.000 min_gap=1.000 jitter=0.000 gap=1.000 since_last=0.000 sleep=1.000
16:28:35.001  PARSE Account 3:5:60 → 0.500s/req pen=60s (used=0)  delay 0.000→1.500  min_gap→0  max_usage=0%
16:28:35.001  RAW   X-Rate-Limit-Rules: Account
16:28:35.001  RAW   X-Rate-Limit-Account: 3:5:60
16:28:35.001  RESP  POST /api/trade/search/Standard → 200  1.000s  delay=1.500 min_gap=0.000 last=1784644115.001
16:28:35.001  INIT  user_agent=test/0.1.0 delay=0.0 min_gap=1.0
16:28:35.001  PRE   POST /api/trade/search/Standard  delay=0.000 min_gap=1.000 last=1784644115.002
16:28:35.001  ENF   delay=0.000 min_gap=1.000 jitter=0.000 gap=1.000 since_last=0.000 sleep=1.000
16:28:36.001  PARSE Ip 8:10:60 → 0.375s/req pen=60s (used=0); Ip 15:60:120 → 1.200s/req pen=120s (used=0); Ip 60:300:1800 → 1.500s/req pen=1800s (used=0)  delay 0.000→2.500  min_gap→0  max_usage=0%
16:28:36.001  RAW   X-Rate-Limit-Rules: Ip
16:28:36.001  RAW   X-Rate-Limit-Ip: 8:10:60,15:60:120,60:300:1800
16:28:36.001  RESP  POST /api/trade/search/Standard → 200  1.000s  delay=2.500 min_gap=0.000 last=1784644116.002
16:28:36.001  INIT  user_agent=test/0.1.0 delay=0.0 min_gap=1.0
16:28:36.002  PRE   POST /api/trade/search/Standard  delay=0.000 min_gap=1.000 last=1784644116.002
16:28:36.002  ENF   delay=0.000 min_gap=1.000 jitter=0.000 gap=1.000 since_last=0.000 sleep=1.000
16:28:37.002  PARSE Account 3:5:60 → 2.500s/req pen=60s (used=2); Ip 15:60:120 → 3.200s/req pen=120s (used=3)  delay 0.000→4.200  min_gap→0  max_usage=20%
16:28:37.002  RAW   X-Rate-Limit-Rules: Account,Ip
16:28:37.002  RAW   X-Rate-Limit-Account: 3:5:60
16:28:37.002  RAW   X-Rate-Limit-Account-State: 2:5:0
16:28:37.002  RAW   X-Rate-Limit-Ip: 15:60:120
16:28:37.002  RAW   X-Rate-Limit-Ip-State: 3:60:0
16:28:37.002  RESP  POST /api/trade/search/Standard → 200  1.000s  delay=4.200 min_gap=0.000 last=1784644117.002
16:28:37.002  INIT  user_agent=test/0.1.0 delay=0.0 min_gap=1.0
16:28:37.002  PRE   POST /api/trade/search/Standard  delay=0.000 min_gap=1.000 last=1784644117.002
16:28:37.002  ENF   delay=0.000 min_gap=1.000 jitter=0.000 gap=1.000 since_last=0.000 sleep=1.000
16:28:38.002  PARSE Account 3:5:60 → 0.500s/req pen=60s (used=0); Ip 60:300:1800 → 1.500s/req pen=1800s (used=0)  delay 0.000→2.500  min_gap→0  max_usage=0%
16:28:38.002  RAW   X-Rate-Limit-Rules: Account,Ip
16:28:38.002  RAW   X-Rate-Limit-Account: 3:5:60
16:28:38.002  RAW   X-Rate-Limit-Ip: 60:300:1800
16:28:38.002  RESP  POST /api/trade/search/Standard → 200  1.000s  delay=2.500 min_gap=0.000 last=1784644118.003
16:28:38.002  INIT  user_agent=test/0.1.0 delay=0.0 min_gap=1.0
16:28:38.002  PRE   POST /api/trade/search/Standard  delay=0.000 min_gap=1.000 last=1784644118.003
16:28:38.002  ENF   delay=0.000 min_gap=1.000 jitter=0.000 gap=1.000 since_last=0.000 sleep=1.000
16:28:39.002  RESP  POST /api/trade/search/Standard → 200  1.000s  delay=0.000 min_gap=1.000 last=1784644119.003
