10:48:17.352  INIT  user_agent=OAuth pypoe/0.1.0 (flipper) delay=0.0 min_gap=1.0
10:53:17.355  PRE   POST /api/trade/search/Mirage  delay=0.000 min_gap=1.000 last=1784623697.352
10:53:17.628  PARSE Account 3:5:60 → 1.667s/req pen=60s; Ip 8:10:60 → 1.250s/req pen=60s; Ip 15:60:120 → 4.000s/req pen=120s; Ip 60:300:1800 → 5.000s/req pen=1800s  delay 0.000→6.000  min_gap→0  max_usage=13%
10:53:17.628  RAW   content-type: application/json
10:53:17.628  RAW   x-rate-limit-policy: trade-search-request-limit
10:53:17.628  RAW   x-rate-limit-rules: Account,Ip
10:53:17.628  RAW   x-rate-limit-account: 3:5:60
10:53:17.628  RAW   x-rate-limit-account-state: 2:5:0
10:53:17.628  RAW   x-rate-limit-ip: 8:10:60,15:60:120,60:300:1800
10:53:17.628  RAW   x-rate-limit-ip-state: 2:10:0,2:60:0,2:300:0
10:53:17.628  RAW   cf-cache-status: DYNAMIC
10:53:17.628  RAW   cf-ray: a1e8f96f98032991-WAW
10:53:17.628  RESP  POST /api/trade/search/Mirage → 400  0.272s  delay=6.000 min_gap=0.000 last=1784623997.629
10:53:17.630  PRE   POST /api/trade/search/Mirage  delay=6.000 min_gap=0.000 last=1784623997.629
10:53:17.630  ENF   delay=6.000 min_gap=0.000 jitter=5.032 gap=11.032 since_last=0.002 sleep=11.031
10:53:28.912  PARSE Account 3:5:60 → 1.667s/req pen=60s; Ip 8:10:60 → 1.250s/req pen=60s; Ip 15:60:120 → 4.000s/req pen=120s; Ip 60:300:1800 → 5.000s/req pen=1800s  delay 6.000→6.000  min_gap→0  max_usage=27%
10:53:28.912  RAW   content-type: application/json
10:53:28.912  RAW   x-rate-limit-policy: trade-search-request-limit
10:53:28.912  RAW   x-rate-limit-rules: Account,Ip
10:53:28.912  RAW   x-rate-limit-account: 3:5:60
10:53:28.912  RAW   x-rate-limit-account-state: 2:5:0
10:53:28.912  RAW   x-rate-limit-ip: 8:10:60,15:60:120,60:300:1800
10:53:28.912  RAW   x-rate-limit-ip-state: 2:10:0,4:60:0,4:300:0
10:53:28.912  RAW   cf-cache-status: DYNAMIC
10:53:28.912  RAW   cf-ray: a1e8f9b62a4f2991-WAW
10:53:28.912  RESP  POST /api/trade/search/Mirage → 400  11.282s  delay=6.000 min_gap=0.000 last=1784624008.913
10:53:28.913  PRE   POST /api/trade/search/Mirage  delay=6.000 min_gap=0.000 last=1784624008.913
10:53:28.913  ENF   delay=6.000 min_gap=0.000 jitter=9.083 gap=15.083 since_last=0.001 sleep=15.082
10:53:44.251  PARSE Account 3:5:60 → 1.667s/req pen=60s; Ip 8:10:60 → 1.250s/req pen=60s; Ip 15:60:120 → 4.000s/req pen=120s; Ip 60:300:1800 → 5.000s/req pen=1800s  delay 6.000→6.000  min_gap→0  max_usage=40%
10:53:44.251  RAW   content-type: application/json
10:53:44.251  RAW   x-rate-limit-policy: trade-search-request-limit
10:53:44.251  RAW   x-rate-limit-rules: Account,Ip
10:53:44.251  RAW   x-rate-limit-account: 3:5:60
10:53:44.252  RAW   x-rate-limit-account-state: 2:5:0
10:53:44.252  RAW   x-rate-limit-ip: 8:10:60,15:60:120,60:300:1800
10:53:44.252  RAW   x-rate-limit-ip-state: 2:10:0,6:60:0,6:300:0
10:53:44.252  RAW   cf-cache-status: DYNAMIC
10:53:44.252  RAW   cf-ray: a1e8fa15fef82991-WAW
10:53:44.252  RESP  POST /api/trade/search/Mirage → 400  15.338s  delay=6.000 min_gap=0.000 last=1784624024.252
10:53:44.252  PRE   POST /api/trade/search/Mirage  delay=6.000 min_gap=0.000 last=1784624024.252
10:53:44.252  ENF   delay=6.000 min_gap=0.000 jitter=7.246 gap=13.246 since_last=0.001 sleep=13.245
10:53:57.754  PARSE Account 3:5:60 → 1.667s/req pen=60s; Ip 8:10:60 → 1.250s/req pen=60s; Ip 15:60:120 → 4.000s/req pen=120s; Ip 60:300:1800 → 5.000s/req pen=1800s  delay 6.000→6.000  min_gap→0  max_usage=47%
10:53:57.754  RAW   content-type: application/json
10:53:57.754  RAW   x-rate-limit-policy: trade-search-request-limit
10:53:57.754  RAW   x-rate-limit-rules: Account,Ip
10:53:57.754  RAW   x-rate-limit-account: 3:5:60
10:53:57.754  RAW   x-rate-limit-account-state: 1:5:0
10:53:57.754  RAW   x-rate-limit-ip: 8:10:60,15:60:120,60:300:1800
10:53:57.754  RAW   x-rate-limit-ip-state: 1:10:0,7:60:0,7:300:0
10:53:57.754  RAW   cf-cache-status: DYNAMIC
10:53:57.754  RAW   cf-ray: a1e8fa6a6e402991-WAW
10:53:57.754  RESP  POST /api/trade/search/Mirage → 400  13.501s  delay=6.000 min_gap=0.000 last=1784624037.755
10:54:17.357  PRE   POST /api/trade/search/Mirage  delay=6.000 min_gap=0.000 last=1784624037.755
10:54:17.619  PARSE Account 3:5:60 → 1.667s/req pen=60s; Ip 8:10:60 → 1.250s/req pen=60s; Ip 15:60:120 → 4.000s/req pen=120s; Ip 60:300:1800 → 5.000s/req pen=1800s  delay 6.000→6.000  min_gap→0  max_usage=47%
10:54:17.619  RAW   content-type: application/json
10:54:17.619  RAW   x-rate-limit-policy: trade-search-request-limit
10:54:17.619  RAW   x-rate-limit-rules: Account,Ip
10:54:17.619  RAW   x-rate-limit-account: 3:5:60
10:54:17.619  RAW   x-rate-limit-account-state: 2:5:0
10:54:17.619  RAW   x-rate-limit-ip: 8:10:60,15:60:120,60:300:1800
10:54:17.619  RAW   x-rate-limit-ip-state: 2:10:0,7:60:0,11:300:0
10:54:17.619  RAW   cf-cache-status: DYNAMIC
10:54:17.619  RAW   cf-ray: a1e8fae68c4f2991-WAW
10:54:17.619  RESP  POST /api/trade/search/Mirage → 400  0.262s  delay=6.000 min_gap=0.000 last=1784624057.619
10:54:17.620  PRE   POST /api/trade/search/Mirage  delay=6.000 min_gap=0.000 last=1784624057.619
10:54:17.620  ENF   delay=6.000 min_gap=0.000 jitter=5.593 gap=11.593 since_last=0.001 sleep=11.592
10:54:29.464  PARSE Account 3:5:60 → 1.667s/req pen=60s; Ip 8:10:60 → 1.250s/req pen=60s; Ip 15:60:120 → 4.000s/req pen=120s; Ip 60:300:1800 → 5.000s/req pen=1800s  delay 6.000→6.000  min_gap→0  max_usage=60%
10:54:29.464  RAW   content-type: application/json
10:54:29.464  RAW   x-rate-limit-policy: trade-search-request-limit
10:54:29.464  RAW   x-rate-limit-rules: Account,Ip
10:54:29.464  RAW   x-rate-limit-account: 3:5:60
10:54:29.464  RAW   x-rate-limit-account-state: 2:5:0
10:54:29.464  RAW   x-rate-limit-ip: 8:10:60,15:60:120,60:300:1800
10:54:29.464  RAW   x-rate-limit-ip-state: 2:10:0,9:60:0,13:300:0
10:54:29.464  RAW   cf-cache-status: DYNAMIC
10:54:29.464  RAW   cf-ray: a1e8fb3098f82991-WAW
10:54:29.464  RESP  POST /api/trade/search/Mirage → 400  11.844s  delay=6.000 min_gap=0.000 last=1784624069.465
10:54:29.465  PRE   POST /api/trade/search/Mirage  delay=6.000 min_gap=0.000 last=1784624069.465
10:54:29.465  ENF   delay=6.000 min_gap=0.000 jitter=6.144 gap=12.144 since_last=0.001 sleep=12.143
10:54:41.862  PARSE Account 3:5:60 → 1.667s/req pen=60s; Ip 8:10:60 → 1.250s/req pen=60s; Ip 15:60:120 → 4.000s/req pen=120s; Ip 60:300:1800 → 5.000s/req pen=1800s  delay 6.000→6.000  min_gap→0  max_usage=60%
10:54:41.862  RAW   content-type: application/json
10:54:41.862  RAW   x-rate-limit-policy: trade-search-request-limit
10:54:41.862  RAW   x-rate-limit-rules: Account,Ip
10:54:41.862  RAW   x-rate-limit-account: 3:5:60
10:54:41.862  RAW   x-rate-limit-account-state: 2:5:0
10:54:41.862  RAW   x-rate-limit-ip: 8:10:60,15:60:120,60:300:1800
10:54:41.862  RAW   x-rate-limit-ip-state: 2:10:0,9:60:0,15:300:0
10:54:41.862  RAW   cf-cache-status: DYNAMIC
10:54:41.862  RAW   cf-ray: a1e8fb7e1f7c2991-WAW
10:54:41.862  RESP  POST /api/trade/search/Mirage → 400  12.397s  delay=6.000 min_gap=0.000 last=1784624081.863
10:54:41.863  PRE   POST /api/trade/search/Mirage  delay=6.000 min_gap=0.000 last=1784624081.863
10:54:41.863  ENF   delay=6.000 min_gap=0.000 jitter=8.877 gap=14.877 since_last=0.001 sleep=14.877
10:54:56.989  PARSE Account 3:5:60 → 1.667s/req pen=60s; Ip 8:10:60 → 1.250s/req pen=60s; Ip 15:60:120 → 4.000s/req pen=120s; Ip 60:300:1800 → 5.000s/req pen=1800s  delay 6.000→6.000  min_gap→0  max_usage=60%
10:54:56.989  RAW   content-type: application/json
10:54:56.989  RAW   x-rate-limit-policy: trade-search-request-limit
10:54:56.989  RAW   x-rate-limit-rules: Account,Ip
10:54:56.989  RAW   x-rate-limit-account: 3:5:60
10:54:56.990  RAW   x-rate-limit-account-state: 2:5:0
10:54:56.990  RAW   x-rate-limit-ip: 8:10:60,15:60:120,60:300:1800
10:54:56.990  RAW   x-rate-limit-ip-state: 3:10:0,9:60:0,18:300:0
10:54:56.990  RAW   cf-cache-status: DYNAMIC
10:54:56.990  RAW   cf-ray: a1e8fbdca98a2991-WAW
10:54:56.990  RESP  POST /api/trade/search/Mirage → 400  15.126s  delay=6.000 min_gap=0.000 last=1784624096.990
10:54:56.990  PRE   POST /api/trade/search/Mirage  delay=6.000 min_gap=0.000 last=1784624096.990
10:54:56.990  ENF   delay=6.000 min_gap=0.000 jitter=8.866 gap=14.866 since_last=0.001 sleep=14.865
10:55:12.110  PARSE Account 3:5:60 → 1.667s/req pen=60s; Ip 8:10:60 → 1.250s/req pen=60s; Ip 15:60:120 → 4.000s/req pen=120s; Ip 60:300:1800 → 5.000s/req pen=1800s  delay 6.000→6.000  min_gap→0  max_usage=80%
10:55:12.110  BACK  set 10min backoff at 80% usage
10:55:12.110  RAW   content-type: application/json
10:55:12.110  RAW   x-rate-limit-policy: trade-search-request-limit
10:55:12.110  RAW   x-rate-limit-rules: Account,Ip
10:55:12.110  RAW   x-rate-limit-account: 3:5:60
10:55:12.110  RAW   x-rate-limit-account-state: 2:5:0
10:55:12.110  RAW   x-rate-limit-ip: 8:10:60,15:60:120,60:300:1800
10:55:12.110  RAW   x-rate-limit-ip-state: 2:10:0,12:60:0,21:300:0
10:55:12.111  RAW   cf-cache-status: DYNAMIC
10:55:12.111  RAW   cf-ray: a1e8fc3b1b3e2991-WAW
10:55:12.111  RESP  POST /api/trade/search/Mirage → 400  15.120s  delay=6.000 min_gap=0.000 last=1784624112.111
10:55:12.111  PRE   POST /api/trade/search/Mirage  delay=6.000 min_gap=0.000 last=1784624112.111
10:55:12.111  BACK  sleep=600.0
11:05:12.110  ENF   delay=6.000 min_gap=0.000 jitter=5.628 gap=11.628 since_last=0.001 sleep=11.627
11:05:24.017  PARSE Account 3:5:60 → 1.667s/req pen=60s; Ip 8:10:60 → 1.250s/req pen=60s; Ip 15:60:120 → 4.000s/req pen=120s; Ip 60:300:1800 → 5.000s/req pen=1800s  delay 6.000→6.000  min_gap→0  max_usage=20%
11:05:24.017  RAW   content-type: application/json
11:05:24.017  RAW   x-rate-limit-policy: trade-search-request-limit
11:05:24.017  RAW   x-rate-limit-rules: Account,Ip
11:05:24.017  RAW   x-rate-limit-account: 3:5:60
11:05:24.017  RAW   x-rate-limit-account-state: 2:5:0
11:05:24.017  RAW   x-rate-limit-ip: 8:10:60,15:60:120,60:300:1800
11:05:24.017  RAW   x-rate-limit-ip-state: 2:10:0,3:60:0,11:300:0
11:05:24.017  RAW   cf-cache-status: DYNAMIC
11:05:24.017  RAW   cf-ray: a1e90b2b8a43b2ae-WAW
11:05:24.017  RESP  POST /api/trade/search/Mirage → 400  611.906s  delay=6.000 min_gap=0.000 last=1784624724.018
11:05:24.019  PRE   POST /api/trade/search/Mirage  delay=6.000 min_gap=0.000 last=1784624724.018
11:05:24.019  ENF   delay=6.000 min_gap=0.000 jitter=5.263 gap=11.263 since_last=0.002 sleep=11.261
11:05:35.526  PARSE Account 3:5:60 → 1.667s/req pen=60s; Ip 8:10:60 → 1.250s/req pen=60s; Ip 15:60:120 → 4.000s/req pen=120s; Ip 60:300:1800 → 5.000s/req pen=1800s  delay 6.000→6.000  min_gap→0  max_usage=33%
11:05:35.527  RAW   content-type: application/json
11:05:35.527  RAW   x-rate-limit-policy: trade-search-request-limit
11:05:35.527  RAW   x-rate-limit-rules: Account,Ip
11:05:35.527  RAW   x-rate-limit-account: 3:5:60
11:05:35.527  RAW   x-rate-limit-account-state: 1:5:0
11:05:35.527  RAW   x-rate-limit-ip: 8:10:60,15:60:120,60:300:1800
11:05:35.527  RAW   x-rate-limit-ip-state: 1:10:0,5:60:0,13:300:0
11:05:35.527  RAW   cf-cache-status: DYNAMIC
11:05:35.527  RAW   cf-ray: a1e90b738efdb2ae-WAW
11:05:35.527  RESP  POST /api/trade/search/Mirage → 400  11.508s  delay=6.000 min_gap=0.000 last=1784624735.527
11:05:35.527  PRE   POST /api/trade/search/Mirage  delay=6.000 min_gap=0.000 last=1784624735.527
11:05:35.528  ENF   delay=6.000 min_gap=0.000 jitter=7.968 gap=13.968 since_last=0.001 sleep=13.967
11:05:49.748  PARSE Account 3:5:60 → 1.667s/req pen=60s; Ip 8:10:60 → 1.250s/req pen=60s; Ip 15:60:120 → 4.000s/req pen=120s; Ip 60:300:1800 → 5.000s/req pen=1800s  delay 6.000→6.000  min_gap→0  max_usage=53%
11:05:49.748  RAW   content-type: application/json
11:05:49.748  RAW   x-rate-limit-policy: trade-search-request-limit
11:05:49.748  RAW   x-rate-limit-rules: Account,Ip
11:05:49.748  RAW   x-rate-limit-account: 3:5:60
11:05:49.748  RAW   x-rate-limit-account-state: 3:5:0
11:05:49.748  RAW   x-rate-limit-ip: 8:10:60,15:60:120,60:300:1800
11:05:49.748  RAW   x-rate-limit-ip-state: 3:10:0,8:60:0,17:300:0
11:05:49.748  RAW   cf-cache-status: DYNAMIC
11:05:49.749  RAW   cf-ray: a1e90bcc5e81b2ae-WAW
11:05:49.749  RESP  POST /api/trade/search/Mirage → 400  14.221s  delay=6.000 min_gap=0.000 last=1784624749.749
11:05:49.749  PRE   POST /api/trade/search/Mirage  delay=6.000 min_gap=0.000 last=1784624749.749
11:05:49.749  ENF   delay=6.000 min_gap=0.000 jitter=8.034 gap=14.034 since_last=0.001 sleep=14.033
11:06:04.042  PARSE Account 3:5:60 → 1.667s/req pen=60s; Ip 8:10:60 → 1.250s/req pen=60s; Ip 15:60:120 → 4.000s/req pen=120s; Ip 60:300:1800 → 5.000s/req pen=1800s  delay 6.000→6.000  min_gap→0  max_usage=67%
11:06:04.042  RAW   content-type: application/json
11:06:04.042  RAW   x-rate-limit-policy: trade-search-request-limit
11:06:04.042  RAW   x-rate-limit-rules: Account,Ip
11:06:04.042  RAW   x-rate-limit-account: 3:5:60
11:06:04.042  RAW   x-rate-limit-account-state: 2:5:0
11:06:04.042  RAW   x-rate-limit-ip: 8:10:60,15:60:120,60:300:1800
11:06:04.042  RAW   x-rate-limit-ip-state: 2:10:0,10:60:0,17:300:0
11:06:04.042  RAW   cf-cache-status: DYNAMIC
11:06:04.042  RAW   cf-ray: a1e90c25a823b2ae-WAW
11:06:04.043  RESP  POST /api/trade/search/Mirage → 400  14.293s  delay=6.000 min_gap=0.000 last=1784624764.043
11:06:04.043  PRE   POST /api/trade/search/Mirage  delay=6.000 min_gap=0.000 last=1784624764.043
11:06:04.043  ENF   delay=6.000 min_gap=0.000 jitter=7.551 gap=13.551 since_last=0.001 sleep=13.550
11:06:17.843  PARSE Account 3:5:60 → 1.667s/req pen=60s; Ip 8:10:60 → 1.250s/req pen=60s; Ip 15:60:120 → 4.000s/req pen=120s; Ip 60:300:1800 → 5.000s/req pen=1800s  delay 6.000→6.000  min_gap→0  max_usage=60%
11:06:17.843  RAW   content-type: application/json
11:06:17.843  RAW   x-rate-limit-policy: trade-search-request-limit
11:06:17.843  RAW   x-rate-limit-rules: Account,Ip
11:06:17.843  RAW   x-rate-limit-account: 3:5:60
11:06:17.843  RAW   x-rate-limit-account-state: 2:5:0
11:06:17.843  RAW   x-rate-limit-ip: 8:10:60,15:60:120,60:300:1800
11:06:17.843  RAW   x-rate-limit-ip-state: 2:10:0,9:60:0,19:300:0
11:06:17.843  RAW   cf-cache-status: DYNAMIC
11:06:17.843  RAW   cf-ray: a1e90c7bfde0b2ae-WAW
11:06:17.843  RESP  POST /api/trade/search/Mirage → 400  13.800s  delay=6.000 min_gap=0.000 last=1784624777.844
11:06:17.844  PRE   POST /api/trade/search/Mirage  delay=6.000 min_gap=0.000 last=1784624777.844
11:06:17.844  ENF   delay=6.000 min_gap=0.000 jitter=6.823 gap=12.823 since_last=0.001 sleep=12.822
11:06:30.926  PARSE Account 3:5:60 → 1.667s/req pen=60s; Ip 8:10:60 → 1.250s/req pen=60s; Ip 15:60:120 → 4.000s/req pen=120s; Ip 60:300:1800 → 5.000s/req pen=1800s  delay 6.000→6.000  min_gap→0  max_usage=60%
11:06:30.926  RAW   content-type: application/json
11:06:30.926  RAW   x-rate-limit-policy: trade-search-request-limit
11:06:30.926  RAW   x-rate-limit-rules: Account,Ip
11:06:30.926  RAW   x-rate-limit-account: 3:5:60
11:06:30.926  RAW   x-rate-limit-account-state: 1:5:0
11:06:30.926  RAW   x-rate-limit-ip: 8:10:60,15:60:120,60:300:1800
11:06:30.926  RAW   x-rate-limit-ip-state: 1:10:0,9:60:0,21:300:0
11:06:30.926  RAW   cf-cache-status: DYNAMIC
11:06:30.926  RAW   cf-ray: a1e90ccdbb92b2ae-WAW
11:06:30.926  RESP  POST /api/trade/search/Mirage → 400  13.082s  delay=6.000 min_gap=0.000 last=1784624790.927
11:06:30.927  PRE   POST /api/trade/search/Mirage  delay=6.000 min_gap=0.000 last=1784624790.927
11:06:30.927  ENF   delay=6.000 min_gap=0.000 jitter=5.770 gap=11.770 since_last=0.001 sleep=11.769
11:06:42.951  PARSE Account 3:5:60 → 1.667s/req pen=60s; Ip 8:10:60 → 1.250s/req pen=60s; Ip 15:60:120 → 4.000s/req pen=120s; Ip 60:300:1800 → 5.000s/req pen=1800s  delay 6.000→6.000  min_gap→0  max_usage=73%
11:06:42.951  BACK  set 10min backoff at 73% usage
11:06:42.951  RAW   content-type: application/json
11:06:42.951  RAW   x-rate-limit-policy: trade-search-request-limit
11:06:42.951  RAW   x-rate-limit-rules: Account,Ip
11:06:42.951  RAW   x-rate-limit-account: 3:5:60
11:06:42.951  RAW   x-rate-limit-account-state: 1:5:0
11:06:42.951  RAW   x-rate-limit-ip: 8:10:60,15:60:120,60:300:1800
11:06:42.951  RAW   x-rate-limit-ip-state: 1:10:0,11:60:0,23:300:0
11:06:42.951  RAW   cf-cache-status: DYNAMIC
11:06:42.951  RAW   cf-ray: a1e90d18eb68b2ae-WAW
11:06:42.951  RESP  POST /api/trade/search/Mirage → 400  12.023s  delay=6.000 min_gap=0.000 last=1784624802.951
11:06:42.952  PRE   POST /api/trade/search/Mirage  delay=6.000 min_gap=0.000 last=1784624802.951
11:06:42.952  BACK  sleep=600.0
11:16:42.951  ENF   delay=6.000 min_gap=0.000 jitter=7.978 gap=13.978 since_last=0.001 sleep=13.977
11:16:57.214  PARSE Account 3:5:60 → 1.667s/req pen=60s; Ip 8:10:60 → 1.250s/req pen=60s; Ip 15:60:120 → 4.000s/req pen=120s; Ip 60:300:1800 → 5.000s/req pen=1800s  delay 6.000→6.000  min_gap→0  max_usage=40%
11:16:57.215  RAW   content-type: application/json
11:16:57.215  RAW   x-rate-limit-policy: trade-search-request-limit
11:16:57.215  RAW   x-rate-limit-rules: Account,Ip
11:16:57.215  RAW   x-rate-limit-account: 3:5:60
11:16:57.215  RAW   x-rate-limit-account-state: 2:5:0
11:16:57.215  RAW   x-rate-limit-ip: 8:10:60,15:60:120,60:300:1800
11:16:57.215  RAW   x-rate-limit-ip-state: 2:10:0,6:60:0,15:300:0
11:16:57.215  RAW   cf-cache-status: DYNAMIC
11:16:57.215  RAW   cf-ray: a1e91c1808d3ecb7-WAW
11:16:57.215  RESP  POST /api/trade/search/Mirage → 400  614.263s  delay=6.000 min_gap=0.000 last=1784625417.215
11:16:57.215  PRE   POST /api/trade/search/Mirage  delay=6.000 min_gap=0.000 last=1784625417.215
11:16:57.216  ENF   delay=6.000 min_gap=0.000 jitter=9.615 gap=15.615 since_last=0.001 sleep=15.614
11:17:13.080  PARSE Account 3:5:60 → 1.667s/req pen=60s; Ip 8:10:60 → 1.250s/req pen=60s; Ip 15:60:120 → 4.000s/req pen=120s; Ip 60:300:1800 → 5.000s/req pen=1800s  delay 6.000→6.000  min_gap→0  max_usage=53%
11:17:13.080  RAW   content-type: application/json
11:17:13.080  RAW   x-rate-limit-policy: trade-search-request-limit
11:17:13.080  RAW   x-rate-limit-rules: Account,Ip
11:17:13.080  RAW   x-rate-limit-account: 3:5:60
11:17:13.080  RAW   x-rate-limit-account-state: 2:5:0
11:17:13.080  RAW   x-rate-limit-ip: 8:10:60,15:60:120,60:300:1800
11:17:13.080  RAW   x-rate-limit-ip-state: 2:10:0,8:60:0,15:300:0
11:17:13.080  RAW   cf-cache-status: DYNAMIC
11:17:13.080  RAW   cf-ray: a1e91c7b3892ecb7-WAW
11:17:13.080  RESP  POST /api/trade/search/Mirage → 400  15.864s  delay=6.000 min_gap=0.000 last=1784625433.080
11:17:13.081  PRE   POST /api/trade/search/Mirage  delay=6.000 min_gap=0.000 last=1784625433.080
11:17:13.081  ENF   delay=6.000 min_gap=0.000 jitter=9.048 gap=15.048 since_last=0.001 sleep=15.047
11:17:28.381  PARSE Account 3:5:60 → 1.667s/req pen=60s; Ip 8:10:60 → 1.250s/req pen=60s; Ip 15:60:120 → 4.000s/req pen=120s; Ip 60:300:1800 → 5.000s/req pen=1800s  delay 6.000→6.000  min_gap→0  max_usage=60%
11:17:28.381  RAW   content-type: application/json
11:17:28.381  RAW   x-rate-limit-policy: trade-search-request-limit
11:17:28.381  RAW   x-rate-limit-rules: Account,Ip
11:17:28.381  RAW   x-rate-limit-account: 3:5:60
11:17:28.381  RAW   x-rate-limit-account-state: 1:5:0
11:17:28.381  RAW   x-rate-limit-ip: 8:10:60,15:60:120,60:300:1800
11:17:28.381  RAW   x-rate-limit-ip-state: 2:10:0,9:60:0,18:300:0
11:17:28.382  RAW   cf-cache-status: DYNAMIC
11:17:28.382  RAW   cf-ray: a1e91cdade56ecb7-WAW
11:17:28.382  RESP  POST /api/trade/search/Mirage → 400  15.301s  delay=6.000 min_gap=0.000 last=1784625448.382
11:17:28.382  PRE   POST /api/trade/search/Mirage  delay=6.000 min_gap=0.000 last=1784625448.382
11:17:28.382  ENF   delay=6.000 min_gap=0.000 jitter=9.004 gap=15.004 since_last=0.001 sleep=15.004
11:17:43.636  PARSE Account 3:5:60 → 1.667s/req pen=60s; Ip 8:10:60 → 1.250s/req pen=60s; Ip 15:60:120 → 4.000s/req pen=120s; Ip 60:300:1800 → 5.000s/req pen=1800s  delay 6.000→6.000  min_gap→0  max_usage=73%
11:17:43.636  BACK  set 10min backoff at 73% usage
11:17:43.636  RAW   content-type: application/json
11:17:43.636  RAW   x-rate-limit-policy: trade-search-request-limit
11:17:43.636  RAW   x-rate-limit-rules: Account,Ip
11:17:43.636  RAW   x-rate-limit-account: 3:5:60
11:17:43.636  RAW   x-rate-limit-account-state: 2:5:0
11:17:43.636  RAW   x-rate-limit-ip: 8:10:60,15:60:120,60:300:1800
11:17:43.636  RAW   x-rate-limit-ip-state: 3:10:0,11:60:0,21:300:0
11:17:43.636  RAW   cf-cache-status: DYNAMIC
11:17:43.636  RAW   cf-ray: a1e91d3a3ea9ecb7-WAW
11:17:43.636  RESP  POST /api/trade/search/Mirage → 400  15.253s  delay=6.000 min_gap=0.000 last=1784625463.637
11:17:43.637  PRE   POST /api/trade/search/Mirage  delay=6.000 min_gap=0.000 last=1784625463.637
11:17:43.637  BACK  sleep=600.0
11:27:43.636  ENF   delay=6.000 min_gap=0.000 jitter=7.809 gap=13.809 since_last=0.001 sleep=13.809
11:27:57.795  PARSE Account 3:5:60 → 1.667s/req pen=60s; Ip 8:10:60 → 1.250s/req pen=60s; Ip 15:60:120 → 4.000s/req pen=120s; Ip 60:300:1800 → 5.000s/req pen=1800s  delay 6.000→6.000  min_gap→0  max_usage=58%
11:27:57.795  RAW   content-type: application/json
11:27:57.795  RAW   x-rate-limit-policy: trade-search-request-limit
11:27:57.795  RAW   x-rate-limit-rules: Account,Ip
11:27:57.795  RAW   x-rate-limit-account: 3:5:60
11:27:57.795  RAW   x-rate-limit-account-state: 2:5:0
11:27:57.795  RAW   x-rate-limit-ip: 8:10:60,15:60:120,60:300:1800
11:27:57.795  RAW   x-rate-limit-ip-state: 2:10:0,7:60:0,35:300:0
11:27:57.795  RAW   cf-cache-status: DYNAMIC
11:27:57.795  RAW   cf-ray: a1e92c38a9c9d565-WAW
11:27:57.795  RESP  POST /api/trade/search/Mirage → 400  614.158s  delay=6.000 min_gap=0.000 last=1784626077.796
11:27:57.796  PRE   POST /api/trade/search/Mirage  delay=6.000 min_gap=0.000 last=1784626077.796
11:27:57.796  ENF   delay=6.000 min_gap=0.000 jitter=8.530 gap=14.530 since_last=0.001 sleep=14.529
11:28:12.581  PARSE Account 3:5:60 → 1.667s/req pen=60s; Ip 8:10:60 → 1.250s/req pen=60s; Ip 15:60:120 → 4.000s/req pen=120s; Ip 60:300:1800 → 5.000s/req pen=1800s  delay 6.000→6.000  min_gap→0  max_usage=60%
11:28:12.581  RAW   content-type: application/json
11:28:12.581  RAW   x-rate-limit-policy: trade-search-request-limit
11:28:12.581  RAW   x-rate-limit-rules: Account,Ip
11:28:12.581  RAW   x-rate-limit-account: 3:5:60
11:28:12.581  RAW   x-rate-limit-account-state: 2:5:0
11:28:12.581  RAW   x-rate-limit-ip: 8:10:60,15:60:120,60:300:1800
11:28:12.581  RAW   x-rate-limit-ip-state: 2:10:0,9:60:0,31:300:0
11:28:12.581  RAW   cf-cache-status: DYNAMIC
11:28:12.581  RAW   cf-ray: a1e92c950bc1d565-WAW
11:28:12.581  RESP  POST /api/trade/search/Mirage → 400  14.785s  delay=6.000 min_gap=0.000 last=1784626092.582
11:28:12.582  PRE   POST /api/trade/search/Mirage  delay=6.000 min_gap=0.000 last=1784626092.582
11:28:12.582  ENF   delay=6.000 min_gap=0.000 jitter=8.799 gap=14.799 since_last=0.001 sleep=14.798
11:28:27.664  PARSE Account 3:5:60 → 1.667s/req pen=60s; Ip 8:10:60 → 1.250s/req pen=60s; Ip 15:60:120 → 4.000s/req pen=120s; Ip 60:300:1800 → 5.000s/req pen=1800s  delay 6.000→6.000  min_gap→0  max_usage=60%
11:28:27.664  RAW   content-type: application/json
11:28:27.664  RAW   x-rate-limit-policy: trade-search-request-limit
11:28:27.664  RAW   x-rate-limit-rules: Account,Ip
11:28:27.664  RAW   x-rate-limit-account: 3:5:60
11:28:27.664  RAW   x-rate-limit-account-state: 1:5:0
11:28:27.664  RAW   x-rate-limit-ip: 8:10:60,15:60:120,60:300:1800
11:28:27.664  RAW   x-rate-limit-ip-state: 2:10:0,9:60:0,33:300:0
11:28:27.664  RAW   cf-cache-status: DYNAMIC
11:28:27.664  RAW   cf-ray: a1e92cf32dbcd565-WAW
11:28:27.664  RESP  POST /api/trade/search/Mirage → 400  15.081s  delay=6.000 min_gap=0.000 last=1784626107.664
11:28:27.665  PRE   POST /api/trade/search/Mirage  delay=6.000 min_gap=0.000 last=1784626107.664
11:28:27.665  ENF   delay=6.000 min_gap=0.000 jitter=8.136 gap=14.136 since_last=0.001 sleep=14.135
11:28:42.052  PARSE Account 3:5:60 → 1.667s/req pen=60s; Ip 8:10:60 → 1.250s/req pen=60s; Ip 15:60:120 → 4.000s/req pen=120s; Ip 60:300:1800 → 5.000s/req pen=1800s  delay 6.000→6.000  min_gap→0  max_usage=67%
11:28:42.053  RAW   content-type: application/json
11:28:42.053  RAW   x-rate-limit-policy: trade-search-request-limit
11:28:42.053  RAW   x-rate-limit-rules: Account,Ip
11:28:42.053  RAW   x-rate-limit-account: 3:5:60
11:28:42.053  RAW   x-rate-limit-account-state: 1:5:0
11:28:42.053  RAW   x-rate-limit-ip: 8:10:60,15:60:120,60:300:1800
11:28:42.053  RAW   x-rate-limit-ip-state: 1:10:0,10:60:0,35:300:0
11:28:42.053  RAW   cf-cache-status: DYNAMIC
11:28:42.053  RAW   cf-ray: a1e92d4d48d1d565-WAW
11:28:42.053  RESP  POST /api/trade/search/Mirage → 400  14.388s  delay=6.000 min_gap=0.000 last=1784626122.053
11:28:42.054  PRE   POST /api/trade/search/Mirage  delay=6.000 min_gap=0.000 last=1784626122.053
11:28:42.054  ENF   delay=6.000 min_gap=0.000 jitter=7.422 gap=13.422 since_last=0.001 sleep=13.421
11:28:55.734  PARSE Account 3:5:60 → 1.667s/req pen=60s; Ip 8:10:60 → 1.250s/req pen=60s; Ip 15:60:120 → 4.000s/req pen=120s; Ip 60:300:1800 → 5.000s/req pen=1800s  delay 6.000→6.000  min_gap→0  max_usage=67%
11:28:55.734  RAW   content-type: application/json
11:28:55.734  RAW   x-rate-limit-policy: trade-search-request-limit
11:28:55.734  RAW   x-rate-limit-rules: Account,Ip
11:28:55.734  RAW   x-rate-limit-account: 3:5:60
11:28:55.734  RAW   x-rate-limit-account-state: 1:5:0
11:28:55.734  RAW   x-rate-limit-ip: 8:10:60,15:60:120,60:300:1800
11:28:55.734  RAW   x-rate-limit-ip-state: 1:10:0,10:60:0,38:300:0
11:28:55.734  RAW   cf-cache-status: DYNAMIC
11:28:55.734  RAW   cf-ray: a1e92da2bc11d565-WAW
11:28:55.734  RESP  POST /api/trade/search/Mirage → 400  13.680s  delay=6.000 min_gap=0.000 last=1784626135.735
11:28:55.735  PRE   POST /api/trade/search/Mirage  delay=6.000 min_gap=0.000 last=1784626135.735
11:28:55.735  ENF   delay=6.000 min_gap=0.000 jitter=6.612 gap=12.612 since_last=0.001 sleep=12.611
11:29:08.607  PARSE Account 3:5:60 → 1.667s/req pen=60s; Ip 8:10:60 → 1.250s/req pen=60s; Ip 15:60:120 → 4.000s/req pen=120s; Ip 60:300:1800 → 5.000s/req pen=1800s  delay 6.000→6.000  min_gap→0  max_usage=55%
11:29:08.607  RAW   content-type: application/json
11:29:08.607  RAW   x-rate-limit-policy: trade-search-request-limit
11:29:08.607  RAW   x-rate-limit-rules: Account,Ip
11:29:08.607  RAW   x-rate-limit-account: 3:5:60
11:29:08.607  RAW   x-rate-limit-account-state: 1:5:0
11:29:08.607  RAW   x-rate-limit-ip: 8:10:60,15:60:120,60:300:1800
11:29:08.607  RAW   x-rate-limit-ip-state: 1:10:0,8:60:0,33:300:0
11:29:08.607  RAW   cf-cache-status: DYNAMIC
11:29:08.607  RAW   cf-ray: a1e92df33fc2d565-WAW
11:29:08.607  RESP  POST /api/trade/search/Mirage → 400  12.872s  delay=6.000 min_gap=0.000 last=1784626148.608
11:29:08.608  PRE   POST /api/trade/search/Mirage  delay=6.000 min_gap=0.000 last=1784626148.608
11:29:08.608  ENF   delay=6.000 min_gap=0.000 jitter=5.680 gap=11.680 since_last=0.001 sleep=11.680
11:29:20.539  PARSE Account 3:5:60 → 1.667s/req pen=60s; Ip 8:10:60 → 1.250s/req pen=60s; Ip 15:60:120 → 4.000s/req pen=120s; Ip 60:300:1800 → 5.000s/req pen=1800s  delay 6.000→6.000  min_gap→0  max_usage=58%
11:29:20.539  RAW   content-type: application/json
11:29:20.539  RAW   x-rate-limit-policy: trade-search-request-limit
11:29:20.539  RAW   x-rate-limit-rules: Account,Ip
11:29:20.539  RAW   x-rate-limit-account: 3:5:60
11:29:20.539  RAW   x-rate-limit-account-state: 1:5:0
11:29:20.539  RAW   x-rate-limit-ip: 8:10:60,15:60:120,60:300:1800
11:29:20.539  RAW   x-rate-limit-ip-state: 1:10:0,7:60:0,35:300:0
11:29:20.539  RAW   cf-cache-status: DYNAMIC
11:29:20.539  RAW   cf-ray: a1e92e3ddd17d565-WAW
11:29:20.539  RESP  POST /api/trade/search/Mirage → 400  11.931s  delay=6.000 min_gap=0.000 last=1784626160.540
11:29:20.540  PRE   POST /api/trade/search/Mirage  delay=6.000 min_gap=0.000 last=1784626160.540
11:29:20.540  ENF   delay=6.000 min_gap=0.000 jitter=8.137 gap=14.137 since_last=0.001 sleep=14.136
11:29:34.941  PARSE Account 3:5:60 → 1.667s/req pen=60s; Ip 8:10:60 → 1.250s/req pen=60s; Ip 15:60:120 → 4.000s/req pen=120s; Ip 60:300:1800 → 5.000s/req pen=1800s  delay 6.000→6.000  min_gap→0  max_usage=60%
11:29:34.941  RAW   content-type: application/json
11:29:34.941  RAW   x-rate-limit-policy: trade-search-request-limit
11:29:34.941  RAW   x-rate-limit-rules: Account,Ip
11:29:34.941  RAW   x-rate-limit-account: 3:5:60
11:29:34.941  RAW   x-rate-limit-account-state: 1:5:0
11:29:34.941  RAW   x-rate-limit-ip: 8:10:60,15:60:120,60:300:1800
11:29:34.941  RAW   x-rate-limit-ip-state: 1:10:0,6:60:0,36:300:0
11:29:34.941  RAW   cf-cache-status: DYNAMIC
11:29:34.941  RAW   cf-ray: a1e92e97ce39d565-WAW
11:29:34.941  RESP  POST /api/trade/search/Mirage → 400  14.401s  delay=6.000 min_gap=0.000 last=1784626174.942
11:29:34.942  PRE   POST /api/trade/search/Mirage  delay=6.000 min_gap=0.000 last=1784626174.942
11:29:34.942  ENF   delay=6.000 min_gap=0.000 jitter=5.643 gap=11.643 since_last=0.001 sleep=11.643
11:29:46.839  PARSE Account 3:5:60 → 1.667s/req pen=60s; Ip 8:10:60 → 1.250s/req pen=60s; Ip 15:60:120 → 4.000s/req pen=120s; Ip 60:300:1800 → 5.000s/req pen=1800s  delay 6.000→6.000  min_gap→0  max_usage=63%
11:29:46.839  RAW   content-type: application/json
11:29:46.839  RAW   x-rate-limit-policy: trade-search-request-limit
11:29:46.839  RAW   x-rate-limit-rules: Account,Ip
11:29:46.839  RAW   x-rate-limit-account: 3:5:60
11:29:46.839  RAW   x-rate-limit-account-state: 2:5:0
11:29:46.839  RAW   x-rate-limit-ip: 8:10:60,15:60:120,60:300:1800
11:29:46.839  RAW   x-rate-limit-ip-state: 2:10:0,6:60:0,38:300:0
11:29:46.839  RAW   cf-cache-status: DYNAMIC
11:29:46.839  RAW   cf-ray: a1e92ee2297fd565-WAW
11:29:46.839  RESP  POST /api/trade/search/Mirage → 400  11.897s  delay=6.000 min_gap=0.000 last=1784626186.840
11:29:46.840  PRE   POST /api/trade/search/Mirage  delay=6.000 min_gap=0.000 last=1784626186.840
11:29:46.840  ENF   delay=6.000 min_gap=0.000 jitter=7.478 gap=13.478 since_last=0.001 sleep=13.477
11:30:00.569  PARSE Account 3:5:60 → 1.667s/req pen=60s; Ip 8:10:60 → 1.250s/req pen=60s; Ip 15:60:120 → 4.000s/req pen=120s; Ip 60:300:1800 → 5.000s/req pen=1800s  delay 6.000→6.000  min_gap→0  max_usage=52%
11:30:00.570  RAW   content-type: application/json
11:30:00.570  RAW   x-rate-limit-policy: trade-search-request-limit
11:30:00.570  RAW   x-rate-limit-rules: Account,Ip
11:30:00.570  RAW   x-rate-limit-account: 3:5:60
11:30:00.570  RAW   x-rate-limit-account-state: 1:5:0
11:30:00.570  RAW   x-rate-limit-ip: 8:10:60,15:60:120,60:300:1800
11:30:00.570  RAW   x-rate-limit-ip-state: 1:10:0,5:60:0,31:300:0
11:30:00.570  RAW   cf-cache-status: DYNAMIC
11:30:00.570  RAW   cf-ray: a1e92f380eb2d565-WAW
11:30:00.570  RESP  POST /api/trade/search/Mirage → 400  13.729s  delay=6.000 min_gap=0.000 last=1784626200.570
11:30:00.570  PRE   POST /api/trade/search/Mirage  delay=6.000 min_gap=0.000 last=1784626200.570
11:30:00.570  ENF   delay=6.000 min_gap=0.000 jitter=6.565 gap=12.565 since_last=0.001 sleep=12.565
11:30:13.403  PARSE Account 3:5:60 → 1.667s/req pen=60s; Ip 8:10:60 → 1.250s/req pen=60s; Ip 15:60:120 → 4.000s/req pen=120s; Ip 60:300:1800 → 5.000s/req pen=1800s  delay 6.000→6.000  min_gap→0  max_usage=55%
11:30:13.403  RAW   content-type: application/json
11:30:13.403  RAW   x-rate-limit-policy: trade-search-request-limit
11:30:13.403  RAW   x-rate-limit-rules: Account,Ip
11:30:13.403  RAW   x-rate-limit-account: 3:5:60
11:30:13.403  RAW   x-rate-limit-account-state: 1:5:0
11:30:13.403  RAW   x-rate-limit-ip: 8:10:60,15:60:120,60:300:1800
11:30:13.403  RAW   x-rate-limit-ip-state: 2:10:0,7:60:0,33:300:0
11:30:13.403  RAW   cf-cache-status: DYNAMIC
11:30:13.403  RAW   cf-ray: a1e92f881c02d565-WAW
11:30:13.403  RESP  POST /api/trade/search/Mirage → 400  12.833s  delay=6.000 min_gap=0.000 last=1784626213.404
11:30:13.404  PRE   POST /api/trade/search/Mirage  delay=6.000 min_gap=0.000 last=1784626213.404
11:30:13.404  ENF   delay=6.000 min_gap=0.000 jitter=7.602 gap=13.602 since_last=0.001 sleep=13.601
11:30:27.258  PARSE Account 3:5:60 → 1.667s/req pen=60s; Ip 8:10:60 → 1.250s/req pen=60s; Ip 15:60:120 → 4.000s/req pen=120s; Ip 60:300:1800 → 5.000s/req pen=1800s  delay 6.000→6.000  min_gap→0  max_usage=57%
11:30:27.258  RAW   content-type: application/json
11:30:27.258  RAW   x-rate-limit-policy: trade-search-request-limit
11:30:27.258  RAW   x-rate-limit-rules: Account,Ip
11:30:27.258  RAW   x-rate-limit-account: 3:5:60
11:30:27.258  RAW   x-rate-limit-account-state: 1:5:0
11:30:27.259  RAW   x-rate-limit-ip: 8:10:60,15:60:120,60:300:1800
11:30:27.259  RAW   x-rate-limit-ip-state: 1:10:0,7:60:0,34:300:0
11:30:27.259  RAW   cf-cache-status: DYNAMIC
11:30:27.259  RAW   cf-ray: a1e92fdec83bd565-WAW
11:30:27.259  RESP  POST /api/trade/search/Mirage → 400  13.854s  delay=6.000 min_gap=0.000 last=1784626227.259
11:30:27.259  PRE   POST /api/trade/search/Mirage  delay=6.000 min_gap=0.000 last=1784626227.259
11:30:27.259  ENF   delay=6.000 min_gap=0.000 jitter=7.637 gap=13.637 since_last=0.001 sleep=13.636
11:30:41.159  PARSE Account 3:5:60 → 1.667s/req pen=60s; Ip 8:10:60 → 1.250s/req pen=60s; Ip 15:60:120 → 4.000s/req pen=120s; Ip 60:300:1800 → 5.000s/req pen=1800s  delay 6.000→6.000  min_gap→0  max_usage=60%
11:30:41.159  RAW   content-type: application/json
11:30:41.159  RAW   x-rate-limit-policy: trade-search-request-limit
11:30:41.159  RAW   x-rate-limit-rules: Account,Ip
11:30:41.159  RAW   x-rate-limit-account: 3:5:60
11:30:41.159  RAW   x-rate-limit-account-state: 1:5:0
11:30:41.159  RAW   x-rate-limit-ip: 8:10:60,15:60:120,60:300:1800
11:30:41.159  RAW   x-rate-limit-ip-state: 1:10:0,7:60:0,36:300:0
11:30:41.159  RAW   cf-cache-status: DYNAMIC
11:30:41.159  RAW   cf-ray: a1e93035af9cd565-WAW
11:30:41.159  RESP  POST /api/trade/search/Mirage → 400  13.900s  delay=6.000 min_gap=0.000 last=1784626241.160
11:30:41.160  PRE   POST /api/trade/search/Mirage  delay=6.000 min_gap=0.000 last=1784626241.160
11:30:41.160  ENF   delay=6.000 min_gap=0.000 jitter=8.044 gap=14.044 since_last=0.001 sleep=14.043
11:30:55.455  PARSE Account 3:5:60 → 1.667s/req pen=60s; Ip 8:10:60 → 1.250s/req pen=60s; Ip 15:60:120 → 4.000s/req pen=120s; Ip 60:300:1800 → 5.000s/req pen=1800s  delay 6.000→6.000  min_gap→0  max_usage=62%
11:30:55.455  RAW   content-type: application/json
11:30:55.455  RAW   x-rate-limit-policy: trade-search-request-limit
11:30:55.455  RAW   x-rate-limit-rules: Account,Ip
11:30:55.455  RAW   x-rate-limit-account: 3:5:60
11:30:55.455  RAW   x-rate-limit-account-state: 1:5:0
11:30:55.455  RAW   x-rate-limit-ip: 8:10:60,15:60:120,60:300:1800
11:30:55.455  RAW   x-rate-limit-ip-state: 1:10:0,7:60:0,37:300:0
11:30:55.455  RAW   cf-cache-status: DYNAMIC
11:30:55.455  RAW   cf-ray: a1e9308f0e26d565-WAW
11:30:55.455  RESP  POST /api/trade/search/Mirage → 400  14.295s  delay=6.000 min_gap=0.000 last=1784626255.456
11:30:55.456  PRE   POST /api/trade/search/Mirage  delay=6.000 min_gap=0.000 last=1784626255.456
11:30:55.456  ENF   delay=6.000 min_gap=0.000 jitter=6.632 gap=12.632 since_last=0.001 sleep=12.631
11:31:08.335  PARSE Account 3:5:60 → 1.667s/req pen=60s; Ip 8:10:60 → 1.250s/req pen=60s; Ip 15:60:120 → 4.000s/req pen=120s; Ip 60:300:1800 → 5.000s/req pen=1800s  delay 6.000→6.000  min_gap→0  max_usage=53%
11:31:08.335  RAW   content-type: application/json
11:31:08.335  RAW   x-rate-limit-policy: trade-search-request-limit
11:31:08.335  RAW   x-rate-limit-rules: Account,Ip
11:31:08.335  RAW   x-rate-limit-account: 3:5:60
11:31:08.335  RAW   x-rate-limit-account-state: 1:5:0
11:31:08.335  RAW   x-rate-limit-ip: 8:10:60,15:60:120,60:300:1800
11:31:08.335  RAW   x-rate-limit-ip-state: 1:10:0,6:60:0,32:300:0
11:31:08.335  RAW   cf-cache-status: DYNAMIC
11:31:08.335  RAW   cf-ray: a1e930df9cebd565-WAW
11:31:08.335  RESP  POST /api/trade/search/Mirage → 400  12.879s  delay=6.000 min_gap=0.000 last=1784626268.336
11:31:08.336  PRE   POST /api/trade/search/Mirage  delay=6.000 min_gap=0.000 last=1784626268.336
11:31:08.336  ENF   delay=6.000 min_gap=0.000 jitter=9.058 gap=15.058 since_last=0.001 sleep=15.058
11:31:23.645  PARSE Account 3:5:60 → 1.667s/req pen=60s; Ip 8:10:60 → 1.250s/req pen=60s; Ip 15:60:120 → 4.000s/req pen=120s; Ip 60:300:1800 → 5.000s/req pen=1800s  delay 6.000→6.000  min_gap→0  max_usage=55%
11:31:23.646  RAW   content-type: application/json
11:31:23.646  RAW   x-rate-limit-policy: trade-search-request-limit
11:31:23.646  RAW   x-rate-limit-rules: Account,Ip
11:31:23.646  RAW   x-rate-limit-account: 3:5:60
11:31:23.646  RAW   x-rate-limit-account-state: 1:5:0
11:31:23.646  RAW   x-rate-limit-ip: 8:10:60,15:60:120,60:300:1800
11:31:23.646  RAW   x-rate-limit-ip-state: 1:10:0,6:60:0,33:300:0
11:31:23.646  RAW   cf-cache-status: DYNAMIC
11:31:23.646  RAW   cf-ray: a1e9313f3907d565-WAW
11:31:23.646  RESP  POST /api/trade/search/Mirage → 400  15.309s  delay=6.000 min_gap=0.000 last=1784626283.646
11:31:23.647  PRE   POST /api/trade/search/Mirage  delay=6.000 min_gap=0.000 last=1784626283.646
11:31:23.647  ENF   delay=6.000 min_gap=0.000 jitter=8.860 gap=14.860 since_last=0.001 sleep=14.860
11:31:38.762  PARSE Account 3:5:60 → 1.667s/req pen=60s; Ip 8:10:60 → 1.250s/req pen=60s; Ip 15:60:120 → 4.000s/req pen=120s; Ip 60:300:1800 → 5.000s/req pen=1800s  delay 6.000→6.000  min_gap→0  max_usage=58%
11:31:38.762  RAW   content-type: application/json
11:31:38.762  RAW   x-rate-limit-policy: trade-search-request-limit
11:31:38.762  RAW   x-rate-limit-rules: Account,Ip
11:31:38.762  RAW   x-rate-limit-account: 3:5:60
11:31:38.762  RAW   x-rate-limit-account-state: 1:5:0
11:31:38.762  RAW   x-rate-limit-ip: 8:10:60,15:60:120,60:300:1800
11:31:38.762  RAW   x-rate-limit-ip-state: 1:10:0,6:60:0,35:300:0
11:31:38.762  RAW   cf-cache-status: DYNAMIC
11:31:38.763  RAW   cf-ray: a1e9319dbd99d565-WAW
11:31:38.763  RESP  POST /api/trade/search/Mirage → 400  15.116s  delay=6.000 min_gap=0.000 last=1784626298.763
11:31:38.763  PRE   POST /api/trade/search/Mirage  delay=6.000 min_gap=0.000 last=1784626298.763
11:31:38.763  ENF   delay=6.000 min_gap=0.000 jitter=9.546 gap=15.546 since_last=0.001 sleep=15.545
11:31:54.573  PARSE Account 3:5:60 → 1.667s/req pen=60s; Ip 8:10:60 → 1.250s/req pen=60s; Ip 15:60:120 → 4.000s/req pen=120s; Ip 60:300:1800 → 5.000s/req pen=1800s  delay 6.000→6.000  min_gap→0  max_usage=62%
11:31:54.573  RAW   content-type: application/json
11:31:54.573  RAW   x-rate-limit-policy: trade-search-request-limit
11:31:54.573  RAW   x-rate-limit-rules: Account,Ip
11:31:54.573  RAW   x-rate-limit-account: 3:5:60
11:31:54.573  RAW   x-rate-limit-account-state: 1:5:0
11:31:54.573  RAW   x-rate-limit-ip: 8:10:60,15:60:120,60:300:1800
11:31:54.573  RAW   x-rate-limit-ip-state: 1:10:0,6:60:0,37:300:0
11:31:54.573  RAW   cf-cache-status: DYNAMIC
11:31:54.573  RAW   cf-ray: a1e932007d70d565-WAW
11:31:54.573  RESP  POST /api/trade/search/Mirage → 400  15.810s  delay=6.000 min_gap=0.000 last=1784626314.574
11:31:54.574  PRE   POST /api/trade/search/Mirage  delay=6.000 min_gap=0.000 last=1784626314.574
11:31:54.574  ENF   delay=6.000 min_gap=0.000 jitter=8.895 gap=14.895 since_last=0.001 sleep=14.894
11:32:09.716  PARSE Account 3:5:60 → 1.667s/req pen=60s; Ip 8:10:60 → 1.250s/req pen=60s; Ip 15:60:120 → 4.000s/req pen=120s; Ip 60:300:1800 → 5.000s/req pen=1800s  delay 6.000→6.000  min_gap→0  max_usage=53%
11:32:09.716  RAW   content-type: application/json
11:32:09.716  RAW   x-rate-limit-policy: trade-search-request-limit
11:32:09.716  RAW   x-rate-limit-rules: Account,Ip
11:32:09.716  RAW   x-rate-limit-account: 3:5:60
11:32:09.716  RAW   x-rate-limit-account-state: 2:5:0
11:32:09.716  RAW   x-rate-limit-ip: 8:10:60,15:60:120,60:300:1800
11:32:09.716  RAW   x-rate-limit-ip-state: 2:10:0,7:60:0,32:300:0
11:32:09.716  RAW   cf-cache-status: DYNAMIC
11:32:09.716  RAW   cf-ray: a1e9325f3c2ad565-WAW
11:32:09.716  RESP  POST /api/trade/search/Mirage → 400  15.142s  delay=6.000 min_gap=0.000 last=1784626329.717
11:32:09.717  PRE   POST /api/trade/search/Mirage  delay=6.000 min_gap=0.000 last=1784626329.717
11:32:09.717  ENF   delay=6.000 min_gap=0.000 jitter=7.975 gap=13.975 since_last=0.001 sleep=13.974
11:32:23.940  PARSE Account 3:5:60 → 1.667s/req pen=60s; Ip 8:10:60 → 1.250s/req pen=60s; Ip 15:60:120 → 4.000s/req pen=120s; Ip 60:300:1800 → 5.000s/req pen=1800s  delay 6.000→6.000  min_gap→0  max_usage=55%
11:32:23.940  RAW   content-type: application/json
11:32:23.941  RAW   x-rate-limit-policy: trade-search-request-limit
11:32:23.941  RAW   x-rate-limit-rules: Account,Ip
11:32:23.941  RAW   x-rate-limit-account: 3:5:60
11:32:23.941  RAW   x-rate-limit-account-state: 1:5:0
11:32:23.941  RAW   x-rate-limit-ip: 8:10:60,15:60:120,60:300:1800
11:32:23.941  RAW   x-rate-limit-ip-state: 1:10:0,6:60:0,33:300:0
11:32:23.941  RAW   cf-cache-status: DYNAMIC
11:32:23.941  RAW   cf-ray: a1e932b81b21d565-WAW
11:32:23.941  RESP  POST /api/trade/search/Mirage → 400  14.223s  delay=6.000 min_gap=0.000 last=1784626343.941
11:32:23.941  PRE   POST /api/trade/search/Mirage  delay=6.000 min_gap=0.000 last=1784626343.941
11:32:23.942  ENF   delay=6.000 min_gap=0.000 jitter=9.569 gap=15.569 since_last=0.001 sleep=15.568
11:32:39.761  PARSE Account 3:5:60 → 1.667s/req pen=60s; Ip 8:10:60 → 1.250s/req pen=60s; Ip 15:60:120 → 4.000s/req pen=120s; Ip 60:300:1800 → 5.000s/req pen=1800s  delay 6.000→6.000  min_gap→0  max_usage=58%
11:32:39.761  RAW   content-type: application/json
11:32:39.761  RAW   x-rate-limit-policy: trade-search-request-limit
11:32:39.761  RAW   x-rate-limit-rules: Account,Ip
11:32:39.761  RAW   x-rate-limit-account: 3:5:60
11:32:39.761  RAW   x-rate-limit-account-state: 1:5:0
11:32:39.761  RAW   x-rate-limit-ip: 8:10:60,15:60:120,60:300:1800
11:32:39.761  RAW   x-rate-limit-ip-state: 2:10:0,6:60:0,35:300:0
11:32:39.761  RAW   cf-cache-status: DYNAMIC
11:32:39.761  RAW   cf-ray: a1e9331af946d565-WAW
11:32:39.761  RESP  POST /api/trade/search/Mirage → 400  15.819s  delay=6.000 min_gap=0.000 last=1784626359.762
11:32:39.762  PRE   POST /api/trade/search/Mirage  delay=6.000 min_gap=0.000 last=1784626359.762
11:32:39.762  ENF   delay=6.000 min_gap=0.000 jitter=7.481 gap=13.481 since_last=0.001 sleep=13.480
11:32:53.489  PARSE Account 3:5:60 → 1.667s/req pen=60s; Ip 8:10:60 → 1.250s/req pen=60s; Ip 15:60:120 → 4.000s/req pen=120s; Ip 60:300:1800 → 5.000s/req pen=1800s  delay 6.000→6.000  min_gap→0  max_usage=62%
11:32:53.489  RAW   content-type: application/json
11:32:53.489  RAW   x-rate-limit-policy: trade-search-request-limit
11:32:53.489  RAW   x-rate-limit-rules: Account,Ip
11:32:53.489  RAW   x-rate-limit-account: 3:5:60
11:32:53.489  RAW   x-rate-limit-account-state: 1:5:0
11:32:53.489  RAW   x-rate-limit-ip: 8:10:60,15:60:120,60:300:1800
11:32:53.489  RAW   x-rate-limit-ip-state: 2:10:0,7:60:0,37:300:0
11:32:53.489  RAW   cf-cache-status: DYNAMIC
11:32:53.489  RAW   cf-ray: a1e93370c821d565-WAW
11:32:53.489  RESP  POST /api/trade/search/Mirage → 400  13.727s  delay=6.000 min_gap=0.000 last=1784626373.490
11:32:53.490  PRE   POST /api/trade/search/Mirage  delay=6.000 min_gap=0.000 last=1784626373.490
11:32:53.490  ENF   delay=6.000 min_gap=0.000 jitter=6.573 gap=12.573 since_last=0.001 sleep=12.572
11:33:06.331  PARSE Account 3:5:60 → 1.667s/req pen=60s; Ip 8:10:60 → 1.250s/req pen=60s; Ip 15:60:120 → 4.000s/req pen=120s; Ip 60:300:1800 → 5.000s/req pen=1800s  delay 6.000→6.000  min_gap→0  max_usage=47%
11:33:06.331  RAW   content-type: application/json
11:33:06.331  RAW   x-rate-limit-policy: trade-search-request-limit
11:33:06.331  RAW   x-rate-limit-rules: Account,Ip
11:33:06.331  RAW   x-rate-limit-account: 3:5:60
11:33:06.331  RAW   x-rate-limit-account-state: 1:5:0
11:33:06.331  RAW   x-rate-limit-ip: 8:10:60,15:60:120,60:300:1800
11:33:06.331  RAW   x-rate-limit-ip-state: 1:10:0,6:60:0,28:300:0
11:33:06.331  RAW   cf-cache-status: DYNAMIC
11:33:06.331  RAW   cf-ray: a1e933c0eb99d565-WAW
11:33:06.331  RESP  POST /api/trade/search/Mirage → 400  12.840s  delay=6.000 min_gap=0.000 last=1784626386.331
11:33:06.332  PRE   POST /api/trade/search/Mirage  delay=6.000 min_gap=0.000 last=1784626386.331
11:33:06.332  ENF   delay=6.000 min_gap=0.000 jitter=5.728 gap=11.728 since_last=0.001 sleep=11.727
11:33:18.306  PARSE Account 3:5:60 → 1.667s/req pen=60s; Ip 8:10:60 → 1.250s/req pen=60s; Ip 15:60:120 → 4.000s/req pen=120s; Ip 60:300:1800 → 5.000s/req pen=1800s  delay 6.000→6.000  min_gap→0  max_usage=50%
11:33:18.306  RAW   content-type: application/json
11:33:18.306  RAW   x-rate-limit-policy: trade-search-request-limit
11:33:18.306  RAW   x-rate-limit-rules: Account,Ip
11:33:18.306  RAW   x-rate-limit-account: 3:5:60
11:33:18.306  RAW   x-rate-limit-account-state: 2:5:0
11:33:18.306  RAW   x-rate-limit-ip: 8:10:60,15:60:120,60:300:1800
11:33:18.306  RAW   x-rate-limit-ip-state: 2:10:0,7:60:0,30:300:0
11:33:18.306  RAW   cf-cache-status: DYNAMIC
11:33:18.306  RAW   cf-ray: a1e9340be904d565-WAW
11:33:18.306  RESP  POST /api/trade/search/Mirage → 400  11.975s  delay=6.000 min_gap=0.000 last=1784626398.307
11:33:18.307  PRE   POST /api/trade/search/Mirage  delay=6.000 min_gap=0.000 last=1784626398.307
11:33:18.307  ENF   delay=6.000 min_gap=0.000 jitter=7.900 gap=13.900 since_last=0.001 sleep=13.899
11:33:32.460  PARSE Account 3:5:60 → 1.667s/req pen=60s; Ip 8:10:60 → 1.250s/req pen=60s; Ip 15:60:120 → 4.000s/req pen=120s; Ip 60:300:1800 → 5.000s/req pen=1800s  delay 6.000→6.000  min_gap→0  max_usage=52%
11:33:32.460  RAW   content-type: application/json
11:33:32.460  RAW   x-rate-limit-policy: trade-search-request-limit
11:33:32.460  RAW   x-rate-limit-rules: Account,Ip
11:33:32.460  RAW   x-rate-limit-account: 3:5:60
11:33:32.460  RAW   x-rate-limit-account-state: 1:5:0
11:33:32.460  RAW   x-rate-limit-ip: 8:10:60,15:60:120,60:300:1800
11:33:32.460  RAW   x-rate-limit-ip-state: 1:10:0,6:60:0,31:300:0
11:33:32.460  RAW   cf-cache-status: DYNAMIC
11:33:32.460  RAW   cf-ray: a1e934645ab6d565-WAW
11:33:32.460  RESP  POST /api/trade/search/Mirage → 400  14.153s  delay=6.000 min_gap=0.000 last=1784626412.461
11:33:32.461  PRE   POST /api/trade/search/Mirage  delay=6.000 min_gap=0.000 last=1784626412.461
11:33:32.461  ENF   delay=6.000 min_gap=0.000 jitter=7.489 gap=13.489 since_last=0.001 sleep=13.488
11:33:46.206  PARSE Account 3:5:60 → 1.667s/req pen=60s; Ip 8:10:60 → 1.250s/req pen=60s; Ip 15:60:120 → 4.000s/req pen=120s; Ip 60:300:1800 → 5.000s/req pen=1800s  delay 6.000→6.000  min_gap→0  max_usage=55%
11:33:46.207  RAW   content-type: application/json
11:33:46.207  RAW   x-rate-limit-policy: trade-search-request-limit
11:33:46.207  RAW   x-rate-limit-rules: Account,Ip
11:33:46.207  RAW   x-rate-limit-account: 3:5:60
11:33:46.207  RAW   x-rate-limit-account-state: 1:5:0
11:33:46.207  RAW   x-rate-limit-ip: 8:10:60,15:60:120,60:300:1800
11:33:46.207  RAW   x-rate-limit-ip-state: 1:10:0,6:60:0,33:300:0
11:33:46.207  RAW   cf-cache-status: DYNAMIC
11:33:46.207  RAW   cf-ray: a1e934ba3a34d565-WAW
11:33:46.207  RESP  POST /api/trade/search/Mirage → 400  13.745s  delay=6.000 min_gap=0.000 last=1784626426.207
11:33:46.208  PRE   POST /api/trade/search/Mirage  delay=6.000 min_gap=0.000 last=1784626426.207
11:33:46.208  ENF   delay=6.000 min_gap=0.000 jitter=5.358 gap=11.358 since_last=0.001 sleep=11.358
11:33:57.818  PARSE Account 3:5:60 → 1.667s/req pen=60s; Ip 8:10:60 → 1.250s/req pen=60s; Ip 15:60:120 → 4.000s/req pen=120s; Ip 60:300:1800 → 5.000s/req pen=1800s  delay 6.000→6.000  min_gap→0  max_usage=57%
11:33:57.818  RAW   content-type: application/json
11:33:57.818  RAW   x-rate-limit-policy: trade-search-request-limit
11:33:57.818  RAW   x-rate-limit-rules: Account,Ip
11:33:57.818  RAW   x-rate-limit-account: 3:5:60
11:33:57.818  RAW   x-rate-limit-account-state: 1:5:0
11:33:57.818  RAW   x-rate-limit-ip: 8:10:60,15:60:120,60:300:1800
11:33:57.818  RAW   x-rate-limit-ip-state: 1:10:0,7:60:0,34:300:0
11:33:57.818  RAW   cf-cache-status: DYNAMIC
11:33:57.818  RAW   cf-ray: a1e93502cf67d565-WAW
11:33:57.818  RESP  POST /api/trade/search/Mirage → 400  11.610s  delay=6.000 min_gap=0.000 last=1784626437.819
11:33:57.819  PRE   POST /api/trade/search/Mirage  delay=6.000 min_gap=0.000 last=1784626437.819
11:33:57.819  ENF   delay=6.000 min_gap=0.000 jitter=8.957 gap=14.957 since_last=0.001 sleep=14.956
11:34:13.024  PARSE Account 3:5:60 → 1.667s/req pen=60s; Ip 8:10:60 → 1.250s/req pen=60s; Ip 15:60:120 → 4.000s/req pen=120s; Ip 60:300:1800 → 5.000s/req pen=1800s  delay 6.000→6.000  min_gap→0  max_usage=50%
11:34:13.025  RAW   content-type: application/json
11:34:13.025  RAW   x-rate-limit-policy: trade-search-request-limit
11:34:13.025  RAW   x-rate-limit-rules: Account,Ip
11:34:13.025  RAW   x-rate-limit-account: 3:5:60
11:34:13.025  RAW   x-rate-limit-account-state: 2:5:0
11:34:13.025  RAW   x-rate-limit-ip: 8:10:60,15:60:120,60:300:1800
11:34:13.025  RAW   x-rate-limit-ip-state: 2:10:0,7:60:0,30:300:0
11:34:13.025  RAW   cf-cache-status: DYNAMIC
11:34:13.025  RAW   cf-ray: a1e93561e834d565-WAW
11:34:13.025  RESP  POST /api/trade/search/Mirage → 400  15.205s  delay=6.000 min_gap=0.000 last=1784626453.025
11:34:13.026  PRE   POST /api/trade/search/Mirage  delay=6.000 min_gap=0.000 last=1784626453.025
11:34:13.026  ENF   delay=6.000 min_gap=0.000 jitter=9.064 gap=15.064 since_last=0.001 sleep=15.064
11:34:28.341  PARSE Account 3:5:60 → 1.667s/req pen=60s; Ip 8:10:60 → 1.250s/req pen=60s; Ip 15:60:120 → 4.000s/req pen=120s; Ip 60:300:1800 → 5.000s/req pen=1800s  delay 6.000→6.000  min_gap→0  max_usage=52%
11:34:28.341  RAW   content-type: application/json
11:34:28.341  RAW   x-rate-limit-policy: trade-search-request-limit
11:34:28.341  RAW   x-rate-limit-rules: Account,Ip
11:34:28.341  RAW   x-rate-limit-account: 3:5:60
11:34:28.341  RAW   x-rate-limit-account-state: 1:5:0
11:34:28.341  RAW   x-rate-limit-ip: 8:10:60,15:60:120,60:300:1800
11:34:28.341  RAW   x-rate-limit-ip-state: 1:10:0,7:60:0,31:300:0
11:34:28.341  RAW   cf-cache-status: DYNAMIC
11:34:28.342  RAW   cf-ray: a1e935c19f7dd565-WAW
11:34:28.342  RESP  POST /api/trade/search/Mirage → 400  15.316s  delay=6.000 min_gap=0.000 last=1784626468.342
11:34:28.342  PRE   POST /api/trade/search/Mirage  delay=6.000 min_gap=0.000 last=1784626468.342
11:34:28.342  ENF   delay=6.000 min_gap=0.000 jitter=8.571 gap=14.571 since_last=0.001 sleep=14.570
11:34:43.163  PARSE Account 3:5:60 → 1.667s/req pen=60s; Ip 8:10:60 → 1.250s/req pen=60s; Ip 15:60:120 → 4.000s/req pen=120s; Ip 60:300:1800 → 5.000s/req pen=1800s  delay 6.000→6.000  min_gap→0  max_usage=55%
11:34:43.164  RAW   content-type: application/json
11:34:43.164  RAW   x-rate-limit-policy: trade-search-request-limit
11:34:43.164  RAW   x-rate-limit-rules: Account,Ip
11:34:43.164  RAW   x-rate-limit-account: 3:5:60
11:34:43.164  RAW   x-rate-limit-account-state: 2:5:0
11:34:43.164  RAW   x-rate-limit-ip: 8:10:60,15:60:120,60:300:1800
11:34:43.164  RAW   x-rate-limit-ip-state: 2:10:0,7:60:0,33:300:0
11:34:43.164  RAW   cf-cache-status: DYNAMIC
11:34:43.164  RAW   cf-ray: a1e9361e3f82d565-WAW
11:34:43.164  RESP  POST /api/trade/search/Mirage → 400  14.821s  delay=6.000 min_gap=0.000 last=1784626483.164
11:34:43.164  PRE   POST /api/trade/search/Mirage  delay=6.000 min_gap=0.000 last=1784626483.164
11:34:43.165  ENF   delay=6.000 min_gap=0.000 jitter=6.496 gap=12.496 since_last=0.001 sleep=12.495
11:34:55.923  PARSE Account 3:5:60 → 1.667s/req pen=60s; Ip 8:10:60 → 1.250s/req pen=60s; Ip 15:60:120 → 4.000s/req pen=120s; Ip 60:300:1800 → 5.000s/req pen=1800s  delay 6.000→6.000  min_gap→0  max_usage=57%
11:34:55.923  RAW   content-type: application/json
11:34:55.923  RAW   x-rate-limit-policy: trade-search-request-limit
11:34:55.923  RAW   x-rate-limit-rules: Account,Ip
11:34:55.923  RAW   x-rate-limit-account: 3:5:60
11:34:55.923  RAW   x-rate-limit-account-state: 1:5:0
11:34:55.923  RAW   x-rate-limit-ip: 8:10:60,15:60:120,60:300:1800
11:34:55.923  RAW   x-rate-limit-ip-state: 1:10:0,6:60:0,34:300:0
11:34:55.923  RAW   cf-cache-status: DYNAMIC
11:34:55.923  RAW   cf-ray: a1e9366deaecd565-WAW
11:34:55.923  RESP  POST /api/trade/search/Mirage → 400  12.758s  delay=6.000 min_gap=0.000 last=1784626495.924
11:34:55.924  PRE   POST /api/trade/search/Mirage  delay=6.000 min_gap=0.000 last=1784626495.924
11:34:55.924  ENF   delay=6.000 min_gap=0.000 jitter=5.674 gap=11.674 since_last=0.001 sleep=11.673
11:35:07.846  PARSE Account 3:5:60 → 1.667s/req pen=60s; Ip 8:10:60 → 1.250s/req pen=60s; Ip 15:60:120 → 4.000s/req pen=120s; Ip 60:300:1800 → 5.000s/req pen=1800s  delay 6.000→6.000  min_gap→0  max_usage=45%
11:35:07.846  RAW   content-type: application/json
11:35:07.846  RAW   x-rate-limit-policy: trade-search-request-limit
11:35:07.846  RAW   x-rate-limit-rules: Account,Ip
11:35:07.846  RAW   x-rate-limit-account: 3:5:60
11:35:07.846  RAW   x-rate-limit-account-state: 1:5:0
11:35:07.846  RAW   x-rate-limit-ip: 8:10:60,15:60:120,60:300:1800
11:35:07.846  RAW   x-rate-limit-ip-state: 1:10:0,5:60:0,27:300:0
11:35:07.846  RAW   cf-cache-status: DYNAMIC
11:35:07.846  RAW   cf-ray: a1e936b88e50d565-WAW
11:35:07.846  RESP  POST /api/trade/search/Mirage → 400  11.922s  delay=6.000 min_gap=0.000 last=1784626507.847
11:35:07.847  PRE   POST /api/trade/search/Mirage  delay=6.000 min_gap=0.000 last=1784626507.847
11:35:07.847  ENF   delay=6.000 min_gap=0.000 jitter=8.916 gap=14.916 since_last=0.001 sleep=14.915
11:35:23.024  PARSE Account 3:5:60 → 1.667s/req pen=60s; Ip 8:10:60 → 1.250s/req pen=60s; Ip 15:60:120 → 4.000s/req pen=120s; Ip 60:300:1800 → 5.000s/req pen=1800s  delay 6.000→6.000  min_gap→0  max_usage=48%
11:35:23.024  RAW   content-type: application/json
11:35:23.024  RAW   x-rate-limit-policy: trade-search-request-limit
11:35:23.024  RAW   x-rate-limit-rules: Account,Ip
11:35:23.024  RAW   x-rate-limit-account: 3:5:60
11:35:23.024  RAW   x-rate-limit-account-state: 1:5:0
11:35:23.024  RAW   x-rate-limit-ip: 8:10:60,15:60:120,60:300:1800
11:35:23.024  RAW   x-rate-limit-ip-state: 1:10:0,6:60:0,29:300:0
11:35:23.024  RAW   cf-cache-status: DYNAMIC
11:35:23.024  RAW   cf-ray: a1e937174a35d565-WAW
11:35:23.024  RESP  POST /api/trade/search/Mirage → 400  15.177s  delay=6.000 min_gap=0.000 last=1784626523.024
11:35:23.025  PRE   POST /api/trade/search/Mirage  delay=6.000 min_gap=0.000 last=1784626523.025
11:35:23.025  ENF   delay=6.000 min_gap=0.000 jitter=5.368 gap=11.368 since_last=0.001 sleep=11.367
11:35:34.643  PARSE Account 3:5:60 → 1.667s/req pen=60s; Ip 8:10:60 → 1.250s/req pen=60s; Ip 15:60:120 → 4.000s/req pen=120s; Ip 60:300:1800 → 5.000s/req pen=1800s  delay 6.000→6.000  min_gap→0  max_usage=52%
11:35:34.643  RAW   content-type: application/json
11:35:34.643  RAW   x-rate-limit-policy: trade-search-request-limit
11:35:34.643  RAW   x-rate-limit-rules: Account,Ip
11:35:34.643  RAW   x-rate-limit-account: 3:5:60
11:35:34.643  RAW   x-rate-limit-account-state: 2:5:0
11:35:34.643  RAW   x-rate-limit-ip: 8:10:60,15:60:120,60:300:1800
11:35:34.643  RAW   x-rate-limit-ip-state: 2:10:0,6:60:0,31:300:0
11:35:34.643  RAW   cf-cache-status: DYNAMIC
11:35:34.643  RAW   cf-ray: a1e9375ffe12d565-WAW
11:35:34.643  RESP  POST /api/trade/search/Mirage → 400  11.618s  delay=6.000 min_gap=0.000 last=1784626534.644
11:35:34.644  PRE   POST /api/trade/search/Mirage  delay=6.000 min_gap=0.000 last=1784626534.644
11:35:34.644  ENF   delay=6.000 min_gap=0.000 jitter=7.463 gap=13.463 since_last=0.001 sleep=13.463
11:35:48.359  PARSE Account 3:5:60 → 1.667s/req pen=60s; Ip 8:10:60 → 1.250s/req pen=60s; Ip 15:60:120 → 4.000s/req pen=120s; Ip 60:300:1800 → 5.000s/req pen=1800s  delay 6.000→6.000  min_gap→0  max_usage=53%
11:35:48.359  RAW   content-type: application/json
11:35:48.359  RAW   x-rate-limit-policy: trade-search-request-limit
11:35:48.359  RAW   x-rate-limit-rules: Account,Ip
11:35:48.359  RAW   x-rate-limit-account: 3:5:60
11:35:48.359  RAW   x-rate-limit-account-state: 1:5:0
11:35:48.359  RAW   x-rate-limit-ip: 8:10:60,15:60:120,60:300:1800
11:35:48.359  RAW   x-rate-limit-ip-state: 1:10:0,6:60:0,32:300:0
11:35:48.359  RAW   cf-cache-status: DYNAMIC
11:35:48.359  RAW   cf-ray: a1e937b5b951d565-WAW
11:35:48.359  RESP  POST /api/trade/search/Mirage → 400  13.715s  delay=6.000 min_gap=0.000 last=1784626548.360
11:35:48.360  PRE   POST /api/trade/search/Mirage  delay=6.000 min_gap=0.000 last=1784626548.360
11:35:48.360  ENF   delay=6.000 min_gap=0.000 jitter=8.906 gap=14.906 since_last=0.001 sleep=14.905
11:36:03.517  PARSE Account 3:5:60 → 1.667s/req pen=60s; Ip 8:10:60 → 1.250s/req pen=60s; Ip 15:60:120 → 4.000s/req pen=120s; Ip 60:300:1800 → 5.000s/req pen=1800s  delay 6.000→6.000  min_gap→0  max_usage=47%
11:36:03.517  RAW   content-type: application/json
11:36:03.517  RAW   x-rate-limit-policy: trade-search-request-limit
11:36:03.517  RAW   x-rate-limit-rules: Account,Ip
11:36:03.517  RAW   x-rate-limit-account: 3:5:60
11:36:03.517  RAW   x-rate-limit-account-state: 2:5:0
11:36:03.517  RAW   x-rate-limit-ip: 8:10:60,15:60:120,60:300:1800
11:36:03.517  RAW   x-rate-limit-ip-state: 2:10:0,6:60:0,28:300:0
11:36:03.517  RAW   cf-cache-status: DYNAMIC
11:36:03.517  RAW   cf-ray: a1e938146830d565-WAW
11:36:03.517  RESP  POST /api/trade/search/Mirage → 400  15.157s  delay=6.000 min_gap=0.000 last=1784626563.518
11:36:03.518  PRE   POST /api/trade/search/Mirage  delay=6.000 min_gap=0.000 last=1784626563.518
11:36:03.518  ENF   delay=6.000 min_gap=0.000 jitter=5.037 gap=11.037 since_last=0.001 sleep=11.036
11:36:14.804  PARSE Account 3:5:60 → 1.667s/req pen=60s; Ip 8:10:60 → 1.250s/req pen=60s; Ip 15:60:120 → 4.000s/req pen=120s; Ip 60:300:1800 → 5.000s/req pen=1800s  delay 6.000→6.000  min_gap→0  max_usage=48%
11:36:14.804  RAW   content-type: application/json
11:36:14.804  RAW   x-rate-limit-policy: trade-search-request-limit
11:36:14.804  RAW   x-rate-limit-rules: Account,Ip
11:36:14.804  RAW   x-rate-limit-account: 3:5:60
11:36:14.804  RAW   x-rate-limit-account-state: 1:5:0
11:36:14.804  RAW   x-rate-limit-ip: 8:10:60,15:60:120,60:300:1800
11:36:14.804  RAW   x-rate-limit-ip-state: 1:10:0,7:60:0,29:300:0
11:36:14.804  RAW   cf-cache-status: DYNAMIC
11:36:14.804  RAW   cf-ray: a1e9385aff14d565-WAW
11:36:14.804  RESP  POST /api/trade/search/Mirage → 400  11.286s  delay=6.000 min_gap=0.000 last=1784626574.805
11:36:14.805  PRE   POST /api/trade/search/Mirage  delay=6.000 min_gap=0.000 last=1784626574.805
11:36:14.805  ENF   delay=6.000 min_gap=0.000 jitter=8.866 gap=14.866 since_last=0.001 sleep=14.865
11:36:29.926  PARSE Account 3:5:60 → 1.667s/req pen=60s; Ip 8:10:60 → 1.250s/req pen=60s; Ip 15:60:120 → 4.000s/req pen=120s; Ip 60:300:1800 → 5.000s/req pen=1800s  delay 6.000→6.000  min_gap→0  max_usage=53%
11:36:29.926  RAW   content-type: application/json
11:36:29.927  RAW   x-rate-limit-policy: trade-search-request-limit
11:36:29.927  RAW   x-rate-limit-rules: Account,Ip
11:36:29.927  RAW   x-rate-limit-account: 3:5:60
11:36:29.927  RAW   x-rate-limit-account-state: 2:5:0
11:36:29.927  RAW   x-rate-limit-ip: 8:10:60,15:60:120,60:300:1800
11:36:29.927  RAW   x-rate-limit-ip-state: 2:10:0,8:60:0,31:300:0
11:36:29.927  RAW   cf-cache-status: DYNAMIC
11:36:29.927  RAW   cf-ray: a1e938b97b28d565-WAW
11:36:29.927  RESP  POST /api/trade/search/Mirage → 400  15.121s  delay=6.000 min_gap=0.000 last=1784626589.927
11:36:29.927  PRE   POST /api/trade/search/Mirage  delay=6.000 min_gap=0.000 last=1784626589.927
11:36:29.928  ENF   delay=6.000 min_gap=0.000 jitter=9.179 gap=15.179 since_last=0.001 sleep=15.178
11:36:45.353  PARSE Account 3:5:60 → 1.667s/req pen=60s; Ip 8:10:60 → 1.250s/req pen=60s; Ip 15:60:120 → 4.000s/req pen=120s; Ip 60:300:1800 → 5.000s/req pen=1800s  delay 6.000→6.000  min_gap→0  max_usage=53%
11:36:45.354  RAW   content-type: application/json
11:36:45.354  RAW   x-rate-limit-policy: trade-search-request-limit
11:36:45.354  RAW   x-rate-limit-rules: Account,Ip
11:36:45.354  RAW   x-rate-limit-account: 3:5:60
11:36:45.354  RAW   x-rate-limit-account-state: 1:5:0
11:36:45.354  RAW   x-rate-limit-ip: 8:10:60,15:60:120,60:300:1800
11:36:45.354  RAW   x-rate-limit-ip-state: 1:10:0,6:60:0,32:300:0
11:36:45.354  RAW   cf-cache-status: DYNAMIC
11:36:45.354  RAW   cf-ray: a1e93919ec6bd565-WAW
11:36:45.354  RESP  POST /api/trade/search/Mirage → 400  15.426s  delay=6.000 min_gap=0.000 last=1784626605.354
11:36:45.354  PRE   POST /api/trade/search/Mirage  delay=6.000 min_gap=0.000 last=1784626605.354
11:36:45.354  ENF   delay=6.000 min_gap=0.000 jitter=7.354 gap=13.354 since_last=0.001 sleep=13.353
11:36:58.965  PARSE Account 3:5:60 → 1.667s/req pen=60s; Ip 8:10:60 → 1.250s/req pen=60s; Ip 15:60:120 → 4.000s/req pen=120s; Ip 60:300:1800 → 5.000s/req pen=1800s  delay 6.000→6.000  min_gap→0  max_usage=57%
11:36:58.965  RAW   content-type: application/json
11:36:58.965  RAW   x-rate-limit-policy: trade-search-request-limit
11:36:58.966  RAW   x-rate-limit-rules: Account,Ip
11:36:58.966  RAW   x-rate-limit-account: 3:5:60
11:36:58.966  RAW   x-rate-limit-account-state: 2:5:0
11:36:58.966  RAW   x-rate-limit-ip: 8:10:60,15:60:120,60:300:1800
11:36:58.966  RAW   x-rate-limit-ip-state: 2:10:0,8:60:0,34:300:0
11:36:58.966  RAW   cf-cache-status: DYNAMIC
11:36:58.966  RAW   cf-ray: a1e9396efc6dd565-WAW
11:36:58.966  RESP  POST /api/trade/search/Mirage → 400  13.611s  delay=6.000 min_gap=0.000 last=1784626618.966
11:36:58.966  PRE   POST /api/trade/search/Mirage  delay=6.000 min_gap=0.000 last=1784626618.966
11:36:58.967  ENF   delay=6.000 min_gap=0.000 jitter=5.836 gap=11.836 since_last=0.001 sleep=11.835
11:37:11.058  PARSE Account 3:5:60 → 1.667s/req pen=60s; Ip 8:10:60 → 1.250s/req pen=60s; Ip 15:60:120 → 4.000s/req pen=120s; Ip 60:300:1800 → 5.000s/req pen=1800s  delay 6.000→6.000  min_gap→0  max_usage=47%
11:37:11.058  RAW   content-type: application/json
11:37:11.058  RAW   x-rate-limit-policy: trade-search-request-limit
11:37:11.058  RAW   x-rate-limit-rules: Account,Ip
11:37:11.058  RAW   x-rate-limit-account: 3:5:60
11:37:11.058  RAW   x-rate-limit-account-state: 1:5:0
11:37:11.058  RAW   x-rate-limit-ip: 8:10:60,15:60:120,60:300:1800
11:37:11.058  RAW   x-rate-limit-ip-state: 1:10:0,6:60:0,28:300:0
11:37:11.058  RAW   cf-cache-status: DYNAMIC
11:37:11.058  RAW   cf-ray: a1e939ba889fd565-WAW
11:37:11.058  RESP  POST /api/trade/search/Mirage → 400  12.091s  delay=6.000 min_gap=0.000 last=1784626631.059
11:37:11.059  PRE   POST /api/trade/search/Mirage  delay=6.000 min_gap=0.000 last=1784626631.059
11:37:11.059  ENF   delay=6.000 min_gap=0.000 jitter=5.749 gap=11.749 since_last=0.001 sleep=11.748
11:37:23.071  PARSE Account 3:5:60 → 1.667s/req pen=60s; Ip 8:10:60 → 1.250s/req pen=60s; Ip 15:60:120 → 4.000s/req pen=120s; Ip 60:300:1800 → 5.000s/req pen=1800s  delay 6.000→6.000  min_gap→0  max_usage=50%
11:37:23.071  RAW   content-type: application/json
11:37:23.071  RAW   x-rate-limit-policy: trade-search-request-limit
11:37:23.071  RAW   x-rate-limit-rules: Account,Ip
11:37:23.071  RAW   x-rate-limit-account: 3:5:60
11:37:23.071  RAW   x-rate-limit-account-state: 2:5:0
11:37:23.071  RAW   x-rate-limit-ip: 8:10:60,15:60:120,60:300:1800
11:37:23.071  RAW   x-rate-limit-ip-state: 2:10:0,6:60:0,30:300:0
11:37:23.071  RAW   cf-cache-status: DYNAMIC
11:37:23.071  RAW   cf-ray: a1e93a059e8cd565-WAW
11:37:23.071  RESP  POST /api/trade/search/Mirage → 400  12.012s  delay=6.000 min_gap=0.000 last=1784626643.072
11:37:23.072  PRE   POST /api/trade/search/Mirage  delay=6.000 min_gap=0.000 last=1784626643.072
11:37:23.072  ENF   delay=6.000 min_gap=0.000 jitter=9.940 gap=15.940 since_last=0.001 sleep=15.939
11:37:39.279  PARSE Account 3:5:60 → 1.667s/req pen=60s; Ip 8:10:60 → 1.250s/req pen=60s; Ip 15:60:120 → 4.000s/req pen=120s; Ip 60:300:1800 → 5.000s/req pen=1800s  delay 6.000→6.000  min_gap→0  max_usage=52%
11:37:39.279  RAW   content-type: application/json
11:37:39.279  RAW   x-rate-limit-policy: trade-search-request-limit
11:37:39.279  RAW   x-rate-limit-rules: Account,Ip
11:37:39.279  RAW   x-rate-limit-account: 3:5:60
11:37:39.279  RAW   x-rate-limit-account-state: 1:5:0
11:37:39.279  RAW   x-rate-limit-ip: 8:10:60,15:60:120,60:300:1800
11:37:39.279  RAW   x-rate-limit-ip-state: 1:10:0,7:60:0,31:300:0
11:37:39.279  RAW   cf-cache-status: DYNAMIC
11:37:39.279  RAW   cf-ray: a1e93a6adcabd565-WAW
11:37:39.279  RESP  POST /api/trade/search/Mirage → 400  16.207s  delay=6.000 min_gap=0.000 last=1784626659.280
11:37:39.280  PRE   POST /api/trade/search/Mirage  delay=6.000 min_gap=0.000 last=1784626659.280
11:37:39.280  ENF   delay=6.000 min_gap=0.000 jitter=8.515 gap=14.515 since_last=0.001 sleep=14.514
11:37:54.049  PARSE Account 3:5:60 → 1.667s/req pen=60s; Ip 8:10:60 → 1.250s/req pen=60s; Ip 15:60:120 → 4.000s/req pen=120s; Ip 60:300:1800 → 5.000s/req pen=1800s  delay 6.000→6.000  min_gap→0  max_usage=55%
11:37:54.049  RAW   content-type: application/json
11:37:54.049  RAW   x-rate-limit-policy: trade-search-request-limit
11:37:54.049  RAW   x-rate-limit-rules: Account,Ip
11:37:54.049  RAW   x-rate-limit-account: 3:5:60
11:37:54.049  RAW   x-rate-limit-account-state: 2:5:0
11:37:54.049  RAW   x-rate-limit-ip: 8:10:60,15:60:120,60:300:1800
11:37:54.049  RAW   x-rate-limit-ip-state: 2:10:0,6:60:0,33:300:0
11:37:54.049  RAW   cf-cache-status: DYNAMIC
11:37:54.049  RAW   cf-ray: a1e93ac73bc5d565-WAW
11:37:54.049  RESP  POST /api/trade/search/Mirage → 400  14.769s  delay=6.000 min_gap=0.000 last=1784626674.050
11:37:54.050  PRE   POST /api/trade/search/Mirage  delay=6.000 min_gap=0.000 last=1784626674.050
11:37:54.050  ENF   delay=6.000 min_gap=0.000 jitter=7.459 gap=13.459 since_last=0.001 sleep=13.459
11:38:07.761  PARSE Account 3:5:60 → 1.667s/req pen=60s; Ip 8:10:60 → 1.250s/req pen=60s; Ip 15:60:120 → 4.000s/req pen=120s; Ip 60:300:1800 → 5.000s/req pen=1800s  delay 6.000→6.000  min_gap→0  max_usage=45%
11:38:07.761  RAW   content-type: application/json
11:38:07.761  RAW   x-rate-limit-policy: trade-search-request-limit
11:38:07.761  RAW   x-rate-limit-rules: Account,Ip
11:38:07.761  RAW   x-rate-limit-account: 3:5:60
11:38:07.761  RAW   x-rate-limit-account-state: 1:5:0
11:38:07.761  RAW   x-rate-limit-ip: 8:10:60,15:60:120,60:300:1800
11:38:07.761  RAW   x-rate-limit-ip-state: 1:10:0,6:60:0,27:300:0
11:38:07.761  RAW   cf-cache-status: DYNAMIC
11:38:07.761  RAW   cf-ray: a1e93b1cf8b9d565-WAW
11:38:07.761  RESP  POST /api/trade/search/Mirage → 400  13.711s  delay=6.000 min_gap=0.000 last=1784626687.762
11:38:07.762  PRE   POST /api/trade/search/Mirage  delay=6.000 min_gap=0.000 last=1784626687.762
11:38:07.762  ENF   delay=6.000 min_gap=0.000 jitter=6.711 gap=12.711 since_last=0.001 sleep=12.710
11:38:20.724  PARSE Account 3:5:60 → 1.667s/req pen=60s; Ip 8:10:60 → 1.250s/req pen=60s; Ip 15:60:120 → 4.000s/req pen=120s; Ip 60:300:1800 → 5.000s/req pen=1800s  delay 6.000→6.000  min_gap→0  max_usage=48%
11:38:20.724  RAW   content-type: application/json
11:38:20.724  RAW   x-rate-limit-policy: trade-search-request-limit
11:38:20.724  RAW   x-rate-limit-rules: Account,Ip
11:38:20.724  RAW   x-rate-limit-account: 3:5:60
11:38:20.724  RAW   x-rate-limit-account-state: 2:5:0
11:38:20.724  RAW   x-rate-limit-ip: 8:10:60,15:60:120,60:300:1800
11:38:20.724  RAW   x-rate-limit-ip-state: 2:10:0,6:60:0,29:300:0
11:38:20.724  RAW   cf-cache-status: DYNAMIC
11:38:20.724  RAW   cf-ray: a1e93b6dff01d565-WAW
11:38:20.724  RESP  POST /api/trade/search/Mirage → 400  12.962s  delay=6.000 min_gap=0.000 last=1784626700.725
11:38:20.725  PRE   POST /api/trade/search/Mirage  delay=6.000 min_gap=0.000 last=1784626700.725
11:38:20.725  ENF   delay=6.000 min_gap=0.000 jitter=8.373 gap=14.373 since_last=0.001 sleep=14.373
11:38:35.348  PARSE Account 3:5:60 → 1.667s/req pen=60s; Ip 8:10:60 → 1.250s/req pen=60s; Ip 15:60:120 → 4.000s/req pen=120s; Ip 60:300:1800 → 5.000s/req pen=1800s  delay 6.000→6.000  min_gap→0  max_usage=50%
11:38:35.348  RAW   content-type: application/json
11:38:35.348  RAW   x-rate-limit-policy: trade-search-request-limit
11:38:35.349  RAW   x-rate-limit-rules: Account,Ip
11:38:35.349  RAW   x-rate-limit-account: 3:5:60
11:38:35.349  RAW   x-rate-limit-account-state: 1:5:0
11:38:35.349  RAW   x-rate-limit-ip: 8:10:60,15:60:120,60:300:1800
11:38:35.349  RAW   x-rate-limit-ip-state: 1:10:0,6:60:0,30:300:0
11:38:35.349  RAW   cf-cache-status: DYNAMIC
11:38:35.349  RAW   cf-ray: a1e93bc96906d565-WAW
11:38:35.349  RESP  POST /api/trade/search/Mirage → 400  14.623s  delay=6.000 min_gap=0.000 last=1784626715.349
11:38:35.349  PRE   POST /api/trade/search/Mirage  delay=6.000 min_gap=0.000 last=1784626715.349
11:38:35.349  ENF   delay=6.000 min_gap=0.000 jitter=6.695 gap=12.695 since_last=0.001 sleep=12.694
11:38:48.299  PARSE Account 3:5:60 → 1.667s/req pen=60s; Ip 8:10:60 → 1.250s/req pen=60s; Ip 15:60:120 → 4.000s/req pen=120s; Ip 60:300:1800 → 5.000s/req pen=1800s  delay 6.000→6.000  min_gap→0  max_usage=53%
11:38:48.299  RAW   content-type: application/json
11:38:48.299  RAW   x-rate-limit-policy: trade-search-request-limit
11:38:48.299  RAW   x-rate-limit-rules: Account,Ip
11:38:48.299  RAW   x-rate-limit-account: 3:5:60
11:38:48.299  RAW   x-rate-limit-account-state: 2:5:0
11:38:48.299  RAW   x-rate-limit-ip: 8:10:60,15:60:120,60:300:1800
11:38:48.299  RAW   x-rate-limit-ip-state: 2:10:0,6:60:0,32:300:0
11:38:48.299  RAW   cf-cache-status: DYNAMIC
11:38:48.299  RAW   cf-ray: a1e93c1a4cb6d565-WAW
11:38:48.300  RESP  POST /api/trade/search/Mirage → 400  12.950s  delay=6.000 min_gap=0.000 last=1784626728.300
11:38:48.300  PRE   POST /api/trade/search/Mirage  delay=6.000 min_gap=0.000 last=1784626728.300
11:38:48.301  ENF   delay=6.000 min_gap=0.000 jitter=5.443 gap=11.443 since_last=0.001 sleep=11.442
11:38:59.991  PARSE Account 3:5:60 → 1.667s/req pen=60s; Ip 8:10:60 → 1.250s/req pen=60s; Ip 15:60:120 → 4.000s/req pen=120s; Ip 60:300:1800 → 5.000s/req pen=1800s  delay 6.000→6.000  min_gap→0  max_usage=57%
11:38:59.991  RAW   content-type: application/json
11:38:59.991  RAW   x-rate-limit-policy: trade-search-request-limit
11:38:59.991  RAW   x-rate-limit-rules: Account,Ip
11:38:59.991  RAW   x-rate-limit-account: 3:5:60
11:38:59.991  RAW   x-rate-limit-account-state: 2:5:0
11:38:59.991  RAW   x-rate-limit-ip: 8:10:60,15:60:120,60:300:1800
11:38:59.991  RAW   x-rate-limit-ip-state: 2:10:0,8:60:0,34:300:0
11:38:59.991  RAW   cf-cache-status: DYNAMIC
11:38:59.991  RAW   cf-ray: a1e93c636f63d565-WAW
11:38:59.991  RESP  POST /api/trade/search/Mirage → 400  11.690s  delay=6.000 min_gap=0.000 last=1784626739.992
11:38:59.992  PRE   POST /api/trade/search/Mirage  delay=6.000 min_gap=0.000 last=1784626739.992
11:38:59.992  ENF   delay=6.000 min_gap=0.000 jitter=8.330 gap=14.330 since_last=0.001 sleep=14.329
11:39:14.574  PARSE Account 3:5:60 → 1.667s/req pen=60s; Ip 8:10:60 → 1.250s/req pen=60s; Ip 15:60:120 → 4.000s/req pen=120s; Ip 60:300:1800 → 5.000s/req pen=1800s  delay 6.000→6.000  min_gap→0  max_usage=60%
11:39:14.574  RAW   content-type: application/json
11:39:14.574  RAW   x-rate-limit-policy: trade-search-request-limit
11:39:14.574  RAW   x-rate-limit-rules: Account,Ip
11:39:14.574  RAW   x-rate-limit-account: 3:5:60
11:39:14.574  RAW   x-rate-limit-account-state: 1:5:0
11:39:14.574  RAW   x-rate-limit-ip: 8:10:60,15:60:120,60:300:1800
11:39:14.574  RAW   x-rate-limit-ip-state: 2:10:0,9:60:0,30:300:0
11:39:14.574  RAW   cf-cache-status: DYNAMIC
11:39:14.574  RAW   cf-ray: a1e93cbe8deed565-WAW
11:39:14.574  RESP  POST /api/trade/search/Mirage → 400  14.581s  delay=6.000 min_gap=0.000 last=1784626754.574
11:39:14.575  PRE   POST /api/trade/search/Mirage  delay=6.000 min_gap=0.000 last=1784626754.574
11:39:14.575  ENF   delay=6.000 min_gap=0.000 jitter=7.759 gap=13.759 since_last=0.001 sleep=13.759
11:39:28.591  PARSE Account 3:5:60 → 1.667s/req pen=60s; Ip 8:10:60 → 1.250s/req pen=60s; Ip 15:60:120 → 4.000s/req pen=120s; Ip 60:300:1800 → 5.000s/req pen=1800s  delay 6.000→6.000  min_gap→0  max_usage=67%
11:39:28.591  RAW   content-type: application/json
11:39:28.592  RAW   x-rate-limit-policy: trade-search-request-limit
11:39:28.592  RAW   x-rate-limit-rules: Account,Ip
11:39:28.592  RAW   x-rate-limit-account: 3:5:60
11:39:28.592  RAW   x-rate-limit-account-state: 2:5:0
11:39:28.592  RAW   x-rate-limit-ip: 8:10:60,15:60:120,60:300:1800
11:39:28.592  RAW   x-rate-limit-ip-state: 2:10:0,10:60:0,33:300:0
11:39:28.592  RAW   cf-cache-status: DYNAMIC
11:39:28.592  RAW   cf-ray: a1e93d1619d8d565-WAW
11:39:28.592  RESP  POST /api/trade/search/Mirage → 400  14.017s  delay=6.000 min_gap=0.000 last=1784626768.592
11:39:28.592  PRE   POST /api/trade/search/Mirage  delay=6.000 min_gap=0.000 last=1784626768.592
11:39:28.592  ENF   delay=6.000 min_gap=0.000 jitter=6.324 gap=12.324 since_last=0.001 sleep=12.323
11:39:41.167  PARSE Account 3:5:60 → 1.667s/req pen=60s; Ip 8:10:60 → 1.250s/req pen=60s; Ip 15:60:120 → 4.000s/req pen=120s; Ip 60:300:1800 → 5.000s/req pen=1800s  delay 6.000→6.000  min_gap→0  max_usage=73%
11:39:41.167  BACK  set 10min backoff at 73% usage
11:39:41.167  RAW   content-type: application/json
11:39:41.167  RAW   x-rate-limit-policy: trade-search-request-limit
11:39:41.167  RAW   x-rate-limit-rules: Account,Ip
11:39:41.167  RAW   x-rate-limit-account: 3:5:60
11:39:41.167  RAW   x-rate-limit-account-state: 2:5:0
11:39:41.167  RAW   x-rate-limit-ip: 8:10:60,15:60:120,60:300:1800
11:39:41.167  RAW   x-rate-limit-ip-state: 2:10:0,11:60:0,35:300:0
11:39:41.167  RAW   cf-cache-status: DYNAMIC
11:39:41.167  RAW   cf-ray: a1e93d64bd38d565-WAW
11:39:41.167  RESP  POST /api/trade/search/Mirage → 400  12.574s  delay=6.000 min_gap=0.000 last=1784626781.168
11:39:41.168  PRE   POST /api/trade/search/Mirage  delay=6.000 min_gap=0.000 last=1784626781.168
11:39:41.168  BACK  sleep=600.0
