13:41:59.710  INIT  user_agent=test/0.1.0 delay=0.0 min_gap=1.0
13:41:59.710  PRE   POST /api/trade/search/Standard  delay=0.000 min_gap=1.000 last=1784634109.711
13:41:59.710  RESP  POST /api/trade/search/Standard → 429  0.000s  delay=0.000 min_gap=1.000 last=1784634119.711
13:41:59.710  BODY  req=(none)
13:41:59.711  BODY  resp=
13:41:59.711  !! 429 ! headers={'Server': 'cloudflare'}  state_delay=0.000 state_min_gap=1.000 state_last=1784634119.711
13:41:59.711  INIT  user_agent=test/0.1.0 delay=0.0 min_gap=1.0
13:41:59.711  PRE   POST /api/trade/search/Standard  delay=0.000 min_gap=1.000 last=1784634109.711
13:41:59.711  PARSE Account 1:5:60 → 1.500s/req pen=60s (used=0)  delay 0.000→2.500  min_gap→0  max_usage=0%
13:41:59.711  RAW   X-Rate-Limit-Rules: Account
13:41:59.711  RAW   X-Rate-Limit-Account: 1:5:60
13:41:59.711  RESP  POST /api/trade/search/Standard → 429  0.000s  delay=2.500 min_gap=0.000 last=1784634119.711
13:41:59.711  BODY  req=(none)
13:41:59.711  BODY  resp=
13:41:59.711  !! 429 ! headers={'X-Rate-Limit-Rules': 'Account', 'X-Rate-Limit-Account': '1:5:60'}  state_delay=2.500 state_min_gap=0.000 state_last=1784634119.711
13:41:59.711  INIT  user_agent=test/0.1.0 delay=0.0 min_gap=1.0
13:41:59.711  PRE   POST /api/trade/search/Standard  delay=0.000 min_gap=1.000 last=1784634119.711
13:41:59.711  ENF   delay=0.000 min_gap=1.000 jitter=0.000 gap=1.000 since_last=0.000 sleep=1.000
13:42:00.711  PARSE Account 1:1:1 → 0.300s/req pen=1s (used=0)  delay 0.000→1.300  min_gap→0  max_usage=0%
13:42:00.711  RAW   X-Rate-Limit-Rules: Account
13:42:00.711  RAW   X-Rate-Limit-Account: 1:1:1
13:42:00.711  RESP  POST /api/trade/search/Standard → 200  1.000s  delay=1.300 min_gap=0.000 last=1784634120.712
13:42:00.711  INIT  user_agent=test/0.1.0 delay=0.0 min_gap=1.0
13:42:00.712  PRE   POST /api/trade/search/Standard  delay=0.000 min_gap=1.000 last=1784634120.712
13:42:00.712  ENF   delay=0.000 min_gap=1.000 jitter=0.000 gap=1.000 since_last=0.000 sleep=1.000
13:42:00.712  PARSE Account 3:5:60 → 0.500s/req pen=60s (used=0)  delay 0.000→1.500  min_gap→0  max_usage=0%
13:42:00.712  RAW   X-Rate-Limit-Rules: Account
13:42:00.712  RAW   X-Rate-Limit-Account: 3:5:60
13:42:00.712  RESP  POST /api/trade/search/Standard → 200  0.000s  delay=1.500 min_gap=0.000 last=1784634120.712
13:42:00.712  PRE   GET /api/trade/fetch/a  delay=1.500 min_gap=0.000 last=1784634120.712
13:42:00.712  ENF   delay=1.500 min_gap=0.000 jitter=0.000 gap=1.500 since_last=0.000 sleep=1.500
13:42:00.712  PARSE Account 3:5:60 → 0.500s/req pen=60s (used=0)  delay 1.500→1.500  min_gap→0  max_usage=0%
13:42:00.712  RAW   X-Rate-Limit-Rules: Account
13:42:00.712  RAW   X-Rate-Limit-Account: 3:5:60
13:42:00.712  RESP  GET /api/trade/fetch/a → 200  0.000s  delay=1.500 min_gap=0.000 last=1784634120.712
13:42:00.712  INIT  user_agent=test/0.1.0 delay=0.0 min_gap=1.0
13:42:00.712  PRE   POST /api/trade/search/Standard  delay=0.000 min_gap=1.000 last=990.000
13:42:00.712  RESP  POST /api/trade/search/Standard → 200  0.000s  delay=0.000 min_gap=1.000 last=1000.000
13:42:00.712  PRE   POST /api/trade/search/Standard  delay=0.000 min_gap=1.000 last=1000.000
13:42:00.712  ENF   delay=0.000 min_gap=1.000 jitter=2.000 gap=3.000 since_last=0.000 sleep=3.000
13:42:00.712  RESP  POST /api/trade/search/Standard → 200  3.000s  delay=0.000 min_gap=1.000 last=1003.000
13:42:00.712  PRE   POST /api/trade/search/Standard  delay=0.000 min_gap=1.000 last=1003.000
13:42:00.712  ENF   delay=0.000 min_gap=1.000 jitter=2.000 gap=3.000 since_last=0.000 sleep=3.000
13:42:00.712  PARSE Account 3:5:60 → 0.500s/req pen=60s (used=0)  delay 0.000→1.500  min_gap→0  max_usage=0%
13:42:00.712  RAW   X-Rate-Limit-Rules: Account
13:42:00.712  RAW   X-Rate-Limit-Account: 3:5:60
13:42:00.712  RESP  POST /api/trade/search/Standard → 200  3.000s  delay=1.500 min_gap=0.000 last=1006.000
13:42:00.712  PRE   POST /api/trade/search/Standard  delay=1.500 min_gap=0.000 last=1006.000
13:42:00.712  ENF   delay=1.500 min_gap=0.000 jitter=2.000 gap=3.500 since_last=0.000 sleep=3.500
13:42:00.712  PARSE Account 3:5:60 → 0.500s/req pen=60s (used=0)  delay 1.500→1.500  min_gap→0  max_usage=0%
13:42:00.712  RAW   X-Rate-Limit-Rules: Account
13:42:00.712  RAW   X-Rate-Limit-Account: 3:5:60
13:42:00.712  RESP  POST /api/trade/search/Standard → 200  3.500s  delay=1.500 min_gap=0.000 last=1009.500
13:42:00.712  PRE   POST /api/trade/search/Standard  delay=1.500 min_gap=0.000 last=1009.500
13:42:00.712  ENF   delay=1.500 min_gap=0.000 jitter=2.000 gap=3.500 since_last=0.000 sleep=3.500
13:42:00.712  PARSE Ip 60:300:1800 → 1.500s/req pen=1800s (used=0)  delay 1.500→2.500  min_gap→0  max_usage=0%
13:42:00.712  RAW   X-Rate-Limit-Rules: Ip
13:42:00.712  RAW   X-Rate-Limit-Ip: 60:300:1800
13:42:00.712  RESP  POST /api/trade/search/Standard → 200  3.500s  delay=2.500 min_gap=0.000 last=1013.000
13:42:00.713  PRE   POST /api/trade/search/Standard  delay=2.500 min_gap=0.000 last=1013.000
13:42:00.713  ENF   delay=2.500 min_gap=0.000 jitter=2.000 gap=4.500 since_last=0.000 sleep=4.500
13:42:00.713  PARSE Ip 60:300:1800 → 1.500s/req pen=1800s (used=0)  delay 2.500→2.500  min_gap→0  max_usage=0%
13:42:00.713  RAW   X-Rate-Limit-Rules: Ip
13:42:00.713  RAW   X-Rate-Limit-Ip: 60:300:1800
13:42:00.713  RESP  POST /api/trade/search/Standard → 200  4.500s  delay=2.500 min_gap=0.000 last=1017.500
13:42:00.713  INIT  user_agent=test/0.1.0 delay=0.0 min_gap=1.0
13:42:00.713  PRE   POST /api/trade/search/Standard  delay=0.000 min_gap=1.000 last=1784634120.713
13:42:00.713  ENF   delay=0.000 min_gap=1.000 jitter=0.000 gap=1.000 since_last=0.000 sleep=1.000
13:42:01.713  PARSE Ip 60:300:1800 → 6.250s/req pen=1800s (used=30)  delay 0.000→7.250  min_gap→0  max_usage=50%
13:42:01.713  RAW   X-Rate-Limit-Rules: Ip
13:42:01.713  RAW   X-Rate-Limit-Ip: 60:300:1800
13:42:01.713  RAW   X-Rate-Limit-Ip-State: 30:300:0
13:42:01.713  RESP  POST /api/trade/search/Standard → 200  1.000s  delay=7.250 min_gap=0.000 last=1784634121.713
13:42:01.713  PRE   POST /api/trade/search/Standard  delay=7.250 min_gap=0.000 last=1784634121.713
13:42:01.713  ENF   delay=7.250 min_gap=0.000 jitter=0.000 gap=7.250 since_last=0.000 sleep=7.250
13:42:08.963  PARSE Ip 60:300:1800 → 2.875s/req pen=1800s (used=3)  delay 7.250→3.875  min_gap→0  max_usage=5%
13:42:08.963  RAW   X-Rate-Limit-Rules: Ip
13:42:08.963  RAW   X-Rate-Limit-Ip: 60:300:1800
13:42:08.963  RAW   X-Rate-Limit-Ip-State: 3:300:0
13:42:08.963  RESP  POST /api/trade/search/Standard → 200  7.250s  delay=3.875 min_gap=0.000 last=1784634128.964
13:42:08.963  INIT  user_agent=test/0.1.0 delay=0.0 min_gap=1.0
13:42:08.963  PRE   POST /api/trade/search/Standard  delay=0.000 min_gap=1.000 last=1784634128.964
13:42:08.963  ENF   delay=0.000 min_gap=1.000 jitter=0.000 gap=1.000 since_last=0.000 sleep=1.000
13:42:09.963  PARSE Ip 60:300:1800 → 1.500s/req pen=1800s (used=0)  delay 0.000→2.500  min_gap→0  max_usage=0%
13:42:09.964  RAW   X-Rate-Limit-Rules: Ip
13:42:09.964  RAW   X-Rate-Limit-Ip: 60:300:1800
13:42:09.964  RESP  POST /api/trade/search/Standard → 200  1.000s  delay=2.500 min_gap=0.000 last=1784634129.964
13:42:09.964  INIT  user_agent=test/0.1.0 delay=0.0 min_gap=1.0
13:42:09.964  PRE   POST /api/trade/search/Standard  delay=0.000 min_gap=1.000 last=1784634129.964
13:42:09.964  ENF   delay=0.000 min_gap=1.000 jitter=0.000 gap=1.000 since_last=0.000 sleep=1.000
13:42:09.964  RESP  POST /api/trade/search/Standard → 200  0.000s  delay=0.000 min_gap=1.000 last=1784634129.965
13:42:09.964  PRE   POST /api/trade/search/Standard  delay=0.000 min_gap=1.000 last=1784634129.965
13:42:09.964  ENF   delay=0.000 min_gap=1.000 jitter=0.000 gap=1.000 since_last=0.000 sleep=1.000
13:42:09.964  RESP  POST /api/trade/search/Standard → 200  0.000s  delay=0.000 min_gap=1.000 last=1784634129.965
13:42:09.964  INIT  user_agent=test/0.1.0 delay=0.0 min_gap=1.0
13:42:09.964  PRE   POST /api/trade/search/Standard  delay=0.000 min_gap=1.000 last=1784634129.965
13:42:09.964  ENF   delay=0.000 min_gap=1.000 jitter=0.000 gap=1.000 since_last=0.000 sleep=1.000
13:42:10.964  PARSE Account 3:5:60 → 0.500s/req pen=60s (used=0)  delay 0.000→1.500  min_gap→0  max_usage=0%
13:42:10.965  RAW   X-Rate-Limit-Rules: Account
13:42:10.965  RAW   X-Rate-Limit-Account: 3:5:60
13:42:10.965  RESP  POST /api/trade/search/Standard → 200  1.000s  delay=1.500 min_gap=0.000 last=1784634130.965
13:42:10.965  INIT  user_agent=test/0.1.0 delay=0.0 min_gap=1.0
13:42:10.965  PRE   POST /api/trade/search/Standard  delay=0.000 min_gap=1.000 last=1784634130.965
13:42:10.965  ENF   delay=0.000 min_gap=1.000 jitter=0.000 gap=1.000 since_last=0.000 sleep=1.000
13:42:11.965  PARSE Ip 60:300:1800 → 9.250s/req pen=1800s (used=54)  delay 0.000→10.250  min_gap→0  max_usage=90%
13:42:11.965  BACK  set 200s backoff at 90% usage
13:42:11.965  RAW   X-Rate-Limit-Rules: Ip
13:42:11.965  RAW   X-Rate-Limit-Ip: 60:300:1800
13:42:11.965  RAW   X-Rate-Limit-Ip-State: 54:300:0
13:42:11.965  RESP  POST /api/trade/search/Standard → 200  1.000s  delay=10.250 min_gap=0.000 last=1784634131.966
13:42:11.965  INIT  user_agent=test/0.1.0 delay=0.0 min_gap=1.0
13:42:11.965  LOCK  sleep=9999.000
13:42:11.966  ENF   delay=0.010 min_gap=1.000 jitter=0.000 gap=1.000 since_last=0.000 sleep=1.000
13:42:11.966  INIT  user_agent=test/0.1.0 delay=0.0 min_gap=1.0
13:42:11.966  PRE   POST /api/trade/search/Standard  delay=0.000 min_gap=1.000 last=1784634131.966
13:42:11.966  ENF   delay=0.000 min_gap=1.000 jitter=0.000 gap=1.000 since_last=0.000 sleep=1.000
13:42:12.966  PARSE Ip 60:300:1800 → 3.250s/req pen=1800s (used=6)  delay 0.000→4.250  min_gap→0  max_usage=10%
13:42:12.966  RAW   X-Rate-Limit-Rules: Ip
13:42:12.966  RAW   X-Rate-Limit-Ip: 60:300:1800
13:42:12.966  RAW   X-Rate-Limit-Ip-State: 6:300:0
13:42:12.966  RESP  POST /api/trade/search/Standard → 200  1.000s  delay=4.250 min_gap=0.000 last=1784634132.966
13:42:12.966  INIT  user_agent=test/0.1.0 delay=0.0 min_gap=1.0
13:42:12.966  PRE   POST /api/trade/search/Standard  delay=0.000 min_gap=1.000 last=1784634132.967
13:42:12.966  ENF   delay=0.000 min_gap=1.000 jitter=0.000 gap=1.000 since_last=0.000 sleep=1.000
13:42:13.966  PARSE Account 3:5:60 → 0.500s/req pen=60s (used=0)  delay 0.000→1.500  min_gap→0  max_usage=0%
13:42:13.966  RAW   X-Rate-Limit-Rules: Account
13:42:13.966  RAW   X-Rate-Limit-Account: 3:5:60
13:42:13.966  RESP  POST /api/trade/search/Standard → 200  1.000s  delay=1.500 min_gap=0.000 last=1784634133.967
13:42:13.966  INIT  user_agent=test/0.1.0 delay=0.0 min_gap=1.0
13:42:13.967  PRE   POST /api/trade/search/Standard  delay=0.000 min_gap=1.000 last=1784634133.967
13:42:13.967  ENF   delay=0.000 min_gap=1.000 jitter=0.000 gap=1.000 since_last=0.000 sleep=1.000
13:42:14.967  PARSE Ip 8:10:60 → 0.375s/req pen=60s (used=0); Ip 15:60:120 → 1.200s/req pen=120s (used=0); Ip 60:300:1800 → 1.500s/req pen=1800s (used=0)  delay 0.000→2.500  min_gap→0  max_usage=0%
13:42:14.967  RAW   X-Rate-Limit-Rules: Ip
13:42:14.967  RAW   X-Rate-Limit-Ip: 8:10:60,15:60:120,60:300:1800
13:42:14.967  RESP  POST /api/trade/search/Standard → 200  1.000s  delay=2.500 min_gap=0.000 last=1784634134.967
13:42:14.967  INIT  user_agent=test/0.1.0 delay=0.0 min_gap=1.0
13:42:14.967  PRE   POST /api/trade/search/Standard  delay=0.000 min_gap=1.000 last=1784634134.967
13:42:14.967  ENF   delay=0.000 min_gap=1.000 jitter=0.000 gap=1.000 since_last=0.000 sleep=1.000
13:42:15.967  PARSE Account 3:5:60 → 2.500s/req pen=60s (used=2); Ip 15:60:120 → 3.200s/req pen=120s (used=3)  delay 0.000→4.200  min_gap→0  max_usage=20%
13:42:15.967  RAW   X-Rate-Limit-Rules: Account,Ip
13:42:15.967  RAW   X-Rate-Limit-Account: 3:5:60
13:42:15.967  RAW   X-Rate-Limit-Account-State: 2:5:0
13:42:15.967  RAW   X-Rate-Limit-Ip: 15:60:120
13:42:15.967  RAW   X-Rate-Limit-Ip-State: 3:60:0
13:42:15.967  RESP  POST /api/trade/search/Standard → 200  1.000s  delay=4.200 min_gap=0.000 last=1784634135.968
13:42:15.967  INIT  user_agent=test/0.1.0 delay=0.0 min_gap=1.0
13:42:15.967  PRE   POST /api/trade/search/Standard  delay=0.000 min_gap=1.000 last=1784634135.968
13:42:15.967  ENF   delay=0.000 min_gap=1.000 jitter=0.000 gap=1.000 since_last=0.000 sleep=1.000
13:42:16.967  PARSE Account 3:5:60 → 0.500s/req pen=60s (used=0); Ip 60:300:1800 → 1.500s/req pen=1800s (used=0)  delay 0.000→2.500  min_gap→0  max_usage=0%
13:42:16.967  RAW   X-Rate-Limit-Rules: Account,Ip
13:42:16.967  RAW   X-Rate-Limit-Account: 3:5:60
13:42:16.967  RAW   X-Rate-Limit-Ip: 60:300:1800
13:42:16.967  RESP  POST /api/trade/search/Standard → 200  1.000s  delay=2.500 min_gap=0.000 last=1784634136.968
13:42:16.968  INIT  user_agent=test/0.1.0 delay=0.0 min_gap=1.0
13:42:16.968  PRE   POST /api/trade/search/Standard  delay=0.000 min_gap=1.000 last=1784634136.968
13:42:16.968  ENF   delay=0.000 min_gap=1.000 jitter=0.000 gap=1.000 since_last=0.000 sleep=1.000
13:42:17.968  RESP  POST /api/trade/search/Standard → 200  1.000s  delay=0.000 min_gap=1.000 last=1784634137.968
