15:24:16.240  INIT  user_agent=test/0.1.0 delay=0.0 min_gap=1.0
15:24:16.241  PRE   POST /api/trade/search/Standard  delay=0.000 min_gap=1.000 last=1784640246.241
15:24:16.241  RESP  POST /api/trade/search/Standard → 429  0.000s  delay=0.000 min_gap=1.000 last=1784640256.241
15:24:16.241  BODY  req=(none)
15:24:16.241  BODY  resp=
15:24:16.241  !! 429 ! headers={'Server': 'cloudflare'}  state_delay=0.000 state_min_gap=1.000 state_last=1784640256.241
15:24:16.241  INIT  user_agent=test/0.1.0 delay=0.0 min_gap=1.0
15:24:16.241  PRE   POST /api/trade/search/Standard  delay=0.000 min_gap=1.000 last=1784640246.241
15:24:16.241  PARSE Account 1:5:60 → 1.500s/req pen=60s (used=0)  delay 0.000→2.500  min_gap→0  max_usage=0%
15:24:16.241  RAW   X-Rate-Limit-Rules: Account
15:24:16.241  RAW   X-Rate-Limit-Account: 1:5:60
15:24:16.241  RESP  POST /api/trade/search/Standard → 429  0.000s  delay=2.500 min_gap=0.000 last=1784640256.241
15:24:16.241  BODY  req=(none)
15:24:16.241  BODY  resp=
15:24:16.241  !! 429 ! headers={'X-Rate-Limit-Rules': 'Account', 'X-Rate-Limit-Account': '1:5:60'}  state_delay=2.500 state_min_gap=0.000 state_last=1784640256.241
15:24:16.241  INIT  user_agent=test/0.1.0 delay=0.0 min_gap=1.0
15:24:16.241  PRE   POST /api/trade/search/Standard  delay=0.000 min_gap=1.000 last=1784640256.242
15:24:16.241  ENF   delay=0.000 min_gap=1.000 jitter=0.000 gap=1.000 since_last=0.000 sleep=1.000
15:24:17.241  PARSE Account 1:1:1 → 0.300s/req pen=1s (used=0)  delay 0.000→1.300  min_gap→0  max_usage=0%
15:24:17.241  RAW   X-Rate-Limit-Rules: Account
15:24:17.241  RAW   X-Rate-Limit-Account: 1:1:1
15:24:17.241  RESP  POST /api/trade/search/Standard → 200  1.000s  delay=1.300 min_gap=0.000 last=1784640257.242
15:24:17.242  INIT  user_agent=test/0.1.0 delay=0.0 min_gap=1.0
15:24:17.242  PRE   POST /api/trade/search/Standard  delay=0.000 min_gap=1.000 last=1784640257.242
15:24:17.242  ENF   delay=0.000 min_gap=1.000 jitter=0.000 gap=1.000 since_last=0.000 sleep=1.000
15:24:17.242  PARSE Account 3:5:60 → 0.500s/req pen=60s (used=0)  delay 0.000→1.500  min_gap→0  max_usage=0%
15:24:17.242  RAW   X-Rate-Limit-Rules: Account
15:24:17.242  RAW   X-Rate-Limit-Account: 3:5:60
15:24:17.242  RESP  POST /api/trade/search/Standard → 200  0.000s  delay=1.500 min_gap=0.000 last=1784640257.242
15:24:17.242  PRE   GET /api/trade/fetch/a  delay=1.500 min_gap=0.000 last=1784640257.242
15:24:17.242  ENF   delay=1.500 min_gap=0.000 jitter=0.000 gap=1.500 since_last=0.000 sleep=1.500
15:24:17.242  PARSE Account 3:5:60 → 0.500s/req pen=60s (used=0)  delay 1.500→1.500  min_gap→0  max_usage=0%
15:24:17.242  RAW   X-Rate-Limit-Rules: Account
15:24:17.242  RAW   X-Rate-Limit-Account: 3:5:60
15:24:17.242  RESP  GET /api/trade/fetch/a → 200  0.000s  delay=1.500 min_gap=0.000 last=1784640257.243
15:24:17.242  INIT  user_agent=test/0.1.0 delay=0.0 min_gap=1.0
15:24:17.242  PRE   POST /api/trade/search/Standard  delay=0.000 min_gap=1.000 last=990.000
15:24:17.242  RESP  POST /api/trade/search/Standard → 200  0.000s  delay=0.000 min_gap=1.000 last=1000.000
15:24:17.242  PRE   POST /api/trade/search/Standard  delay=0.000 min_gap=1.000 last=1000.000
15:24:17.242  ENF   delay=0.000 min_gap=1.000 jitter=2.000 gap=3.000 since_last=0.000 sleep=3.000
15:24:17.242  RESP  POST /api/trade/search/Standard → 200  3.000s  delay=0.000 min_gap=1.000 last=1003.000
15:24:17.242  PRE   POST /api/trade/search/Standard  delay=0.000 min_gap=1.000 last=1003.000
15:24:17.242  ENF   delay=0.000 min_gap=1.000 jitter=2.000 gap=3.000 since_last=0.000 sleep=3.000
15:24:17.242  PARSE Account 3:5:60 → 0.500s/req pen=60s (used=0)  delay 0.000→1.500  min_gap→0  max_usage=0%
15:24:17.243  RAW   X-Rate-Limit-Rules: Account
15:24:17.243  RAW   X-Rate-Limit-Account: 3:5:60
15:24:17.243  RESP  POST /api/trade/search/Standard → 200  3.000s  delay=1.500 min_gap=0.000 last=1006.000
15:24:17.243  PRE   POST /api/trade/search/Standard  delay=1.500 min_gap=0.000 last=1006.000
15:24:17.243  ENF   delay=1.500 min_gap=0.000 jitter=2.000 gap=3.500 since_last=0.000 sleep=3.500
15:24:17.243  PARSE Account 3:5:60 → 0.500s/req pen=60s (used=0)  delay 1.500→1.500  min_gap→0  max_usage=0%
15:24:17.243  RAW   X-Rate-Limit-Rules: Account
15:24:17.243  RAW   X-Rate-Limit-Account: 3:5:60
15:24:17.243  RESP  POST /api/trade/search/Standard → 200  3.500s  delay=1.500 min_gap=0.000 last=1009.500
15:24:17.243  PRE   POST /api/trade/search/Standard  delay=1.500 min_gap=0.000 last=1009.500
15:24:17.243  ENF   delay=1.500 min_gap=0.000 jitter=2.000 gap=3.500 since_last=0.000 sleep=3.500
15:24:17.243  PARSE Ip 60:300:1800 → 1.500s/req pen=1800s (used=0)  delay 1.500→2.500  min_gap→0  max_usage=0%
15:24:17.243  RAW   X-Rate-Limit-Rules: Ip
15:24:17.243  RAW   X-Rate-Limit-Ip: 60:300:1800
15:24:17.243  RESP  POST /api/trade/search/Standard → 200  3.500s  delay=2.500 min_gap=0.000 last=1013.000
15:24:17.243  PRE   POST /api/trade/search/Standard  delay=2.500 min_gap=0.000 last=1013.000
15:24:17.243  ENF   delay=2.500 min_gap=0.000 jitter=2.000 gap=4.500 since_last=0.000 sleep=4.500
15:24:17.243  PARSE Ip 60:300:1800 → 1.500s/req pen=1800s (used=0)  delay 2.500→2.500  min_gap→0  max_usage=0%
15:24:17.243  RAW   X-Rate-Limit-Rules: Ip
15:24:17.243  RAW   X-Rate-Limit-Ip: 60:300:1800
15:24:17.243  RESP  POST /api/trade/search/Standard → 200  4.500s  delay=2.500 min_gap=0.000 last=1017.500
15:24:17.243  INIT  user_agent=test/0.1.0 delay=0.0 min_gap=1.0
15:24:17.243  PRE   POST /api/trade/search/Standard  delay=0.000 min_gap=1.000 last=1784640257.243
15:24:17.243  ENF   delay=0.000 min_gap=1.000 jitter=0.000 gap=1.000 since_last=0.000 sleep=1.000
15:24:18.243  PARSE Ip 60:300:1800 → 6.250s/req pen=1800s (used=30)  delay 0.000→7.250  min_gap→0  max_usage=50%
15:24:18.243  RAW   X-Rate-Limit-Rules: Ip
15:24:18.243  RAW   X-Rate-Limit-Ip: 60:300:1800
15:24:18.243  RAW   X-Rate-Limit-Ip-State: 30:300:0
15:24:18.243  RESP  POST /api/trade/search/Standard → 200  1.000s  delay=7.250 min_gap=0.000 last=1784640258.244
15:24:18.243  PRE   POST /api/trade/search/Standard  delay=7.250 min_gap=0.000 last=1784640258.244
15:24:18.243  ENF   delay=7.250 min_gap=0.000 jitter=0.000 gap=7.250 since_last=0.000 sleep=7.250
15:24:25.493  PARSE Ip 60:300:1800 → 2.875s/req pen=1800s (used=3)  delay 7.250→3.875  min_gap→0  max_usage=5%
15:24:25.493  RAW   X-Rate-Limit-Rules: Ip
15:24:25.493  RAW   X-Rate-Limit-Ip: 60:300:1800
15:24:25.493  RAW   X-Rate-Limit-Ip-State: 3:300:0
15:24:25.494  RESP  POST /api/trade/search/Standard → 200  7.250s  delay=3.875 min_gap=0.000 last=1784640265.494
15:24:25.494  INIT  user_agent=test/0.1.0 delay=0.0 min_gap=1.0
15:24:25.494  PRE   POST /api/trade/search/Standard  delay=0.000 min_gap=1.000 last=1784640265.494
15:24:25.494  ENF   delay=0.000 min_gap=1.000 jitter=0.000 gap=1.000 since_last=0.000 sleep=1.000
15:24:26.494  PARSE Ip 60:300:1800 → 1.500s/req pen=1800s (used=0)  delay 0.000→2.500  min_gap→0  max_usage=0%
15:24:26.494  RAW   X-Rate-Limit-Rules: Ip
15:24:26.494  RAW   X-Rate-Limit-Ip: 60:300:1800
15:24:26.494  RESP  POST /api/trade/search/Standard → 200  1.000s  delay=2.500 min_gap=0.000 last=1784640266.494
15:24:26.494  INIT  user_agent=test/0.1.0 delay=0.0 min_gap=1.0
15:24:26.494  PRE   POST /api/trade/search/Standard  delay=0.000 min_gap=1.000 last=1784640266.494
15:24:26.494  ENF   delay=0.000 min_gap=1.000 jitter=0.000 gap=1.000 since_last=0.000 sleep=1.000
15:24:26.494  RESP  POST /api/trade/search/Standard → 200  0.000s  delay=0.000 min_gap=1.000 last=1784640266.495
15:24:26.494  PRE   POST /api/trade/search/Standard  delay=0.000 min_gap=1.000 last=1784640266.495
15:24:26.494  ENF   delay=0.000 min_gap=1.000 jitter=0.000 gap=1.000 since_last=0.000 sleep=1.000
15:24:26.494  RESP  POST /api/trade/search/Standard → 200  0.000s  delay=0.000 min_gap=1.000 last=1784640266.495
15:24:26.495  INIT  user_agent=test/0.1.0 delay=0.0 min_gap=1.0
15:24:26.495  PRE   POST /api/trade/search/Standard  delay=0.000 min_gap=1.000 last=1784640266.495
15:24:26.495  ENF   delay=0.000 min_gap=1.000 jitter=0.000 gap=1.000 since_last=0.000 sleep=1.000
15:24:27.495  PARSE Account 3:5:60 → 0.500s/req pen=60s (used=0)  delay 0.000→1.500  min_gap→0  max_usage=0%
15:24:27.495  RAW   X-Rate-Limit-Rules: Account
15:24:27.495  RAW   X-Rate-Limit-Account: 3:5:60
15:24:27.495  RESP  POST /api/trade/search/Standard → 200  1.000s  delay=1.500 min_gap=0.000 last=1784640267.495
15:24:27.495  INIT  user_agent=test/0.1.0 delay=0.0 min_gap=1.0
15:24:27.495  PRE   POST /api/trade/search/Standard  delay=0.000 min_gap=1.000 last=1784640267.495
15:24:27.495  ENF   delay=0.000 min_gap=1.000 jitter=0.000 gap=1.000 since_last=0.000 sleep=1.000
15:24:28.495  PARSE Ip 60:300:1800 → 9.250s/req pen=1800s (used=54)  delay 0.000→10.250  min_gap→0  max_usage=90%
15:24:28.495  BACK  set 200s backoff at 90% usage
15:24:28.495  RAW   X-Rate-Limit-Rules: Ip
15:24:28.495  RAW   X-Rate-Limit-Ip: 60:300:1800
15:24:28.495  RAW   X-Rate-Limit-Ip-State: 54:300:0
15:24:28.495  RESP  POST /api/trade/search/Standard → 200  1.000s  delay=10.250 min_gap=0.000 last=1784640268.496
15:24:28.495  INIT  user_agent=test/0.1.0 delay=0.0 min_gap=1.0
15:24:28.496  LOCK  sleep=9999.000
15:24:28.496  ENF   delay=0.010 min_gap=1.000 jitter=0.000 gap=1.000 since_last=0.000 sleep=1.000
15:24:28.496  INIT  user_agent=test/0.1.0 delay=0.0 min_gap=1.0
15:24:28.496  PRE   POST /api/trade/search/Standard  delay=0.000 min_gap=1.000 last=1784640268.496
15:24:28.496  ENF   delay=0.000 min_gap=1.000 jitter=0.000 gap=1.000 since_last=0.000 sleep=1.000
15:24:29.496  PARSE Ip 60:300:1800 → 3.250s/req pen=1800s (used=6)  delay 0.000→4.250  min_gap→0  max_usage=10%
15:24:29.496  RAW   X-Rate-Limit-Rules: Ip
15:24:29.496  RAW   X-Rate-Limit-Ip: 60:300:1800
15:24:29.496  RAW   X-Rate-Limit-Ip-State: 6:300:0
15:24:29.496  RESP  POST /api/trade/search/Standard → 200  1.000s  delay=4.250 min_gap=0.000 last=1784640269.497
15:24:29.496  INIT  user_agent=test/0.1.0 delay=0.0 min_gap=1.0
15:24:29.496  PRE   POST /api/trade/search/Standard  delay=0.000 min_gap=1.000 last=1784640269.497
15:24:29.496  ENF   delay=0.000 min_gap=1.000 jitter=0.000 gap=1.000 since_last=0.000 sleep=1.000
15:24:30.496  PARSE Account 3:5:60 → 0.500s/req pen=60s (used=0)  delay 0.000→1.500  min_gap→0  max_usage=0%
15:24:30.496  RAW   X-Rate-Limit-Rules: Account
15:24:30.496  RAW   X-Rate-Limit-Account: 3:5:60
15:24:30.496  RESP  POST /api/trade/search/Standard → 200  1.000s  delay=1.500 min_gap=0.000 last=1784640270.497
15:24:30.497  INIT  user_agent=test/0.1.0 delay=0.0 min_gap=1.0
15:24:30.497  PRE   POST /api/trade/search/Standard  delay=0.000 min_gap=1.000 last=1784640270.497
15:24:30.497  ENF   delay=0.000 min_gap=1.000 jitter=0.000 gap=1.000 since_last=0.000 sleep=1.000
15:24:31.497  PARSE Ip 8:10:60 → 0.375s/req pen=60s (used=0); Ip 15:60:120 → 1.200s/req pen=120s (used=0); Ip 60:300:1800 → 1.500s/req pen=1800s (used=0)  delay 0.000→2.500  min_gap→0  max_usage=0%
15:24:31.497  RAW   X-Rate-Limit-Rules: Ip
15:24:31.497  RAW   X-Rate-Limit-Ip: 8:10:60,15:60:120,60:300:1800
15:24:31.497  RESP  POST /api/trade/search/Standard → 200  1.000s  delay=2.500 min_gap=0.000 last=1784640271.497
15:24:31.497  INIT  user_agent=test/0.1.0 delay=0.0 min_gap=1.0
15:24:31.497  PRE   POST /api/trade/search/Standard  delay=0.000 min_gap=1.000 last=1784640271.497
15:24:31.497  ENF   delay=0.000 min_gap=1.000 jitter=0.000 gap=1.000 since_last=0.000 sleep=1.000
15:24:32.497  PARSE Account 3:5:60 → 2.500s/req pen=60s (used=2); Ip 15:60:120 → 3.200s/req pen=120s (used=3)  delay 0.000→4.200  min_gap→0  max_usage=20%
15:24:32.497  RAW   X-Rate-Limit-Rules: Account,Ip
15:24:32.497  RAW   X-Rate-Limit-Account: 3:5:60
15:24:32.497  RAW   X-Rate-Limit-Account-State: 2:5:0
15:24:32.497  RAW   X-Rate-Limit-Ip: 15:60:120
15:24:32.497  RAW   X-Rate-Limit-Ip-State: 3:60:0
15:24:32.497  RESP  POST /api/trade/search/Standard → 200  1.000s  delay=4.200 min_gap=0.000 last=1784640272.498
15:24:32.497  INIT  user_agent=test/0.1.0 delay=0.0 min_gap=1.0
15:24:32.497  PRE   POST /api/trade/search/Standard  delay=0.000 min_gap=1.000 last=1784640272.498
15:24:32.498  ENF   delay=0.000 min_gap=1.000 jitter=0.000 gap=1.000 since_last=0.000 sleep=1.000
15:24:33.497  PARSE Account 3:5:60 → 0.500s/req pen=60s (used=0); Ip 60:300:1800 → 1.500s/req pen=1800s (used=0)  delay 0.000→2.500  min_gap→0  max_usage=0%
15:24:33.498  RAW   X-Rate-Limit-Rules: Account,Ip
15:24:33.498  RAW   X-Rate-Limit-Account: 3:5:60
15:24:33.498  RAW   X-Rate-Limit-Ip: 60:300:1800
15:24:33.498  RESP  POST /api/trade/search/Standard → 200  1.000s  delay=2.500 min_gap=0.000 last=1784640273.498
15:24:33.498  INIT  user_agent=test/0.1.0 delay=0.0 min_gap=1.0
15:24:33.498  PRE   POST /api/trade/search/Standard  delay=0.000 min_gap=1.000 last=1784640273.498
15:24:33.498  ENF   delay=0.000 min_gap=1.000 jitter=0.000 gap=1.000 since_last=0.000 sleep=1.000
15:24:34.498  RESP  POST /api/trade/search/Standard → 200  1.000s  delay=0.000 min_gap=1.000 last=1784640274.498
