16:00:36.596  INIT  user_agent=test/0.1.0 delay=0.0 min_gap=1.0
16:00:36.596  PRE   POST /api/trade/search/Standard  delay=0.000 min_gap=1.000 last=1784642426.597
16:00:36.596  RESP  POST /api/trade/search/Standard → 429  0.000s  delay=0.000 min_gap=1.000 last=1784642436.597
16:00:36.596  BODY  req=(none)
16:00:36.596  BODY  resp=
16:00:36.596  !! 429 ! headers={'Server': 'cloudflare'}  state_delay=0.000 state_min_gap=1.000 state_last=1784642436.597
16:00:36.597  INIT  user_agent=test/0.1.0 delay=0.0 min_gap=1.0
16:00:36.597  PRE   POST /api/trade/search/Standard  delay=0.000 min_gap=1.000 last=1784642426.597
16:00:36.597  PARSE Account 1:5:60 → 1.500s/req pen=60s (used=0)  delay 0.000→2.500  min_gap→0  max_usage=0%
16:00:36.597  RAW   X-Rate-Limit-Rules: Account
16:00:36.597  RAW   X-Rate-Limit-Account: 1:5:60
16:00:36.597  RESP  POST /api/trade/search/Standard → 429  0.000s  delay=2.500 min_gap=0.000 last=1784642436.597
16:00:36.597  BODY  req=(none)
16:00:36.597  BODY  resp=
16:00:36.597  !! 429 ! headers={'X-Rate-Limit-Rules': 'Account', 'X-Rate-Limit-Account': '1:5:60'}  state_delay=2.500 state_min_gap=0.000 state_last=1784642436.597
16:00:36.597  INIT  user_agent=test/0.1.0 delay=0.0 min_gap=1.0
16:00:36.597  PRE   POST /api/trade/search/Standard  delay=0.000 min_gap=1.000 last=1784642436.597
16:00:36.597  ENF   delay=0.000 min_gap=1.000 jitter=0.000 gap=1.000 since_last=0.000 sleep=1.000
16:00:37.597  PARSE Account 1:1:1 → 0.300s/req pen=1s (used=0)  delay 0.000→1.300  min_gap→0  max_usage=0%
16:00:37.597  RAW   X-Rate-Limit-Rules: Account
16:00:37.597  RAW   X-Rate-Limit-Account: 1:1:1
16:00:37.597  RESP  POST /api/trade/search/Standard → 200  1.000s  delay=1.300 min_gap=0.000 last=1784642437.598
16:00:37.597  INIT  user_agent=test/0.1.0 delay=0.0 min_gap=1.0
16:00:37.598  PRE   POST /api/trade/search/Standard  delay=0.000 min_gap=1.000 last=1784642437.598
16:00:37.598  ENF   delay=0.000 min_gap=1.000 jitter=0.000 gap=1.000 since_last=0.000 sleep=1.000
16:00:37.598  PARSE Account 3:5:60 → 0.500s/req pen=60s (used=0)  delay 0.000→1.500  min_gap→0  max_usage=0%
16:00:37.598  RAW   X-Rate-Limit-Rules: Account
16:00:37.598  RAW   X-Rate-Limit-Account: 3:5:60
16:00:37.598  RESP  POST /api/trade/search/Standard → 200  0.000s  delay=1.500 min_gap=0.000 last=1784642437.598
16:00:37.598  PRE   GET /api/trade/fetch/a  delay=1.500 min_gap=0.000 last=1784642437.598
16:00:37.598  ENF   delay=1.500 min_gap=0.000 jitter=0.000 gap=1.500 since_last=0.000 sleep=1.500
16:00:37.598  PARSE Account 3:5:60 → 0.500s/req pen=60s (used=0)  delay 1.500→1.500  min_gap→0  max_usage=0%
16:00:37.598  RAW   X-Rate-Limit-Rules: Account
16:00:37.598  RAW   X-Rate-Limit-Account: 3:5:60
16:00:37.598  RESP  GET /api/trade/fetch/a → 200  0.000s  delay=1.500 min_gap=0.000 last=1784642437.598
16:00:37.598  INIT  user_agent=test/0.1.0 delay=0.0 min_gap=1.0
16:00:37.598  PRE   POST /api/trade/search/Standard  delay=0.000 min_gap=1.000 last=990.000
16:00:37.598  RESP  POST /api/trade/search/Standard → 200  0.000s  delay=0.000 min_gap=1.000 last=1000.000
16:00:37.598  PRE   POST /api/trade/search/Standard  delay=0.000 min_gap=1.000 last=1000.000
16:00:37.598  ENF   delay=0.000 min_gap=1.000 jitter=2.000 gap=3.000 since_last=0.000 sleep=3.000
16:00:37.598  RESP  POST /api/trade/search/Standard → 200  3.000s  delay=0.000 min_gap=1.000 last=1003.000
16:00:37.598  PRE   POST /api/trade/search/Standard  delay=0.000 min_gap=1.000 last=1003.000
16:00:37.598  ENF   delay=0.000 min_gap=1.000 jitter=2.000 gap=3.000 since_last=0.000 sleep=3.000
16:00:37.598  PARSE Account 3:5:60 → 0.500s/req pen=60s (used=0)  delay 0.000→1.500  min_gap→0  max_usage=0%
16:00:37.598  RAW   X-Rate-Limit-Rules: Account
16:00:37.598  RAW   X-Rate-Limit-Account: 3:5:60
16:00:37.598  RESP  POST /api/trade/search/Standard → 200  3.000s  delay=1.500 min_gap=0.000 last=1006.000
16:00:37.598  PRE   POST /api/trade/search/Standard  delay=1.500 min_gap=0.000 last=1006.000
16:00:37.598  ENF   delay=1.500 min_gap=0.000 jitter=2.000 gap=3.500 since_last=0.000 sleep=3.500
16:00:37.598  PARSE Account 3:5:60 → 0.500s/req pen=60s (used=0)  delay 1.500→1.500  min_gap→0  max_usage=0%
16:00:37.598  RAW   X-Rate-Limit-Rules: Account
16:00:37.598  RAW   X-Rate-Limit-Account: 3:5:60
16:00:37.598  RESP  POST /api/trade/search/Standard → 200  3.500s  delay=1.500 min_gap=0.000 last=1009.500
16:00:37.598  PRE   POST /api/trade/search/Standard  delay=1.500 min_gap=0.000 last=1009.500
16:00:37.598  ENF   delay=1.500 min_gap=0.000 jitter=2.000 gap=3.500 since_last=0.000 sleep=3.500
16:00:37.598  PARSE Ip 60:300:1800 → 1.500s/req pen=1800s (used=0)  delay 1.500→2.500  min_gap→0  max_usage=0%
16:00:37.598  RAW   X-Rate-Limit-Rules: Ip
16:00:37.598  RAW   X-Rate-Limit-Ip: 60:300:1800
16:00:37.598  RESP  POST /api/trade/search/Standard → 200  3.500s  delay=2.500 min_gap=0.000 last=1013.000
16:00:37.598  PRE   POST /api/trade/search/Standard  delay=2.500 min_gap=0.000 last=1013.000
16:00:37.598  ENF   delay=2.500 min_gap=0.000 jitter=2.000 gap=4.500 since_last=0.000 sleep=4.500
16:00:37.598  PARSE Ip 60:300:1800 → 1.500s/req pen=1800s (used=0)  delay 2.500→2.500  min_gap→0  max_usage=0%
16:00:37.599  RAW   X-Rate-Limit-Rules: Ip
16:00:37.599  RAW   X-Rate-Limit-Ip: 60:300:1800
16:00:37.599  RESP  POST /api/trade/search/Standard → 200  4.500s  delay=2.500 min_gap=0.000 last=1017.500
16:00:37.599  INIT  user_agent=test/0.1.0 delay=0.0 min_gap=1.0
16:00:37.599  PRE   POST /api/trade/search/Standard  delay=0.000 min_gap=1.000 last=1784642437.599
16:00:37.599  ENF   delay=0.000 min_gap=1.000 jitter=0.000 gap=1.000 since_last=0.000 sleep=1.000
16:00:38.599  PARSE Ip 60:300:1800 → 6.250s/req pen=1800s (used=30)  delay 0.000→7.250  min_gap→0  max_usage=50%
16:00:38.599  RAW   X-Rate-Limit-Rules: Ip
16:00:38.599  RAW   X-Rate-Limit-Ip: 60:300:1800
16:00:38.599  RAW   X-Rate-Limit-Ip-State: 30:300:0
16:00:38.599  RESP  POST /api/trade/search/Standard → 200  1.000s  delay=7.250 min_gap=0.000 last=1784642438.599
16:00:38.599  PRE   POST /api/trade/search/Standard  delay=7.250 min_gap=0.000 last=1784642438.599
16:00:38.599  ENF   delay=7.250 min_gap=0.000 jitter=0.000 gap=7.250 since_last=0.000 sleep=7.250
16:00:45.849  PARSE Ip 60:300:1800 → 2.875s/req pen=1800s (used=3)  delay 7.250→3.875  min_gap→0  max_usage=5%
16:00:45.849  RAW   X-Rate-Limit-Rules: Ip
16:00:45.849  RAW   X-Rate-Limit-Ip: 60:300:1800
16:00:45.849  RAW   X-Rate-Limit-Ip-State: 3:300:0
16:00:45.849  RESP  POST /api/trade/search/Standard → 200  7.250s  delay=3.875 min_gap=0.000 last=1784642445.850
16:00:45.849  INIT  user_agent=test/0.1.0 delay=0.0 min_gap=1.0
16:00:45.849  PRE   POST /api/trade/search/Standard  delay=0.000 min_gap=1.000 last=1784642445.850
16:00:45.849  ENF   delay=0.000 min_gap=1.000 jitter=0.000 gap=1.000 since_last=0.000 sleep=1.000
16:00:46.849  PARSE Ip 60:300:1800 → 1.500s/req pen=1800s (used=0)  delay 0.000→2.500  min_gap→0  max_usage=0%
16:00:46.849  RAW   X-Rate-Limit-Rules: Ip
16:00:46.849  RAW   X-Rate-Limit-Ip: 60:300:1800
16:00:46.849  RESP  POST /api/trade/search/Standard → 200  1.000s  delay=2.500 min_gap=0.000 last=1784642446.850
16:00:46.850  INIT  user_agent=test/0.1.0 delay=0.0 min_gap=1.0
16:00:46.850  PRE   POST /api/trade/search/Standard  delay=0.000 min_gap=1.000 last=1784642446.850
16:00:46.850  ENF   delay=0.000 min_gap=1.000 jitter=0.000 gap=1.000 since_last=0.000 sleep=1.000
16:00:46.850  RESP  POST /api/trade/search/Standard → 200  0.000s  delay=0.000 min_gap=1.000 last=1784642446.850
16:00:46.850  PRE   POST /api/trade/search/Standard  delay=0.000 min_gap=1.000 last=1784642446.850
16:00:46.850  ENF   delay=0.000 min_gap=1.000 jitter=0.000 gap=1.000 since_last=0.000 sleep=1.000
16:00:46.850  RESP  POST /api/trade/search/Standard → 200  0.000s  delay=0.000 min_gap=1.000 last=1784642446.851
16:00:46.850  INIT  user_agent=test/0.1.0 delay=0.0 min_gap=1.0
16:00:46.850  PRE   POST /api/trade/search/Standard  delay=0.000 min_gap=1.000 last=1784642446.851
16:00:46.850  ENF   delay=0.000 min_gap=1.000 jitter=0.000 gap=1.000 since_last=0.000 sleep=1.000
16:00:47.850  PARSE Account 3:5:60 → 0.500s/req pen=60s (used=0)  delay 0.000→1.500  min_gap→0  max_usage=0%
16:00:47.850  RAW   X-Rate-Limit-Rules: Account
16:00:47.850  RAW   X-Rate-Limit-Account: 3:5:60
16:00:47.850  RESP  POST /api/trade/search/Standard → 200  1.000s  delay=1.500 min_gap=0.000 last=1784642447.851
16:00:47.851  INIT  user_agent=test/0.1.0 delay=0.0 min_gap=1.0
16:00:47.851  PRE   POST /api/trade/search/Standard  delay=0.000 min_gap=1.000 last=1784642447.851
16:00:47.851  ENF   delay=0.000 min_gap=1.000 jitter=0.000 gap=1.000 since_last=0.000 sleep=1.000
16:00:48.851  PARSE Ip 60:300:1800 → 9.250s/req pen=1800s (used=54)  delay 0.000→10.250  min_gap→0  max_usage=90%
16:00:48.851  BACK  set 200s backoff at 90% usage
16:00:48.851  RAW   X-Rate-Limit-Rules: Ip
16:00:48.851  RAW   X-Rate-Limit-Ip: 60:300:1800
16:00:48.851  RAW   X-Rate-Limit-Ip-State: 54:300:0
16:00:48.851  RESP  POST /api/trade/search/Standard → 200  1.000s  delay=10.250 min_gap=0.000 last=1784642448.851
16:00:48.851  INIT  user_agent=test/0.1.0 delay=0.0 min_gap=1.0
16:00:48.851  LOCK  sleep=9999.000
16:00:48.851  ENF   delay=0.010 min_gap=1.000 jitter=0.000 gap=1.000 since_last=0.000 sleep=1.000
16:00:48.851  INIT  user_agent=test/0.1.0 delay=0.0 min_gap=1.0
16:00:48.851  PRE   POST /api/trade/search/Standard  delay=0.000 min_gap=1.000 last=1784642448.852
16:00:48.852  ENF   delay=0.000 min_gap=1.000 jitter=0.000 gap=1.000 since_last=0.000 sleep=1.000
16:00:49.852  PARSE Ip 60:300:1800 → 3.250s/req pen=1800s (used=6)  delay 0.000→4.250  min_gap→0  max_usage=10%
16:00:49.852  RAW   X-Rate-Limit-Rules: Ip
16:00:49.852  RAW   X-Rate-Limit-Ip: 60:300:1800
16:00:49.852  RAW   X-Rate-Limit-Ip-State: 6:300:0
16:00:49.852  RESP  POST /api/trade/search/Standard → 200  1.000s  delay=4.250 min_gap=0.000 last=1784642449.852
16:00:49.852  INIT  user_agent=test/0.1.0 delay=0.0 min_gap=1.0
16:00:49.852  PRE   POST /api/trade/search/Standard  delay=0.000 min_gap=1.000 last=1784642449.852
16:00:49.852  ENF   delay=0.000 min_gap=1.000 jitter=0.000 gap=1.000 since_last=0.000 sleep=1.000
16:00:50.852  PARSE Account 3:5:60 → 0.500s/req pen=60s (used=0)  delay 0.000→1.500  min_gap→0  max_usage=0%
16:00:50.852  RAW   X-Rate-Limit-Rules: Account
16:00:50.852  RAW   X-Rate-Limit-Account: 3:5:60
16:00:50.852  RESP  POST /api/trade/search/Standard → 200  1.000s  delay=1.500 min_gap=0.000 last=1784642450.853
16:00:50.852  INIT  user_agent=test/0.1.0 delay=0.0 min_gap=1.0
16:00:50.852  PRE   POST /api/trade/search/Standard  delay=0.000 min_gap=1.000 last=1784642450.853
16:00:50.852  ENF   delay=0.000 min_gap=1.000 jitter=0.000 gap=1.000 since_last=0.000 sleep=1.000
16:00:51.852  PARSE Ip 8:10:60 → 0.375s/req pen=60s (used=0); Ip 15:60:120 → 1.200s/req pen=120s (used=0); Ip 60:300:1800 → 1.500s/req pen=1800s (used=0)  delay 0.000→2.500  min_gap→0  max_usage=0%
16:00:51.852  RAW   X-Rate-Limit-Rules: Ip
16:00:51.852  RAW   X-Rate-Limit-Ip: 8:10:60,15:60:120,60:300:1800
16:00:51.853  RESP  POST /api/trade/search/Standard → 200  1.000s  delay=2.500 min_gap=0.000 last=1784642451.853
16:00:51.853  INIT  user_agent=test/0.1.0 delay=0.0 min_gap=1.0
16:00:51.853  PRE   POST /api/trade/search/Standard  delay=0.000 min_gap=1.000 last=1784642451.853
16:00:51.853  ENF   delay=0.000 min_gap=1.000 jitter=0.000 gap=1.000 since_last=0.000 sleep=1.000
16:00:52.853  PARSE Account 3:5:60 → 2.500s/req pen=60s (used=2); Ip 15:60:120 → 3.200s/req pen=120s (used=3)  delay 0.000→4.200  min_gap→0  max_usage=20%
16:00:52.853  RAW   X-Rate-Limit-Rules: Account,Ip
16:00:52.853  RAW   X-Rate-Limit-Account: 3:5:60
16:00:52.853  RAW   X-Rate-Limit-Account-State: 2:5:0
16:00:52.853  RAW   X-Rate-Limit-Ip: 15:60:120
16:00:52.853  RAW   X-Rate-Limit-Ip-State: 3:60:0
16:00:52.853  RESP  POST /api/trade/search/Standard → 200  1.000s  delay=4.200 min_gap=0.000 last=1784642452.853
16:00:52.853  INIT  user_agent=test/0.1.0 delay=0.0 min_gap=1.0
16:00:52.853  PRE   POST /api/trade/search/Standard  delay=0.000 min_gap=1.000 last=1784642452.854
16:00:52.853  ENF   delay=0.000 min_gap=1.000 jitter=0.000 gap=1.000 since_last=0.000 sleep=1.000
16:00:53.853  PARSE Account 3:5:60 → 0.500s/req pen=60s (used=0); Ip 60:300:1800 → 1.500s/req pen=1800s (used=0)  delay 0.000→2.500  min_gap→0  max_usage=0%
16:00:53.853  RAW   X-Rate-Limit-Rules: Account,Ip
16:00:53.853  RAW   X-Rate-Limit-Account: 3:5:60
16:00:53.853  RAW   X-Rate-Limit-Ip: 60:300:1800
16:00:53.853  RESP  POST /api/trade/search/Standard → 200  1.000s  delay=2.500 min_gap=0.000 last=1784642453.854
16:00:53.854  INIT  user_agent=test/0.1.0 delay=0.0 min_gap=1.0
16:00:53.854  PRE   POST /api/trade/search/Standard  delay=0.000 min_gap=1.000 last=1784642453.854
16:00:53.854  ENF   delay=0.000 min_gap=1.000 jitter=0.000 gap=1.000 since_last=0.000 sleep=1.000
16:00:54.854  RESP  POST /api/trade/search/Standard → 200  1.000s  delay=0.000 min_gap=1.000 last=1784642454.854
