11:15:15.242  INIT  user_agent=OAuth pypoe/0.1.0 (flipper) delay=0.0 min_gap=1.0
11:15:15.244  PRE   POST /api/trade/search/Standard  delay=0.000 min_gap=1.000 last=1784798115.243
11:15:15.244  ENF   delay=0.000 min_gap=1.000 jitter=1.183 gap=2.183 since_last=0.002 sleep=2.181
11:15:17.794  PARSE Account 3:5:60 → 2.500s/req pen=60s (used=2); Ip 8:10:60 → 1.094s/req pen=60s (used=2); Ip 15:60:120 → 4.800s/req pen=120s (used=7); Ip 60:300:1800 → 7.000s/req pen=1800s (used=36)  delay 0.000→8.000  min_gap→0  max_usage=60%
11:15:17.794  RAW   content-type: application/json
11:15:17.794  RAW   x-rate-limit-policy: trade-search-request-limit
11:15:17.794  RAW   x-rate-limit-rules: Account,Ip
11:15:17.794  RAW   x-rate-limit-account: 3:5:60
11:15:17.794  RAW   x-rate-limit-account-state: 2:5:0
11:15:17.794  RAW   x-rate-limit-ip: 8:10:60,15:60:120,60:300:1800
11:15:17.794  RAW   x-rate-limit-ip-state: 2:10:0,7:60:0,36:300:0
11:15:17.794  RAW   cf-cache-status: DYNAMIC
11:15:17.794  RAW   cf-ray: a1f9946a0f8f0296-WAW
11:15:17.794  RESP  POST /api/trade/search/Standard → 200  2.549s  delay=8.000 min_gap=0.000 last=1784798117.795
11:15:17.794  PRE   GET /api/trade/fetch/13f5e061c641a3fa21486ccfc566663ba712aa29062744cc56580405e5b4cb45%2Cc1b77bd1d3810414924be5ae8994a4262e7f02b18442ebc1182f005379cf659c%2C7d5f4cc0a851da3a4dc45e6aeca02354c8e5600c8c208e37aa031a9386c51edd%2Cb31774364cc48f77c9e17d29ecd13629b2889a9b1efd2b769f680a442011e9a7%2C948faaab1b02fde0380c09abff7ecb52b6f27b2f2a472e1e7cc79d3e910ba3f5  delay=8.000 min_gap=0.000 last=1784798117.795
11:15:17.794  ENF   delay=8.000 min_gap=0.000 jitter=1.817 gap=9.817 since_last=0.000 sleep=9.817
11:15:28.281  PARSE Account 6:4:10 → 0.667s/req pen=10s (used=2); Ip 12:4:60 → 0.250s/req pen=60s (used=2); Ip 16:12:60 → 0.516s/req pen=60s (used=2)  delay 8.000→1.667  min_gap→0  max_usage=0%
11:15:28.281  RAW   content-type: application/json
11:15:28.281  RAW   x-rate-limit-policy: trade-fetch-request-limit
11:15:28.281  RAW   x-rate-limit-rules: Account,Ip
11:15:28.281  RAW   x-rate-limit-account: 6:4:10
11:15:28.281  RAW   x-rate-limit-account-state: 2:4:0
11:15:28.281  RAW   x-rate-limit-ip: 12:4:60,16:12:60
11:15:28.281  RAW   x-rate-limit-ip-state: 2:4:0,2:12:0
11:15:28.281  RAW   cf-cache-status: DYNAMIC
11:15:28.281  RAW   cf-ray: a1f994a999ab0296-WAW
11:15:28.281  RESP  GET /api/trade/fetch/13f5e061c641a3fa21486ccfc566663ba712aa29062744cc56580405e5b4cb45%2Cc1b77bd1d3810414924be5ae8994a4262e7f02b18442ebc1182f005379cf659c%2C7d5f4cc0a851da3a4dc45e6aeca02354c8e5600c8c208e37aa031a9386c51edd%2Cb31774364cc48f77c9e17d29ecd13629b2889a9b1efd2b769f680a442011e9a7%2C948faaab1b02fde0380c09abff7ecb52b6f27b2f2a472e1e7cc79d3e910ba3f5 → 200  10.486s  delay=1.667 min_gap=0.000 last=1784798128.281
11:15:28.281  PRE   POST /api/trade/search/Standard  delay=1.667 min_gap=0.000 last=1784798128.281
11:15:28.281  ENF   delay=1.667 min_gap=0.000 jitter=1.243 gap=2.909 since_last=0.000 sleep=2.909
11:15:31.634  PARSE Account 3:5:60 → 2.500s/req pen=60s (used=2); Ip 8:10:60 → 1.094s/req pen=60s (used=2); Ip 15:60:120 → 4.800s/req pen=120s (used=7); Ip 60:300:1800 → 7.250s/req pen=1800s (used=38)  delay 1.667→8.250  min_gap→0  max_usage=63%
11:15:31.634  RAW   content-type: application/json
11:15:31.634  RAW   x-rate-limit-policy: trade-search-request-limit
11:15:31.634  RAW   x-rate-limit-rules: Account,Ip
11:15:31.634  RAW   x-rate-limit-account: 3:5:60
11:15:31.634  RAW   x-rate-limit-account-state: 2:5:0
11:15:31.634  RAW   x-rate-limit-ip: 8:10:60,15:60:120,60:300:1800
11:15:31.634  RAW   x-rate-limit-ip-state: 2:10:0,7:60:0,38:300:0
11:15:31.634  RAW   cf-cache-status: DYNAMIC
11:15:31.634  RAW   cf-ray: a1f994bffe150296-WAW
11:15:31.634  RESP  POST /api/trade/search/Standard → 200  3.353s  delay=8.250 min_gap=0.000 last=1784798131.634
11:15:31.634  PRE   GET /api/trade/fetch/534d4756b7f44330b30f614831e452a5e813fa84cea5485a38adafd98e1d3fea%2C0495847f858003e6053eedb261951b318ecaeec770a9c09f9bea3e444357e11c%2Cebb4c8aefd571afc4495dd492274ed8e8498ae20efb804b54922f66e29502885%2Cb242d46eb9c5c387af22770572b59bf69110dc2484d89a502208e0b0020fa2c9%2C202b74cf377b8c40e3c001bc81ff4ecaceee6f1ee883dab94bdc2faaa7701aa6  delay=8.250 min_gap=0.000 last=1784798131.634
11:15:31.634  ENF   delay=8.250 min_gap=0.000 jitter=1.982 gap=10.232 since_last=0.000 sleep=10.232
11:15:42.144  PARSE Account 6:4:10 → 0.667s/req pen=10s (used=2); Ip 12:4:60 → 0.250s/req pen=60s (used=2); Ip 16:12:60 → 0.516s/req pen=60s (used=2)  delay 8.250→1.667  min_gap→0  max_usage=0%
11:15:42.144  RAW   content-type: application/json
11:15:42.144  RAW   x-rate-limit-policy: trade-fetch-request-limit
11:15:42.144  RAW   x-rate-limit-rules: Account,Ip
11:15:42.144  RAW   x-rate-limit-account: 6:4:10
11:15:42.144  RAW   x-rate-limit-account-state: 2:4:0
11:15:42.144  RAW   x-rate-limit-ip: 12:4:60,16:12:60
11:15:42.144  RAW   x-rate-limit-ip-state: 2:4:0,2:12:0
11:15:42.144  RAW   cf-cache-status: DYNAMIC
11:15:42.144  RAW   cf-ray: a1f99502af350296-WAW
11:15:42.144  RESP  GET /api/trade/fetch/534d4756b7f44330b30f614831e452a5e813fa84cea5485a38adafd98e1d3fea%2C0495847f858003e6053eedb261951b318ecaeec770a9c09f9bea3e444357e11c%2Cebb4c8aefd571afc4495dd492274ed8e8498ae20efb804b54922f66e29502885%2Cb242d46eb9c5c387af22770572b59bf69110dc2484d89a502208e0b0020fa2c9%2C202b74cf377b8c40e3c001bc81ff4ecaceee6f1ee883dab94bdc2faaa7701aa6 → 200  10.510s  delay=1.667 min_gap=0.000 last=1784798142.144
11:15:42.144  PRE   POST /api/trade/search/Standard  delay=1.667 min_gap=0.000 last=1784798142.144
11:15:42.144  ENF   delay=1.667 min_gap=0.000 jitter=1.349 gap=3.016 since_last=0.000 sleep=3.016
11:15:45.459  PARSE Account 3:5:60 → 2.500s/req pen=60s (used=2); Ip 8:10:60 → 1.094s/req pen=60s (used=2); Ip 15:60:120 → 4.400s/req pen=120s (used=6); Ip 60:300:1800 → 7.500s/req pen=1800s (used=40)  delay 1.667→8.500  min_gap→0  max_usage=67%
11:15:45.459  RAW   content-type: application/json
11:15:45.459  RAW   x-rate-limit-policy: trade-search-request-limit
11:15:45.459  RAW   x-rate-limit-rules: Account,Ip
11:15:45.459  RAW   x-rate-limit-account: 3:5:60
11:15:45.460  RAW   x-rate-limit-account-state: 2:5:0
11:15:45.460  RAW   x-rate-limit-ip: 8:10:60,15:60:120,60:300:1800
11:15:45.460  RAW   x-rate-limit-ip-state: 2:10:0,6:60:0,40:300:0
11:15:45.460  RAW   cf-cache-status: DYNAMIC
11:15:45.460  RAW   cf-ray: a1f995174ede0296-WAW
11:15:45.460  RESP  POST /api/trade/search/Standard → 200  3.315s  delay=8.500 min_gap=0.000 last=1784798145.460
11:15:45.460  PRE   GET /api/trade/fetch/c1b77bd1d3810414924be5ae8994a4262e7f02b18442ebc1182f005379cf659c%2C13f5e061c641a3fa21486ccfc566663ba712aa29062744cc56580405e5b4cb45%2C4fb3b770b87e1d771dbf945bc223ea30bb5b1a9b5b9d0a4448f65f03a24ab8c4%2C7536ba32e7f09bb77561d159e3648f1780b4c826eb44b7b75dbf5cfff0b8b67b%2Cd662d655639025e1cc07d90ab2a6fc77b8d56d291f183975872a5cc14a054457  delay=8.500 min_gap=0.000 last=1784798145.460
11:15:45.460  ENF   delay=8.500 min_gap=0.000 jitter=1.027 gap=9.527 since_last=0.000 sleep=9.527
11:15:55.768  PARSE Account 6:4:10 → 0.667s/req pen=10s (used=2); Ip 12:4:60 → 0.250s/req pen=60s (used=2); Ip 16:12:60 → 0.516s/req pen=60s (used=2)  delay 8.500→1.667  min_gap→0  max_usage=0%
11:15:55.769  RAW   content-type: application/json
11:15:55.769  RAW   x-rate-limit-policy: trade-fetch-request-limit
11:15:55.769  RAW   x-rate-limit-rules: Account,Ip
11:15:55.769  RAW   x-rate-limit-account: 6:4:10
11:15:55.769  RAW   x-rate-limit-account-state: 2:4:0
11:15:55.769  RAW   x-rate-limit-ip: 12:4:60,16:12:60
11:15:55.769  RAW   x-rate-limit-ip-state: 2:4:0,2:12:0
11:15:55.769  RAW   cf-cache-status: DYNAMIC
11:15:55.769  RAW   cf-ray: a1f99554b80d0296-WAW
11:15:55.769  RESP  GET /api/trade/fetch/c1b77bd1d3810414924be5ae8994a4262e7f02b18442ebc1182f005379cf659c%2C13f5e061c641a3fa21486ccfc566663ba712aa29062744cc56580405e5b4cb45%2C4fb3b770b87e1d771dbf945bc223ea30bb5b1a9b5b9d0a4448f65f03a24ab8c4%2C7536ba32e7f09bb77561d159e3648f1780b4c826eb44b7b75dbf5cfff0b8b67b%2Cd662d655639025e1cc07d90ab2a6fc77b8d56d291f183975872a5cc14a054457 → 200  10.309s  delay=1.667 min_gap=0.000 last=1784798155.769
11:15:55.795  PRE   POST /api/trade/search/Standard  delay=1.667 min_gap=0.000 last=1784798155.769
11:15:55.795  ENF   delay=1.667 min_gap=0.000 jitter=2.071 gap=3.738 since_last=0.026 sleep=3.712
11:15:59.804  PARSE Account 3:5:60 → 2.500s/req pen=60s (used=2); Ip 8:10:60 → 1.094s/req pen=60s (used=2); Ip 15:60:120 → 5.200s/req pen=120s (used=8); Ip 60:300:1800 → 7.750s/req pen=1800s (used=42)  delay 1.667→8.750  min_gap→0  max_usage=70%
11:15:59.804  BACK  set 0s backoff at 70% usage
11:15:59.805  RAW   content-type: application/json
11:15:59.805  RAW   x-rate-limit-policy: trade-search-request-limit
11:15:59.805  RAW   x-rate-limit-rules: Account,Ip
11:15:59.805  RAW   x-rate-limit-account: 3:5:60
11:15:59.805  RAW   x-rate-limit-account-state: 2:5:0
11:15:59.805  RAW   x-rate-limit-ip: 8:10:60,15:60:120,60:300:1800
11:15:59.805  RAW   x-rate-limit-ip-state: 2:10:0,8:60:0,42:300:0
11:15:59.805  RAW   cf-cache-status: DYNAMIC
11:15:59.805  RAW   cf-ray: a1f99570ff850296-WAW
11:15:59.805  RESP  POST /api/trade/search/Standard → 200  4.010s  delay=8.750 min_gap=0.000 last=1784798159.805
11:15:59.805  PRE   GET /api/trade/fetch/f087b48218844bee38c6e721cbf8d19f9351266976e8d14335fbe4844333decd%2C22dc5fb30af3d36f07d7bd131d7c56c9605aa999f0c6549eadab75fed7ff7c96%2C5977b10793fbb960a69673b4c7079267f72c4b696c6d4eea7b5e034c3c548ff9%2Cd964604c4ea9c6512cb364fa7e53f5c1efdc8602f92b8a62e72a13c924adde05%2C9b583502459f452d337794c5e9824abbc8af3b70b1b50510b3a0ce08016e954b  delay=8.750 min_gap=0.000 last=1784798159.805
11:15:59.805  ENF   delay=8.750 min_gap=0.000 jitter=1.922 gap=10.672 since_last=0.000 sleep=10.672
11:16:10.944  PARSE Account 6:4:10 → 0.667s/req pen=10s (used=2); Ip 12:4:60 → 0.250s/req pen=60s (used=2); Ip 16:12:60 → 0.516s/req pen=60s (used=2)  delay 8.750→1.667  min_gap→0  max_usage=0%
11:16:10.944  RAW   content-type: application/json
11:16:10.944  RAW   x-rate-limit-policy: trade-fetch-request-limit
11:16:10.944  RAW   x-rate-limit-rules: Account,Ip
11:16:10.944  RAW   x-rate-limit-account: 6:4:10
11:16:10.944  RAW   x-rate-limit-account-state: 2:4:0
11:16:10.944  RAW   x-rate-limit-ip: 12:4:60,16:12:60
11:16:10.944  RAW   x-rate-limit-ip-state: 2:4:0,2:12:0
11:16:10.944  RAW   cf-cache-status: DYNAMIC
11:16:10.944  RAW   cf-ray: a1f995b588050296-WAW
11:16:10.944  RESP  GET /api/trade/fetch/f087b48218844bee38c6e721cbf8d19f9351266976e8d14335fbe4844333decd%2C22dc5fb30af3d36f07d7bd131d7c56c9605aa999f0c6549eadab75fed7ff7c96%2C5977b10793fbb960a69673b4c7079267f72c4b696c6d4eea7b5e034c3c548ff9%2Cd964604c4ea9c6512cb364fa7e53f5c1efdc8602f92b8a62e72a13c924adde05%2C9b583502459f452d337794c5e9824abbc8af3b70b1b50510b3a0ce08016e954b → 200  11.139s  delay=1.667 min_gap=0.000 last=1784798170.944
11:16:10.944  PRE   POST /api/trade/search/Standard  delay=1.667 min_gap=0.000 last=1784798170.944
11:16:10.944  ENF   delay=1.667 min_gap=0.000 jitter=1.507 gap=3.174 since_last=0.000 sleep=3.174
11:16:14.455  PARSE Account 3:5:60 → 2.500s/req pen=60s (used=2); Ip 8:10:60 → 1.094s/req pen=60s (used=2); Ip 15:60:120 → 6.000s/req pen=120s (used=10); Ip 60:300:1800 → 6.875s/req pen=1800s (used=35)  delay 1.667→7.875  min_gap→0  max_usage=67%
11:16:14.455  RAW   content-type: application/json
11:16:14.455  RAW   x-rate-limit-policy: trade-search-request-limit
11:16:14.455  RAW   x-rate-limit-rules: Account,Ip
11:16:14.455  RAW   x-rate-limit-account: 3:5:60
11:16:14.455  RAW   x-rate-limit-account-state: 2:5:0
11:16:14.455  RAW   x-rate-limit-ip: 8:10:60,15:60:120,60:300:1800
11:16:14.455  RAW   x-rate-limit-ip-state: 2:10:0,10:60:0,35:300:0
11:16:14.455  RAW   cf-cache-status: DYNAMIC
11:16:14.455  RAW   cf-ray: a1f995cc4ea10296-WAW
11:16:14.455  RESP  POST /api/trade/search/Standard → 200  3.511s  delay=7.875 min_gap=0.000 last=1784798174.456
11:16:14.456  PRE   GET /api/trade/fetch/534d4756b7f44330b30f614831e452a5e813fa84cea5485a38adafd98e1d3fea%2C0495847f858003e6053eedb261951b318ecaeec770a9c09f9bea3e444357e11c%2Cebb4c8aefd571afc4495dd492274ed8e8498ae20efb804b54922f66e29502885%2C86a2ea49a3550a35d26eebbaa24f4ba28a99c74fd3b0bcdcf30cc90700e29ae7%2C4ae092dd8291e214a47095960a47cde0c566ccdad2d314601eafc7fa1ce861a6  delay=7.875 min_gap=0.000 last=1784798174.456
11:16:14.456  ENF   delay=7.875 min_gap=0.000 jitter=1.038 gap=8.913 since_last=0.000 sleep=8.913
11:16:23.704  PARSE Account 6:4:10 → 0.667s/req pen=10s (used=2); Ip 12:4:60 → 0.250s/req pen=60s (used=2); Ip 16:12:60 → 0.516s/req pen=60s (used=2)  delay 7.875→1.667  min_gap→0  max_usage=0%
11:16:23.704  RAW   content-type: application/json
11:16:23.704  RAW   x-rate-limit-policy: trade-fetch-request-limit
11:16:23.704  RAW   x-rate-limit-rules: Account,Ip
11:16:23.704  RAW   x-rate-limit-account: 6:4:10
11:16:23.704  RAW   x-rate-limit-account-state: 2:4:0
11:16:23.704  RAW   x-rate-limit-ip: 12:4:60,16:12:60
11:16:23.704  RAW   x-rate-limit-ip-state: 2:4:0,2:12:0
11:16:23.704  RAW   cf-cache-status: DYNAMIC
11:16:23.704  RAW   cf-ray: a1f996061ec80296-WAW
11:16:23.704  RESP  GET /api/trade/fetch/534d4756b7f44330b30f614831e452a5e813fa84cea5485a38adafd98e1d3fea%2C0495847f858003e6053eedb261951b318ecaeec770a9c09f9bea3e444357e11c%2Cebb4c8aefd571afc4495dd492274ed8e8498ae20efb804b54922f66e29502885%2C86a2ea49a3550a35d26eebbaa24f4ba28a99c74fd3b0bcdcf30cc90700e29ae7%2C4ae092dd8291e214a47095960a47cde0c566ccdad2d314601eafc7fa1ce861a6 → 200  9.248s  delay=1.667 min_gap=0.000 last=1784798183.705
11:16:23.704  PRE   POST /api/trade/search/Standard  delay=1.667 min_gap=0.000 last=1784798183.705
11:16:23.704  ENF   delay=1.667 min_gap=0.000 jitter=1.530 gap=3.197 since_last=0.000 sleep=3.197
11:16:27.308  PARSE Account 3:5:60 → 2.500s/req pen=60s (used=2); Ip 8:10:60 → 1.094s/req pen=60s (used=2); Ip 15:60:120 → 6.000s/req pen=120s (used=10); Ip 60:300:1800 → 7.125s/req pen=1800s (used=37)  delay 1.667→8.125  min_gap→0  max_usage=67%
11:16:27.308  RAW   content-type: application/json
11:16:27.308  RAW   x-rate-limit-policy: trade-search-request-limit
11:16:27.308  RAW   x-rate-limit-rules: Account,Ip
11:16:27.308  RAW   x-rate-limit-account: 3:5:60
11:16:27.308  RAW   x-rate-limit-account-state: 2:5:0
11:16:27.308  RAW   x-rate-limit-ip: 8:10:60,15:60:120,60:300:1800
11:16:27.308  RAW   x-rate-limit-ip-state: 2:10:0,10:60:0,37:300:0
11:16:27.308  RAW   cf-cache-status: DYNAMIC
11:16:27.309  RAW   cf-ray: a1f9961c2ab50296-WAW
11:16:27.309  RESP  POST /api/trade/search/Standard → 200  3.604s  delay=8.125 min_gap=0.000 last=1784798187.309
11:16:27.309  PRE   GET /api/trade/fetch/6e123d0daf59e29e49f9b530bff225ffc5b102f3163539e711369b13ad78e977%2Ca74cc6e1495d467c6b87600fac18556aa0f9528d5c5622c91220cd60fa7930df%2C4e9f9077a55d7f7dd586e098d342d9d5b1850a792959b50d5da53543f03b838a%2Cf468bd01d284def4349072e43c859de325ab32736354a0a055fcff21bba830cc%2C09801584e1c6701a4d770a32a906882d248787b12e274ede85ab61b76c776c2f  delay=8.125 min_gap=0.000 last=1784798187.309
11:16:27.309  ENF   delay=8.125 min_gap=0.000 jitter=2.423 gap=10.548 since_last=0.000 sleep=10.548
11:16:38.334  PARSE Account 6:4:10 → 0.667s/req pen=10s (used=2); Ip 12:4:60 → 0.250s/req pen=60s (used=2); Ip 16:12:60 → 0.516s/req pen=60s (used=2)  delay 8.125→1.667  min_gap→0  max_usage=0%
11:16:38.334  RAW   content-type: application/json
11:16:38.334  RAW   x-rate-limit-policy: trade-fetch-request-limit
11:16:38.334  RAW   x-rate-limit-rules: Account,Ip
11:16:38.334  RAW   x-rate-limit-account: 6:4:10
11:16:38.334  RAW   x-rate-limit-account-state: 2:4:0
11:16:38.334  RAW   x-rate-limit-ip: 12:4:60,16:12:60
11:16:38.334  RAW   x-rate-limit-ip-state: 2:4:0,2:12:0
11:16:38.334  RAW   cf-cache-status: DYNAMIC
11:16:38.334  RAW   cf-ray: a1f99660adf10296-WAW
11:16:38.334  RESP  GET /api/trade/fetch/6e123d0daf59e29e49f9b530bff225ffc5b102f3163539e711369b13ad78e977%2Ca74cc6e1495d467c6b87600fac18556aa0f9528d5c5622c91220cd60fa7930df%2C4e9f9077a55d7f7dd586e098d342d9d5b1850a792959b50d5da53543f03b838a%2Cf468bd01d284def4349072e43c859de325ab32736354a0a055fcff21bba830cc%2C09801584e1c6701a4d770a32a906882d248787b12e274ede85ab61b76c776c2f → 200  11.025s  delay=1.667 min_gap=0.000 last=1784798198.335
11:16:38.360  PRE   POST /api/trade/search/Standard  delay=1.667 min_gap=0.000 last=1784798198.335
11:16:38.360  ENF   delay=1.667 min_gap=0.000 jitter=1.133 gap=2.800 since_last=0.026 sleep=2.773
11:16:41.583  PARSE Account 3:5:60 → 2.500s/req pen=60s (used=2); Ip 8:10:60 → 1.094s/req pen=60s (used=2); Ip 15:60:120 → 5.600s/req pen=120s (used=9); Ip 60:300:1800 → 7.375s/req pen=1800s (used=39)  delay 1.667→8.375  min_gap→0  max_usage=65%
11:16:41.583  RAW   content-type: application/json
11:16:41.583  RAW   x-rate-limit-policy: trade-search-request-limit
11:16:41.583  RAW   x-rate-limit-rules: Account,Ip
11:16:41.583  RAW   x-rate-limit-account: 3:5:60
11:16:41.583  RAW   x-rate-limit-account-state: 2:5:0
11:16:41.583  RAW   x-rate-limit-ip: 8:10:60,15:60:120,60:300:1800
11:16:41.583  RAW   x-rate-limit-ip-state: 2:10:0,9:60:0,39:300:0
11:16:41.583  RAW   cf-cache-status: DYNAMIC
11:16:41.583  RAW   cf-ray: a1f9967518100296-WAW
11:16:41.583  RESP  POST /api/trade/search/Standard → 200  3.223s  delay=8.375 min_gap=0.000 last=1784798201.584
11:16:41.583  PRE   GET /api/trade/fetch/0e1e31869f30718179a8d47ef1e43a6a7a5c6292c0345f06386f40ad8e9c5ca1%2Cfc3fa0fb786c2427f17273d459a73e6e6f4636229db8c68f002caa737ba7a1bd%2C91cf703f75ec25a427127c1306fb198f328f98c3cda084701f5885a374aab736%2C9f7fdbdc8d9cdf0a231d6fbf001976226fe63f6d65d4dfae78650d3917789943%2C6a2c7b639d050fdb51f6f6aeb004706373b4bbccbd9586de48e7504476a7d82a  delay=8.375 min_gap=0.000 last=1784798201.584
11:16:41.583  ENF   delay=8.375 min_gap=0.000 jitter=1.858 gap=10.233 since_last=0.000 sleep=10.233
11:16:52.189  PARSE Account 6:4:10 → 0.667s/req pen=10s (used=2); Ip 12:4:60 → 0.250s/req pen=60s (used=2); Ip 16:12:60 → 0.516s/req pen=60s (used=2)  delay 8.375→1.667  min_gap→0  max_usage=0%
11:16:52.189  RAW   content-type: application/json
11:16:52.189  RAW   x-rate-limit-policy: trade-fetch-request-limit
11:16:52.189  RAW   x-rate-limit-rules: Account,Ip
11:16:52.189  RAW   x-rate-limit-account: 6:4:10
11:16:52.189  RAW   x-rate-limit-account-state: 2:4:0
11:16:52.189  RAW   x-rate-limit-ip: 12:4:60,16:12:60
11:16:52.189  RAW   x-rate-limit-ip-state: 2:4:0,2:12:0
11:16:52.189  RAW   cf-cache-status: DYNAMIC
11:16:52.189  RAW   cf-ray: a1f996b7d9b40296-WAW
11:16:52.189  RESP  GET /api/trade/fetch/0e1e31869f30718179a8d47ef1e43a6a7a5c6292c0345f06386f40ad8e9c5ca1%2Cfc3fa0fb786c2427f17273d459a73e6e6f4636229db8c68f002caa737ba7a1bd%2C91cf703f75ec25a427127c1306fb198f328f98c3cda084701f5885a374aab736%2C9f7fdbdc8d9cdf0a231d6fbf001976226fe63f6d65d4dfae78650d3917789943%2C6a2c7b639d050fdb51f6f6aeb004706373b4bbccbd9586de48e7504476a7d82a → 200  10.606s  delay=1.667 min_gap=0.000 last=1784798212.190
11:16:52.189  PRE   POST /api/trade/search/Standard  delay=1.667 min_gap=0.000 last=1784798212.190
11:16:52.190  ENF   delay=1.667 min_gap=0.000 jitter=2.313 gap=3.980 since_last=0.000 sleep=3.980
11:16:56.624  PARSE Account 3:5:60 → 2.500s/req pen=60s (used=2); Ip 8:10:60 → 1.094s/req pen=60s (used=2); Ip 15:60:120 → 5.200s/req pen=120s (used=8); Ip 60:300:1800 → 7.625s/req pen=1800s (used=41)  delay 1.667→8.625  min_gap→0  max_usage=68%
11:16:56.625  RAW   content-type: application/json
11:16:56.625  RAW   x-rate-limit-policy: trade-search-request-limit
11:16:56.625  RAW   x-rate-limit-rules: Account,Ip
11:16:56.625  RAW   x-rate-limit-account: 3:5:60
11:16:56.625  RAW   x-rate-limit-account-state: 2:5:0
11:16:56.625  RAW   x-rate-limit-ip: 8:10:60,15:60:120,60:300:1800
11:16:56.625  RAW   x-rate-limit-ip-state: 2:10:0,8:60:0,41:300:0
11:16:56.625  RAW   cf-cache-status: DYNAMIC
11:16:56.625  RAW   cf-ray: a1f996d31c0d0296-WAW
11:16:56.625  RESP  POST /api/trade/search/Standard → 200  4.435s  delay=8.625 min_gap=0.000 last=1784798216.625
11:16:56.625  PRE   GET /api/trade/fetch/534d4756b7f44330b30f614831e452a5e813fa84cea5485a38adafd98e1d3fea%2C0495847f858003e6053eedb261951b318ecaeec770a9c09f9bea3e444357e11c%2Cb242d46eb9c5c387af22770572b59bf69110dc2484d89a502208e0b0020fa2c9%2C9d5927738bf204deda9befaca7cec56c3f12cd06a508783a684e1fa9f5956cbc%2Cf9b35ade5f1bb4a14951785d8dcf7a282b9d1d9d10b28425e512b62600e6f245  delay=8.625 min_gap=0.000 last=1784798216.625
11:16:56.625  ENF   delay=8.625 min_gap=0.000 jitter=1.139 gap=9.764 since_last=0.000 sleep=9.764
11:17:07.033  PARSE Account 6:4:10 → 0.667s/req pen=10s (used=2); Ip 12:4:60 → 0.250s/req pen=60s (used=2); Ip 16:12:60 → 0.516s/req pen=60s (used=2)  delay 8.625→1.667  min_gap→0  max_usage=0%
11:17:07.033  RAW   content-type: application/json
11:17:07.033  RAW   x-rate-limit-policy: trade-fetch-request-limit
11:17:07.033  RAW   x-rate-limit-rules: Account,Ip
11:17:07.033  RAW   x-rate-limit-account: 6:4:10
11:17:07.033  RAW   x-rate-limit-account-state: 2:4:0
11:17:07.033  RAW   x-rate-limit-ip: 12:4:60,16:12:60
11:17:07.033  RAW   x-rate-limit-ip-state: 2:4:0,2:12:0
11:17:07.033  RAW   cf-cache-status: DYNAMIC
11:17:07.033  RAW   cf-ray: a1f99712fabf0296-WAW
11:17:07.033  RESP  GET /api/trade/fetch/534d4756b7f44330b30f614831e452a5e813fa84cea5485a38adafd98e1d3fea%2C0495847f858003e6053eedb261951b318ecaeec770a9c09f9bea3e444357e11c%2Cb242d46eb9c5c387af22770572b59bf69110dc2484d89a502208e0b0020fa2c9%2C9d5927738bf204deda9befaca7cec56c3f12cd06a508783a684e1fa9f5956cbc%2Cf9b35ade5f1bb4a14951785d8dcf7a282b9d1d9d10b28425e512b62600e6f245 → 200  10.408s  delay=1.667 min_gap=0.000 last=1784798227.034
11:17:07.033  PRE   POST /api/trade/search/Standard  delay=1.667 min_gap=0.000 last=1784798227.034
11:17:07.033  ENF   delay=1.667 min_gap=0.000 jitter=1.398 gap=3.064 since_last=0.000 sleep=3.064
11:17:10.397  PARSE Account 3:5:60 → 2.500s/req pen=60s (used=2); Ip 8:10:60 → 1.094s/req pen=60s (used=2); Ip 15:60:120 → 5.200s/req pen=120s (used=8); Ip 60:300:1800 → 6.875s/req pen=1800s (used=35)  delay 1.667→7.875  min_gap→0  max_usage=58%
11:17:10.397  RAW   content-type: application/json
11:17:10.397  RAW   x-rate-limit-policy: trade-search-request-limit
11:17:10.397  RAW   x-rate-limit-rules: Account,Ip
11:17:10.397  RAW   x-rate-limit-account: 3:5:60
11:17:10.397  RAW   x-rate-limit-account-state: 2:5:0
11:17:10.397  RAW   x-rate-limit-ip: 8:10:60,15:60:120,60:300:1800
11:17:10.397  RAW   x-rate-limit-ip-state: 2:10:0,8:60:0,35:300:0
11:17:10.397  RAW   cf-cache-status: DYNAMIC
11:17:10.397  RAW   cf-ray: a1f9972a28340296-WAW
11:17:10.397  RESP  POST /api/trade/search/Standard → 200  3.363s  delay=7.875 min_gap=0.000 last=1784798230.397
11:17:10.397  PRE   GET /api/trade/fetch/ef9655dd0043368c0444fa280b5e6759233b6c6717e8c7723ef1c736ef754d8e%2Ccb060c002d71ef7c16b48151fb7947827a2d5ab4a671202c964162e98b99fadf%2C4655a34c991f6d34e85465b85812ed25c93370210b9f11356e4d3aa130132e76%2Ca77a200cdc989dd287ad957398ab3a73a9c428b6315800db01561cb5fcafd090%2C2d2cb2c31d8ce9b8bfbc5ab6bbd3ac9178614e15e2958a3d0e7b64951719287c  delay=7.875 min_gap=0.000 last=1784798230.397
11:17:10.397  ENF   delay=7.875 min_gap=0.000 jitter=1.363 gap=9.238 since_last=0.000 sleep=9.238
11:17:19.974  PARSE Account 6:4:10 → 0.667s/req pen=10s (used=2); Ip 12:4:60 → 0.250s/req pen=60s (used=2); Ip 16:12:60 → 0.516s/req pen=60s (used=2)  delay 7.875→1.667  min_gap→0  max_usage=0%
11:17:19.974  RAW   content-type: application/json
11:17:19.974  RAW   x-rate-limit-policy: trade-fetch-request-limit
11:17:19.974  RAW   x-rate-limit-rules: Account,Ip
11:17:19.974  RAW   x-rate-limit-account: 6:4:10
11:17:19.974  RAW   x-rate-limit-account-state: 2:4:0
11:17:19.974  RAW   x-rate-limit-ip: 12:4:60,16:12:60
11:17:19.974  RAW   x-rate-limit-ip-state: 2:4:0,2:12:0
11:17:19.974  RAW   cf-cache-status: DYNAMIC
11:17:19.974  RAW   cf-ray: a1f99765bec10296-WAW
11:17:19.974  RESP  GET /api/trade/fetch/ef9655dd0043368c0444fa280b5e6759233b6c6717e8c7723ef1c736ef754d8e%2Ccb060c002d71ef7c16b48151fb7947827a2d5ab4a671202c964162e98b99fadf%2C4655a34c991f6d34e85465b85812ed25c93370210b9f11356e4d3aa130132e76%2Ca77a200cdc989dd287ad957398ab3a73a9c428b6315800db01561cb5fcafd090%2C2d2cb2c31d8ce9b8bfbc5ab6bbd3ac9178614e15e2958a3d0e7b64951719287c → 200  9.577s  delay=1.667 min_gap=0.000 last=1784798239.975
11:17:19.999  PRE   POST /api/trade/search/Standard  delay=1.667 min_gap=0.000 last=1784798239.975
11:17:19.999  ENF   delay=1.667 min_gap=0.000 jitter=2.001 gap=3.668 since_last=0.025 sleep=3.643
11:17:24.353  PARSE Account 3:5:60 → 2.500s/req pen=60s (used=2); Ip 8:10:60 → 1.094s/req pen=60s (used=2); Ip 15:60:120 → 5.200s/req pen=120s (used=8); Ip 60:300:1800 → 7.125s/req pen=1800s (used=37)  delay 1.667→8.125  min_gap→0  max_usage=62%
11:17:24.353  RAW   content-type: application/json
11:17:24.353  RAW   x-rate-limit-policy: trade-search-request-limit
11:17:24.353  RAW   x-rate-limit-rules: Account,Ip
11:17:24.353  RAW   x-rate-limit-account: 3:5:60
11:17:24.353  RAW   x-rate-limit-account-state: 2:5:0
11:17:24.353  RAW   x-rate-limit-ip: 8:10:60,15:60:120,60:300:1800
11:17:24.353  RAW   x-rate-limit-ip-state: 2:10:0,8:60:0,37:300:0
11:17:24.353  RAW   cf-cache-status: DYNAMIC
11:17:24.353  RAW   cf-ray: a1f9977ecff80296-WAW
11:17:24.353  RESP  POST /api/trade/search/Standard → 200  4.354s  delay=8.125 min_gap=0.000 last=1784798244.353
11:17:24.353  PRE   GET /api/trade/fetch/91cf703f75ec25a427127c1306fb198f328f98c3cda084701f5885a374aab736%2C9bbf31655d29eb7389c30f324a8a8ee1eb61af41f233017bd8523d20f6d141b4%2C23fdddc4582bf8d6a5c337cdb33f44e02d56c2bc5b4ef05d19455d427fff65ba%2Cbbc48b7fed1b33e15e47c8f5b4a240a50b47e459762a1f446c704d4b3232e91e%2Cff28cd6a2db3ca8d98a9fbe4402fe2127ece7ba6b0291ea1f958592f6e80ee3f  delay=8.125 min_gap=0.000 last=1784798244.353
11:17:24.353  ENF   delay=8.125 min_gap=0.000 jitter=1.129 gap=9.254 since_last=0.000 sleep=9.254
11:17:33.980  PARSE Account 6:4:10 → 0.500s/req pen=10s (used=1); Ip 12:4:60 → 0.208s/req pen=60s (used=1); Ip 16:12:60 → 0.516s/req pen=60s (used=2)  delay 8.125→1.516  min_gap→0  max_usage=0%
11:17:33.980  RAW   content-type: application/json
11:17:33.980  RAW   x-rate-limit-policy: trade-fetch-request-limit
11:17:33.980  RAW   x-rate-limit-rules: Account,Ip
11:17:33.980  RAW   x-rate-limit-account: 6:4:10
11:17:33.980  RAW   x-rate-limit-account-state: 1:4:0
11:17:33.980  RAW   x-rate-limit-ip: 12:4:60,16:12:60
11:17:33.980  RAW   x-rate-limit-ip-state: 1:4:0,2:12:0
11:17:33.980  RAW   cf-cache-status: DYNAMIC
11:17:33.980  RAW   cf-ray: a1f997bd19f60296-WAW
11:17:33.980  RESP  GET /api/trade/fetch/91cf703f75ec25a427127c1306fb198f328f98c3cda084701f5885a374aab736%2C9bbf31655d29eb7389c30f324a8a8ee1eb61af41f233017bd8523d20f6d141b4%2C23fdddc4582bf8d6a5c337cdb33f44e02d56c2bc5b4ef05d19455d427fff65ba%2Cbbc48b7fed1b33e15e47c8f5b4a240a50b47e459762a1f446c704d4b3232e91e%2Cff28cd6a2db3ca8d98a9fbe4402fe2127ece7ba6b0291ea1f958592f6e80ee3f → 200  9.627s  delay=1.516 min_gap=0.000 last=1784798253.980
11:17:33.980  PRE   POST /api/trade/search/Standard  delay=1.516 min_gap=0.000 last=1784798253.980
11:17:33.980  ENF   delay=1.516 min_gap=0.000 jitter=2.143 gap=3.658 since_last=0.000 sleep=3.658
11:17:37.925  PARSE Account 3:5:60 → 2.500s/req pen=60s (used=2); Ip 8:10:60 → 1.094s/req pen=60s (used=2); Ip 15:60:120 → 5.200s/req pen=120s (used=8); Ip 60:300:1800 → 7.375s/req pen=1800s (used=39)  delay 1.516→8.375  min_gap→0  max_usage=65%
11:17:37.925  RAW   content-type: application/json
11:17:37.925  RAW   x-rate-limit-policy: trade-search-request-limit
11:17:37.925  RAW   x-rate-limit-rules: Account,Ip
11:17:37.925  RAW   x-rate-limit-account: 3:5:60
11:17:37.925  RAW   x-rate-limit-account-state: 2:5:0
11:17:37.925  RAW   x-rate-limit-ip: 8:10:60,15:60:120,60:300:1800
11:17:37.925  RAW   x-rate-limit-ip-state: 2:10:0,8:60:0,39:300:0
11:17:37.925  RAW   cf-cache-status: DYNAMIC
11:17:37.925  RAW   cf-ray: a1f997d64d6f0296-WAW
11:17:37.925  RESP  POST /api/trade/search/Standard → 200  3.945s  delay=8.375 min_gap=0.000 last=1784798257.926
11:17:37.925  PRE   GET /api/trade/fetch/534d4756b7f44330b30f614831e452a5e813fa84cea5485a38adafd98e1d3fea%2C0495847f858003e6053eedb261951b318ecaeec770a9c09f9bea3e444357e11c%2C9d5927738bf204deda9befaca7cec56c3f12cd06a508783a684e1fa9f5956cbc%2C86a2ea49a3550a35d26eebbaa24f4ba28a99c74fd3b0bcdcf30cc90700e29ae7%2C7d7e2f3c3d70dad17d62c919768de0c05245787c879999c18423791e7b348d8c  delay=8.375 min_gap=0.000 last=1784798257.926
11:17:37.926  ENF   delay=8.375 min_gap=0.000 jitter=2.246 gap=10.621 since_last=0.000 sleep=10.621
11:17:48.990  PARSE Account 6:4:10 → 0.667s/req pen=10s (used=2); Ip 12:4:60 → 0.250s/req pen=60s (used=2); Ip 16:12:60 → 0.516s/req pen=60s (used=2)  delay 8.375→1.667  min_gap→0  max_usage=0%
11:17:48.990  RAW   content-type: application/json
11:17:48.990  RAW   x-rate-limit-policy: trade-fetch-request-limit
11:17:48.990  RAW   x-rate-limit-rules: Account,Ip
11:17:48.990  RAW   x-rate-limit-account: 6:4:10
11:17:48.990  RAW   x-rate-limit-account-state: 2:4:0
11:17:48.990  RAW   x-rate-limit-ip: 12:4:60,16:12:60
11:17:48.990  RAW   x-rate-limit-ip-state: 2:4:0,2:12:0
11:17:48.990  RAW   cf-cache-status: DYNAMIC
11:17:48.990  RAW   cf-ray: a1f9981a784d0296-WAW
11:17:48.990  RESP  GET /api/trade/fetch/534d4756b7f44330b30f614831e452a5e813fa84cea5485a38adafd98e1d3fea%2C0495847f858003e6053eedb261951b318ecaeec770a9c09f9bea3e444357e11c%2C9d5927738bf204deda9befaca7cec56c3f12cd06a508783a684e1fa9f5956cbc%2C86a2ea49a3550a35d26eebbaa24f4ba28a99c74fd3b0bcdcf30cc90700e29ae7%2C7d7e2f3c3d70dad17d62c919768de0c05245787c879999c18423791e7b348d8c → 200  11.064s  delay=1.667 min_gap=0.000 last=1784798268.991
11:17:48.990  PRE   POST /api/trade/search/Standard  delay=1.667 min_gap=0.000 last=1784798268.991
11:17:48.990  ENF   delay=1.667 min_gap=0.000 jitter=1.481 gap=3.147 since_last=0.000 sleep=3.147
11:17:52.650  PARSE Account 3:5:60 → 2.500s/req pen=60s (used=2); Ip 8:10:60 → 1.094s/req pen=60s (used=2); Ip 15:60:120 → 5.200s/req pen=120s (used=8); Ip 60:300:1800 → 7.625s/req pen=1800s (used=41)  delay 1.667→8.625  min_gap→0  max_usage=68%
11:17:52.650  RAW   content-type: application/json
11:17:52.650  RAW   x-rate-limit-policy: trade-search-request-limit
11:17:52.650  RAW   x-rate-limit-rules: Account,Ip
11:17:52.650  RAW   x-rate-limit-account: 3:5:60
11:17:52.650  RAW   x-rate-limit-account-state: 2:5:0
11:17:52.650  RAW   x-rate-limit-ip: 8:10:60,15:60:120,60:300:1800
11:17:52.650  RAW   x-rate-limit-ip-state: 2:10:0,8:60:0,41:300:0
11:17:52.650  RAW   cf-cache-status: DYNAMIC
11:17:52.650  RAW   cf-ray: a1f99830ed2b0296-WAW
11:17:52.650  RESP  POST /api/trade/search/Standard → 200  3.660s  delay=8.625 min_gap=0.000 last=1784798272.651
11:17:52.650  PRE   GET /api/trade/fetch/fbb658db1fdd3db6117a2bf8742800202d1c39f4dc5db43c0d9d89fa228a8985%2C16c647172895d2050e6a99c6279186e89dab520c4de72abc8fe9ef419b3d61c9%2Ce7706c9642247bea7c2a85f89b21a3e58379961799afed60e1ebbd8abe60a25d%2C4dcbd04163f344f906d9d0c6d6787fe8b0636c5457ee349f652887df730b099c%2C1ec8d137a0195ed5598e404f9387e90d6052c8f91ed67022d7da3cfd57d77425  delay=8.625 min_gap=0.000 last=1784798272.651
11:17:52.650  ENF   delay=8.625 min_gap=0.000 jitter=2.137 gap=10.762 since_last=0.000 sleep=10.762
