16:03:36.601  INIT  user_agent=test/0.1.0 delay=0.0 min_gap=1.0
16:03:36.602  PRE   POST /api/trade/search/Standard  delay=0.000 min_gap=1.000 last=1784642606.602
16:03:36.602  RESP  POST /api/trade/search/Standard → 429  0.000s  delay=0.000 min_gap=1.000 last=1784642616.602
16:03:36.602  BODY  req=(none)
16:03:36.602  BODY  resp=
16:03:36.602  !! 429 ! headers={'Server': 'cloudflare'}  state_delay=0.000 state_min_gap=1.000 state_last=1784642616.602
16:03:36.602  INIT  user_agent=test/0.1.0 delay=0.0 min_gap=1.0
16:03:36.602  PRE   POST /api/trade/search/Standard  delay=0.000 min_gap=1.000 last=1784642606.602
16:03:36.602  PARSE Account 1:5:60 → 1.500s/req pen=60s (used=0)  delay 0.000→2.500  min_gap→0  max_usage=0%
16:03:36.602  RAW   X-Rate-Limit-Rules: Account
16:03:36.602  RAW   X-Rate-Limit-Account: 1:5:60
16:03:36.602  RESP  POST /api/trade/search/Standard → 429  0.000s  delay=2.500 min_gap=0.000 last=1784642616.603
16:03:36.602  BODY  req=(none)
16:03:36.602  BODY  resp=
16:03:36.602  !! 429 ! headers={'X-Rate-Limit-Rules': 'Account', 'X-Rate-Limit-Account': '1:5:60'}  state_delay=2.500 state_min_gap=0.000 state_last=1784642616.603
16:03:36.602  INIT  user_agent=test/0.1.0 delay=0.0 min_gap=1.0
16:03:36.602  PRE   POST /api/trade/search/Standard  delay=0.000 min_gap=1.000 last=1784642616.603
16:03:36.602  ENF   delay=0.000 min_gap=1.000 jitter=0.000 gap=1.000 since_last=0.000 sleep=1.000
16:03:37.602  PARSE Account 1:1:1 → 0.300s/req pen=1s (used=0)  delay 0.000→1.300  min_gap→0  max_usage=0%
16:03:37.602  RAW   X-Rate-Limit-Rules: Account
16:03:37.602  RAW   X-Rate-Limit-Account: 1:1:1
16:03:37.603  RESP  POST /api/trade/search/Standard → 200  1.000s  delay=1.300 min_gap=0.000 last=1784642617.603
16:03:37.603  INIT  user_agent=test/0.1.0 delay=0.0 min_gap=1.0
16:03:37.603  PRE   POST /api/trade/search/Standard  delay=0.000 min_gap=1.000 last=1784642617.603
16:03:37.603  ENF   delay=0.000 min_gap=1.000 jitter=0.000 gap=1.000 since_last=0.000 sleep=1.000
16:03:37.603  PARSE Account 3:5:60 → 0.500s/req pen=60s (used=0)  delay 0.000→1.500  min_gap→0  max_usage=0%
16:03:37.603  RAW   X-Rate-Limit-Rules: Account
16:03:37.603  RAW   X-Rate-Limit-Account: 3:5:60
16:03:37.603  RESP  POST /api/trade/search/Standard → 200  0.000s  delay=1.500 min_gap=0.000 last=1784642617.604
16:03:37.603  PRE   GET /api/trade/fetch/a  delay=1.500 min_gap=0.000 last=1784642617.604
16:03:37.603  ENF   delay=1.500 min_gap=0.000 jitter=0.000 gap=1.500 since_last=0.000 sleep=1.500
16:03:37.603  PARSE Account 3:5:60 → 0.500s/req pen=60s (used=0)  delay 1.500→1.500  min_gap→0  max_usage=0%
16:03:37.603  RAW   X-Rate-Limit-Rules: Account
16:03:37.603  RAW   X-Rate-Limit-Account: 3:5:60
16:03:37.603  RESP  GET /api/trade/fetch/a → 200  0.000s  delay=1.500 min_gap=0.000 last=1784642617.604
16:03:37.603  INIT  user_agent=test/0.1.0 delay=0.0 min_gap=1.0
16:03:37.603  PRE   POST /api/trade/search/Standard  delay=0.000 min_gap=1.000 last=990.000
16:03:37.603  RESP  POST /api/trade/search/Standard → 200  0.000s  delay=0.000 min_gap=1.000 last=1000.000
16:03:37.603  PRE   POST /api/trade/search/Standard  delay=0.000 min_gap=1.000 last=1000.000
16:03:37.603  ENF   delay=0.000 min_gap=1.000 jitter=2.000 gap=3.000 since_last=0.000 sleep=3.000
16:03:37.603  RESP  POST /api/trade/search/Standard → 200  3.000s  delay=0.000 min_gap=1.000 last=1003.000
16:03:37.603  PRE   POST /api/trade/search/Standard  delay=0.000 min_gap=1.000 last=1003.000
16:03:37.603  ENF   delay=0.000 min_gap=1.000 jitter=2.000 gap=3.000 since_last=0.000 sleep=3.000
16:03:37.603  PARSE Account 3:5:60 → 0.500s/req pen=60s (used=0)  delay 0.000→1.500  min_gap→0  max_usage=0%
16:03:37.603  RAW   X-Rate-Limit-Rules: Account
16:03:37.603  RAW   X-Rate-Limit-Account: 3:5:60
16:03:37.604  RESP  POST /api/trade/search/Standard → 200  3.000s  delay=1.500 min_gap=0.000 last=1006.000
16:03:37.604  PRE   POST /api/trade/search/Standard  delay=1.500 min_gap=0.000 last=1006.000
16:03:37.604  ENF   delay=1.500 min_gap=0.000 jitter=2.000 gap=3.500 since_last=0.000 sleep=3.500
16:03:37.604  PARSE Account 3:5:60 → 0.500s/req pen=60s (used=0)  delay 1.500→1.500  min_gap→0  max_usage=0%
16:03:37.604  RAW   X-Rate-Limit-Rules: Account
16:03:37.604  RAW   X-Rate-Limit-Account: 3:5:60
16:03:37.604  RESP  POST /api/trade/search/Standard → 200  3.500s  delay=1.500 min_gap=0.000 last=1009.500
16:03:37.604  PRE   POST /api/trade/search/Standard  delay=1.500 min_gap=0.000 last=1009.500
16:03:37.604  ENF   delay=1.500 min_gap=0.000 jitter=2.000 gap=3.500 since_last=0.000 sleep=3.500
16:03:37.604  PARSE Ip 60:300:1800 → 1.500s/req pen=1800s (used=0)  delay 1.500→2.500  min_gap→0  max_usage=0%
16:03:37.604  RAW   X-Rate-Limit-Rules: Ip
16:03:37.604  RAW   X-Rate-Limit-Ip: 60:300:1800
16:03:37.604  RESP  POST /api/trade/search/Standard → 200  3.500s  delay=2.500 min_gap=0.000 last=1013.000
16:03:37.604  PRE   POST /api/trade/search/Standard  delay=2.500 min_gap=0.000 last=1013.000
16:03:37.604  ENF   delay=2.500 min_gap=0.000 jitter=2.000 gap=4.500 since_last=0.000 sleep=4.500
16:03:37.604  PARSE Ip 60:300:1800 → 1.500s/req pen=1800s (used=0)  delay 2.500→2.500  min_gap→0  max_usage=0%
16:03:37.604  RAW   X-Rate-Limit-Rules: Ip
16:03:37.604  RAW   X-Rate-Limit-Ip: 60:300:1800
16:03:37.604  RESP  POST /api/trade/search/Standard → 200  4.500s  delay=2.500 min_gap=0.000 last=1017.500
16:03:37.604  INIT  user_agent=test/0.1.0 delay=0.0 min_gap=1.0
16:03:37.604  PRE   POST /api/trade/search/Standard  delay=0.000 min_gap=1.000 last=1784642617.604
16:03:37.604  ENF   delay=0.000 min_gap=1.000 jitter=0.000 gap=1.000 since_last=0.000 sleep=1.000
16:03:38.604  PARSE Ip 60:300:1800 → 6.250s/req pen=1800s (used=30)  delay 0.000→7.250  min_gap→0  max_usage=50%
16:03:38.604  RAW   X-Rate-Limit-Rules: Ip
16:03:38.604  RAW   X-Rate-Limit-Ip: 60:300:1800
16:03:38.604  RAW   X-Rate-Limit-Ip-State: 30:300:0
16:03:38.604  RESP  POST /api/trade/search/Standard → 200  1.000s  delay=7.250 min_gap=0.000 last=1784642618.605
16:03:38.604  PRE   POST /api/trade/search/Standard  delay=7.250 min_gap=0.000 last=1784642618.605
16:03:38.604  ENF   delay=7.250 min_gap=0.000 jitter=0.000 gap=7.250 since_last=0.000 sleep=7.250
16:03:45.854  PARSE Ip 60:300:1800 → 2.875s/req pen=1800s (used=3)  delay 7.250→3.875  min_gap→0  max_usage=5%
16:03:45.854  RAW   X-Rate-Limit-Rules: Ip
16:03:45.854  RAW   X-Rate-Limit-Ip: 60:300:1800
16:03:45.854  RAW   X-Rate-Limit-Ip-State: 3:300:0
16:03:45.854  RESP  POST /api/trade/search/Standard → 200  7.250s  delay=3.875 min_gap=0.000 last=1784642625.855
16:03:45.854  INIT  user_agent=test/0.1.0 delay=0.0 min_gap=1.0
16:03:45.855  PRE   POST /api/trade/search/Standard  delay=0.000 min_gap=1.000 last=1784642625.855
16:03:45.855  ENF   delay=0.000 min_gap=1.000 jitter=0.000 gap=1.000 since_last=0.000 sleep=1.000
16:03:46.855  PARSE Ip 60:300:1800 → 1.500s/req pen=1800s (used=0)  delay 0.000→2.500  min_gap→0  max_usage=0%
16:03:46.855  RAW   X-Rate-Limit-Rules: Ip
16:03:46.855  RAW   X-Rate-Limit-Ip: 60:300:1800
16:03:46.855  RESP  POST /api/trade/search/Standard → 200  1.000s  delay=2.500 min_gap=0.000 last=1784642626.855
16:03:46.855  INIT  user_agent=test/0.1.0 delay=0.0 min_gap=1.0
16:03:46.855  PRE   POST /api/trade/search/Standard  delay=0.000 min_gap=1.000 last=1784642626.855
16:03:46.855  ENF   delay=0.000 min_gap=1.000 jitter=0.000 gap=1.000 since_last=0.000 sleep=1.000
16:03:46.855  RESP  POST /api/trade/search/Standard → 200  0.000s  delay=0.000 min_gap=1.000 last=1784642626.856
16:03:46.855  PRE   POST /api/trade/search/Standard  delay=0.000 min_gap=1.000 last=1784642626.856
16:03:46.855  ENF   delay=0.000 min_gap=1.000 jitter=0.000 gap=1.000 since_last=0.000 sleep=1.000
16:03:46.855  RESP  POST /api/trade/search/Standard → 200  0.000s  delay=0.000 min_gap=1.000 last=1784642626.856
16:03:46.855  INIT  user_agent=test/0.1.0 delay=0.0 min_gap=1.0
16:03:46.855  PRE   POST /api/trade/search/Standard  delay=0.000 min_gap=1.000 last=1784642626.856
16:03:46.855  ENF   delay=0.000 min_gap=1.000 jitter=0.000 gap=1.000 since_last=0.000 sleep=1.000
16:03:47.855  PARSE Account 3:5:60 → 0.500s/req pen=60s (used=0)  delay 0.000→1.500  min_gap→0  max_usage=0%
16:03:47.855  RAW   X-Rate-Limit-Rules: Account
16:03:47.855  RAW   X-Rate-Limit-Account: 3:5:60
16:03:47.855  RESP  POST /api/trade/search/Standard → 200  1.000s  delay=1.500 min_gap=0.000 last=1784642627.856
16:03:47.856  INIT  user_agent=test/0.1.0 delay=0.0 min_gap=1.0
16:03:47.856  PRE   POST /api/trade/search/Standard  delay=0.000 min_gap=1.000 last=1784642627.856
16:03:47.856  ENF   delay=0.000 min_gap=1.000 jitter=0.000 gap=1.000 since_last=0.000 sleep=1.000
16:03:48.856  PARSE Ip 60:300:1800 → 9.250s/req pen=1800s (used=54)  delay 0.000→10.250  min_gap→0  max_usage=90%
16:03:48.856  BACK  set 200s backoff at 90% usage
16:03:48.856  RAW   X-Rate-Limit-Rules: Ip
16:03:48.856  RAW   X-Rate-Limit-Ip: 60:300:1800
16:03:48.856  RAW   X-Rate-Limit-Ip-State: 54:300:0
16:03:48.856  RESP  POST /api/trade/search/Standard → 200  1.000s  delay=10.250 min_gap=0.000 last=1784642628.856
16:03:48.856  INIT  user_agent=test/0.1.0 delay=0.0 min_gap=1.0
16:03:48.856  LOCK  sleep=9999.000
16:03:48.857  ENF   delay=0.010 min_gap=1.000 jitter=0.000 gap=1.000 since_last=0.000 sleep=1.000
16:03:48.857  INIT  user_agent=test/0.1.0 delay=0.0 min_gap=1.0
16:03:48.857  PRE   POST /api/trade/search/Standard  delay=0.000 min_gap=1.000 last=1784642628.857
16:03:48.857  ENF   delay=0.000 min_gap=1.000 jitter=0.000 gap=1.000 since_last=0.000 sleep=1.000
16:03:49.857  PARSE Ip 60:300:1800 → 3.250s/req pen=1800s (used=6)  delay 0.000→4.250  min_gap→0  max_usage=10%
16:03:49.857  RAW   X-Rate-Limit-Rules: Ip
16:03:49.857  RAW   X-Rate-Limit-Ip: 60:300:1800
16:03:49.857  RAW   X-Rate-Limit-Ip-State: 6:300:0
16:03:49.857  RESP  POST /api/trade/search/Standard → 200  1.000s  delay=4.250 min_gap=0.000 last=1784642629.857
16:03:49.857  INIT  user_agent=test/0.1.0 delay=0.0 min_gap=1.0
16:03:49.857  PRE   POST /api/trade/search/Standard  delay=0.000 min_gap=1.000 last=1784642629.858
16:03:49.857  ENF   delay=0.000 min_gap=1.000 jitter=0.000 gap=1.000 since_last=0.000 sleep=1.000
16:03:50.857  PARSE Account 3:5:60 → 0.500s/req pen=60s (used=0)  delay 0.000→1.500  min_gap→0  max_usage=0%
16:03:50.857  RAW   X-Rate-Limit-Rules: Account
16:03:50.857  RAW   X-Rate-Limit-Account: 3:5:60
16:03:50.857  RESP  POST /api/trade/search/Standard → 200  1.000s  delay=1.500 min_gap=0.000 last=1784642630.858
16:03:50.857  INIT  user_agent=test/0.1.0 delay=0.0 min_gap=1.0
16:03:50.857  PRE   POST /api/trade/search/Standard  delay=0.000 min_gap=1.000 last=1784642630.858
16:03:50.857  ENF   delay=0.000 min_gap=1.000 jitter=0.000 gap=1.000 since_last=0.000 sleep=1.000
16:03:51.857  PARSE Ip 8:10:60 → 0.375s/req pen=60s (used=0); Ip 15:60:120 → 1.200s/req pen=120s (used=0); Ip 60:300:1800 → 1.500s/req pen=1800s (used=0)  delay 0.000→2.500  min_gap→0  max_usage=0%
16:03:51.858  RAW   X-Rate-Limit-Rules: Ip
16:03:51.858  RAW   X-Rate-Limit-Ip: 8:10:60,15:60:120,60:300:1800
16:03:51.858  RESP  POST /api/trade/search/Standard → 200  1.000s  delay=2.500 min_gap=0.000 last=1784642631.858
16:03:51.858  INIT  user_agent=test/0.1.0 delay=0.0 min_gap=1.0
16:03:51.858  PRE   POST /api/trade/search/Standard  delay=0.000 min_gap=1.000 last=1784642631.858
16:03:51.858  ENF   delay=0.000 min_gap=1.000 jitter=0.000 gap=1.000 since_last=0.000 sleep=1.000
16:03:52.858  PARSE Account 3:5:60 → 2.500s/req pen=60s (used=2); Ip 15:60:120 → 3.200s/req pen=120s (used=3)  delay 0.000→4.200  min_gap→0  max_usage=20%
16:03:52.858  RAW   X-Rate-Limit-Rules: Account,Ip
16:03:52.858  RAW   X-Rate-Limit-Account: 3:5:60
16:03:52.858  RAW   X-Rate-Limit-Account-State: 2:5:0
16:03:52.858  RAW   X-Rate-Limit-Ip: 15:60:120
16:03:52.858  RAW   X-Rate-Limit-Ip-State: 3:60:0
16:03:52.858  RESP  POST /api/trade/search/Standard → 200  1.000s  delay=4.200 min_gap=0.000 last=1784642632.858
16:03:52.858  INIT  user_agent=test/0.1.0 delay=0.0 min_gap=1.0
16:03:52.858  PRE   POST /api/trade/search/Standard  delay=0.000 min_gap=1.000 last=1784642632.859
16:03:52.858  ENF   delay=0.000 min_gap=1.000 jitter=0.000 gap=1.000 since_last=0.000 sleep=1.000
16:03:53.858  PARSE Account 3:5:60 → 0.500s/req pen=60s (used=0); Ip 60:300:1800 → 1.500s/req pen=1800s (used=0)  delay 0.000→2.500  min_gap→0  max_usage=0%
16:03:53.858  RAW   X-Rate-Limit-Rules: Account,Ip
16:03:53.858  RAW   X-Rate-Limit-Account: 3:5:60
16:03:53.858  RAW   X-Rate-Limit-Ip: 60:300:1800
16:03:53.858  RESP  POST /api/trade/search/Standard → 200  1.000s  delay=2.500 min_gap=0.000 last=1784642633.859
16:03:53.859  INIT  user_agent=test/0.1.0 delay=0.0 min_gap=1.0
16:03:53.859  PRE   POST /api/trade/search/Standard  delay=0.000 min_gap=1.000 last=1784642633.859
16:03:53.859  ENF   delay=0.000 min_gap=1.000 jitter=0.000 gap=1.000 since_last=0.000 sleep=1.000
16:03:54.859  RESP  POST /api/trade/search/Standard → 200  1.000s  delay=0.000 min_gap=1.000 last=1784642634.859
