12:35:13.200  INIT  user_agent=test/0.1.0 delay=0.0 min_gap=1.0
12:35:13.201  PRE   POST /api/trade/search/Standard  delay=0.000 min_gap=1.000 last=1784630103.201
12:35:13.201  RESP  POST /api/trade/search/Standard → 429  0.000s  delay=0.000 min_gap=1.000 last=1784630113.201
12:35:13.201  BODY  req=(none)
12:35:13.201  BODY  resp=
12:35:13.201  !! 429 ! headers={'Server': 'cloudflare'}  state_delay=0.000 state_min_gap=1.000 state_last=1784630113.201
12:35:13.201  INIT  user_agent=test/0.1.0 delay=0.0 min_gap=1.0
12:35:13.201  PRE   POST /api/trade/search/Standard  delay=0.000 min_gap=1.000 last=1784630103.202
12:35:13.201  PARSE Account 1:5:60 → 5.000s/req pen=60s  delay 0.000→6.000  min_gap→0  max_usage=0%
12:35:13.201  RAW   X-Rate-Limit-Rules: Account
12:35:13.201  RAW   X-Rate-Limit-Account: 1:5:60
12:35:13.201  RESP  POST /api/trade/search/Standard → 429  0.000s  delay=6.000 min_gap=0.000 last=1784630113.202
12:35:13.201  BODY  req=(none)
12:35:13.201  BODY  resp=
12:35:13.201  !! 429 ! headers={'X-Rate-Limit-Rules': 'Account', 'X-Rate-Limit-Account': '1:5:60'}  state_delay=6.000 state_min_gap=0.000 state_last=1784630113.202
12:35:13.201  INIT  user_agent=test/0.1.0 delay=0.0 min_gap=1.0
12:35:13.201  PRE   POST /api/trade/search/Standard  delay=0.000 min_gap=1.000 last=1784630113.202
12:35:13.201  ENF   delay=0.000 min_gap=1.000 jitter=0.000 gap=1.000 since_last=0.000 sleep=1.000
12:35:14.201  PARSE Account 1:1:1 → 1.000s/req pen=1s  delay 0.000→2.000  min_gap→0  max_usage=0%
12:35:14.202  RAW   X-Rate-Limit-Rules: Account
12:35:14.202  RAW   X-Rate-Limit-Account: 1:1:1
12:35:14.202  RESP  POST /api/trade/search/Standard → 200  1.000s  delay=2.000 min_gap=0.000 last=1784630114.202
12:35:14.202  INIT  user_agent=test/0.1.0 delay=0.0 min_gap=1.0
12:35:14.202  PRE   POST /api/trade/search/Standard  delay=0.000 min_gap=1.000 last=1784630114.202
12:35:14.202  ENF   delay=0.000 min_gap=1.000 jitter=0.000 gap=1.000 since_last=0.000 sleep=1.000
12:35:14.202  PARSE Account 3:5:60 → 1.667s/req pen=60s  delay 0.000→2.667  min_gap→0  max_usage=0%
12:35:14.202  RAW   X-Rate-Limit-Rules: Account
12:35:14.202  RAW   X-Rate-Limit-Account: 3:5:60
12:35:14.202  RESP  POST /api/trade/search/Standard → 200  0.000s  delay=2.667 min_gap=0.000 last=1784630114.203
12:35:14.202  PRE   GET /api/trade/fetch/a  delay=2.667 min_gap=0.000 last=1784630114.203
12:35:14.202  ENF   delay=2.667 min_gap=0.000 jitter=0.000 gap=2.667 since_last=0.000 sleep=2.667
12:35:14.202  PARSE Account 3:5:60 → 1.667s/req pen=60s  delay 2.667→2.667  min_gap→0  max_usage=0%
12:35:14.202  RAW   X-Rate-Limit-Rules: Account
12:35:14.202  RAW   X-Rate-Limit-Account: 3:5:60
12:35:14.202  RESP  GET /api/trade/fetch/a → 200  0.000s  delay=2.667 min_gap=0.000 last=1784630114.203
12:35:14.202  INIT  user_agent=test/0.1.0 delay=0.0 min_gap=1.0
12:35:14.202  PRE   POST /api/trade/search/Standard  delay=0.000 min_gap=1.000 last=990.000
12:35:14.203  RESP  POST /api/trade/search/Standard → 200  0.000s  delay=0.000 min_gap=1.000 last=1000.000
12:35:14.203  PRE   POST /api/trade/search/Standard  delay=0.000 min_gap=1.000 last=1000.000
12:35:14.203  ENF   delay=0.000 min_gap=1.000 jitter=2.000 gap=3.000 since_last=0.000 sleep=3.000
12:35:14.203  RESP  POST /api/trade/search/Standard → 200  3.000s  delay=0.000 min_gap=1.000 last=1003.000
12:35:14.203  PRE   POST /api/trade/search/Standard  delay=0.000 min_gap=1.000 last=1003.000
12:35:14.203  ENF   delay=0.000 min_gap=1.000 jitter=2.000 gap=3.000 since_last=0.000 sleep=3.000
12:35:14.203  PARSE Account 3:5:60 → 1.667s/req pen=60s  delay 0.000→2.667  min_gap→0  max_usage=0%
12:35:14.203  RAW   X-Rate-Limit-Rules: Account
12:35:14.203  RAW   X-Rate-Limit-Account: 3:5:60
12:35:14.203  RESP  POST /api/trade/search/Standard → 200  3.000s  delay=2.667 min_gap=0.000 last=1006.000
12:35:14.203  PRE   POST /api/trade/search/Standard  delay=2.667 min_gap=0.000 last=1006.000
12:35:14.203  ENF   delay=2.667 min_gap=0.000 jitter=2.000 gap=4.667 since_last=0.000 sleep=4.667
12:35:14.203  PARSE Account 3:5:60 → 1.667s/req pen=60s  delay 2.667→2.667  min_gap→0  max_usage=0%
12:35:14.203  RAW   X-Rate-Limit-Rules: Account
12:35:14.203  RAW   X-Rate-Limit-Account: 3:5:60
12:35:14.203  RESP  POST /api/trade/search/Standard → 200  4.667s  delay=2.667 min_gap=0.000 last=1010.667
12:35:14.203  PRE   POST /api/trade/search/Standard  delay=2.667 min_gap=0.000 last=1010.667
12:35:14.203  ENF   delay=2.667 min_gap=0.000 jitter=2.000 gap=4.667 since_last=0.000 sleep=4.667
12:35:14.203  PARSE Ip 60:300:1800 → 5.000s/req pen=1800s  delay 2.667→6.000  min_gap→0  max_usage=0%
12:35:14.203  RAW   X-Rate-Limit-Rules: Ip
12:35:14.203  RAW   X-Rate-Limit-Ip: 60:300:1800
12:35:14.203  RESP  POST /api/trade/search/Standard → 200  4.667s  delay=6.000 min_gap=0.000 last=1015.333
12:35:14.203  PRE   POST /api/trade/search/Standard  delay=6.000 min_gap=0.000 last=1015.333
12:35:14.203  ENF   delay=6.000 min_gap=0.000 jitter=2.000 gap=8.000 since_last=0.000 sleep=8.000
12:35:14.203  PARSE Ip 60:300:1800 → 5.000s/req pen=1800s  delay 6.000→6.000  min_gap→0  max_usage=0%
12:35:14.203  RAW   X-Rate-Limit-Rules: Ip
12:35:14.203  RAW   X-Rate-Limit-Ip: 60:300:1800
12:35:14.203  RESP  POST /api/trade/search/Standard → 200  8.000s  delay=6.000 min_gap=0.000 last=1023.333
12:35:14.203  INIT  user_agent=test/0.1.0 delay=0.0 min_gap=1.0
12:35:14.203  PRE   POST /api/trade/search/Standard  delay=0.000 min_gap=1.000 last=1784630114.204
12:35:14.203  ENF   delay=0.000 min_gap=1.000 jitter=0.000 gap=1.000 since_last=0.000 sleep=1.000
12:35:15.203  PARSE Ip 60:300:1800 → 5.000s/req pen=1800s  delay 0.000→6.000  min_gap→0  max_usage=0%
12:35:15.203  RAW   X-Rate-Limit-Rules: Ip
12:35:15.203  RAW   X-Rate-Limit-Ip: 60:300:1800
12:35:15.203  RESP  POST /api/trade/search/Standard → 200  1.000s  delay=6.000 min_gap=0.000 last=1784630115.204
12:35:15.203  PRE   POST /api/trade/search/Standard  delay=6.000 min_gap=0.000 last=1784630115.204
12:35:15.203  ENF   delay=6.000 min_gap=0.000 jitter=0.000 gap=6.000 since_last=0.000 sleep=6.000
12:35:21.203  PARSE Account 10:1:2 → 0.100s/req pen=2s  delay 6.000→6.000  min_gap→0  max_usage=0%
12:35:21.203  RAW   X-Rate-Limit-Rules: Account
12:35:21.204  RAW   X-Rate-Limit-Account: 10:1:2
12:35:21.204  RESP  POST /api/trade/search/Standard → 200  6.000s  delay=6.000 min_gap=0.000 last=1784630121.204
12:35:21.204  INIT  user_agent=test/0.1.0 delay=0.0 min_gap=1.0
12:35:21.204  PRE   POST /api/trade/search/Standard  delay=0.000 min_gap=1.000 last=1784630121.204
12:35:21.204  ENF   delay=0.000 min_gap=1.000 jitter=0.000 gap=1.000 since_last=0.000 sleep=1.000
12:35:21.204  RESP  POST /api/trade/search/Standard → 200  0.000s  delay=0.000 min_gap=1.000 last=1784630121.205
12:35:21.204  PRE   POST /api/trade/search/Standard  delay=0.000 min_gap=1.000 last=1784630121.205
12:35:21.204  ENF   delay=0.000 min_gap=1.000 jitter=0.000 gap=1.000 since_last=0.000 sleep=1.000
12:35:21.204  RESP  POST /api/trade/search/Standard → 200  0.000s  delay=0.000 min_gap=1.000 last=1784630121.205
12:35:21.205  INIT  user_agent=test/0.1.0 delay=0.0 min_gap=1.0
12:35:21.205  PRE   POST /api/trade/search/Standard  delay=0.000 min_gap=1.000 last=1784630121.205
12:35:21.205  ENF   delay=0.000 min_gap=1.000 jitter=0.000 gap=1.000 since_last=0.000 sleep=1.000
12:35:22.205  PARSE Account 3:5:60 → 1.667s/req pen=60s  delay 0.000→2.667  min_gap→0  max_usage=0%
12:35:22.205  RAW   X-Rate-Limit-Rules: Account
12:35:22.205  RAW   X-Rate-Limit-Account: 3:5:60
12:35:22.205  RESP  POST /api/trade/search/Standard → 200  1.000s  delay=2.667 min_gap=0.000 last=1784630122.205
12:35:22.205  INIT  user_agent=test/0.1.0 delay=0.0 min_gap=1.0
12:35:22.205  LOCK  sleep=9999.000
12:35:22.205  ENF   delay=0.010 min_gap=1.000 jitter=0.000 gap=1.000 since_last=0.000 sleep=1.000
12:35:22.205  INIT  user_agent=test/0.1.0 delay=0.0 min_gap=1.0
12:35:22.206  PRE   POST /api/trade/search/Standard  delay=0.000 min_gap=1.000 last=1784630122.206
12:35:22.206  ENF   delay=0.000 min_gap=1.000 jitter=0.000 gap=1.000 since_last=0.000 sleep=1.000
12:35:23.206  PARSE Account 3:5:60 → 1.667s/req pen=60s  delay 0.000→2.667  min_gap→0  max_usage=0%
12:35:23.206  RAW   X-Rate-Limit-Rules: Account
12:35:23.206  RAW   X-Rate-Limit-Account: 3:5:60
12:35:23.206  RESP  POST /api/trade/search/Standard → 200  1.000s  delay=2.667 min_gap=0.000 last=1784630123.206
12:35:23.206  INIT  user_agent=test/0.1.0 delay=0.0 min_gap=1.0
12:35:23.206  PRE   POST /api/trade/search/Standard  delay=0.000 min_gap=1.000 last=1784630123.206
12:35:23.206  ENF   delay=0.000 min_gap=1.000 jitter=0.000 gap=1.000 since_last=0.000 sleep=1.000
12:35:24.206  PARSE Ip 8:10:60 → 1.250s/req pen=60s; Ip 15:60:120 → 4.000s/req pen=120s; Ip 60:300:1800 → 5.000s/req pen=1800s  delay 0.000→6.000  min_gap→0  max_usage=0%
12:35:24.206  RAW   X-Rate-Limit-Rules: Ip
12:35:24.206  RAW   X-Rate-Limit-Ip: 8:10:60,15:60:120,60:300:1800
12:35:24.206  RESP  POST /api/trade/search/Standard → 200  1.000s  delay=6.000 min_gap=0.000 last=1784630124.207
12:35:24.206  INIT  user_agent=test/0.1.0 delay=0.0 min_gap=1.0
12:35:24.206  PRE   POST /api/trade/search/Standard  delay=0.000 min_gap=1.000 last=1784630124.207
12:35:24.206  ENF   delay=0.000 min_gap=1.000 jitter=0.000 gap=1.000 since_last=0.000 sleep=1.000
12:35:25.206  PARSE Account 3:5:60 → 1.667s/req pen=60s; Ip 60:300:1800 → 5.000s/req pen=1800s  delay 0.000→6.000  min_gap→0  max_usage=0%
12:35:25.206  RAW   X-Rate-Limit-Rules: Account,Ip
12:35:25.206  RAW   X-Rate-Limit-Account: 3:5:60
12:35:25.206  RAW   X-Rate-Limit-Ip: 60:300:1800
12:35:25.206  RESP  POST /api/trade/search/Standard → 200  1.000s  delay=6.000 min_gap=0.000 last=1784630125.207
12:35:25.207  INIT  user_agent=test/0.1.0 delay=0.0 min_gap=1.0
12:35:25.207  PRE   POST /api/trade/search/Standard  delay=0.000 min_gap=1.000 last=1784630125.207
12:35:25.207  ENF   delay=0.000 min_gap=1.000 jitter=0.000 gap=1.000 since_last=0.000 sleep=1.000
12:35:26.207  RESP  POST /api/trade/search/Standard → 200  1.000s  delay=0.000 min_gap=1.000 last=1784630126.207
