11:58:00.128  INIT  user_agent=test/0.1.0 delay=0.0 min_gap=1.0
11:58:00.128  PRE   POST /api/trade/search/Standard  delay=0.000 min_gap=1.000 last=1784627870.128
11:58:00.128  RESP  POST /api/trade/search/Standard → 429  0.000s  delay=0.000 min_gap=1.000 last=1784627880.128
11:58:00.128  BODY  req=(none)
11:58:00.128  INIT  user_agent=test/0.1.0 delay=0.0 min_gap=1.0
11:58:00.128  PRE   POST /api/trade/search/Standard  delay=0.000 min_gap=1.000 last=1784627870.129
11:58:00.128  PARSE Account 1:5:60 → 5.000s/req pen=60s  delay 0.000→6.000  min_gap→0  max_usage=0%
11:58:00.128  RAW   X-Rate-Limit-Rules: Account
11:58:00.128  RAW   X-Rate-Limit-Account: 1:5:60
11:58:00.128  RESP  POST /api/trade/search/Standard → 429  0.000s  delay=6.000 min_gap=0.000 last=1784627880.129
11:58:00.128  BODY  req=(none)
11:58:00.129  INIT  user_agent=test/0.1.0 delay=0.0 min_gap=1.0
11:58:00.129  PRE   POST /api/trade/search/Standard  delay=0.000 min_gap=1.000 last=1784627880.129
11:58:00.129  ENF   delay=0.000 min_gap=1.000 jitter=0.000 gap=1.000 since_last=0.000 sleep=1.000
11:58:01.129  PARSE Account 1:1:1 → 1.000s/req pen=1s  delay 0.000→2.000  min_gap→0  max_usage=0%
11:58:01.129  RAW   X-Rate-Limit-Rules: Account
11:58:01.129  RAW   X-Rate-Limit-Account: 1:1:1
11:58:01.129  RESP  POST /api/trade/search/Standard → 200  1.000s  delay=2.000 min_gap=0.000 last=1784627881.130
11:58:01.129  INIT  user_agent=test/0.1.0 delay=0.0 min_gap=1.0
11:58:01.130  PRE   POST /api/trade/search/Standard  delay=0.000 min_gap=1.000 last=1784627881.130
11:58:01.130  ENF   delay=0.000 min_gap=1.000 jitter=0.000 gap=1.000 since_last=0.000 sleep=1.000
11:58:01.130  PARSE Account 3:5:60 → 1.667s/req pen=60s  delay 0.000→2.667  min_gap→0  max_usage=0%
11:58:01.130  RAW   X-Rate-Limit-Rules: Account
11:58:01.130  RAW   X-Rate-Limit-Account: 3:5:60
11:58:01.130  RESP  POST /api/trade/search/Standard → 200  0.000s  delay=2.667 min_gap=0.000 last=1784627881.130
11:58:01.130  PRE   GET /api/trade/fetch/a  delay=2.667 min_gap=0.000 last=1784627881.130
11:58:01.130  ENF   delay=2.667 min_gap=0.000 jitter=0.000 gap=2.667 since_last=0.000 sleep=2.667
11:58:01.130  PARSE Account 3:5:60 → 1.667s/req pen=60s  delay 2.667→2.667  min_gap→0  max_usage=0%
11:58:01.130  RAW   X-Rate-Limit-Rules: Account
11:58:01.130  RAW   X-Rate-Limit-Account: 3:5:60
11:58:01.130  RESP  GET /api/trade/fetch/a → 200  0.000s  delay=2.667 min_gap=0.000 last=1784627881.130
11:58:01.130  INIT  user_agent=test/0.1.0 delay=0.0 min_gap=1.0
11:58:01.130  PRE   POST /api/trade/search/Standard  delay=0.000 min_gap=1.000 last=990.000
11:58:01.130  RESP  POST /api/trade/search/Standard → 200  0.000s  delay=0.000 min_gap=1.000 last=1000.000
11:58:01.130  PRE   POST /api/trade/search/Standard  delay=0.000 min_gap=1.000 last=1000.000
11:58:01.130  ENF   delay=0.000 min_gap=1.000 jitter=2.000 gap=3.000 since_last=0.000 sleep=3.000
11:58:01.130  RESP  POST /api/trade/search/Standard → 200  3.000s  delay=0.000 min_gap=1.000 last=1003.000
11:58:01.130  PRE   POST /api/trade/search/Standard  delay=0.000 min_gap=1.000 last=1003.000
11:58:01.130  ENF   delay=0.000 min_gap=1.000 jitter=2.000 gap=3.000 since_last=0.000 sleep=3.000
11:58:01.130  PARSE Account 3:5:60 → 1.667s/req pen=60s  delay 0.000→2.667  min_gap→0  max_usage=0%
11:58:01.130  RAW   X-Rate-Limit-Rules: Account
11:58:01.130  RAW   X-Rate-Limit-Account: 3:5:60
11:58:01.130  RESP  POST /api/trade/search/Standard → 200  3.000s  delay=2.667 min_gap=0.000 last=1006.000
11:58:01.130  PRE   POST /api/trade/search/Standard  delay=2.667 min_gap=0.000 last=1006.000
11:58:01.130  ENF   delay=2.667 min_gap=0.000 jitter=2.000 gap=4.667 since_last=0.000 sleep=4.667
11:58:01.130  PARSE Account 3:5:60 → 1.667s/req pen=60s  delay 2.667→2.667  min_gap→0  max_usage=0%
11:58:01.130  RAW   X-Rate-Limit-Rules: Account
11:58:01.130  RAW   X-Rate-Limit-Account: 3:5:60
11:58:01.130  RESP  POST /api/trade/search/Standard → 200  4.667s  delay=2.667 min_gap=0.000 last=1010.667
11:58:01.130  PRE   POST /api/trade/search/Standard  delay=2.667 min_gap=0.000 last=1010.667
11:58:01.130  ENF   delay=2.667 min_gap=0.000 jitter=2.000 gap=4.667 since_last=0.000 sleep=4.667
11:58:01.130  PARSE Ip 60:300:1800 → 5.000s/req pen=1800s  delay 2.667→6.000  min_gap→0  max_usage=0%
11:58:01.130  RAW   X-Rate-Limit-Rules: Ip
11:58:01.130  RAW   X-Rate-Limit-Ip: 60:300:1800
11:58:01.130  RESP  POST /api/trade/search/Standard → 200  4.667s  delay=6.000 min_gap=0.000 last=1015.333
11:58:01.130  PRE   POST /api/trade/search/Standard  delay=6.000 min_gap=0.000 last=1015.333
11:58:01.130  ENF   delay=6.000 min_gap=0.000 jitter=2.000 gap=8.000 since_last=0.000 sleep=8.000
11:58:01.130  PARSE Ip 60:300:1800 → 5.000s/req pen=1800s  delay 6.000→6.000  min_gap→0  max_usage=0%
11:58:01.130  RAW   X-Rate-Limit-Rules: Ip
11:58:01.130  RAW   X-Rate-Limit-Ip: 60:300:1800
11:58:01.131  RESP  POST /api/trade/search/Standard → 200  8.000s  delay=6.000 min_gap=0.000 last=1023.333
11:58:01.131  INIT  user_agent=test/0.1.0 delay=0.0 min_gap=1.0
11:58:01.131  PRE   POST /api/trade/search/Standard  delay=0.000 min_gap=1.000 last=1784627881.131
11:58:01.131  ENF   delay=0.000 min_gap=1.000 jitter=0.000 gap=1.000 since_last=0.000 sleep=1.000
11:58:02.131  PARSE Ip 60:300:1800 → 5.000s/req pen=1800s  delay 0.000→6.000  min_gap→0  max_usage=0%
11:58:02.131  RAW   X-Rate-Limit-Rules: Ip
11:58:02.131  RAW   X-Rate-Limit-Ip: 60:300:1800
11:58:02.131  RESP  POST /api/trade/search/Standard → 200  1.000s  delay=6.000 min_gap=0.000 last=1784627882.131
11:58:02.131  PRE   POST /api/trade/search/Standard  delay=6.000 min_gap=0.000 last=1784627882.131
11:58:02.131  ENF   delay=6.000 min_gap=0.000 jitter=0.000 gap=6.000 since_last=0.000 sleep=6.000
11:58:08.131  PARSE Account 10:1:2 → 0.100s/req pen=2s  delay 6.000→6.000  min_gap→0  max_usage=0%
11:58:08.131  RAW   X-Rate-Limit-Rules: Account
11:58:08.131  RAW   X-Rate-Limit-Account: 10:1:2
11:58:08.131  RESP  POST /api/trade/search/Standard → 200  6.000s  delay=6.000 min_gap=0.000 last=1784627888.132
11:58:08.131  INIT  user_agent=test/0.1.0 delay=0.0 min_gap=1.0
11:58:08.131  PRE   POST /api/trade/search/Standard  delay=0.000 min_gap=1.000 last=1784627888.132
11:58:08.131  ENF   delay=0.000 min_gap=1.000 jitter=0.000 gap=1.000 since_last=0.000 sleep=1.000
11:58:08.132  RESP  POST /api/trade/search/Standard → 200  0.000s  delay=0.000 min_gap=1.000 last=1784627888.132
11:58:08.132  PRE   POST /api/trade/search/Standard  delay=0.000 min_gap=1.000 last=1784627888.132
11:58:08.132  ENF   delay=0.000 min_gap=1.000 jitter=0.000 gap=1.000 since_last=0.000 sleep=1.000
11:58:08.132  RESP  POST /api/trade/search/Standard → 200  0.000s  delay=0.000 min_gap=1.000 last=1784627888.132
11:58:08.132  INIT  user_agent=test/0.1.0 delay=0.0 min_gap=1.0
11:58:08.132  PRE   POST /api/trade/search/Standard  delay=0.000 min_gap=1.000 last=1784627888.132
11:58:08.132  ENF   delay=0.000 min_gap=1.000 jitter=0.000 gap=1.000 since_last=0.000 sleep=1.000
11:58:09.132  PARSE Account 3:5:60 → 1.667s/req pen=60s  delay 0.000→2.667  min_gap→0  max_usage=0%
11:58:09.132  RAW   X-Rate-Limit-Rules: Account
11:58:09.132  RAW   X-Rate-Limit-Account: 3:5:60
11:58:09.132  RESP  POST /api/trade/search/Standard → 200  1.000s  delay=2.667 min_gap=0.000 last=1784627889.132
11:58:09.132  INIT  user_agent=test/0.1.0 delay=0.0 min_gap=1.0
11:58:09.132  LOCK  sleep=9999.000
11:58:09.133  ENF   delay=0.010 min_gap=1.000 jitter=0.000 gap=1.000 since_last=0.000 sleep=1.000
11:58:09.133  INIT  user_agent=test/0.1.0 delay=0.0 min_gap=1.0
11:58:09.133  PRE   POST /api/trade/search/Standard  delay=0.000 min_gap=1.000 last=1784627889.133
11:58:09.133  ENF   delay=0.000 min_gap=1.000 jitter=0.000 gap=1.000 since_last=0.000 sleep=1.000
11:58:10.133  PARSE Account 3:5:60 → 1.667s/req pen=60s  delay 0.000→2.667  min_gap→0  max_usage=0%
11:58:10.133  RAW   X-Rate-Limit-Rules: Account
11:58:10.133  RAW   X-Rate-Limit-Account: 3:5:60
11:58:10.133  RESP  POST /api/trade/search/Standard → 200  1.000s  delay=2.667 min_gap=0.000 last=1784627890.134
11:58:10.133  INIT  user_agent=test/0.1.0 delay=0.0 min_gap=1.0
11:58:10.133  PRE   POST /api/trade/search/Standard  delay=0.000 min_gap=1.000 last=1784627890.134
11:58:10.133  ENF   delay=0.000 min_gap=1.000 jitter=0.000 gap=1.000 since_last=0.000 sleep=1.000
11:58:11.133  PARSE Ip 8:10:60 → 1.250s/req pen=60s; Ip 15:60:120 → 4.000s/req pen=120s; Ip 60:300:1800 → 5.000s/req pen=1800s  delay 0.000→6.000  min_gap→0  max_usage=0%
11:58:11.133  RAW   X-Rate-Limit-Rules: Ip
11:58:11.133  RAW   X-Rate-Limit-Ip: 8:10:60,15:60:120,60:300:1800
11:58:11.133  RESP  POST /api/trade/search/Standard → 200  1.000s  delay=6.000 min_gap=0.000 last=1784627891.134
11:58:11.134  INIT  user_agent=test/0.1.0 delay=0.0 min_gap=1.0
11:58:11.134  PRE   POST /api/trade/search/Standard  delay=0.000 min_gap=1.000 last=1784627891.134
11:58:11.134  ENF   delay=0.000 min_gap=1.000 jitter=0.000 gap=1.000 since_last=0.000 sleep=1.000
11:58:12.134  PARSE Account 3:5:60 → 1.667s/req pen=60s; Ip 60:300:1800 → 5.000s/req pen=1800s  delay 0.000→6.000  min_gap→0  max_usage=0%
11:58:12.134  RAW   X-Rate-Limit-Rules: Account,Ip
11:58:12.134  RAW   X-Rate-Limit-Account: 3:5:60
11:58:12.134  RAW   X-Rate-Limit-Ip: 60:300:1800
11:58:12.134  RESP  POST /api/trade/search/Standard → 200  1.000s  delay=6.000 min_gap=0.000 last=1784627892.134
11:58:12.134  INIT  user_agent=test/0.1.0 delay=0.0 min_gap=1.0
11:58:12.134  PRE   POST /api/trade/search/Standard  delay=0.000 min_gap=1.000 last=1784627892.134
11:58:12.134  ENF   delay=0.000 min_gap=1.000 jitter=0.000 gap=1.000 since_last=0.000 sleep=1.000
11:58:13.134  RESP  POST /api/trade/search/Standard → 200  1.000s  delay=0.000 min_gap=1.000 last=1784627893.134
