12:42:23.982  INIT  user_agent=test/0.1.0 delay=0.0 min_gap=1.0
12:42:23.982  PRE   POST /api/trade/search/Standard  delay=0.000 min_gap=1.000 last=1784630533.982
12:42:23.982  RESP  POST /api/trade/search/Standard → 429  0.000s  delay=0.000 min_gap=1.000 last=1784630543.983
12:42:23.982  BODY  req=(none)
12:42:23.982  BODY  resp=
12:42:23.982  !! 429 ! headers={'Server': 'cloudflare'}  state_delay=0.000 state_min_gap=1.000 state_last=1784630543.983
12:42:23.982  INIT  user_agent=test/0.1.0 delay=0.0 min_gap=1.0
12:42:23.982  PRE   POST /api/trade/search/Standard  delay=0.000 min_gap=1.000 last=1784630533.983
12:42:23.983  PARSE Account 1:5:60 → 5.000s/req pen=60s  delay 0.000→6.000  min_gap→0  max_usage=0%
12:42:23.983  RAW   X-Rate-Limit-Rules: Account
12:42:23.983  RAW   X-Rate-Limit-Account: 1:5:60
12:42:23.983  RESP  POST /api/trade/search/Standard → 429  0.000s  delay=6.000 min_gap=0.000 last=1784630543.983
12:42:23.983  BODY  req=(none)
12:42:23.983  BODY  resp=
12:42:23.983  !! 429 ! headers={'X-Rate-Limit-Rules': 'Account', 'X-Rate-Limit-Account': '1:5:60'}  state_delay=6.000 state_min_gap=0.000 state_last=1784630543.983
12:42:23.983  INIT  user_agent=test/0.1.0 delay=0.0 min_gap=1.0
12:42:23.983  PRE   POST /api/trade/search/Standard  delay=0.000 min_gap=1.000 last=1784630543.983
12:42:23.983  ENF   delay=0.000 min_gap=1.000 jitter=0.000 gap=1.000 since_last=0.000 sleep=1.000
12:42:24.983  PARSE Account 1:1:1 → 1.000s/req pen=1s  delay 0.000→2.000  min_gap→0  max_usage=0%
12:42:24.983  RAW   X-Rate-Limit-Rules: Account
12:42:24.983  RAW   X-Rate-Limit-Account: 1:1:1
12:42:24.983  RESP  POST /api/trade/search/Standard → 200  1.000s  delay=2.000 min_gap=0.000 last=1784630544.983
12:42:24.983  INIT  user_agent=test/0.1.0 delay=0.0 min_gap=1.0
12:42:24.983  PRE   POST /api/trade/search/Standard  delay=0.000 min_gap=1.000 last=1784630544.984
12:42:24.983  ENF   delay=0.000 min_gap=1.000 jitter=0.000 gap=1.000 since_last=0.000 sleep=1.000
12:42:24.983  PARSE Account 3:5:60 → 1.667s/req pen=60s  delay 0.000→2.667  min_gap→0  max_usage=0%
12:42:24.984  RAW   X-Rate-Limit-Rules: Account
12:42:24.984  RAW   X-Rate-Limit-Account: 3:5:60
12:42:24.984  RESP  POST /api/trade/search/Standard → 200  0.000s  delay=2.667 min_gap=0.000 last=1784630544.984
12:42:24.984  PRE   GET /api/trade/fetch/a  delay=2.667 min_gap=0.000 last=1784630544.984
12:42:24.984  ENF   delay=2.667 min_gap=0.000 jitter=0.000 gap=2.667 since_last=0.000 sleep=2.667
12:42:24.984  PARSE Account 3:5:60 → 1.667s/req pen=60s  delay 2.667→2.667  min_gap→0  max_usage=0%
12:42:24.984  RAW   X-Rate-Limit-Rules: Account
12:42:24.984  RAW   X-Rate-Limit-Account: 3:5:60
12:42:24.984  RESP  GET /api/trade/fetch/a → 200  0.000s  delay=2.667 min_gap=0.000 last=1784630544.984
12:42:24.984  INIT  user_agent=test/0.1.0 delay=0.0 min_gap=1.0
12:42:24.984  PRE   POST /api/trade/search/Standard  delay=0.000 min_gap=1.000 last=990.000
12:42:24.984  RESP  POST /api/trade/search/Standard → 200  0.000s  delay=0.000 min_gap=1.000 last=1000.000
12:42:24.984  PRE   POST /api/trade/search/Standard  delay=0.000 min_gap=1.000 last=1000.000
12:42:24.984  ENF   delay=0.000 min_gap=1.000 jitter=2.000 gap=3.000 since_last=0.000 sleep=3.000
12:42:24.984  RESP  POST /api/trade/search/Standard → 200  3.000s  delay=0.000 min_gap=1.000 last=1003.000
12:42:24.984  PRE   POST /api/trade/search/Standard  delay=0.000 min_gap=1.000 last=1003.000
12:42:24.984  ENF   delay=0.000 min_gap=1.000 jitter=2.000 gap=3.000 since_last=0.000 sleep=3.000
12:42:24.984  PARSE Account 3:5:60 → 1.667s/req pen=60s  delay 0.000→2.667  min_gap→0  max_usage=0%
12:42:24.984  RAW   X-Rate-Limit-Rules: Account
12:42:24.984  RAW   X-Rate-Limit-Account: 3:5:60
12:42:24.984  RESP  POST /api/trade/search/Standard → 200  3.000s  delay=2.667 min_gap=0.000 last=1006.000
12:42:24.984  PRE   POST /api/trade/search/Standard  delay=2.667 min_gap=0.000 last=1006.000
12:42:24.984  ENF   delay=2.667 min_gap=0.000 jitter=2.000 gap=4.667 since_last=0.000 sleep=4.667
12:42:24.984  PARSE Account 3:5:60 → 1.667s/req pen=60s  delay 2.667→2.667  min_gap→0  max_usage=0%
12:42:24.984  RAW   X-Rate-Limit-Rules: Account
12:42:24.984  RAW   X-Rate-Limit-Account: 3:5:60
12:42:24.984  RESP  POST /api/trade/search/Standard → 200  4.667s  delay=2.667 min_gap=0.000 last=1010.667
12:42:24.984  PRE   POST /api/trade/search/Standard  delay=2.667 min_gap=0.000 last=1010.667
12:42:24.984  ENF   delay=2.667 min_gap=0.000 jitter=2.000 gap=4.667 since_last=0.000 sleep=4.667
12:42:24.984  PARSE Ip 60:300:1800 → 5.000s/req pen=1800s  delay 2.667→6.000  min_gap→0  max_usage=0%
12:42:24.984  RAW   X-Rate-Limit-Rules: Ip
12:42:24.984  RAW   X-Rate-Limit-Ip: 60:300:1800
12:42:24.984  RESP  POST /api/trade/search/Standard → 200  4.667s  delay=6.000 min_gap=0.000 last=1015.333
12:42:24.984  PRE   POST /api/trade/search/Standard  delay=6.000 min_gap=0.000 last=1015.333
12:42:24.984  ENF   delay=6.000 min_gap=0.000 jitter=2.000 gap=8.000 since_last=0.000 sleep=8.000
12:42:24.984  PARSE Ip 60:300:1800 → 5.000s/req pen=1800s  delay 6.000→6.000  min_gap→0  max_usage=0%
12:42:24.984  RAW   X-Rate-Limit-Rules: Ip
12:42:24.984  RAW   X-Rate-Limit-Ip: 60:300:1800
12:42:24.984  RESP  POST /api/trade/search/Standard → 200  8.000s  delay=6.000 min_gap=0.000 last=1023.333
12:42:24.984  INIT  user_agent=test/0.1.0 delay=0.0 min_gap=1.0
12:42:24.984  PRE   POST /api/trade/search/Standard  delay=0.000 min_gap=1.000 last=1784630544.985
12:42:24.984  ENF   delay=0.000 min_gap=1.000 jitter=0.000 gap=1.000 since_last=0.000 sleep=1.000
12:42:25.985  PARSE Ip 60:300:1800 → 5.000s/req pen=1800s  delay 0.000→6.000  min_gap→0  max_usage=0%
12:42:25.985  RAW   X-Rate-Limit-Rules: Ip
12:42:25.985  RAW   X-Rate-Limit-Ip: 60:300:1800
12:42:25.985  RESP  POST /api/trade/search/Standard → 200  1.000s  delay=6.000 min_gap=0.000 last=1784630545.985
12:42:25.985  PRE   POST /api/trade/search/Standard  delay=6.000 min_gap=0.000 last=1784630545.985
12:42:25.985  ENF   delay=6.000 min_gap=0.000 jitter=0.000 gap=6.000 since_last=0.000 sleep=6.000
12:42:31.985  PARSE Account 10:1:2 → 0.100s/req pen=2s  delay 6.000→6.000  min_gap→0  max_usage=0%
12:42:31.985  RAW   X-Rate-Limit-Rules: Account
12:42:31.985  RAW   X-Rate-Limit-Account: 10:1:2
12:42:31.985  RESP  POST /api/trade/search/Standard → 200  6.000s  delay=6.000 min_gap=0.000 last=1784630551.985
12:42:31.985  INIT  user_agent=test/0.1.0 delay=0.0 min_gap=1.0
12:42:31.985  PRE   POST /api/trade/search/Standard  delay=0.000 min_gap=1.000 last=1784630551.985
12:42:31.985  ENF   delay=0.000 min_gap=1.000 jitter=0.000 gap=1.000 since_last=0.000 sleep=1.000
12:42:31.985  RESP  POST /api/trade/search/Standard → 200  0.000s  delay=0.000 min_gap=1.000 last=1784630551.986
12:42:31.985  PRE   POST /api/trade/search/Standard  delay=0.000 min_gap=1.000 last=1784630551.986
12:42:31.985  ENF   delay=0.000 min_gap=1.000 jitter=0.000 gap=1.000 since_last=0.000 sleep=1.000
12:42:31.985  RESP  POST /api/trade/search/Standard → 200  0.000s  delay=0.000 min_gap=1.000 last=1784630551.986
12:42:31.986  INIT  user_agent=test/0.1.0 delay=0.0 min_gap=1.0
12:42:31.986  PRE   POST /api/trade/search/Standard  delay=0.000 min_gap=1.000 last=1784630551.986
12:42:31.986  ENF   delay=0.000 min_gap=1.000 jitter=0.000 gap=1.000 since_last=0.000 sleep=1.000
12:42:32.986  PARSE Account 3:5:60 → 1.667s/req pen=60s  delay 0.000→2.667  min_gap→0  max_usage=0%
12:42:32.986  RAW   X-Rate-Limit-Rules: Account
12:42:32.986  RAW   X-Rate-Limit-Account: 3:5:60
12:42:32.986  RESP  POST /api/trade/search/Standard → 200  1.000s  delay=2.667 min_gap=0.000 last=1784630552.986
12:42:32.986  INIT  user_agent=test/0.1.0 delay=0.0 min_gap=1.0
12:42:32.986  LOCK  sleep=9999.000
12:42:32.986  ENF   delay=0.010 min_gap=1.000 jitter=0.000 gap=1.000 since_last=0.000 sleep=1.000
12:42:32.986  INIT  user_agent=test/0.1.0 delay=0.0 min_gap=1.0
12:42:32.986  PRE   POST /api/trade/search/Standard  delay=0.000 min_gap=1.000 last=1784630552.987
12:42:32.986  ENF   delay=0.000 min_gap=1.000 jitter=0.000 gap=1.000 since_last=0.000 sleep=1.000
12:42:33.987  PARSE Account 3:5:60 → 1.667s/req pen=60s  delay 0.000→2.667  min_gap→0  max_usage=0%
12:42:33.987  RAW   X-Rate-Limit-Rules: Account
12:42:33.987  RAW   X-Rate-Limit-Account: 3:5:60
12:42:33.987  RESP  POST /api/trade/search/Standard → 200  1.000s  delay=2.667 min_gap=0.000 last=1784630553.987
12:42:33.987  INIT  user_agent=test/0.1.0 delay=0.0 min_gap=1.0
12:42:33.987  PRE   POST /api/trade/search/Standard  delay=0.000 min_gap=1.000 last=1784630553.987
12:42:33.987  ENF   delay=0.000 min_gap=1.000 jitter=0.000 gap=1.000 since_last=0.000 sleep=1.000
12:42:34.987  PARSE Ip 8:10:60 → 1.250s/req pen=60s; Ip 15:60:120 → 4.000s/req pen=120s; Ip 60:300:1800 → 5.000s/req pen=1800s  delay 0.000→6.000  min_gap→0  max_usage=0%
12:42:34.987  RAW   X-Rate-Limit-Rules: Ip
12:42:34.987  RAW   X-Rate-Limit-Ip: 8:10:60,15:60:120,60:300:1800
12:42:34.987  RESP  POST /api/trade/search/Standard → 200  1.000s  delay=6.000 min_gap=0.000 last=1784630554.988
12:42:34.987  INIT  user_agent=test/0.1.0 delay=0.0 min_gap=1.0
12:42:34.987  PRE   POST /api/trade/search/Standard  delay=0.000 min_gap=1.000 last=1784630554.988
12:42:34.987  ENF   delay=0.000 min_gap=1.000 jitter=0.000 gap=1.000 since_last=0.000 sleep=1.000
12:42:35.987  PARSE Account 3:5:60 → 1.667s/req pen=60s; Ip 60:300:1800 → 5.000s/req pen=1800s  delay 0.000→6.000  min_gap→0  max_usage=0%
12:42:35.987  RAW   X-Rate-Limit-Rules: Account,Ip
12:42:35.987  RAW   X-Rate-Limit-Account: 3:5:60
12:42:35.987  RAW   X-Rate-Limit-Ip: 60:300:1800
12:42:35.987  RESP  POST /api/trade/search/Standard → 200  1.000s  delay=6.000 min_gap=0.000 last=1784630555.988
12:42:35.988  INIT  user_agent=test/0.1.0 delay=0.0 min_gap=1.0
12:42:35.988  PRE   POST /api/trade/search/Standard  delay=0.000 min_gap=1.000 last=1784630555.988
12:42:35.988  ENF   delay=0.000 min_gap=1.000 jitter=0.000 gap=1.000 since_last=0.000 sleep=1.000
12:42:36.988  RESP  POST /api/trade/search/Standard → 200  1.000s  delay=0.000 min_gap=1.000 last=1784630556.988
