11:59:15.645  INIT  user_agent=test/0.1.0 delay=0.0 min_gap=1.0
11:59:15.646  PRE   POST /api/trade/search/Standard  delay=0.000 min_gap=1.000 last=1784627945.646
11:59:15.646  RESP  POST /api/trade/search/Standard → 429  0.000s  delay=0.000 min_gap=1.000 last=1784627955.646
11:59:15.646  BODY  req=(none)
11:59:15.646  BODY  resp=
11:59:15.646  !! 429 ! headers={'Server': 'cloudflare'}  state_delay=0.000 state_min_gap=1.000 state_last=1784627955.646
11:59:15.646  INIT  user_agent=test/0.1.0 delay=0.0 min_gap=1.0
11:59:15.646  PRE   POST /api/trade/search/Standard  delay=0.000 min_gap=1.000 last=1784627945.646
11:59:15.646  PARSE Account 1:5:60 → 5.000s/req pen=60s  delay 0.000→6.000  min_gap→0  max_usage=0%
11:59:15.646  RAW   X-Rate-Limit-Rules: Account
11:59:15.646  RAW   X-Rate-Limit-Account: 1:5:60
11:59:15.646  RESP  POST /api/trade/search/Standard → 429  0.000s  delay=6.000 min_gap=0.000 last=1784627955.647
11:59:15.646  BODY  req=(none)
11:59:15.646  BODY  resp=
11:59:15.646  !! 429 ! headers={'X-Rate-Limit-Rules': 'Account', 'X-Rate-Limit-Account': '1:5:60'}  state_delay=6.000 state_min_gap=0.000 state_last=1784627955.647
11:59:15.646  INIT  user_agent=test/0.1.0 delay=0.0 min_gap=1.0
11:59:15.646  PRE   POST /api/trade/search/Standard  delay=0.000 min_gap=1.000 last=1784627955.647
11:59:15.646  ENF   delay=0.000 min_gap=1.000 jitter=0.000 gap=1.000 since_last=0.000 sleep=1.000
11:59:16.646  PARSE Account 1:1:1 → 1.000s/req pen=1s  delay 0.000→2.000  min_gap→0  max_usage=0%
11:59:16.646  RAW   X-Rate-Limit-Rules: Account
11:59:16.646  RAW   X-Rate-Limit-Account: 1:1:1
11:59:16.646  RESP  POST /api/trade/search/Standard → 200  1.000s  delay=2.000 min_gap=0.000 last=1784627956.647
11:59:16.647  INIT  user_agent=test/0.1.0 delay=0.0 min_gap=1.0
11:59:16.647  PRE   POST /api/trade/search/Standard  delay=0.000 min_gap=1.000 last=1784627956.647
11:59:16.647  ENF   delay=0.000 min_gap=1.000 jitter=0.000 gap=1.000 since_last=0.000 sleep=1.000
11:59:16.647  PARSE Account 3:5:60 → 1.667s/req pen=60s  delay 0.000→2.667  min_gap→0  max_usage=0%
11:59:16.647  RAW   X-Rate-Limit-Rules: Account
11:59:16.647  RAW   X-Rate-Limit-Account: 3:5:60
11:59:16.647  RESP  POST /api/trade/search/Standard → 200  0.000s  delay=2.667 min_gap=0.000 last=1784627956.647
11:59:16.647  PRE   GET /api/trade/fetch/a  delay=2.667 min_gap=0.000 last=1784627956.647
11:59:16.647  ENF   delay=2.667 min_gap=0.000 jitter=0.000 gap=2.667 since_last=0.000 sleep=2.667
11:59:16.647  PARSE Account 3:5:60 → 1.667s/req pen=60s  delay 2.667→2.667  min_gap→0  max_usage=0%
11:59:16.647  RAW   X-Rate-Limit-Rules: Account
11:59:16.647  RAW   X-Rate-Limit-Account: 3:5:60
11:59:16.647  RESP  GET /api/trade/fetch/a → 200  0.000s  delay=2.667 min_gap=0.000 last=1784627956.647
11:59:16.647  INIT  user_agent=test/0.1.0 delay=0.0 min_gap=1.0
11:59:16.647  PRE   POST /api/trade/search/Standard  delay=0.000 min_gap=1.000 last=990.000
11:59:16.647  RESP  POST /api/trade/search/Standard → 200  0.000s  delay=0.000 min_gap=1.000 last=1000.000
11:59:16.647  PRE   POST /api/trade/search/Standard  delay=0.000 min_gap=1.000 last=1000.000
11:59:16.647  ENF   delay=0.000 min_gap=1.000 jitter=2.000 gap=3.000 since_last=0.000 sleep=3.000
11:59:16.647  RESP  POST /api/trade/search/Standard → 200  3.000s  delay=0.000 min_gap=1.000 last=1003.000
11:59:16.647  PRE   POST /api/trade/search/Standard  delay=0.000 min_gap=1.000 last=1003.000
11:59:16.647  ENF   delay=0.000 min_gap=1.000 jitter=2.000 gap=3.000 since_last=0.000 sleep=3.000
11:59:16.647  PARSE Account 3:5:60 → 1.667s/req pen=60s  delay 0.000→2.667  min_gap→0  max_usage=0%
11:59:16.647  RAW   X-Rate-Limit-Rules: Account
11:59:16.647  RAW   X-Rate-Limit-Account: 3:5:60
11:59:16.647  RESP  POST /api/trade/search/Standard → 200  3.000s  delay=2.667 min_gap=0.000 last=1006.000
11:59:16.647  PRE   POST /api/trade/search/Standard  delay=2.667 min_gap=0.000 last=1006.000
11:59:16.647  ENF   delay=2.667 min_gap=0.000 jitter=2.000 gap=4.667 since_last=0.000 sleep=4.667
11:59:16.647  PARSE Account 3:5:60 → 1.667s/req pen=60s  delay 2.667→2.667  min_gap→0  max_usage=0%
11:59:16.647  RAW   X-Rate-Limit-Rules: Account
11:59:16.647  RAW   X-Rate-Limit-Account: 3:5:60
11:59:16.647  RESP  POST /api/trade/search/Standard → 200  4.667s  delay=2.667 min_gap=0.000 last=1010.667
11:59:16.647  PRE   POST /api/trade/search/Standard  delay=2.667 min_gap=0.000 last=1010.667
11:59:16.647  ENF   delay=2.667 min_gap=0.000 jitter=2.000 gap=4.667 since_last=0.000 sleep=4.667
11:59:16.647  PARSE Ip 60:300:1800 → 5.000s/req pen=1800s  delay 2.667→6.000  min_gap→0  max_usage=0%
11:59:16.647  RAW   X-Rate-Limit-Rules: Ip
11:59:16.647  RAW   X-Rate-Limit-Ip: 60:300:1800
11:59:16.647  RESP  POST /api/trade/search/Standard → 200  4.667s  delay=6.000 min_gap=0.000 last=1015.333
11:59:16.647  PRE   POST /api/trade/search/Standard  delay=6.000 min_gap=0.000 last=1015.333
11:59:16.648  ENF   delay=6.000 min_gap=0.000 jitter=2.000 gap=8.000 since_last=0.000 sleep=8.000
11:59:16.648  PARSE Ip 60:300:1800 → 5.000s/req pen=1800s  delay 6.000→6.000  min_gap→0  max_usage=0%
11:59:16.648  RAW   X-Rate-Limit-Rules: Ip
11:59:16.648  RAW   X-Rate-Limit-Ip: 60:300:1800
11:59:16.648  RESP  POST /api/trade/search/Standard → 200  8.000s  delay=6.000 min_gap=0.000 last=1023.333
11:59:16.648  INIT  user_agent=test/0.1.0 delay=0.0 min_gap=1.0
11:59:16.648  PRE   POST /api/trade/search/Standard  delay=0.000 min_gap=1.000 last=1784627956.648
11:59:16.648  ENF   delay=0.000 min_gap=1.000 jitter=0.000 gap=1.000 since_last=0.000 sleep=1.000
11:59:17.648  PARSE Ip 60:300:1800 → 5.000s/req pen=1800s  delay 0.000→6.000  min_gap→0  max_usage=0%
11:59:17.648  RAW   X-Rate-Limit-Rules: Ip
11:59:17.648  RAW   X-Rate-Limit-Ip: 60:300:1800
11:59:17.648  RESP  POST /api/trade/search/Standard → 200  1.000s  delay=6.000 min_gap=0.000 last=1784627957.648
11:59:17.648  PRE   POST /api/trade/search/Standard  delay=6.000 min_gap=0.000 last=1784627957.648
11:59:17.648  ENF   delay=6.000 min_gap=0.000 jitter=0.000 gap=6.000 since_last=0.000 sleep=6.000
11:59:23.648  PARSE Account 10:1:2 → 0.100s/req pen=2s  delay 6.000→6.000  min_gap→0  max_usage=0%
11:59:23.648  RAW   X-Rate-Limit-Rules: Account
11:59:23.648  RAW   X-Rate-Limit-Account: 10:1:2
11:59:23.648  RESP  POST /api/trade/search/Standard → 200  6.000s  delay=6.000 min_gap=0.000 last=1784627963.649
11:59:23.648  INIT  user_agent=test/0.1.0 delay=0.0 min_gap=1.0
11:59:23.649  PRE   POST /api/trade/search/Standard  delay=0.000 min_gap=1.000 last=1784627963.649
11:59:23.649  ENF   delay=0.000 min_gap=1.000 jitter=0.000 gap=1.000 since_last=0.000 sleep=1.000
11:59:23.649  RESP  POST /api/trade/search/Standard → 200  0.000s  delay=0.000 min_gap=1.000 last=1784627963.649
11:59:23.649  PRE   POST /api/trade/search/Standard  delay=0.000 min_gap=1.000 last=1784627963.649
11:59:23.649  ENF   delay=0.000 min_gap=1.000 jitter=0.000 gap=1.000 since_last=0.000 sleep=1.000
11:59:23.649  RESP  POST /api/trade/search/Standard → 200  0.000s  delay=0.000 min_gap=1.000 last=1784627963.649
11:59:23.649  INIT  user_agent=test/0.1.0 delay=0.0 min_gap=1.0
11:59:23.649  PRE   POST /api/trade/search/Standard  delay=0.000 min_gap=1.000 last=1784627963.649
11:59:23.649  ENF   delay=0.000 min_gap=1.000 jitter=0.000 gap=1.000 since_last=0.000 sleep=1.000
11:59:24.649  PARSE Account 3:5:60 → 1.667s/req pen=60s  delay 0.000→2.667  min_gap→0  max_usage=0%
11:59:24.649  RAW   X-Rate-Limit-Rules: Account
11:59:24.649  RAW   X-Rate-Limit-Account: 3:5:60
11:59:24.649  RESP  POST /api/trade/search/Standard → 200  1.000s  delay=2.667 min_gap=0.000 last=1784627964.650
11:59:24.649  INIT  user_agent=test/0.1.0 delay=0.0 min_gap=1.0
11:59:24.649  LOCK  sleep=9999.000
11:59:24.650  ENF   delay=0.010 min_gap=1.000 jitter=0.000 gap=1.000 since_last=0.000 sleep=1.000
11:59:24.650  INIT  user_agent=test/0.1.0 delay=0.0 min_gap=1.0
11:59:24.650  PRE   POST /api/trade/search/Standard  delay=0.000 min_gap=1.000 last=1784627964.650
11:59:24.650  ENF   delay=0.000 min_gap=1.000 jitter=0.000 gap=1.000 since_last=0.000 sleep=1.000
11:59:25.650  PARSE Account 3:5:60 → 1.667s/req pen=60s  delay 0.000→2.667  min_gap→0  max_usage=0%
11:59:25.650  RAW   X-Rate-Limit-Rules: Account
11:59:25.650  RAW   X-Rate-Limit-Account: 3:5:60
11:59:25.650  RESP  POST /api/trade/search/Standard → 200  1.000s  delay=2.667 min_gap=0.000 last=1784627965.650
11:59:25.650  INIT  user_agent=test/0.1.0 delay=0.0 min_gap=1.0
11:59:25.650  PRE   POST /api/trade/search/Standard  delay=0.000 min_gap=1.000 last=1784627965.651
11:59:25.650  ENF   delay=0.000 min_gap=1.000 jitter=0.000 gap=1.000 since_last=0.000 sleep=1.000
11:59:26.650  PARSE Ip 8:10:60 → 1.250s/req pen=60s; Ip 15:60:120 → 4.000s/req pen=120s; Ip 60:300:1800 → 5.000s/req pen=1800s  delay 0.000→6.000  min_gap→0  max_usage=0%
11:59:26.650  RAW   X-Rate-Limit-Rules: Ip
11:59:26.650  RAW   X-Rate-Limit-Ip: 8:10:60,15:60:120,60:300:1800
11:59:26.650  RESP  POST /api/trade/search/Standard → 200  1.000s  delay=6.000 min_gap=0.000 last=1784627966.651
11:59:26.650  INIT  user_agent=test/0.1.0 delay=0.0 min_gap=1.0
11:59:26.651  PRE   POST /api/trade/search/Standard  delay=0.000 min_gap=1.000 last=1784627966.651
11:59:26.651  ENF   delay=0.000 min_gap=1.000 jitter=0.000 gap=1.000 since_last=0.000 sleep=1.000
11:59:27.651  PARSE Account 3:5:60 → 1.667s/req pen=60s; Ip 60:300:1800 → 5.000s/req pen=1800s  delay 0.000→6.000  min_gap→0  max_usage=0%
11:59:27.651  RAW   X-Rate-Limit-Rules: Account,Ip
11:59:27.651  RAW   X-Rate-Limit-Account: 3:5:60
11:59:27.651  RAW   X-Rate-Limit-Ip: 60:300:1800
11:59:27.651  RESP  POST /api/trade/search/Standard → 200  1.000s  delay=6.000 min_gap=0.000 last=1784627967.651
11:59:27.651  INIT  user_agent=test/0.1.0 delay=0.0 min_gap=1.0
11:59:27.651  PRE   POST /api/trade/search/Standard  delay=0.000 min_gap=1.000 last=1784627967.651
11:59:27.651  ENF   delay=0.000 min_gap=1.000 jitter=0.000 gap=1.000 since_last=0.000 sleep=1.000
11:59:28.651  RESP  POST /api/trade/search/Standard → 200  1.000s  delay=0.000 min_gap=1.000 last=1784627968.651
