15:50:38.243  INIT  user_agent=test/0.1.0 delay=0.0 min_gap=1.0
15:50:38.243  PRE   POST /api/trade/search/Standard  delay=0.000 min_gap=1.000 last=1784641828.243
15:50:38.243  RESP  POST /api/trade/search/Standard → 429  0.000s  delay=0.000 min_gap=1.000 last=1784641838.243
15:50:38.243  BODY  req=(none)
15:50:38.243  BODY  resp=
15:50:38.243  !! 429 ! headers={'Server': 'cloudflare'}  state_delay=0.000 state_min_gap=1.000 state_last=1784641838.243
15:50:38.243  INIT  user_agent=test/0.1.0 delay=0.0 min_gap=1.0
15:50:38.243  PRE   POST /api/trade/search/Standard  delay=0.000 min_gap=1.000 last=1784641828.244
15:50:38.243  PARSE Account 1:5:60 → 1.500s/req pen=60s (used=0)  delay 0.000→2.500  min_gap→0  max_usage=0%
15:50:38.243  RAW   X-Rate-Limit-Rules: Account
15:50:38.243  RAW   X-Rate-Limit-Account: 1:5:60
15:50:38.243  RESP  POST /api/trade/search/Standard → 429  0.000s  delay=2.500 min_gap=0.000 last=1784641838.244
15:50:38.243  BODY  req=(none)
15:50:38.243  BODY  resp=
15:50:38.243  !! 429 ! headers={'X-Rate-Limit-Rules': 'Account', 'X-Rate-Limit-Account': '1:5:60'}  state_delay=2.500 state_min_gap=0.000 state_last=1784641838.244
15:50:38.243  INIT  user_agent=test/0.1.0 delay=0.0 min_gap=1.0
15:50:38.244  PRE   POST /api/trade/search/Standard  delay=0.000 min_gap=1.000 last=1784641838.244
15:50:38.244  ENF   delay=0.000 min_gap=1.000 jitter=0.000 gap=1.000 since_last=0.000 sleep=1.000
15:50:39.244  PARSE Account 1:1:1 → 0.300s/req pen=1s (used=0)  delay 0.000→1.300  min_gap→0  max_usage=0%
15:50:39.244  RAW   X-Rate-Limit-Rules: Account
15:50:39.244  RAW   X-Rate-Limit-Account: 1:1:1
15:50:39.244  RESP  POST /api/trade/search/Standard → 200  1.000s  delay=1.300 min_gap=0.000 last=1784641839.244
15:50:39.244  INIT  user_agent=test/0.1.0 delay=0.0 min_gap=1.0
15:50:39.244  PRE   POST /api/trade/search/Standard  delay=0.000 min_gap=1.000 last=1784641839.244
15:50:39.244  ENF   delay=0.000 min_gap=1.000 jitter=0.000 gap=1.000 since_last=0.000 sleep=1.000
15:50:39.244  PARSE Account 3:5:60 → 0.500s/req pen=60s (used=0)  delay 0.000→1.500  min_gap→0  max_usage=0%
15:50:39.244  RAW   X-Rate-Limit-Rules: Account
15:50:39.244  RAW   X-Rate-Limit-Account: 3:5:60
15:50:39.244  RESP  POST /api/trade/search/Standard → 200  0.000s  delay=1.500 min_gap=0.000 last=1784641839.245
15:50:39.244  PRE   GET /api/trade/fetch/a  delay=1.500 min_gap=0.000 last=1784641839.245
15:50:39.244  ENF   delay=1.500 min_gap=0.000 jitter=0.000 gap=1.500 since_last=0.000 sleep=1.500
15:50:39.244  PARSE Account 3:5:60 → 0.500s/req pen=60s (used=0)  delay 1.500→1.500  min_gap→0  max_usage=0%
15:50:39.244  RAW   X-Rate-Limit-Rules: Account
15:50:39.244  RAW   X-Rate-Limit-Account: 3:5:60
15:50:39.244  RESP  GET /api/trade/fetch/a → 200  0.000s  delay=1.500 min_gap=0.000 last=1784641839.245
15:50:39.244  INIT  user_agent=test/0.1.0 delay=0.0 min_gap=1.0
15:50:39.244  PRE   POST /api/trade/search/Standard  delay=0.000 min_gap=1.000 last=990.000
15:50:39.244  RESP  POST /api/trade/search/Standard → 200  0.000s  delay=0.000 min_gap=1.000 last=1000.000
15:50:39.244  PRE   POST /api/trade/search/Standard  delay=0.000 min_gap=1.000 last=1000.000
15:50:39.244  ENF   delay=0.000 min_gap=1.000 jitter=2.000 gap=3.000 since_last=0.000 sleep=3.000
15:50:39.244  RESP  POST /api/trade/search/Standard → 200  3.000s  delay=0.000 min_gap=1.000 last=1003.000
15:50:39.244  PRE   POST /api/trade/search/Standard  delay=0.000 min_gap=1.000 last=1003.000
15:50:39.245  ENF   delay=0.000 min_gap=1.000 jitter=2.000 gap=3.000 since_last=0.000 sleep=3.000
15:50:39.245  PARSE Account 3:5:60 → 0.500s/req pen=60s (used=0)  delay 0.000→1.500  min_gap→0  max_usage=0%
15:50:39.245  RAW   X-Rate-Limit-Rules: Account
15:50:39.245  RAW   X-Rate-Limit-Account: 3:5:60
15:50:39.245  RESP  POST /api/trade/search/Standard → 200  3.000s  delay=1.500 min_gap=0.000 last=1006.000
15:50:39.245  PRE   POST /api/trade/search/Standard  delay=1.500 min_gap=0.000 last=1006.000
15:50:39.245  ENF   delay=1.500 min_gap=0.000 jitter=2.000 gap=3.500 since_last=0.000 sleep=3.500
15:50:39.245  PARSE Account 3:5:60 → 0.500s/req pen=60s (used=0)  delay 1.500→1.500  min_gap→0  max_usage=0%
15:50:39.245  RAW   X-Rate-Limit-Rules: Account
15:50:39.245  RAW   X-Rate-Limit-Account: 3:5:60
15:50:39.245  RESP  POST /api/trade/search/Standard → 200  3.500s  delay=1.500 min_gap=0.000 last=1009.500
15:50:39.245  PRE   POST /api/trade/search/Standard  delay=1.500 min_gap=0.000 last=1009.500
15:50:39.245  ENF   delay=1.500 min_gap=0.000 jitter=2.000 gap=3.500 since_last=0.000 sleep=3.500
15:50:39.245  PARSE Ip 60:300:1800 → 1.500s/req pen=1800s (used=0)  delay 1.500→2.500  min_gap→0  max_usage=0%
15:50:39.245  RAW   X-Rate-Limit-Rules: Ip
15:50:39.245  RAW   X-Rate-Limit-Ip: 60:300:1800
15:50:39.245  RESP  POST /api/trade/search/Standard → 200  3.500s  delay=2.500 min_gap=0.000 last=1013.000
15:50:39.245  PRE   POST /api/trade/search/Standard  delay=2.500 min_gap=0.000 last=1013.000
15:50:39.245  ENF   delay=2.500 min_gap=0.000 jitter=2.000 gap=4.500 since_last=0.000 sleep=4.500
15:50:39.245  PARSE Ip 60:300:1800 → 1.500s/req pen=1800s (used=0)  delay 2.500→2.500  min_gap→0  max_usage=0%
15:50:39.245  RAW   X-Rate-Limit-Rules: Ip
15:50:39.245  RAW   X-Rate-Limit-Ip: 60:300:1800
15:50:39.245  RESP  POST /api/trade/search/Standard → 200  4.500s  delay=2.500 min_gap=0.000 last=1017.500
15:50:39.245  INIT  user_agent=test/0.1.0 delay=0.0 min_gap=1.0
15:50:39.245  PRE   POST /api/trade/search/Standard  delay=0.000 min_gap=1.000 last=1784641839.245
15:50:39.245  ENF   delay=0.000 min_gap=1.000 jitter=0.000 gap=1.000 since_last=0.000 sleep=1.000
15:50:40.245  PARSE Ip 60:300:1800 → 6.250s/req pen=1800s (used=30)  delay 0.000→7.250  min_gap→0  max_usage=50%
15:50:40.245  RAW   X-Rate-Limit-Rules: Ip
15:50:40.245  RAW   X-Rate-Limit-Ip: 60:300:1800
15:50:40.245  RAW   X-Rate-Limit-Ip-State: 30:300:0
15:50:40.245  RESP  POST /api/trade/search/Standard → 200  1.000s  delay=7.250 min_gap=0.000 last=1784641840.246
15:50:40.245  PRE   POST /api/trade/search/Standard  delay=7.250 min_gap=0.000 last=1784641840.246
15:50:40.245  ENF   delay=7.250 min_gap=0.000 jitter=0.000 gap=7.250 since_last=0.000 sleep=7.250
15:50:47.495  PARSE Ip 60:300:1800 → 2.875s/req pen=1800s (used=3)  delay 7.250→3.875  min_gap→0  max_usage=5%
15:50:47.495  RAW   X-Rate-Limit-Rules: Ip
15:50:47.495  RAW   X-Rate-Limit-Ip: 60:300:1800
15:50:47.495  RAW   X-Rate-Limit-Ip-State: 3:300:0
15:50:47.495  RESP  POST /api/trade/search/Standard → 200  7.250s  delay=3.875 min_gap=0.000 last=1784641847.496
15:50:47.496  INIT  user_agent=test/0.1.0 delay=0.0 min_gap=1.0
15:50:47.496  PRE   POST /api/trade/search/Standard  delay=0.000 min_gap=1.000 last=1784641847.496
15:50:47.496  ENF   delay=0.000 min_gap=1.000 jitter=0.000 gap=1.000 since_last=0.000 sleep=1.000
15:50:48.496  PARSE Ip 60:300:1800 → 1.500s/req pen=1800s (used=0)  delay 0.000→2.500  min_gap→0  max_usage=0%
15:50:48.496  RAW   X-Rate-Limit-Rules: Ip
15:50:48.496  RAW   X-Rate-Limit-Ip: 60:300:1800
15:50:48.496  RESP  POST /api/trade/search/Standard → 200  1.000s  delay=2.500 min_gap=0.000 last=1784641848.496
15:50:48.496  INIT  user_agent=test/0.1.0 delay=0.0 min_gap=1.0
15:50:48.496  PRE   POST /api/trade/search/Standard  delay=0.000 min_gap=1.000 last=1784641848.496
15:50:48.496  ENF   delay=0.000 min_gap=1.000 jitter=0.000 gap=1.000 since_last=0.000 sleep=1.000
15:50:48.496  RESP  POST /api/trade/search/Standard → 200  0.000s  delay=0.000 min_gap=1.000 last=1784641848.497
15:50:48.496  PRE   POST /api/trade/search/Standard  delay=0.000 min_gap=1.000 last=1784641848.497
15:50:48.496  ENF   delay=0.000 min_gap=1.000 jitter=0.000 gap=1.000 since_last=0.000 sleep=1.000
15:50:48.496  RESP  POST /api/trade/search/Standard → 200  0.000s  delay=0.000 min_gap=1.000 last=1784641848.497
15:50:48.496  INIT  user_agent=test/0.1.0 delay=0.0 min_gap=1.0
15:50:48.496  PRE   POST /api/trade/search/Standard  delay=0.000 min_gap=1.000 last=1784641848.497
15:50:48.496  ENF   delay=0.000 min_gap=1.000 jitter=0.000 gap=1.000 since_last=0.000 sleep=1.000
15:50:49.496  PARSE Account 3:5:60 → 0.500s/req pen=60s (used=0)  delay 0.000→1.500  min_gap→0  max_usage=0%
15:50:49.497  RAW   X-Rate-Limit-Rules: Account
15:50:49.497  RAW   X-Rate-Limit-Account: 3:5:60
15:50:49.497  RESP  POST /api/trade/search/Standard → 200  1.000s  delay=1.500 min_gap=0.000 last=1784641849.497
15:50:49.497  INIT  user_agent=test/0.1.0 delay=0.0 min_gap=1.0
15:50:49.497  PRE   POST /api/trade/search/Standard  delay=0.000 min_gap=1.000 last=1784641849.497
15:50:49.497  ENF   delay=0.000 min_gap=1.000 jitter=0.000 gap=1.000 since_last=0.000 sleep=1.000
15:50:50.497  PARSE Ip 60:300:1800 → 9.250s/req pen=1800s (used=54)  delay 0.000→10.250  min_gap→0  max_usage=90%
15:50:50.497  BACK  set 200s backoff at 90% usage
15:50:50.497  RAW   X-Rate-Limit-Rules: Ip
15:50:50.497  RAW   X-Rate-Limit-Ip: 60:300:1800
15:50:50.497  RAW   X-Rate-Limit-Ip-State: 54:300:0
15:50:50.497  RESP  POST /api/trade/search/Standard → 200  1.000s  delay=10.250 min_gap=0.000 last=1784641850.498
15:50:50.497  INIT  user_agent=test/0.1.0 delay=0.0 min_gap=1.0
15:50:50.497  LOCK  sleep=9999.000
15:50:50.498  ENF   delay=0.010 min_gap=1.000 jitter=0.000 gap=1.000 since_last=0.000 sleep=1.000
15:50:50.498  INIT  user_agent=test/0.1.0 delay=0.0 min_gap=1.0
15:50:50.498  PRE   POST /api/trade/search/Standard  delay=0.000 min_gap=1.000 last=1784641850.498
15:50:50.498  ENF   delay=0.000 min_gap=1.000 jitter=0.000 gap=1.000 since_last=0.000 sleep=1.000
15:50:51.498  PARSE Ip 60:300:1800 → 3.250s/req pen=1800s (used=6)  delay 0.000→4.250  min_gap→0  max_usage=10%
15:50:51.498  RAW   X-Rate-Limit-Rules: Ip
15:50:51.498  RAW   X-Rate-Limit-Ip: 60:300:1800
15:50:51.498  RAW   X-Rate-Limit-Ip-State: 6:300:0
15:50:51.498  RESP  POST /api/trade/search/Standard → 200  1.000s  delay=4.250 min_gap=0.000 last=1784641851.498
15:50:51.498  INIT  user_agent=test/0.1.0 delay=0.0 min_gap=1.0
15:50:51.498  PRE   POST /api/trade/search/Standard  delay=0.000 min_gap=1.000 last=1784641851.499
15:50:51.498  ENF   delay=0.000 min_gap=1.000 jitter=0.000 gap=1.000 since_last=0.000 sleep=1.000
15:50:52.498  PARSE Account 3:5:60 → 0.500s/req pen=60s (used=0)  delay 0.000→1.500  min_gap→0  max_usage=0%
15:50:52.498  RAW   X-Rate-Limit-Rules: Account
15:50:52.498  RAW   X-Rate-Limit-Account: 3:5:60
15:50:52.498  RESP  POST /api/trade/search/Standard → 200  1.000s  delay=1.500 min_gap=0.000 last=1784641852.499
15:50:52.498  INIT  user_agent=test/0.1.0 delay=0.0 min_gap=1.0
15:50:52.499  PRE   POST /api/trade/search/Standard  delay=0.000 min_gap=1.000 last=1784641852.499
15:50:52.499  ENF   delay=0.000 min_gap=1.000 jitter=0.000 gap=1.000 since_last=0.000 sleep=1.000
15:50:53.499  PARSE Ip 8:10:60 → 0.375s/req pen=60s (used=0); Ip 15:60:120 → 1.200s/req pen=120s (used=0); Ip 60:300:1800 → 1.500s/req pen=1800s (used=0)  delay 0.000→2.500  min_gap→0  max_usage=0%
15:50:53.499  RAW   X-Rate-Limit-Rules: Ip
15:50:53.499  RAW   X-Rate-Limit-Ip: 8:10:60,15:60:120,60:300:1800
15:50:53.499  RESP  POST /api/trade/search/Standard → 200  1.000s  delay=2.500 min_gap=0.000 last=1784641853.499
15:50:53.499  INIT  user_agent=test/0.1.0 delay=0.0 min_gap=1.0
15:50:53.499  PRE   POST /api/trade/search/Standard  delay=0.000 min_gap=1.000 last=1784641853.499
15:50:53.499  ENF   delay=0.000 min_gap=1.000 jitter=0.000 gap=1.000 since_last=0.000 sleep=1.000
15:50:54.499  PARSE Account 3:5:60 → 2.500s/req pen=60s (used=2); Ip 15:60:120 → 3.200s/req pen=120s (used=3)  delay 0.000→4.200  min_gap→0  max_usage=20%
15:50:54.499  RAW   X-Rate-Limit-Rules: Account,Ip
15:50:54.499  RAW   X-Rate-Limit-Account: 3:5:60
15:50:54.499  RAW   X-Rate-Limit-Account-State: 2:5:0
15:50:54.499  RAW   X-Rate-Limit-Ip: 15:60:120
15:50:54.499  RAW   X-Rate-Limit-Ip-State: 3:60:0
15:50:54.499  RESP  POST /api/trade/search/Standard → 200  1.000s  delay=4.200 min_gap=0.000 last=1784641854.500
15:50:54.499  INIT  user_agent=test/0.1.0 delay=0.0 min_gap=1.0
15:50:54.499  PRE   POST /api/trade/search/Standard  delay=0.000 min_gap=1.000 last=1784641854.500
15:50:54.499  ENF   delay=0.000 min_gap=1.000 jitter=0.000 gap=1.000 since_last=0.000 sleep=1.000
15:50:55.499  PARSE Account 3:5:60 → 0.500s/req pen=60s (used=0); Ip 60:300:1800 → 1.500s/req pen=1800s (used=0)  delay 0.000→2.500  min_gap→0  max_usage=0%
15:50:55.499  RAW   X-Rate-Limit-Rules: Account,Ip
15:50:55.499  RAW   X-Rate-Limit-Account: 3:5:60
15:50:55.499  RAW   X-Rate-Limit-Ip: 60:300:1800
15:50:55.500  RESP  POST /api/trade/search/Standard → 200  1.000s  delay=2.500 min_gap=0.000 last=1784641855.500
15:50:55.500  INIT  user_agent=test/0.1.0 delay=0.0 min_gap=1.0
15:50:55.500  PRE   POST /api/trade/search/Standard  delay=0.000 min_gap=1.000 last=1784641855.500
15:50:55.500  ENF   delay=0.000 min_gap=1.000 jitter=0.000 gap=1.000 since_last=0.000 sleep=1.000
15:50:56.500  RESP  POST /api/trade/search/Standard → 200  1.000s  delay=0.000 min_gap=1.000 last=1784641856.500
