10:54:35.586  INIT  user_agent=OAuth pypoe/0.1.0 (flipper) delay=0.0 min_gap=1.0
10:54:35.588  PRE   POST /api/trade/search/Standard  delay=0.000 min_gap=1.000 last=1784796875.586
10:54:35.588  ENF   delay=0.000 min_gap=1.000 jitter=2.178 gap=3.178 since_last=0.002 sleep=3.176
10:54:39.121  PARSE Account 3:5:60 → 2.500s/req pen=60s (used=2); Ip 8:10:60 → 1.094s/req pen=60s (used=2); Ip 15:60:120 → 2.800s/req pen=120s (used=2); Ip 60:300:1800 → 6.375s/req pen=1800s (used=31)  delay 0.000→7.375  min_gap→0  max_usage=52%
10:54:39.121  RAW   content-type: application/json
10:54:39.121  RAW   x-rate-limit-policy: trade-search-request-limit
10:54:39.121  RAW   x-rate-limit-rules: Account,Ip
10:54:39.121  RAW   x-rate-limit-account: 3:5:60
10:54:39.121  RAW   x-rate-limit-account-state: 2:5:0
10:54:39.121  RAW   x-rate-limit-ip: 8:10:60,15:60:120,60:300:1800
10:54:39.121  RAW   x-rate-limit-ip-state: 2:10:0,2:60:0,31:300:0
10:54:39.121  RAW   cf-cache-status: DYNAMIC
10:54:39.121  RAW   cf-ray: a1f9762c6ee60296-WAW
10:54:39.121  RESP  POST /api/trade/search/Standard → 200  3.533s  delay=7.375 min_gap=0.000 last=1784796879.122
10:54:39.121  PRE   GET /api/trade/fetch/fdb246d4b1a567c14587edb86b0de3816bcdb2615907faaf1925bcedf0b5efa2%2C37451b4a913fd273a57bba55d602f48d095071852a15f171b31318218b75a81f%2C0b14f7b424486f93a26b813c0354d10e91e5826488a7a2f19222aa4afcda9dfb%2C3ef60e3dd8eb142c3a60de438bed1ea9ccbd4ce85bb557c56611db658853c6ab%2C0980fa673411a9895328f5f0c88a770de8219449087b7b8f712e26d71ef88297  delay=7.375 min_gap=0.000 last=1784796879.122
10:54:39.122  ENF   delay=7.375 min_gap=0.000 jitter=2.002 gap=9.377 since_last=0.000 sleep=9.377
10:54:48.975  PARSE Account 6:4:10 → 0.667s/req pen=10s (used=2); Ip 12:4:60 → 0.250s/req pen=60s (used=2); Ip 16:12:60 → 0.516s/req pen=60s (used=2)  delay 7.375→1.667  min_gap→0  max_usage=0%
10:54:48.975  RAW   content-type: application/json
10:54:48.975  RAW   x-rate-limit-policy: trade-fetch-request-limit
10:54:48.975  RAW   x-rate-limit-rules: Account,Ip
10:54:48.976  RAW   x-rate-limit-account: 6:4:10
10:54:48.976  RAW   x-rate-limit-account-state: 2:4:0
10:54:48.976  RAW   x-rate-limit-ip: 12:4:60,16:12:60
10:54:48.976  RAW   x-rate-limit-ip-state: 2:4:0,2:12:0
10:54:48.976  RAW   cf-cache-status: DYNAMIC
10:54:48.976  RAW   cf-ray: a1f976692d000296-WAW
10:54:48.976  RESP  GET /api/trade/fetch/fdb246d4b1a567c14587edb86b0de3816bcdb2615907faaf1925bcedf0b5efa2%2C37451b4a913fd273a57bba55d602f48d095071852a15f171b31318218b75a81f%2C0b14f7b424486f93a26b813c0354d10e91e5826488a7a2f19222aa4afcda9dfb%2C3ef60e3dd8eb142c3a60de438bed1ea9ccbd4ce85bb557c56611db658853c6ab%2C0980fa673411a9895328f5f0c88a770de8219449087b7b8f712e26d71ef88297 → 200  9.854s  delay=1.667 min_gap=0.000 last=1784796888.976
10:54:48.976  PRE   POST /api/trade/search/Standard  delay=1.667 min_gap=0.000 last=1784796888.976
10:54:48.976  ENF   delay=1.667 min_gap=0.000 jitter=1.533 gap=3.200 since_last=0.000 sleep=3.200
10:54:52.562  PARSE Account 3:5:60 → 2.500s/req pen=60s (used=2); Ip 8:10:60 → 1.094s/req pen=60s (used=2); Ip 15:60:120 → 3.600s/req pen=120s (used=4); Ip 60:300:1800 → 6.625s/req pen=1800s (used=33)  delay 1.667→7.625  min_gap→0  max_usage=55%
10:54:52.562  RAW   content-type: application/json
10:54:52.562  RAW   x-rate-limit-policy: trade-search-request-limit
10:54:52.562  RAW   x-rate-limit-rules: Account,Ip
10:54:52.562  RAW   x-rate-limit-account: 3:5:60
10:54:52.562  RAW   x-rate-limit-account-state: 2:5:0
10:54:52.562  RAW   x-rate-limit-ip: 8:10:60,15:60:120,60:300:1800
10:54:52.562  RAW   x-rate-limit-ip-state: 2:10:0,4:60:0,33:300:0
10:54:52.562  RAW   cf-cache-status: DYNAMIC
10:54:52.562  RAW   cf-ray: a1f976801a930296-WAW
10:54:52.562  RESP  POST /api/trade/search/Standard → 200  3.586s  delay=7.625 min_gap=0.000 last=1784796892.563
10:54:52.562  PRE   GET /api/trade/fetch/628142777ff319540202306011db54c0f93c35bf42870087a84d9fc2538ae5f9%2C26d59adb7d097b87fbc4d139d8602c7f29203a974bf53b2cd05066ab22f8f97a%2C7b90f48aea2a9c1346184a5d81fd0ce1ce1bb3791b1badc4c8cf7a6508f62982%2C2b185d5e706faa05601acd6b0388f651763bcc2b830288aae20c9b444f1c5ab0%2C200bb5ee008845336d012afd79d33f243a88fc11574c78ee65ea43965648c78d  delay=7.625 min_gap=0.000 last=1784796892.563
10:54:52.562  ENF   delay=7.625 min_gap=0.000 jitter=2.026 gap=9.651 since_last=0.000 sleep=9.651
10:55:02.572  PARSE Account 6:4:10 → 0.667s/req pen=10s (used=2); Ip 12:4:60 → 0.250s/req pen=60s (used=2); Ip 16:12:60 → 0.516s/req pen=60s (used=2)  delay 7.625→1.667  min_gap→0  max_usage=0%
10:55:02.572  RAW   content-type: application/json
10:55:02.572  RAW   x-rate-limit-policy: trade-fetch-request-limit
10:55:02.572  RAW   x-rate-limit-rules: Account,Ip
10:55:02.572  RAW   x-rate-limit-account: 6:4:10
10:55:02.572  RAW   x-rate-limit-account-state: 2:4:0
10:55:02.572  RAW   x-rate-limit-ip: 12:4:60,16:12:60
10:55:02.572  RAW   x-rate-limit-ip-state: 2:4:0,2:12:0
10:55:02.572  RAW   cf-cache-status: DYNAMIC
10:55:02.572  RAW   cf-ray: a1f976bed9610296-WAW
10:55:02.572  RESP  GET /api/trade/fetch/628142777ff319540202306011db54c0f93c35bf42870087a84d9fc2538ae5f9%2C26d59adb7d097b87fbc4d139d8602c7f29203a974bf53b2cd05066ab22f8f97a%2C7b90f48aea2a9c1346184a5d81fd0ce1ce1bb3791b1badc4c8cf7a6508f62982%2C2b185d5e706faa05601acd6b0388f651763bcc2b830288aae20c9b444f1c5ab0%2C200bb5ee008845336d012afd79d33f243a88fc11574c78ee65ea43965648c78d → 200  10.010s  delay=1.667 min_gap=0.000 last=1784796902.573
10:55:02.572  PRE   POST /api/trade/search/Standard  delay=1.667 min_gap=0.000 last=1784796902.573
10:55:02.572  ENF   delay=1.667 min_gap=0.000 jitter=1.303 gap=2.970 since_last=0.000 sleep=2.970
10:55:06.126  PARSE Account 3:5:60 → 2.500s/req pen=60s (used=2); Ip 8:10:60 → 1.094s/req pen=60s (used=2); Ip 15:60:120 → 4.400s/req pen=120s (used=6); Ip 60:300:1800 → 5.875s/req pen=1800s (used=27)  delay 1.667→6.875  min_gap→0  max_usage=45%
10:55:06.126  RAW   content-type: application/json
10:55:06.126  RAW   x-rate-limit-policy: trade-search-request-limit
10:55:06.126  RAW   x-rate-limit-rules: Account,Ip
10:55:06.126  RAW   x-rate-limit-account: 3:5:60
10:55:06.126  RAW   x-rate-limit-account-state: 2:5:0
10:55:06.126  RAW   x-rate-limit-ip: 8:10:60,15:60:120,60:300:1800
10:55:06.126  RAW   x-rate-limit-ip-state: 2:10:0,6:60:0,27:300:0
10:55:06.126  RAW   cf-cache-status: DYNAMIC
10:55:06.126  RAW   cf-ray: a1f976d3ab370296-WAW
10:55:06.126  RESP  POST /api/trade/search/Standard → 200  3.554s  delay=6.875 min_gap=0.000 last=1784796906.127
10:55:06.126  PRE   GET /api/trade/fetch/37451b4a913fd273a57bba55d602f48d095071852a15f171b31318218b75a81f%2Cfdb246d4b1a567c14587edb86b0de3816bcdb2615907faaf1925bcedf0b5efa2%2C3ef60e3dd8eb142c3a60de438bed1ea9ccbd4ce85bb557c56611db658853c6ab%2C0980fa673411a9895328f5f0c88a770de8219449087b7b8f712e26d71ef88297%2C0b14f7b424486f93a26b813c0354d10e91e5826488a7a2f19222aa4afcda9dfb  delay=6.875 min_gap=0.000 last=1784796906.127
10:55:06.126  ENF   delay=6.875 min_gap=0.000 jitter=2.157 gap=9.032 since_last=0.000 sleep=9.032
