09:37:07.678  INIT  user_agent=OAuth pypoe/0.1.0 (flipper) delay=0.0 min_gap=1.0
09:37:07.680  PRE   POST /api/trade/search/Standard  delay=0.000 min_gap=1.000 last=1784792227.679
09:37:07.680  ENF   delay=0.000 min_gap=1.000 jitter=3.445 gap=4.445 since_last=0.002 sleep=4.442
09:37:12.796  PARSE Account 3:5:60 → 2.500s/req pen=60s (used=2); Ip 8:10:60 → 1.094s/req pen=60s (used=2); Ip 15:60:120 → 4.800s/req pen=120s (used=7); Ip 60:300:1800 → 6.375s/req pen=1800s (used=31)  delay 0.000→7.375  min_gap→0  max_usage=52%
09:37:12.796  RAW   content-type: application/json
09:37:12.796  RAW   x-rate-limit-policy: trade-search-request-limit
09:37:12.796  RAW   x-rate-limit-rules: Account,Ip
09:37:12.796  RAW   x-rate-limit-account: 3:5:60
09:37:12.796  RAW   x-rate-limit-account-state: 2:5:0
09:37:12.796  RAW   x-rate-limit-ip: 8:10:60,15:60:120,60:300:1800
09:37:12.796  RAW   x-rate-limit-ip-state: 2:10:0,7:60:0,31:300:0
09:37:12.796  RAW   cf-cache-status: DYNAMIC
09:37:12.796  RAW   cf-ray: a1f904baecf7ecb6-WAW
09:37:12.796  RESP  POST /api/trade/search/Standard → 200  5.115s  delay=7.375 min_gap=0.000 last=1784792232.797
09:37:12.796  PRE   GET /api/trade/fetch/b678f9f3330bd5b6ad74614a412a8bdbf7bf7f994bfef07005cbe15d712093ca%2C36315e42c97197492918301e65fffee8b50091f0f5650e57dd4b16564444ad24%2C3a7c0207ea3d096a794b291ccc9f1b134946d5f65f30db51a99577af55cab03b%2Cdaeb8a3c118de15767bd611b7351bb8513f0bbe6c11860d89896ba9b7035ab6b%2Caf50451dacffaa28433278632b2c82d464bee7496bf1c0c743fdaa0a15d21656  delay=7.375 min_gap=0.000 last=1784792232.797
09:37:12.796  ENF   delay=7.375 min_gap=0.000 jitter=3.009 gap=10.384 since_last=0.000 sleep=10.384
09:37:23.695  PARSE Account 6:4:10 → 0.667s/req pen=10s (used=2); Ip 12:4:60 → 0.250s/req pen=60s (used=2); Ip 16:12:60 → 0.516s/req pen=60s (used=2)  delay 7.375→1.667  min_gap→0  max_usage=0%
09:37:23.696  RAW   content-type: application/json
09:37:23.696  RAW   x-rate-limit-policy: trade-fetch-request-limit
09:37:23.696  RAW   x-rate-limit-rules: Account,Ip
09:37:23.696  RAW   x-rate-limit-account: 6:4:10
09:37:23.696  RAW   x-rate-limit-account-state: 2:4:0
09:37:23.696  RAW   x-rate-limit-ip: 12:4:60,16:12:60
09:37:23.696  RAW   x-rate-limit-ip-state: 2:4:0,2:12:0
09:37:23.696  RAW   cf-cache-status: DYNAMIC
09:37:23.696  RAW   cf-ray: a1f904ffeb02ecb6-WAW
09:37:23.696  RESP  GET /api/trade/fetch/b678f9f3330bd5b6ad74614a412a8bdbf7bf7f994bfef07005cbe15d712093ca%2C36315e42c97197492918301e65fffee8b50091f0f5650e57dd4b16564444ad24%2C3a7c0207ea3d096a794b291ccc9f1b134946d5f65f30db51a99577af55cab03b%2Cdaeb8a3c118de15767bd611b7351bb8513f0bbe6c11860d89896ba9b7035ab6b%2Caf50451dacffaa28433278632b2c82d464bee7496bf1c0c743fdaa0a15d21656 → 200  10.899s  delay=1.667 min_gap=0.000 last=1784792243.696
09:37:23.696  PRE   POST /api/trade/search/Standard  delay=1.667 min_gap=0.000 last=1784792243.696
09:37:23.696  ENF   delay=1.667 min_gap=0.000 jitter=4.219 gap=5.886 since_last=0.000 sleep=5.886
09:37:30.059  PARSE Account 3:5:60 → 2.500s/req pen=60s (used=2); Ip 8:10:60 → 1.094s/req pen=60s (used=2); Ip 15:60:120 → 4.800s/req pen=120s (used=7); Ip 60:300:1800 → 6.625s/req pen=1800s (used=33)  delay 1.667→7.625  min_gap→0  max_usage=55%
09:37:30.059  RAW   content-type: application/json
09:37:30.059  RAW   x-rate-limit-policy: trade-search-request-limit
09:37:30.059  RAW   x-rate-limit-rules: Account,Ip
09:37:30.059  RAW   x-rate-limit-account: 3:5:60
09:37:30.059  RAW   x-rate-limit-account-state: 2:5:0
09:37:30.059  RAW   x-rate-limit-ip: 8:10:60,15:60:120,60:300:1800
09:37:30.059  RAW   x-rate-limit-ip-state: 2:10:0,7:60:0,33:300:0
09:37:30.059  RAW   cf-cache-status: DYNAMIC
09:37:30.059  RAW   cf-ray: a1f90527eb7decb6-WAW
09:37:30.059  RESP  POST /api/trade/search/Standard → 200  6.363s  delay=7.625 min_gap=0.000 last=1784792250.060
09:37:30.059  PRE   GET /api/trade/fetch/5ee08dd1022e7eaac3c0e6c7242d4758a6593acfeedcf8b0b832b4dd81fcd0c1%2Cd3f3c41009e45ca2b3d3dbf54fac389a01fd78ec753c45125ca4697b75ae03c8%2C932cf507e4da5f031d80ce77a96fb7cbe64a285ef7f07ff0fb52ae778f3525a3%2C25094c569c19611de7f93b60dcbdc78a1358dc5d64aee7f7ef7e05c9f0f8df17%2Cc727382b38f6d9b53a0722de082a96777b51839f9f03acbb94e191a03a074363  delay=7.625 min_gap=0.000 last=1784792250.060
09:37:30.059  ENF   delay=7.625 min_gap=0.000 jitter=3.518 gap=11.143 since_last=0.000 sleep=11.143
09:37:41.836  PARSE Account 6:4:10 → 0.500s/req pen=10s (used=1); Ip 12:4:60 → 0.208s/req pen=60s (used=1); Ip 16:12:60 → 0.516s/req pen=60s (used=2)  delay 7.625→1.516  min_gap→0  max_usage=0%
09:37:41.836  RAW   content-type: application/json
09:37:41.836  RAW   x-rate-limit-policy: trade-fetch-request-limit
09:37:41.836  RAW   x-rate-limit-rules: Account,Ip
09:37:41.837  RAW   x-rate-limit-account: 6:4:10
09:37:41.837  RAW   x-rate-limit-account-state: 1:4:0
09:37:41.837  RAW   x-rate-limit-ip: 12:4:60,16:12:60
09:37:41.837  RAW   x-rate-limit-ip-state: 1:4:0,2:12:0
09:37:41.837  RAW   cf-cache-status: DYNAMIC
09:37:41.837  RAW   cf-ray: a1f905708b65ecb6-WAW
09:37:41.837  RESP  GET /api/trade/fetch/5ee08dd1022e7eaac3c0e6c7242d4758a6593acfeedcf8b0b832b4dd81fcd0c1%2Cd3f3c41009e45ca2b3d3dbf54fac389a01fd78ec753c45125ca4697b75ae03c8%2C932cf507e4da5f031d80ce77a96fb7cbe64a285ef7f07ff0fb52ae778f3525a3%2C25094c569c19611de7f93b60dcbdc78a1358dc5d64aee7f7ef7e05c9f0f8df17%2Cc727382b38f6d9b53a0722de082a96777b51839f9f03acbb94e191a03a074363 → 200  11.777s  delay=1.516 min_gap=0.000 last=1784792261.837
09:37:41.837  PRE   POST /api/trade/search/Standard  delay=1.516 min_gap=0.000 last=1784792261.837
09:37:41.837  ENF   delay=1.516 min_gap=0.000 jitter=3.972 gap=5.487 since_last=0.000 sleep=5.487
09:37:47.849  PARSE Account 3:5:60 → 2.500s/req pen=60s (used=2); Ip 8:10:60 → 1.094s/req pen=60s (used=2); Ip 15:60:120 → 4.800s/req pen=120s (used=7); Ip 60:300:1800 → 6.875s/req pen=1800s (used=35)  delay 1.516→7.875  min_gap→0  max_usage=58%
09:37:47.849  RAW   content-type: application/json
09:37:47.849  RAW   x-rate-limit-policy: trade-search-request-limit
09:37:47.849  RAW   x-rate-limit-rules: Account,Ip
09:37:47.849  RAW   x-rate-limit-account: 3:5:60
09:37:47.849  RAW   x-rate-limit-account-state: 2:5:0
09:37:47.849  RAW   x-rate-limit-ip: 8:10:60,15:60:120,60:300:1800
09:37:47.849  RAW   x-rate-limit-ip-state: 2:10:0,7:60:0,35:300:0
09:37:47.849  RAW   cf-cache-status: DYNAMIC
09:37:47.849  RAW   cf-ray: a1f90596cf6eecb6-WAW
09:37:47.849  RESP  POST /api/trade/search/Standard → 200  6.012s  delay=7.875 min_gap=0.000 last=1784792267.849
09:37:47.849  PRE   GET /api/trade/fetch/3a7c0207ea3d096a794b291ccc9f1b134946d5f65f30db51a99577af55cab03b%2Cdaeb8a3c118de15767bd611b7351bb8513f0bbe6c11860d89896ba9b7035ab6b%2C872404b11fcb4d8f0405abf55a98f559894f03321d56247f4b2d34c52ddd27f4%2C0cb657d217070eb9afa07547e1c2ddca8cab0508e4f1df476daa3433c3e3ef08%2Cf36382d654d1095a11840a2961c7be7b2eb2aa73edf69fd907f7e85fd91c9bd9  delay=7.875 min_gap=0.000 last=1784792267.849
09:37:47.849  ENF   delay=7.875 min_gap=0.000 jitter=4.513 gap=12.388 since_last=0.000 sleep=12.387
09:38:00.798  PARSE Account 6:4:10 → 0.500s/req pen=10s (used=1); Ip 12:4:60 → 0.208s/req pen=60s (used=1); Ip 16:12:60 → 0.516s/req pen=60s (used=2)  delay 7.875→1.516  min_gap→0  max_usage=0%
09:38:00.798  RAW   content-type: application/json
09:38:00.798  RAW   x-rate-limit-policy: trade-fetch-request-limit
09:38:00.798  RAW   x-rate-limit-rules: Account,Ip
09:38:00.798  RAW   x-rate-limit-account: 6:4:10
09:38:00.798  RAW   x-rate-limit-account-state: 1:4:0
09:38:00.798  RAW   x-rate-limit-ip: 12:4:60,16:12:60
09:38:00.798  RAW   x-rate-limit-ip-state: 1:4:0,2:12:0
09:38:00.798  RAW   cf-cache-status: DYNAMIC
09:38:00.798  RAW   cf-ray: a1f905e7791aecb6-WAW
09:38:00.798  RESP  GET /api/trade/fetch/3a7c0207ea3d096a794b291ccc9f1b134946d5f65f30db51a99577af55cab03b%2Cdaeb8a3c118de15767bd611b7351bb8513f0bbe6c11860d89896ba9b7035ab6b%2C872404b11fcb4d8f0405abf55a98f559894f03321d56247f4b2d34c52ddd27f4%2C0cb657d217070eb9afa07547e1c2ddca8cab0508e4f1df476daa3433c3e3ef08%2Cf36382d654d1095a11840a2961c7be7b2eb2aa73edf69fd907f7e85fd91c9bd9 → 200  12.949s  delay=1.516 min_gap=0.000 last=1784792280.798
09:38:00.825  PRE   POST /api/trade/search/Standard  delay=1.516 min_gap=0.000 last=1784792280.798
09:38:00.825  ENF   delay=1.516 min_gap=0.000 jitter=2.122 gap=3.638 since_last=0.027 sleep=3.611
09:38:05.284  PARSE Account 3:5:60 → 1.667s/req pen=60s (used=1); Ip 8:10:60 → 1.094s/req pen=60s (used=2); Ip 15:60:120 → 4.400s/req pen=120s (used=6); Ip 60:300:1800 → 6.250s/req pen=1800s (used=30)  delay 1.516→7.250  min_gap→0  max_usage=50%
09:38:05.284  RAW   content-type: application/json
09:38:05.284  RAW   x-rate-limit-policy: trade-search-request-limit
09:38:05.284  RAW   x-rate-limit-rules: Account,Ip
09:38:05.284  RAW   x-rate-limit-account: 3:5:60
09:38:05.284  RAW   x-rate-limit-account-state: 1:5:0
09:38:05.284  RAW   x-rate-limit-ip: 8:10:60,15:60:120,60:300:1800
09:38:05.284  RAW   x-rate-limit-ip-state: 2:10:0,6:60:0,30:300:0
09:38:05.284  RAW   cf-cache-status: DYNAMIC
09:38:05.284  RAW   cf-ray: a1f90601be7becb6-WAW
09:38:05.284  RESP  POST /api/trade/search/Standard → 200  4.459s  delay=7.250 min_gap=0.000 last=1784792285.284
09:38:05.284  PRE   GET /api/trade/fetch/7028ae12d6208efa084cedfcd7f042f808a8f9ead7cc0b9a84b9abb2070922e5%2Cb678f9f3330bd5b6ad74614a412a8bdbf7bf7f994bfef07005cbe15d712093ca%2C36342fdbac32a7f1b7f811eaee3882e8d51e648a30091f92b093b5efc136e3e3%2C36315e42c97197492918301e65fffee8b50091f0f5650e57dd4b16564444ad24%2C3a7c0207ea3d096a794b291ccc9f1b134946d5f65f30db51a99577af55cab03b  delay=7.250 min_gap=0.000 last=1784792285.284
09:38:05.284  ENF   delay=7.250 min_gap=0.000 jitter=3.574 gap=10.824 since_last=0.000 sleep=10.824
09:38:16.620  PARSE Account 6:4:10 → 0.500s/req pen=10s (used=1); Ip 12:4:60 → 0.208s/req pen=60s (used=1); Ip 16:12:60 → 0.516s/req pen=60s (used=2)  delay 7.250→1.516  min_gap→0  max_usage=0%
09:38:16.620  RAW   content-type: application/json
09:38:16.620  RAW   x-rate-limit-policy: trade-fetch-request-limit
09:38:16.620  RAW   x-rate-limit-rules: Account,Ip
09:38:16.620  RAW   x-rate-limit-account: 6:4:10
09:38:16.620  RAW   x-rate-limit-account-state: 1:4:0
09:38:16.620  RAW   x-rate-limit-ip: 12:4:60,16:12:60
09:38:16.620  RAW   x-rate-limit-ip-state: 1:4:0,2:12:0
09:38:16.620  RAW   cf-cache-status: DYNAMIC
09:38:16.620  RAW   cf-ray: a1f9064abe08ecb6-WAW
09:38:16.620  RESP  GET /api/trade/fetch/7028ae12d6208efa084cedfcd7f042f808a8f9ead7cc0b9a84b9abb2070922e5%2Cb678f9f3330bd5b6ad74614a412a8bdbf7bf7f994bfef07005cbe15d712093ca%2C36342fdbac32a7f1b7f811eaee3882e8d51e648a30091f92b093b5efc136e3e3%2C36315e42c97197492918301e65fffee8b50091f0f5650e57dd4b16564444ad24%2C3a7c0207ea3d096a794b291ccc9f1b134946d5f65f30db51a99577af55cab03b → 200  11.336s  delay=1.516 min_gap=0.000 last=1784792296.620
09:38:16.620  PRE   POST /api/trade/search/Standard  delay=1.516 min_gap=0.000 last=1784792296.621
09:38:16.620  ENF   delay=1.516 min_gap=0.000 jitter=4.860 gap=6.376 since_last=0.000 sleep=6.376
09:38:23.437  PARSE Account 3:5:60 → 1.667s/req pen=60s (used=1); Ip 8:10:60 → 1.094s/req pen=60s (used=2); Ip 15:60:120 → 4.400s/req pen=120s (used=6); Ip 60:300:1800 → 6.500s/req pen=1800s (used=32)  delay 1.516→7.500  min_gap→0  max_usage=53%
09:38:23.438  RAW   content-type: application/json
09:38:23.438  RAW   x-rate-limit-policy: trade-search-request-limit
09:38:23.438  RAW   x-rate-limit-rules: Account,Ip
09:38:23.438  RAW   x-rate-limit-account: 3:5:60
09:38:23.438  RAW   x-rate-limit-account-state: 1:5:0
09:38:23.438  RAW   x-rate-limit-ip: 8:10:60,15:60:120,60:300:1800
09:38:23.438  RAW   x-rate-limit-ip-state: 2:10:0,6:60:0,32:300:0
09:38:23.438  RAW   cf-cache-status: DYNAMIC
09:38:23.438  RAW   cf-ray: a1f90675bb10ecb6-WAW
09:38:23.438  RESP  POST /api/trade/search/Standard → 200  6.817s  delay=7.500 min_gap=0.000 last=1784792303.439
09:38:23.438  PRE   GET /api/trade/fetch/5ee08dd1022e7eaac3c0e6c7242d4758a6593acfeedcf8b0b832b4dd81fcd0c1%2Cd3f3c41009e45ca2b3d3dbf54fac389a01fd78ec753c45125ca4697b75ae03c8%2C932cf507e4da5f031d80ce77a96fb7cbe64a285ef7f07ff0fb52ae778f3525a3%2C519cc297a74a0c7dbc4348c04ba02564989fdf1341564b6af7106febb550ac66%2Cc727382b38f6d9b53a0722de082a96777b51839f9f03acbb94e191a03a074363  delay=7.500 min_gap=0.000 last=1784792303.439
09:38:23.438  ENF   delay=7.500 min_gap=0.000 jitter=2.336 gap=9.836 since_last=0.000 sleep=9.836
09:38:33.818  PARSE Account 6:4:10 → 0.667s/req pen=10s (used=2); Ip 12:4:60 → 0.250s/req pen=60s (used=2); Ip 16:12:60 → 0.516s/req pen=60s (used=2)  delay 7.500→1.667  min_gap→0  max_usage=0%
09:38:33.818  RAW   content-type: application/json
09:38:33.818  RAW   x-rate-limit-policy: trade-fetch-request-limit
09:38:33.818  RAW   x-rate-limit-rules: Account,Ip
09:38:33.818  RAW   x-rate-limit-account: 6:4:10
09:38:33.818  RAW   x-rate-limit-account-state: 2:4:0
09:38:33.818  RAW   x-rate-limit-ip: 12:4:60,16:12:60
09:38:33.818  RAW   x-rate-limit-ip-state: 2:4:0,2:12:0
09:38:33.818  RAW   cf-cache-status: DYNAMIC
09:38:33.818  RAW   cf-ray: a1f906b5ffc4ecb6-WAW
09:38:33.818  RESP  GET /api/trade/fetch/5ee08dd1022e7eaac3c0e6c7242d4758a6593acfeedcf8b0b832b4dd81fcd0c1%2Cd3f3c41009e45ca2b3d3dbf54fac389a01fd78ec753c45125ca4697b75ae03c8%2C932cf507e4da5f031d80ce77a96fb7cbe64a285ef7f07ff0fb52ae778f3525a3%2C519cc297a74a0c7dbc4348c04ba02564989fdf1341564b6af7106febb550ac66%2Cc727382b38f6d9b53a0722de082a96777b51839f9f03acbb94e191a03a074363 → 200  10.379s  delay=1.667 min_gap=0.000 last=1784792313.818
09:38:33.818  PRE   POST /api/trade/search/Standard  delay=1.667 min_gap=0.000 last=1784792313.818
09:38:33.818  ENF   delay=1.667 min_gap=0.000 jitter=4.606 gap=6.273 since_last=0.000 sleep=6.272
09:38:40.554  PARSE Account 3:5:60 → 1.667s/req pen=60s (used=1); Ip 8:10:60 → 1.094s/req pen=60s (used=2); Ip 15:60:120 → 4.800s/req pen=120s (used=7); Ip 60:300:1800 → 6.750s/req pen=1800s (used=34)  delay 1.667→7.750  min_gap→0  max_usage=57%
09:38:40.554  RAW   content-type: application/json
09:38:40.554  RAW   x-rate-limit-policy: trade-search-request-limit
09:38:40.554  RAW   x-rate-limit-rules: Account,Ip
09:38:40.554  RAW   x-rate-limit-account: 3:5:60
09:38:40.554  RAW   x-rate-limit-account-state: 1:5:0
09:38:40.555  RAW   x-rate-limit-ip: 8:10:60,15:60:120,60:300:1800
09:38:40.555  RAW   x-rate-limit-ip-state: 2:10:0,7:60:0,34:300:0
09:38:40.555  RAW   cf-cache-status: DYNAMIC
09:38:40.555  RAW   cf-ray: a1f906e09ef1ecb6-WAW
09:38:40.555  RESP  POST /api/trade/search/Standard → 200  6.736s  delay=7.750 min_gap=0.000 last=1784792320.555
09:38:40.555  PRE   GET /api/trade/fetch/3a7c0207ea3d096a794b291ccc9f1b134946d5f65f30db51a99577af55cab03b%2Cf41ae35f737a7e6d37e3fa2544b48e31a805a19e2a70d66f1044f59e6a6367d5%2C58565403839bbe69fb009d2a36b1da16cf4814d97c90c50880ca571a2d302f45%2C872404b11fcb4d8f0405abf55a98f559894f03321d56247f4b2d34c52ddd27f4%2Cf36382d654d1095a11840a2961c7be7b2eb2aa73edf69fd907f7e85fd91c9bd9  delay=7.750 min_gap=0.000 last=1784792320.555
09:38:40.555  ENF   delay=7.750 min_gap=0.000 jitter=2.397 gap=10.147 since_last=0.000 sleep=10.146
09:38:51.489  PARSE Account 6:4:10 → 0.500s/req pen=10s (used=1); Ip 12:4:60 → 0.208s/req pen=60s (used=1); Ip 16:12:60 → 0.516s/req pen=60s (used=2)  delay 7.750→1.516  min_gap→0  max_usage=0%
09:38:51.489  RAW   content-type: application/json
09:38:51.489  RAW   x-rate-limit-policy: trade-fetch-request-limit
09:38:51.489  RAW   x-rate-limit-rules: Account,Ip
09:38:51.489  RAW   x-rate-limit-account: 6:4:10
09:38:51.489  RAW   x-rate-limit-account-state: 1:4:0
09:38:51.489  RAW   x-rate-limit-ip: 12:4:60,16:12:60
09:38:51.489  RAW   x-rate-limit-ip-state: 1:4:0,2:12:0
09:38:51.489  RAW   cf-cache-status: DYNAMIC
09:38:51.489  RAW   cf-ray: a1f90722ed7decb6-WAW
09:38:51.489  RESP  GET /api/trade/fetch/3a7c0207ea3d096a794b291ccc9f1b134946d5f65f30db51a99577af55cab03b%2Cf41ae35f737a7e6d37e3fa2544b48e31a805a19e2a70d66f1044f59e6a6367d5%2C58565403839bbe69fb009d2a36b1da16cf4814d97c90c50880ca571a2d302f45%2C872404b11fcb4d8f0405abf55a98f559894f03321d56247f4b2d34c52ddd27f4%2Cf36382d654d1095a11840a2961c7be7b2eb2aa73edf69fd907f7e85fd91c9bd9 → 200  10.934s  delay=1.516 min_gap=0.000 last=1784792331.489
09:38:51.511  PRE   POST /api/trade/search/Standard  delay=1.516 min_gap=0.000 last=1784792331.489
09:38:51.511  ENF   delay=1.516 min_gap=0.000 jitter=3.721 gap=5.236 since_last=0.022 sleep=5.214
09:38:57.367  PARSE Account 3:5:60 → 2.500s/req pen=60s (used=2); Ip 8:10:60 → 1.094s/req pen=60s (used=2); Ip 15:60:120 → 4.800s/req pen=120s (used=7); Ip 60:300:1800 → 7.000s/req pen=1800s (used=36)  delay 1.516→8.000  min_gap→0  max_usage=60%
09:38:57.367  RAW   content-type: application/json
09:38:57.367  RAW   x-rate-limit-policy: trade-search-request-limit
09:38:57.367  RAW   x-rate-limit-rules: Account,Ip
09:38:57.367  RAW   x-rate-limit-account: 3:5:60
09:38:57.367  RAW   x-rate-limit-account-state: 2:5:0
09:38:57.367  RAW   x-rate-limit-ip: 8:10:60,15:60:120,60:300:1800
09:38:57.367  RAW   x-rate-limit-ip-state: 2:10:0,7:60:0,36:300:0
09:38:57.367  RAW   cf-cache-status: DYNAMIC
09:38:57.367  RAW   cf-ray: a1f9074888d5ecb6-WAW
09:38:57.368  RESP  POST /api/trade/search/Standard → 200  5.856s  delay=8.000 min_gap=0.000 last=1784792337.368
09:38:57.368  PRE   GET /api/trade/fetch/02c6680b03830e2914e54eac2da0e01b716b143b71b6dae9e821733eaad30712%2C4606a21d5c133ea239083361e28eac9694a067bd2a1ecfbedeee7149fa04cd6d%2Cfa3bf15927c1c5ccfa3f69ff5ab7a00e8d3c5088557fdabebe91748d82069646%2C1d1a812ffb99c07c3c373bdbc3f84e27a770a9a8d8f3a8c6c4f156cadc0a468a%2C0d433f24c832a85aa5ec5a510f8bbdc7ebd19138362e7a1811801ffbd63d6004  delay=8.000 min_gap=0.000 last=1784792337.368
09:38:57.368  ENF   delay=8.000 min_gap=0.000 jitter=2.737 gap=10.737 since_last=0.000 sleep=10.737
09:39:08.609  PARSE Account 6:4:10 → 0.667s/req pen=10s (used=2); Ip 12:4:60 → 0.250s/req pen=60s (used=2); Ip 16:12:60 → 0.516s/req pen=60s (used=2)  delay 8.000→1.667  min_gap→0  max_usage=0%
09:39:08.609  RAW   content-type: application/json
09:39:08.609  RAW   x-rate-limit-policy: trade-fetch-request-limit
09:39:08.609  RAW   x-rate-limit-rules: Account,Ip
09:39:08.609  RAW   x-rate-limit-account: 6:4:10
09:39:08.609  RAW   x-rate-limit-account-state: 2:4:0
09:39:08.609  RAW   x-rate-limit-ip: 12:4:60,16:12:60
09:39:08.609  RAW   x-rate-limit-ip-state: 2:4:0,2:12:0
09:39:08.609  RAW   cf-cache-status: DYNAMIC
09:39:08.609  RAW   cf-ray: a1f9078face6ecb6-WAW
09:39:08.609  RESP  GET /api/trade/fetch/02c6680b03830e2914e54eac2da0e01b716b143b71b6dae9e821733eaad30712%2C4606a21d5c133ea239083361e28eac9694a067bd2a1ecfbedeee7149fa04cd6d%2Cfa3bf15927c1c5ccfa3f69ff5ab7a00e8d3c5088557fdabebe91748d82069646%2C1d1a812ffb99c07c3c373bdbc3f84e27a770a9a8d8f3a8c6c4f156cadc0a468a%2C0d433f24c832a85aa5ec5a510f8bbdc7ebd19138362e7a1811801ffbd63d6004 → 200  11.241s  delay=1.667 min_gap=0.000 last=1784792348.610
09:39:08.609  PRE   POST /api/trade/search/Standard  delay=1.667 min_gap=0.000 last=1784792348.610
09:39:08.609  ENF   delay=1.667 min_gap=0.000 jitter=4.048 gap=5.714 since_last=0.000 sleep=5.714
