11:58:37.634  INIT  user_agent=test/0.1.0 delay=0.0 min_gap=1.0
11:58:37.634  PRE   POST /api/trade/search/Standard  delay=0.000 min_gap=1.000 last=1784627907.635
11:58:37.634  RESP  POST /api/trade/search/Standard → 429  0.000s  delay=0.000 min_gap=1.000 last=1784627917.635
11:58:37.634  BODY  req=(none)
11:58:37.634  INIT  user_agent=test/0.1.0 delay=0.0 min_gap=1.0
11:58:37.635  PRE   POST /api/trade/search/Standard  delay=0.000 min_gap=1.000 last=1784627907.635
11:58:37.635  PARSE Account 1:5:60 → 5.000s/req pen=60s  delay 0.000→6.000  min_gap→0  max_usage=0%
11:58:37.635  RAW   X-Rate-Limit-Rules: Account
11:58:37.635  RAW   X-Rate-Limit-Account: 1:5:60
11:58:37.635  RESP  POST /api/trade/search/Standard → 429  0.000s  delay=6.000 min_gap=0.000 last=1784627917.635
11:58:37.635  BODY  req=(none)
11:58:37.635  INIT  user_agent=test/0.1.0 delay=0.0 min_gap=1.0
11:58:37.635  PRE   POST /api/trade/search/Standard  delay=0.000 min_gap=1.000 last=1784627917.636
11:58:37.635  ENF   delay=0.000 min_gap=1.000 jitter=0.000 gap=1.000 since_last=0.000 sleep=1.000
11:58:38.635  PARSE Account 1:1:1 → 1.000s/req pen=1s  delay 0.000→2.000  min_gap→0  max_usage=0%
11:58:38.635  RAW   X-Rate-Limit-Rules: Account
11:58:38.635  RAW   X-Rate-Limit-Account: 1:1:1
11:58:38.635  RESP  POST /api/trade/search/Standard → 200  1.000s  delay=2.000 min_gap=0.000 last=1784627918.636
11:58:38.636  INIT  user_agent=test/0.1.0 delay=0.0 min_gap=1.0
11:58:38.636  PRE   POST /api/trade/search/Standard  delay=0.000 min_gap=1.000 last=1784627918.636
11:58:38.636  ENF   delay=0.000 min_gap=1.000 jitter=0.000 gap=1.000 since_last=0.000 sleep=1.000
11:58:38.636  PARSE Account 3:5:60 → 1.667s/req pen=60s  delay 0.000→2.667  min_gap→0  max_usage=0%
11:58:38.636  RAW   X-Rate-Limit-Rules: Account
11:58:38.636  RAW   X-Rate-Limit-Account: 3:5:60
11:58:38.636  RESP  POST /api/trade/search/Standard → 200  0.000s  delay=2.667 min_gap=0.000 last=1784627918.637
11:58:38.636  PRE   GET /api/trade/fetch/a  delay=2.667 min_gap=0.000 last=1784627918.637
11:58:38.636  ENF   delay=2.667 min_gap=0.000 jitter=0.000 gap=2.667 since_last=0.000 sleep=2.667
11:58:38.636  PARSE Account 3:5:60 → 1.667s/req pen=60s  delay 2.667→2.667  min_gap→0  max_usage=0%
11:58:38.636  RAW   X-Rate-Limit-Rules: Account
11:58:38.636  RAW   X-Rate-Limit-Account: 3:5:60
11:58:38.636  RESP  GET /api/trade/fetch/a → 200  0.000s  delay=2.667 min_gap=0.000 last=1784627918.637
11:58:38.636  INIT  user_agent=test/0.1.0 delay=0.0 min_gap=1.0
11:58:38.636  PRE   POST /api/trade/search/Standard  delay=0.000 min_gap=1.000 last=990.000
11:58:38.636  RESP  POST /api/trade/search/Standard → 200  0.000s  delay=0.000 min_gap=1.000 last=1000.000
11:58:38.636  PRE   POST /api/trade/search/Standard  delay=0.000 min_gap=1.000 last=1000.000
11:58:38.636  ENF   delay=0.000 min_gap=1.000 jitter=2.000 gap=3.000 since_last=0.000 sleep=3.000
11:58:38.636  RESP  POST /api/trade/search/Standard → 200  3.000s  delay=0.000 min_gap=1.000 last=1003.000
11:58:38.636  PRE   POST /api/trade/search/Standard  delay=0.000 min_gap=1.000 last=1003.000
11:58:38.636  ENF   delay=0.000 min_gap=1.000 jitter=2.000 gap=3.000 since_last=0.000 sleep=3.000
11:58:38.637  PARSE Account 3:5:60 → 1.667s/req pen=60s  delay 0.000→2.667  min_gap→0  max_usage=0%
11:58:38.637  RAW   X-Rate-Limit-Rules: Account
11:58:38.637  RAW   X-Rate-Limit-Account: 3:5:60
11:58:38.637  RESP  POST /api/trade/search/Standard → 200  3.000s  delay=2.667 min_gap=0.000 last=1006.000
11:58:38.637  PRE   POST /api/trade/search/Standard  delay=2.667 min_gap=0.000 last=1006.000
11:58:38.637  ENF   delay=2.667 min_gap=0.000 jitter=2.000 gap=4.667 since_last=0.000 sleep=4.667
11:58:38.637  PARSE Account 3:5:60 → 1.667s/req pen=60s  delay 2.667→2.667  min_gap→0  max_usage=0%
11:58:38.637  RAW   X-Rate-Limit-Rules: Account
11:58:38.637  RAW   X-Rate-Limit-Account: 3:5:60
11:58:38.637  RESP  POST /api/trade/search/Standard → 200  4.667s  delay=2.667 min_gap=0.000 last=1010.667
11:58:38.637  PRE   POST /api/trade/search/Standard  delay=2.667 min_gap=0.000 last=1010.667
11:58:38.637  ENF   delay=2.667 min_gap=0.000 jitter=2.000 gap=4.667 since_last=0.000 sleep=4.667
11:58:38.637  PARSE Ip 60:300:1800 → 5.000s/req pen=1800s  delay 2.667→6.000  min_gap→0  max_usage=0%
11:58:38.637  RAW   X-Rate-Limit-Rules: Ip
11:58:38.637  RAW   X-Rate-Limit-Ip: 60:300:1800
11:58:38.637  RESP  POST /api/trade/search/Standard → 200  4.667s  delay=6.000 min_gap=0.000 last=1015.333
11:58:38.637  PRE   POST /api/trade/search/Standard  delay=6.000 min_gap=0.000 last=1015.333
11:58:38.637  ENF   delay=6.000 min_gap=0.000 jitter=2.000 gap=8.000 since_last=0.000 sleep=8.000
11:58:38.637  PARSE Ip 60:300:1800 → 5.000s/req pen=1800s  delay 6.000→6.000  min_gap→0  max_usage=0%
11:58:38.637  RAW   X-Rate-Limit-Rules: Ip
11:58:38.637  RAW   X-Rate-Limit-Ip: 60:300:1800
11:58:38.637  RESP  POST /api/trade/search/Standard → 200  8.000s  delay=6.000 min_gap=0.000 last=1023.333
11:58:38.637  INIT  user_agent=test/0.1.0 delay=0.0 min_gap=1.0
11:58:38.637  PRE   POST /api/trade/search/Standard  delay=0.000 min_gap=1.000 last=1784627918.637
11:58:38.637  ENF   delay=0.000 min_gap=1.000 jitter=0.000 gap=1.000 since_last=0.000 sleep=1.000
11:58:39.637  PARSE Ip 60:300:1800 → 5.000s/req pen=1800s  delay 0.000→6.000  min_gap→0  max_usage=0%
11:58:39.637  RAW   X-Rate-Limit-Rules: Ip
11:58:39.637  RAW   X-Rate-Limit-Ip: 60:300:1800
11:58:39.637  RESP  POST /api/trade/search/Standard → 200  1.000s  delay=6.000 min_gap=0.000 last=1784627919.638
11:58:39.637  PRE   POST /api/trade/search/Standard  delay=6.000 min_gap=0.000 last=1784627919.638
11:58:39.637  ENF   delay=6.000 min_gap=0.000 jitter=0.000 gap=6.000 since_last=0.000 sleep=6.000
11:58:45.637  PARSE Account 10:1:2 → 0.100s/req pen=2s  delay 6.000→6.000  min_gap→0  max_usage=0%
11:58:45.637  RAW   X-Rate-Limit-Rules: Account
11:58:45.637  RAW   X-Rate-Limit-Account: 10:1:2
11:58:45.637  RESP  POST /api/trade/search/Standard → 200  6.000s  delay=6.000 min_gap=0.000 last=1784627925.638
11:58:45.638  INIT  user_agent=test/0.1.0 delay=0.0 min_gap=1.0
11:58:45.638  PRE   POST /api/trade/search/Standard  delay=0.000 min_gap=1.000 last=1784627925.638
11:58:45.638  ENF   delay=0.000 min_gap=1.000 jitter=0.000 gap=1.000 since_last=0.000 sleep=1.000
11:58:45.638  RESP  POST /api/trade/search/Standard → 200  0.000s  delay=0.000 min_gap=1.000 last=1784627925.638
11:58:45.638  PRE   POST /api/trade/search/Standard  delay=0.000 min_gap=1.000 last=1784627925.638
11:58:45.638  ENF   delay=0.000 min_gap=1.000 jitter=0.000 gap=1.000 since_last=0.000 sleep=1.000
11:58:45.638  RESP  POST /api/trade/search/Standard → 200  0.000s  delay=0.000 min_gap=1.000 last=1784627925.638
11:58:45.638  INIT  user_agent=test/0.1.0 delay=0.0 min_gap=1.0
11:58:45.638  PRE   POST /api/trade/search/Standard  delay=0.000 min_gap=1.000 last=1784627925.639
11:58:45.638  ENF   delay=0.000 min_gap=1.000 jitter=0.000 gap=1.000 since_last=0.000 sleep=1.000
11:58:46.638  PARSE Account 3:5:60 → 1.667s/req pen=60s  delay 0.000→2.667  min_gap→0  max_usage=0%
11:58:46.638  RAW   X-Rate-Limit-Rules: Account
11:58:46.638  RAW   X-Rate-Limit-Account: 3:5:60
11:58:46.638  RESP  POST /api/trade/search/Standard → 200  1.000s  delay=2.667 min_gap=0.000 last=1784627926.639
11:58:46.638  INIT  user_agent=test/0.1.0 delay=0.0 min_gap=1.0
11:58:46.639  LOCK  sleep=9999.000
11:58:46.639  ENF   delay=0.010 min_gap=1.000 jitter=0.000 gap=1.000 since_last=0.000 sleep=1.000
11:58:46.639  INIT  user_agent=test/0.1.0 delay=0.0 min_gap=1.0
11:58:46.639  PRE   POST /api/trade/search/Standard  delay=0.000 min_gap=1.000 last=1784627926.639
11:58:46.639  ENF   delay=0.000 min_gap=1.000 jitter=0.000 gap=1.000 since_last=0.000 sleep=1.000
11:58:47.639  PARSE Account 3:5:60 → 1.667s/req pen=60s  delay 0.000→2.667  min_gap→0  max_usage=0%
11:58:47.639  RAW   X-Rate-Limit-Rules: Account
11:58:47.639  RAW   X-Rate-Limit-Account: 3:5:60
11:58:47.639  RESP  POST /api/trade/search/Standard → 200  1.000s  delay=2.667 min_gap=0.000 last=1784627927.640
11:58:47.639  INIT  user_agent=test/0.1.0 delay=0.0 min_gap=1.0
11:58:47.639  PRE   POST /api/trade/search/Standard  delay=0.000 min_gap=1.000 last=1784627927.640
11:58:47.639  ENF   delay=0.000 min_gap=1.000 jitter=0.000 gap=1.000 since_last=0.000 sleep=1.000
11:58:48.639  PARSE Ip 8:10:60 → 1.250s/req pen=60s; Ip 15:60:120 → 4.000s/req pen=120s; Ip 60:300:1800 → 5.000s/req pen=1800s  delay 0.000→6.000  min_gap→0  max_usage=0%
11:58:48.640  RAW   X-Rate-Limit-Rules: Ip
11:58:48.640  RAW   X-Rate-Limit-Ip: 8:10:60,15:60:120,60:300:1800
11:58:48.640  RESP  POST /api/trade/search/Standard → 200  1.000s  delay=6.000 min_gap=0.000 last=1784627928.640
11:58:48.640  INIT  user_agent=test/0.1.0 delay=0.0 min_gap=1.0
11:58:48.640  PRE   POST /api/trade/search/Standard  delay=0.000 min_gap=1.000 last=1784627928.640
11:58:48.640  ENF   delay=0.000 min_gap=1.000 jitter=0.000 gap=1.000 since_last=0.000 sleep=1.000
11:58:49.640  PARSE Account 3:5:60 → 1.667s/req pen=60s; Ip 60:300:1800 → 5.000s/req pen=1800s  delay 0.000→6.000  min_gap→0  max_usage=0%
11:58:49.640  RAW   X-Rate-Limit-Rules: Account,Ip
11:58:49.640  RAW   X-Rate-Limit-Account: 3:5:60
11:58:49.640  RAW   X-Rate-Limit-Ip: 60:300:1800
11:58:49.640  RESP  POST /api/trade/search/Standard → 200  1.000s  delay=6.000 min_gap=0.000 last=1784627929.640
11:58:49.640  INIT  user_agent=test/0.1.0 delay=0.0 min_gap=1.0
11:58:49.640  PRE   POST /api/trade/search/Standard  delay=0.000 min_gap=1.000 last=1784627929.641
11:58:49.640  ENF   delay=0.000 min_gap=1.000 jitter=0.000 gap=1.000 since_last=0.000 sleep=1.000
11:58:50.640  RESP  POST /api/trade/search/Standard → 200  1.000s  delay=0.000 min_gap=1.000 last=1784627930.641
