15:30:10.985  INIT  user_agent=test/0.1.0 delay=0.0 min_gap=1.0
15:30:10.985  PRE   POST /api/trade/search/Standard  delay=0.000 min_gap=1.000 last=1784640600.985
15:30:10.985  RESP  POST /api/trade/search/Standard → 429  0.000s  delay=0.000 min_gap=1.000 last=1784640610.986
15:30:10.985  BODY  req=(none)
15:30:10.985  BODY  resp=
15:30:10.985  !! 429 ! headers={'Server': 'cloudflare'}  state_delay=0.000 state_min_gap=1.000 state_last=1784640610.986
15:30:10.985  INIT  user_agent=test/0.1.0 delay=0.0 min_gap=1.0
15:30:10.986  PRE   POST /api/trade/search/Standard  delay=0.000 min_gap=1.000 last=1784640600.986
15:30:10.986  PARSE Account 1:5:60 → 1.500s/req pen=60s (used=0)  delay 0.000→2.500  min_gap→0  max_usage=0%
15:30:10.986  RAW   X-Rate-Limit-Rules: Account
15:30:10.986  RAW   X-Rate-Limit-Account: 1:5:60
15:30:10.986  RESP  POST /api/trade/search/Standard → 429  0.000s  delay=2.500 min_gap=0.000 last=1784640610.986
15:30:10.986  BODY  req=(none)
15:30:10.986  BODY  resp=
15:30:10.986  !! 429 ! headers={'X-Rate-Limit-Rules': 'Account', 'X-Rate-Limit-Account': '1:5:60'}  state_delay=2.500 state_min_gap=0.000 state_last=1784640610.986
15:30:10.986  INIT  user_agent=test/0.1.0 delay=0.0 min_gap=1.0
15:30:10.986  PRE   POST /api/trade/search/Standard  delay=0.000 min_gap=1.000 last=1784640610.986
15:30:10.986  ENF   delay=0.000 min_gap=1.000 jitter=0.000 gap=1.000 since_last=0.000 sleep=1.000
15:30:11.986  PARSE Account 1:1:1 → 0.300s/req pen=1s (used=0)  delay 0.000→1.300  min_gap→0  max_usage=0%
15:30:11.986  RAW   X-Rate-Limit-Rules: Account
15:30:11.986  RAW   X-Rate-Limit-Account: 1:1:1
15:30:11.986  RESP  POST /api/trade/search/Standard → 200  1.000s  delay=1.300 min_gap=0.000 last=1784640611.987
15:30:11.986  INIT  user_agent=test/0.1.0 delay=0.0 min_gap=1.0
15:30:11.987  PRE   POST /api/trade/search/Standard  delay=0.000 min_gap=1.000 last=1784640611.987
15:30:11.987  ENF   delay=0.000 min_gap=1.000 jitter=0.000 gap=1.000 since_last=0.000 sleep=1.000
15:30:11.987  PARSE Account 3:5:60 → 0.500s/req pen=60s (used=0)  delay 0.000→1.500  min_gap→0  max_usage=0%
15:30:11.987  RAW   X-Rate-Limit-Rules: Account
15:30:11.987  RAW   X-Rate-Limit-Account: 3:5:60
15:30:11.987  RESP  POST /api/trade/search/Standard → 200  0.000s  delay=1.500 min_gap=0.000 last=1784640611.987
15:30:11.987  PRE   GET /api/trade/fetch/a  delay=1.500 min_gap=0.000 last=1784640611.987
15:30:11.987  ENF   delay=1.500 min_gap=0.000 jitter=0.000 gap=1.500 since_last=0.000 sleep=1.500
15:30:11.987  PARSE Account 3:5:60 → 0.500s/req pen=60s (used=0)  delay 1.500→1.500  min_gap→0  max_usage=0%
15:30:11.987  RAW   X-Rate-Limit-Rules: Account
15:30:11.987  RAW   X-Rate-Limit-Account: 3:5:60
15:30:11.987  RESP  GET /api/trade/fetch/a → 200  0.000s  delay=1.500 min_gap=0.000 last=1784640611.987
15:30:11.987  INIT  user_agent=test/0.1.0 delay=0.0 min_gap=1.0
15:30:11.987  PRE   POST /api/trade/search/Standard  delay=0.000 min_gap=1.000 last=990.000
15:30:11.987  RESP  POST /api/trade/search/Standard → 200  0.000s  delay=0.000 min_gap=1.000 last=1000.000
15:30:11.987  PRE   POST /api/trade/search/Standard  delay=0.000 min_gap=1.000 last=1000.000
15:30:11.987  ENF   delay=0.000 min_gap=1.000 jitter=2.000 gap=3.000 since_last=0.000 sleep=3.000
15:30:11.987  RESP  POST /api/trade/search/Standard → 200  3.000s  delay=0.000 min_gap=1.000 last=1003.000
15:30:11.987  PRE   POST /api/trade/search/Standard  delay=0.000 min_gap=1.000 last=1003.000
15:30:11.987  ENF   delay=0.000 min_gap=1.000 jitter=2.000 gap=3.000 since_last=0.000 sleep=3.000
15:30:11.987  PARSE Account 3:5:60 → 0.500s/req pen=60s (used=0)  delay 0.000→1.500  min_gap→0  max_usage=0%
15:30:11.987  RAW   X-Rate-Limit-Rules: Account
15:30:11.987  RAW   X-Rate-Limit-Account: 3:5:60
15:30:11.987  RESP  POST /api/trade/search/Standard → 200  3.000s  delay=1.500 min_gap=0.000 last=1006.000
15:30:11.987  PRE   POST /api/trade/search/Standard  delay=1.500 min_gap=0.000 last=1006.000
15:30:11.987  ENF   delay=1.500 min_gap=0.000 jitter=2.000 gap=3.500 since_last=0.000 sleep=3.500
15:30:11.987  PARSE Account 3:5:60 → 0.500s/req pen=60s (used=0)  delay 1.500→1.500  min_gap→0  max_usage=0%
15:30:11.987  RAW   X-Rate-Limit-Rules: Account
15:30:11.987  RAW   X-Rate-Limit-Account: 3:5:60
15:30:11.987  RESP  POST /api/trade/search/Standard → 200  3.500s  delay=1.500 min_gap=0.000 last=1009.500
15:30:11.987  PRE   POST /api/trade/search/Standard  delay=1.500 min_gap=0.000 last=1009.500
15:30:11.987  ENF   delay=1.500 min_gap=0.000 jitter=2.000 gap=3.500 since_last=0.000 sleep=3.500
15:30:11.987  PARSE Ip 60:300:1800 → 1.500s/req pen=1800s (used=0)  delay 1.500→2.500  min_gap→0  max_usage=0%
15:30:11.987  RAW   X-Rate-Limit-Rules: Ip
15:30:11.987  RAW   X-Rate-Limit-Ip: 60:300:1800
15:30:11.987  RESP  POST /api/trade/search/Standard → 200  3.500s  delay=2.500 min_gap=0.000 last=1013.000
15:30:11.987  PRE   POST /api/trade/search/Standard  delay=2.500 min_gap=0.000 last=1013.000
15:30:11.987  ENF   delay=2.500 min_gap=0.000 jitter=2.000 gap=4.500 since_last=0.000 sleep=4.500
15:30:11.988  PARSE Ip 60:300:1800 → 1.500s/req pen=1800s (used=0)  delay 2.500→2.500  min_gap→0  max_usage=0%
15:30:11.988  RAW   X-Rate-Limit-Rules: Ip
15:30:11.988  RAW   X-Rate-Limit-Ip: 60:300:1800
15:30:11.988  RESP  POST /api/trade/search/Standard → 200  4.500s  delay=2.500 min_gap=0.000 last=1017.500
15:30:11.988  INIT  user_agent=test/0.1.0 delay=0.0 min_gap=1.0
15:30:11.988  PRE   POST /api/trade/search/Standard  delay=0.000 min_gap=1.000 last=1784640611.988
15:30:11.988  ENF   delay=0.000 min_gap=1.000 jitter=0.000 gap=1.000 since_last=0.000 sleep=1.000
15:30:12.988  PARSE Ip 60:300:1800 → 6.250s/req pen=1800s (used=30)  delay 0.000→7.250  min_gap→0  max_usage=50%
15:30:12.988  RAW   X-Rate-Limit-Rules: Ip
15:30:12.988  RAW   X-Rate-Limit-Ip: 60:300:1800
15:30:12.988  RAW   X-Rate-Limit-Ip-State: 30:300:0
15:30:12.988  RESP  POST /api/trade/search/Standard → 200  1.000s  delay=7.250 min_gap=0.000 last=1784640612.988
15:30:12.988  PRE   POST /api/trade/search/Standard  delay=7.250 min_gap=0.000 last=1784640612.988
15:30:12.988  ENF   delay=7.250 min_gap=0.000 jitter=0.000 gap=7.250 since_last=0.000 sleep=7.250
15:30:20.238  PARSE Ip 60:300:1800 → 2.875s/req pen=1800s (used=3)  delay 7.250→3.875  min_gap→0  max_usage=5%
15:30:20.238  RAW   X-Rate-Limit-Rules: Ip
15:30:20.238  RAW   X-Rate-Limit-Ip: 60:300:1800
15:30:20.238  RAW   X-Rate-Limit-Ip-State: 3:300:0
15:30:20.238  RESP  POST /api/trade/search/Standard → 200  7.250s  delay=3.875 min_gap=0.000 last=1784640620.239
15:30:20.238  INIT  user_agent=test/0.1.0 delay=0.0 min_gap=1.0
15:30:20.238  PRE   POST /api/trade/search/Standard  delay=0.000 min_gap=1.000 last=1784640620.239
15:30:20.238  ENF   delay=0.000 min_gap=1.000 jitter=0.000 gap=1.000 since_last=0.000 sleep=1.000
15:30:21.238  PARSE Ip 60:300:1800 → 1.500s/req pen=1800s (used=0)  delay 0.000→2.500  min_gap→0  max_usage=0%
15:30:21.239  RAW   X-Rate-Limit-Rules: Ip
15:30:21.239  RAW   X-Rate-Limit-Ip: 60:300:1800
15:30:21.239  RESP  POST /api/trade/search/Standard → 200  1.000s  delay=2.500 min_gap=0.000 last=1784640621.239
15:30:21.239  INIT  user_agent=test/0.1.0 delay=0.0 min_gap=1.0
15:30:21.239  PRE   POST /api/trade/search/Standard  delay=0.000 min_gap=1.000 last=1784640621.239
15:30:21.239  ENF   delay=0.000 min_gap=1.000 jitter=0.000 gap=1.000 since_last=0.000 sleep=1.000
15:30:21.239  RESP  POST /api/trade/search/Standard → 200  0.000s  delay=0.000 min_gap=1.000 last=1784640621.240
15:30:21.239  PRE   POST /api/trade/search/Standard  delay=0.000 min_gap=1.000 last=1784640621.240
15:30:21.239  ENF   delay=0.000 min_gap=1.000 jitter=0.000 gap=1.000 since_last=0.000 sleep=1.000
15:30:21.239  RESP  POST /api/trade/search/Standard → 200  0.000s  delay=0.000 min_gap=1.000 last=1784640621.240
15:30:21.239  INIT  user_agent=test/0.1.0 delay=0.0 min_gap=1.0
15:30:21.239  PRE   POST /api/trade/search/Standard  delay=0.000 min_gap=1.000 last=1784640621.240
15:30:21.239  ENF   delay=0.000 min_gap=1.000 jitter=0.000 gap=1.000 since_last=0.000 sleep=1.000
15:30:22.239  PARSE Account 3:5:60 → 0.500s/req pen=60s (used=0)  delay 0.000→1.500  min_gap→0  max_usage=0%
15:30:22.239  RAW   X-Rate-Limit-Rules: Account
15:30:22.239  RAW   X-Rate-Limit-Account: 3:5:60
15:30:22.240  RESP  POST /api/trade/search/Standard → 200  1.000s  delay=1.500 min_gap=0.000 last=1784640622.240
15:30:22.240  INIT  user_agent=test/0.1.0 delay=0.0 min_gap=1.0
15:30:22.240  PRE   POST /api/trade/search/Standard  delay=0.000 min_gap=1.000 last=1784640622.240
15:30:22.240  ENF   delay=0.000 min_gap=1.000 jitter=0.000 gap=1.000 since_last=0.000 sleep=1.000
15:30:23.240  PARSE Ip 60:300:1800 → 9.250s/req pen=1800s (used=54)  delay 0.000→10.250  min_gap→0  max_usage=90%
15:30:23.240  BACK  set 200s backoff at 90% usage
15:30:23.240  RAW   X-Rate-Limit-Rules: Ip
15:30:23.240  RAW   X-Rate-Limit-Ip: 60:300:1800
15:30:23.240  RAW   X-Rate-Limit-Ip-State: 54:300:0
15:30:23.240  RESP  POST /api/trade/search/Standard → 200  1.000s  delay=10.250 min_gap=0.000 last=1784640623.240
15:30:23.240  INIT  user_agent=test/0.1.0 delay=0.0 min_gap=1.0
15:30:23.240  LOCK  sleep=9999.000
15:30:23.241  ENF   delay=0.010 min_gap=1.000 jitter=0.000 gap=1.000 since_last=0.000 sleep=1.000
15:30:23.241  INIT  user_agent=test/0.1.0 delay=0.0 min_gap=1.0
15:30:23.241  PRE   POST /api/trade/search/Standard  delay=0.000 min_gap=1.000 last=1784640623.241
15:30:23.241  ENF   delay=0.000 min_gap=1.000 jitter=0.000 gap=1.000 since_last=0.000 sleep=1.000
15:30:24.241  PARSE Ip 60:300:1800 → 3.250s/req pen=1800s (used=6)  delay 0.000→4.250  min_gap→0  max_usage=10%
15:30:24.241  RAW   X-Rate-Limit-Rules: Ip
15:30:24.241  RAW   X-Rate-Limit-Ip: 60:300:1800
15:30:24.241  RAW   X-Rate-Limit-Ip-State: 6:300:0
15:30:24.241  RESP  POST /api/trade/search/Standard → 200  1.000s  delay=4.250 min_gap=0.000 last=1784640624.242
15:30:24.241  INIT  user_agent=test/0.1.0 delay=0.0 min_gap=1.0
15:30:24.241  PRE   POST /api/trade/search/Standard  delay=0.000 min_gap=1.000 last=1784640624.242
15:30:24.241  ENF   delay=0.000 min_gap=1.000 jitter=0.000 gap=1.000 since_last=0.000 sleep=1.000
15:30:25.241  PARSE Account 3:5:60 → 0.500s/req pen=60s (used=0)  delay 0.000→1.500  min_gap→0  max_usage=0%
15:30:25.241  RAW   X-Rate-Limit-Rules: Account
15:30:25.241  RAW   X-Rate-Limit-Account: 3:5:60
15:30:25.241  RESP  POST /api/trade/search/Standard → 200  1.000s  delay=1.500 min_gap=0.000 last=1784640625.242
15:30:25.242  INIT  user_agent=test/0.1.0 delay=0.0 min_gap=1.0
15:30:25.242  PRE   POST /api/trade/search/Standard  delay=0.000 min_gap=1.000 last=1784640625.242
15:30:25.242  ENF   delay=0.000 min_gap=1.000 jitter=0.000 gap=1.000 since_last=0.000 sleep=1.000
15:30:26.242  PARSE Ip 8:10:60 → 0.375s/req pen=60s (used=0); Ip 15:60:120 → 1.200s/req pen=120s (used=0); Ip 60:300:1800 → 1.500s/req pen=1800s (used=0)  delay 0.000→2.500  min_gap→0  max_usage=0%
15:30:26.242  RAW   X-Rate-Limit-Rules: Ip
15:30:26.242  RAW   X-Rate-Limit-Ip: 8:10:60,15:60:120,60:300:1800
15:30:26.242  RESP  POST /api/trade/search/Standard → 200  1.000s  delay=2.500 min_gap=0.000 last=1784640626.242
15:30:26.242  INIT  user_agent=test/0.1.0 delay=0.0 min_gap=1.0
15:30:26.242  PRE   POST /api/trade/search/Standard  delay=0.000 min_gap=1.000 last=1784640626.242
15:30:26.242  ENF   delay=0.000 min_gap=1.000 jitter=0.000 gap=1.000 since_last=0.000 sleep=1.000
15:30:27.242  PARSE Account 3:5:60 → 2.500s/req pen=60s (used=2); Ip 15:60:120 → 3.200s/req pen=120s (used=3)  delay 0.000→4.200  min_gap→0  max_usage=20%
15:30:27.242  RAW   X-Rate-Limit-Rules: Account,Ip
15:30:27.242  RAW   X-Rate-Limit-Account: 3:5:60
15:30:27.242  RAW   X-Rate-Limit-Account-State: 2:5:0
15:30:27.242  RAW   X-Rate-Limit-Ip: 15:60:120
15:30:27.242  RAW   X-Rate-Limit-Ip-State: 3:60:0
15:30:27.242  RESP  POST /api/trade/search/Standard → 200  1.000s  delay=4.200 min_gap=0.000 last=1784640627.243
15:30:27.243  INIT  user_agent=test/0.1.0 delay=0.0 min_gap=1.0
15:30:27.243  PRE   POST /api/trade/search/Standard  delay=0.000 min_gap=1.000 last=1784640627.243
15:30:27.243  ENF   delay=0.000 min_gap=1.000 jitter=0.000 gap=1.000 since_last=0.000 sleep=1.000
15:30:28.243  PARSE Account 3:5:60 → 0.500s/req pen=60s (used=0); Ip 60:300:1800 → 1.500s/req pen=1800s (used=0)  delay 0.000→2.500  min_gap→0  max_usage=0%
15:30:28.243  RAW   X-Rate-Limit-Rules: Account,Ip
15:30:28.243  RAW   X-Rate-Limit-Account: 3:5:60
15:30:28.243  RAW   X-Rate-Limit-Ip: 60:300:1800
15:30:28.243  RESP  POST /api/trade/search/Standard → 200  1.000s  delay=2.500 min_gap=0.000 last=1784640628.243
15:30:28.243  INIT  user_agent=test/0.1.0 delay=0.0 min_gap=1.0
15:30:28.243  PRE   POST /api/trade/search/Standard  delay=0.000 min_gap=1.000 last=1784640628.243
15:30:28.243  ENF   delay=0.000 min_gap=1.000 jitter=0.000 gap=1.000 since_last=0.000 sleep=1.000
15:30:29.243  RESP  POST /api/trade/search/Standard → 200  1.000s  delay=0.000 min_gap=1.000 last=1784640629.243
