14:50:10.649  INIT  user_agent=OAuth pypoe/0.1.0 (flipper) delay=0.0 min_gap=1.0
14:50:10.651  PRE   POST /api/trade/search/Standard  delay=0.000 min_gap=1.000 last=1784638210.650
14:50:10.651  ENF   delay=0.000 min_gap=1.000 jitter=3.241 gap=4.241 since_last=0.002 sleep=4.239
14:50:15.191  PARSE Account 3:5:60 → 2.500s/req pen=60s (used=2); Ip 8:10:60 → 1.094s/req pen=60s (used=2); Ip 15:60:120 → 2.800s/req pen=120s (used=2); Ip 60:300:1800 → 2.750s/req pen=1800s (used=2)  delay 0.000→3.800  min_gap→0  max_usage=13%
14:50:15.191  RAW   content-type: application/json
14:50:15.191  RAW   x-rate-limit-policy: trade-search-request-limit
14:50:15.191  RAW   x-rate-limit-rules: Account,Ip
14:50:15.191  RAW   x-rate-limit-account: 3:5:60
14:50:15.191  RAW   x-rate-limit-account-state: 2:5:0
14:50:15.191  RAW   x-rate-limit-ip: 8:10:60,15:60:120,60:300:1800
14:50:15.191  RAW   x-rate-limit-ip-state: 2:10:0,2:60:0,2:300:0
14:50:15.191  RAW   cf-cache-status: DYNAMIC
14:50:15.191  RAW   cf-ray: a1ea548b3d4a780b-WAW
14:50:15.191  RESP  POST /api/trade/search/Standard → 200  4.539s  delay=3.800 min_gap=0.000 last=1784638215.191
14:50:15.191  PRE   GET /api/trade/fetch/ffc29bb91570ac4a9d94e5abd3d78e3303e727c9de4cd278d2ef903cd3ab2fe8%2C5429f8056eb356298f7b98a655d76dca80534812d7950281c152e00920b74cb8%2Cfcd909c1f7cb653d2a35e1b688a94769e470d1117a4cc10f123e801e620b6073%2Cab12916929d15e6d9bcc1aeedfb5634d04faae42d9763ba9a645d3228ee625c0%2Cfbe38ad27bddab046f0a08d94bd634fe26b61a3e17dff48f56e2b73b1ad537ba  delay=3.800 min_gap=0.000 last=1784638215.191
14:50:15.191  ENF   delay=3.800 min_gap=0.000 jitter=2.912 gap=6.712 since_last=0.000 sleep=6.712
14:50:22.231  PARSE Account 6:4:10 → 0.667s/req pen=10s (used=2); Ip 12:4:60 → 0.250s/req pen=60s (used=2); Ip 16:12:60 → 0.516s/req pen=60s (used=2)  delay 3.800→1.667  min_gap→0  max_usage=0%
14:50:22.231  RAW   content-type: application/json
14:50:22.231  RAW   x-rate-limit-policy: trade-fetch-request-limit
14:50:22.231  RAW   x-rate-limit-rules: Account,Ip
14:50:22.231  RAW   x-rate-limit-account: 6:4:10
14:50:22.231  RAW   x-rate-limit-account-state: 2:4:0
14:50:22.231  RAW   x-rate-limit-ip: 12:4:60,16:12:60
14:50:22.231  RAW   x-rate-limit-ip-state: 2:4:0,2:12:0
14:50:22.231  RAW   cf-cache-status: DYNAMIC
14:50:22.231  RAW   cf-ray: a1ea54b6e9d8780b-WAW
14:50:22.231  RESP  GET /api/trade/fetch/ffc29bb91570ac4a9d94e5abd3d78e3303e727c9de4cd278d2ef903cd3ab2fe8%2C5429f8056eb356298f7b98a655d76dca80534812d7950281c152e00920b74cb8%2Cfcd909c1f7cb653d2a35e1b688a94769e470d1117a4cc10f123e801e620b6073%2Cab12916929d15e6d9bcc1aeedfb5634d04faae42d9763ba9a645d3228ee625c0%2Cfbe38ad27bddab046f0a08d94bd634fe26b61a3e17dff48f56e2b73b1ad537ba → 200  7.040s  delay=1.667 min_gap=0.000 last=1784638222.232
14:50:22.231  PRE   POST /api/trade/search/Standard  delay=1.667 min_gap=0.000 last=1784638222.232
14:50:22.231  ENF   delay=1.667 min_gap=0.000 jitter=4.180 gap=5.846 since_last=0.000 sleep=5.846
14:50:28.364  PARSE Account 3:5:60 → 2.500s/req pen=60s (used=2); Ip 8:10:60 → 1.094s/req pen=60s (used=2); Ip 15:60:120 → 4.000s/req pen=120s (used=5); Ip 60:300:1800 → 3.125s/req pen=1800s (used=5)  delay 1.667→5.000  min_gap→0  max_usage=33%
14:50:28.364  RAW   content-type: application/json
14:50:28.364  RAW   x-rate-limit-policy: trade-search-request-limit
14:50:28.364  RAW   x-rate-limit-rules: Account,Ip
14:50:28.364  RAW   x-rate-limit-account: 3:5:60
14:50:28.364  RAW   x-rate-limit-account-state: 2:5:0
14:50:28.364  RAW   x-rate-limit-ip: 8:10:60,15:60:120,60:300:1800
14:50:28.364  RAW   x-rate-limit-ip-state: 2:10:0,5:60:0,5:300:0
14:50:28.364  RAW   cf-cache-status: DYNAMIC
14:50:28.364  RAW   cf-ray: a1ea54dd7f4a780b-WAW
14:50:28.364  RESP  POST /api/trade/search/Standard → 200  6.133s  delay=5.000 min_gap=0.000 last=1784638228.365
14:50:28.364  PRE   GET /api/trade/fetch/c5f811c44780de6c24bd51458de33695637d96b3a9a56fa9d4d36bb0b8734688%2Ca5a215e8ab4f5a40b2290915d7ed7e50c0cedef4bae8bf8484df5e90df045a90%2C270c7093e3d90d6ac164325676ae12c447cad5a5afa7410bb67ebbb2e768aacc%2C96b8cd2a9bb21117f2fca7d9bc29b3f624913db9c6511816a8f8d8f4c96ab6bd%2C7d7e2f3c3d70dad17d62c919768de0c05245787c879999c18423791e7b348d8c  delay=5.000 min_gap=0.000 last=1784638228.365
14:50:28.364  ENF   delay=5.000 min_gap=0.000 jitter=4.846 gap=9.846 since_last=0.000 sleep=9.846
14:50:38.482  PARSE Account 6:4:10 → 0.833s/req pen=10s (used=3); Ip 12:4:60 → 0.292s/req pen=60s (used=3); Ip 16:12:60 → 0.586s/req pen=60s (used=3)  delay 5.000→1.833  min_gap→0  max_usage=0%
14:50:38.482  RAW   content-type: application/json
14:50:38.482  RAW   x-rate-limit-policy: trade-fetch-request-limit
14:50:38.482  RAW   x-rate-limit-rules: Account,Ip
14:50:38.482  RAW   x-rate-limit-account: 6:4:10
14:50:38.482  RAW   x-rate-limit-account-state: 3:4:0
14:50:38.482  RAW   x-rate-limit-ip: 12:4:60,16:12:60
14:50:38.482  RAW   x-rate-limit-ip-state: 3:4:0,3:12:0
14:50:38.482  RAW   cf-cache-status: DYNAMIC
14:50:38.482  RAW   cf-ray: a1ea551cdd93780b-WAW
14:50:38.482  RESP  GET /api/trade/fetch/c5f811c44780de6c24bd51458de33695637d96b3a9a56fa9d4d36bb0b8734688%2Ca5a215e8ab4f5a40b2290915d7ed7e50c0cedef4bae8bf8484df5e90df045a90%2C270c7093e3d90d6ac164325676ae12c447cad5a5afa7410bb67ebbb2e768aacc%2C96b8cd2a9bb21117f2fca7d9bc29b3f624913db9c6511816a8f8d8f4c96ab6bd%2C7d7e2f3c3d70dad17d62c919768de0c05245787c879999c18423791e7b348d8c → 200  10.118s  delay=1.833 min_gap=0.000 last=1784638238.483
14:50:38.483  PRE   POST /api/trade/search/Standard  delay=1.833 min_gap=0.000 last=1784638238.483
14:50:38.483  ENF   delay=1.833 min_gap=0.000 jitter=2.548 gap=4.381 since_last=0.000 sleep=4.381
14:50:43.146  PARSE Account 3:5:60 → 2.500s/req pen=60s (used=2); Ip 8:10:60 → 1.094s/req pen=60s (used=2); Ip 15:60:120 → 5.200s/req pen=120s (used=8); Ip 60:300:1800 → 3.500s/req pen=1800s (used=8)  delay 1.833→6.200  min_gap→0  max_usage=53%
14:50:43.146  RAW   content-type: application/json
14:50:43.146  RAW   x-rate-limit-policy: trade-search-request-limit
14:50:43.146  RAW   x-rate-limit-rules: Account,Ip
14:50:43.146  RAW   x-rate-limit-account: 3:5:60
14:50:43.146  RAW   x-rate-limit-account-state: 2:5:0
14:50:43.146  RAW   x-rate-limit-ip: 8:10:60,15:60:120,60:300:1800
14:50:43.146  RAW   x-rate-limit-ip-state: 2:10:0,8:60:0,8:300:0
14:50:43.146  RAW   cf-cache-status: DYNAMIC
14:50:43.146  RAW   cf-ray: a1ea5539edfe780b-WAW
14:50:43.147  RESP  POST /api/trade/search/Standard → 200  4.664s  delay=6.200 min_gap=0.000 last=1784638243.147
14:50:43.147  PRE   GET /api/trade/fetch/fcd909c1f7cb653d2a35e1b688a94769e470d1117a4cc10f123e801e620b6073%2C5429f8056eb356298f7b98a655d76dca80534812d7950281c152e00920b74cb8%2Cab12916929d15e6d9bcc1aeedfb5634d04faae42d9763ba9a645d3228ee625c0%2Cfbe38ad27bddab046f0a08d94bd634fe26b61a3e17dff48f56e2b73b1ad537ba%2Cfbe47d7db8fe7df78947782e2fff73b894ac7d836febc5c899140a02f979513d  delay=6.200 min_gap=0.000 last=1784638243.147
14:50:43.147  ENF   delay=6.200 min_gap=0.000 jitter=2.850 gap=9.050 since_last=0.000 sleep=9.050
14:50:52.523  PARSE Account 6:4:10 → 0.667s/req pen=10s (used=2); Ip 12:4:60 → 0.250s/req pen=60s (used=2); Ip 16:12:60 → 0.516s/req pen=60s (used=2)  delay 6.200→1.667  min_gap→0  max_usage=0%
14:50:52.523  RAW   content-type: application/json
14:50:52.523  RAW   x-rate-limit-policy: trade-fetch-request-limit
14:50:52.523  RAW   x-rate-limit-rules: Account,Ip
14:50:52.523  RAW   x-rate-limit-account: 6:4:10
14:50:52.523  RAW   x-rate-limit-account-state: 2:4:0
14:50:52.523  RAW   x-rate-limit-ip: 12:4:60,16:12:60
14:50:52.523  RAW   x-rate-limit-ip-state: 2:4:0,2:12:0
14:50:52.523  RAW   cf-cache-status: DYNAMIC
14:50:52.523  RAW   cf-ray: a1ea55743f8c780b-WAW
14:50:52.523  RESP  GET /api/trade/fetch/fcd909c1f7cb653d2a35e1b688a94769e470d1117a4cc10f123e801e620b6073%2C5429f8056eb356298f7b98a655d76dca80534812d7950281c152e00920b74cb8%2Cab12916929d15e6d9bcc1aeedfb5634d04faae42d9763ba9a645d3228ee625c0%2Cfbe38ad27bddab046f0a08d94bd634fe26b61a3e17dff48f56e2b73b1ad537ba%2Cfbe47d7db8fe7df78947782e2fff73b894ac7d836febc5c899140a02f979513d → 200  9.376s  delay=1.667 min_gap=0.000 last=1784638252.524
14:50:52.549  PRE   POST /api/trade/search/Standard  delay=1.667 min_gap=0.000 last=1784638252.524
14:50:52.549  ENF   delay=1.667 min_gap=0.000 jitter=3.594 gap=5.261 since_last=0.026 sleep=5.234
14:50:58.065  PARSE Account 3:5:60 → 2.500s/req pen=60s (used=2); Ip 8:10:60 → 1.094s/req pen=60s (used=2); Ip 15:60:120 → 6.400s/req pen=120s (used=11); Ip 60:300:1800 → 3.875s/req pen=1800s (used=11)  delay 1.667→7.400  min_gap→0  max_usage=73%
14:50:58.065  BACK  set 33s backoff at 73% usage
14:50:58.065  RAW   content-type: application/json
14:50:58.065  RAW   x-rate-limit-policy: trade-search-request-limit
14:50:58.066  RAW   x-rate-limit-rules: Account,Ip
14:50:58.066  RAW   x-rate-limit-account: 3:5:60
14:50:58.066  RAW   x-rate-limit-account-state: 2:5:0
14:50:58.066  RAW   x-rate-limit-ip: 8:10:60,15:60:120,60:300:1800
14:50:58.066  RAW   x-rate-limit-ip-state: 2:10:0,11:60:0,11:300:0
14:50:58.066  RAW   cf-cache-status: DYNAMIC
14:50:58.066  RAW   cf-ray: a1ea559729b3780b-WAW
14:50:58.066  RESP  POST /api/trade/search/Standard → 200  5.516s  delay=7.400 min_gap=0.000 last=1784638258.066
14:50:58.066  PRE   GET /api/trade/fetch/fcd909c1f7cb653d2a35e1b688a94769e470d1117a4cc10f123e801e620b6073%2C5429f8056eb356298f7b98a655d76dca80534812d7950281c152e00920b74cb8%2Cffc29bb91570ac4a9d94e5abd3d78e3303e727c9de4cd278d2ef903cd3ab2fe8%2Ce255eb2bceb81626ef352f14a177de71cdc0756045e71255a66a17aa77a29d05%2C9fb7ae5ffa2d0e2fbf36606ddd5b92a18918a145fe6ff15ebb29d083eef39865  delay=7.400 min_gap=0.000 last=1784638258.066
14:50:58.066  BACK  sleep=33.3
14:51:31.399  ENF   delay=7.400 min_gap=0.000 jitter=4.232 gap=11.632 since_last=0.000 sleep=11.632
14:51:43.298  PARSE Account 6:4:10 → 0.500s/req pen=10s (used=1); Ip 12:4:60 → 0.208s/req pen=60s (used=1); Ip 16:12:60 → 0.445s/req pen=60s (used=1)  delay 7.400→1.500  min_gap→0  max_usage=0%
14:51:43.298  RAW   content-type: application/json
14:51:43.298  RAW   x-rate-limit-policy: trade-fetch-request-limit
14:51:43.298  RAW   x-rate-limit-rules: Account,Ip
14:51:43.298  RAW   x-rate-limit-account: 6:4:10
14:51:43.298  RAW   x-rate-limit-account-state: 1:4:0
14:51:43.298  RAW   x-rate-limit-ip: 12:4:60,16:12:60
14:51:43.298  RAW   x-rate-limit-ip-state: 1:4:0,1:12:0
14:51:43.298  RAW   cf-cache-status: DYNAMIC
14:51:43.298  RAW   cf-ray: a1ea56b1fb29780b-WAW
14:51:43.298  RESP  GET /api/trade/fetch/fcd909c1f7cb653d2a35e1b688a94769e470d1117a4cc10f123e801e620b6073%2C5429f8056eb356298f7b98a655d76dca80534812d7950281c152e00920b74cb8%2Cffc29bb91570ac4a9d94e5abd3d78e3303e727c9de4cd278d2ef903cd3ab2fe8%2Ce255eb2bceb81626ef352f14a177de71cdc0756045e71255a66a17aa77a29d05%2C9fb7ae5ffa2d0e2fbf36606ddd5b92a18918a145fe6ff15ebb29d083eef39865 → 200  45.232s  delay=1.500 min_gap=0.000 last=1784638303.299
14:51:43.298  PRE   POST /api/trade/search/Standard  delay=1.500 min_gap=0.000 last=1784638303.299
14:51:43.299  ENF   delay=1.500 min_gap=0.000 jitter=3.034 gap=4.534 since_last=0.000 sleep=4.534
14:51:48.128  PARSE Account 3:5:60 → 1.667s/req pen=60s (used=1); Ip 8:10:60 → 0.859s/req pen=60s (used=1); Ip 15:60:120 → 3.200s/req pen=120s (used=3); Ip 60:300:1800 → 4.250s/req pen=1800s (used=14)  delay 1.500→5.250  min_gap→0  max_usage=23%
14:51:48.128  RAW   content-type: application/json
14:51:48.128  RAW   x-rate-limit-policy: trade-search-request-limit
14:51:48.128  RAW   x-rate-limit-rules: Account,Ip
14:51:48.128  RAW   x-rate-limit-account: 3:5:60
14:51:48.128  RAW   x-rate-limit-account-state: 1:5:0
14:51:48.128  RAW   x-rate-limit-ip: 8:10:60,15:60:120,60:300:1800
14:51:48.128  RAW   x-rate-limit-ip-state: 1:10:0,3:60:0,14:300:0
14:51:48.128  RAW   cf-cache-status: DYNAMIC
14:51:48.128  RAW   cf-ray: a1ea56cffc91780b-WAW
14:51:48.128  RESP  POST /api/trade/search/Standard → 200  4.829s  delay=5.250 min_gap=0.000 last=1784638308.129
14:51:48.128  PRE   GET /api/trade/fetch/c5f811c44780de6c24bd51458de33695637d96b3a9a56fa9d4d36bb0b8734688%2Ca5a215e8ab4f5a40b2290915d7ed7e50c0cedef4bae8bf8484df5e90df045a90%2C86a2ea49a3550a35d26eebbaa24f4ba28a99c74fd3b0bcdcf30cc90700e29ae7%2C7d7e2f3c3d70dad17d62c919768de0c05245787c879999c18423791e7b348d8c%2C4ae092dd8291e214a47095960a47cde0c566ccdad2d314601eafc7fa1ce861a6  delay=5.250 min_gap=0.000 last=1784638308.129
14:51:48.128  ENF   delay=5.250 min_gap=0.000 jitter=4.497 gap=9.747 since_last=0.000 sleep=9.747
14:51:58.145  PARSE Account 6:4:10 → 0.500s/req pen=10s (used=1); Ip 12:4:60 → 0.208s/req pen=60s (used=1); Ip 16:12:60 → 0.445s/req pen=60s (used=1)  delay 5.250→1.500  min_gap→0  max_usage=0%
14:51:58.145  RAW   content-type: application/json
14:51:58.145  RAW   x-rate-limit-policy: trade-fetch-request-limit
14:51:58.145  RAW   x-rate-limit-rules: Account,Ip
14:51:58.145  RAW   x-rate-limit-account: 6:4:10
14:51:58.145  RAW   x-rate-limit-account-state: 1:4:0
14:51:58.145  RAW   x-rate-limit-ip: 12:4:60,16:12:60
14:51:58.145  RAW   x-rate-limit-ip-state: 1:4:0,1:12:0
14:51:58.145  RAW   cf-cache-status: DYNAMIC
14:51:58.145  RAW   cf-ray: a1ea570ebbb3780b-WAW
14:51:58.145  RESP  GET /api/trade/fetch/c5f811c44780de6c24bd51458de33695637d96b3a9a56fa9d4d36bb0b8734688%2Ca5a215e8ab4f5a40b2290915d7ed7e50c0cedef4bae8bf8484df5e90df045a90%2C86a2ea49a3550a35d26eebbaa24f4ba28a99c74fd3b0bcdcf30cc90700e29ae7%2C7d7e2f3c3d70dad17d62c919768de0c05245787c879999c18423791e7b348d8c%2C4ae092dd8291e214a47095960a47cde0c566ccdad2d314601eafc7fa1ce861a6 → 200  10.016s  delay=1.500 min_gap=0.000 last=1784638318.145
14:51:58.145  PRE   POST /api/trade/search/Standard  delay=1.500 min_gap=0.000 last=1784638318.145
14:51:58.145  ENF   delay=1.500 min_gap=0.000 jitter=4.747 gap=6.247 since_last=0.000 sleep=6.246
14:52:04.674  PARSE Account 3:5:60 → 2.500s/req pen=60s (used=2); Ip 8:10:60 → 1.094s/req pen=60s (used=2); Ip 15:60:120 → 3.600s/req pen=120s (used=4); Ip 60:300:1800 → 4.625s/req pen=1800s (used=17)  delay 1.500→5.625  min_gap→0  max_usage=28%
14:52:04.674  RAW   content-type: application/json
14:52:04.675  RAW   x-rate-limit-policy: trade-search-request-limit
14:52:04.675  RAW   x-rate-limit-rules: Account,Ip
14:52:04.675  RAW   x-rate-limit-account: 3:5:60
14:52:04.675  RAW   x-rate-limit-account-state: 2:5:0
14:52:04.675  RAW   x-rate-limit-ip: 8:10:60,15:60:120,60:300:1800
14:52:04.675  RAW   x-rate-limit-ip-state: 2:10:0,4:60:0,17:300:0
14:52:04.675  RAW   cf-cache-status: DYNAMIC
14:52:04.675  RAW   cf-ray: a1ea57377a85780b-WAW
14:52:04.675  RESP  POST /api/trade/search/Standard → 200  6.529s  delay=5.625 min_gap=0.000 last=1784638324.675
14:52:04.675  PRE   GET /api/trade/fetch/5429f8056eb356298f7b98a655d76dca80534812d7950281c152e00920b74cb8%2Cfcd909c1f7cb653d2a35e1b688a94769e470d1117a4cc10f123e801e620b6073%2C5af7257abb3aae9adfff6a4f3960d545cf464774b7ef3f23255a02b88b0e213f%2Cb25d22414e4d03f8371b768511cdd46bf7e3800a63ec182efb47618a83642339%2C0c24722934d0577d8cc9e5220a0b9fad8720f765fe4743c12ed4a4e1f538867c  delay=5.625 min_gap=0.000 last=1784638324.675
14:52:04.675  ENF   delay=5.625 min_gap=0.000 jitter=4.358 gap=9.983 since_last=0.000 sleep=9.983
14:52:14.927  PARSE Account 6:4:10 → 0.667s/req pen=10s (used=2); Ip 12:4:60 → 0.250s/req pen=60s (used=2); Ip 16:12:60 → 0.516s/req pen=60s (used=2)  delay 5.625→1.667  min_gap→0  max_usage=0%
14:52:14.928  RAW   content-type: application/json
14:52:14.928  RAW   x-rate-limit-policy: trade-fetch-request-limit
14:52:14.928  RAW   x-rate-limit-rules: Account,Ip
14:52:14.928  RAW   x-rate-limit-account: 6:4:10
14:52:14.928  RAW   x-rate-limit-account-state: 2:4:0
14:52:14.928  RAW   x-rate-limit-ip: 12:4:60,16:12:60
14:52:14.928  RAW   x-rate-limit-ip-state: 2:4:0,2:12:0
14:52:14.928  RAW   cf-cache-status: DYNAMIC
14:52:14.928  RAW   cf-ray: a1ea57779e86780b-WAW
14:52:14.928  RESP  GET /api/trade/fetch/5429f8056eb356298f7b98a655d76dca80534812d7950281c152e00920b74cb8%2Cfcd909c1f7cb653d2a35e1b688a94769e470d1117a4cc10f123e801e620b6073%2C5af7257abb3aae9adfff6a4f3960d545cf464774b7ef3f23255a02b88b0e213f%2Cb25d22414e4d03f8371b768511cdd46bf7e3800a63ec182efb47618a83642339%2C0c24722934d0577d8cc9e5220a0b9fad8720f765fe4743c12ed4a4e1f538867c → 200  10.253s  delay=1.667 min_gap=0.000 last=1784638334.928
14:52:14.954  PRE   POST /api/trade/search/Standard  delay=1.667 min_gap=0.000 last=1784638334.928
14:52:14.954  ENF   delay=1.667 min_gap=0.000 jitter=3.803 gap=5.469 since_last=0.027 sleep=5.443
14:52:20.675  PARSE Account 3:5:60 → 2.500s/req pen=60s (used=2); Ip 8:10:60 → 1.094s/req pen=60s (used=2); Ip 15:60:120 → 4.400s/req pen=120s (used=6); Ip 60:300:1800 → 4.875s/req pen=1800s (used=19)  delay 1.667→5.875  min_gap→0  max_usage=40%
14:52:20.675  RAW   content-type: application/json
14:52:20.675  RAW   x-rate-limit-policy: trade-search-request-limit
14:52:20.675  RAW   x-rate-limit-rules: Account,Ip
14:52:20.675  RAW   x-rate-limit-account: 3:5:60
14:52:20.675  RAW   x-rate-limit-account-state: 2:5:0
14:52:20.675  RAW   x-rate-limit-ip: 8:10:60,15:60:120,60:300:1800
14:52:20.675  RAW   x-rate-limit-ip-state: 2:10:0,6:60:0,19:300:0
14:52:20.675  RAW   cf-cache-status: DYNAMIC
14:52:20.675  RAW   cf-ray: a1ea579b7aeb780b-WAW
14:52:20.675  RESP  POST /api/trade/search/Standard → 200  5.720s  delay=5.875 min_gap=0.000 last=1784638340.676
14:52:20.675  PRE   GET /api/trade/fetch/5429f8056eb356298f7b98a655d76dca80534812d7950281c152e00920b74cb8%2Cffc29bb91570ac4a9d94e5abd3d78e3303e727c9de4cd278d2ef903cd3ab2fe8%2Cfcd909c1f7cb653d2a35e1b688a94769e470d1117a4cc10f123e801e620b6073%2C39cfb56e528b399778de6daef3506aa211e42344383441a029a61caafb3e3aa3%2C0c24722934d0577d8cc9e5220a0b9fad8720f765fe4743c12ed4a4e1f538867c  delay=5.875 min_gap=0.000 last=1784638340.676
14:52:20.675  ENF   delay=5.875 min_gap=0.000 jitter=4.445 gap=10.320 since_last=0.000 sleep=10.320
14:52:31.263  PARSE Account 6:4:10 → 0.667s/req pen=10s (used=2); Ip 12:4:60 → 0.250s/req pen=60s (used=2); Ip 16:12:60 → 0.516s/req pen=60s (used=2)  delay 5.875→1.667  min_gap→0  max_usage=0%
14:52:31.263  RAW   content-type: application/json
14:52:31.263  RAW   x-rate-limit-policy: trade-fetch-request-limit
14:52:31.263  RAW   x-rate-limit-rules: Account,Ip
14:52:31.263  RAW   x-rate-limit-account: 6:4:10
14:52:31.263  RAW   x-rate-limit-account-state: 2:4:0
14:52:31.263  RAW   x-rate-limit-ip: 12:4:60,16:12:60
14:52:31.263  RAW   x-rate-limit-ip-state: 2:4:0,2:12:0
14:52:31.263  RAW   cf-cache-status: DYNAMIC
14:52:31.263  RAW   cf-ray: a1ea57ddbf2d780b-WAW
14:52:31.263  RESP  GET /api/trade/fetch/5429f8056eb356298f7b98a655d76dca80534812d7950281c152e00920b74cb8%2Cffc29bb91570ac4a9d94e5abd3d78e3303e727c9de4cd278d2ef903cd3ab2fe8%2Cfcd909c1f7cb653d2a35e1b688a94769e470d1117a4cc10f123e801e620b6073%2C39cfb56e528b399778de6daef3506aa211e42344383441a029a61caafb3e3aa3%2C0c24722934d0577d8cc9e5220a0b9fad8720f765fe4743c12ed4a4e1f538867c → 200  10.587s  delay=1.667 min_gap=0.000 last=1784638351.263
14:52:31.263  PRE   POST /api/trade/search/Standard  delay=1.667 min_gap=0.000 last=1784638351.263
14:52:31.263  ENF   delay=1.667 min_gap=0.000 jitter=4.820 gap=6.487 since_last=0.000 sleep=6.487
14:52:38.040  PARSE Account 3:5:60 → 2.500s/req pen=60s (used=2); Ip 8:10:60 → 1.094s/req pen=60s (used=2); Ip 15:60:120 → 5.200s/req pen=120s (used=8); Ip 60:300:1800 → 5.125s/req pen=1800s (used=21)  delay 1.667→6.200  min_gap→0  max_usage=53%
14:52:38.045  RAW   content-type: application/json
14:52:38.045  RAW   x-rate-limit-policy: trade-search-request-limit
14:52:38.045  RAW   x-rate-limit-rules: Account,Ip
14:52:38.045  RAW   x-rate-limit-account: 3:5:60
14:52:38.045  RAW   x-rate-limit-account-state: 2:5:0
14:52:38.045  RAW   x-rate-limit-ip: 8:10:60,15:60:120,60:300:1800
14:52:38.046  RAW   x-rate-limit-ip-state: 2:10:0,8:60:0,21:300:0
14:52:38.046  RAW   cf-cache-status: DYNAMIC
14:52:38.046  RAW   cf-ray: a1ea5807fb48780b-WAW
14:52:38.046  RESP  POST /api/trade/search/Standard → 200  6.777s  delay=6.200 min_gap=0.000 last=1784638358.046
14:52:38.046  PRE   GET /api/trade/fetch/c5f811c44780de6c24bd51458de33695637d96b3a9a56fa9d4d36bb0b8734688%2Ca5a215e8ab4f5a40b2290915d7ed7e50c0cedef4bae8bf8484df5e90df045a90%2C96b8cd2a9bb21117f2fca7d9bc29b3f624913db9c6511816a8f8d8f4c96ab6bd%2C202b74cf377b8c40e3c001bc81ff4ecaceee6f1ee883dab94bdc2faaa7701aa6%2C270c7093e3d90d6ac164325676ae12c447cad5a5afa7410bb67ebbb2e768aacc  delay=6.200 min_gap=0.000 last=1784638358.046
14:52:38.046  ENF   delay=6.200 min_gap=0.000 jitter=3.741 gap=9.941 since_last=0.000 sleep=9.941
14:52:48.257  PARSE Account 6:4:10 → 0.667s/req pen=10s (used=2); Ip 12:4:60 → 0.250s/req pen=60s (used=2); Ip 16:12:60 → 0.516s/req pen=60s (used=2)  delay 6.200→1.667  min_gap→0  max_usage=0%
14:52:48.258  RAW   content-type: application/json
14:52:48.258  RAW   x-rate-limit-policy: trade-fetch-request-limit
14:52:48.258  RAW   x-rate-limit-rules: Account,Ip
14:52:48.258  RAW   x-rate-limit-account: 6:4:10
14:52:48.258  RAW   x-rate-limit-account-state: 2:4:0
14:52:48.258  RAW   x-rate-limit-ip: 12:4:60,16:12:60
14:52:48.258  RAW   x-rate-limit-ip-state: 2:4:0,2:12:0
14:52:48.258  RAW   cf-cache-status: DYNAMIC
14:52:48.258  RAW   cf-ray: a1ea5847ea96780b-WAW
14:52:48.258  RESP  GET /api/trade/fetch/c5f811c44780de6c24bd51458de33695637d96b3a9a56fa9d4d36bb0b8734688%2Ca5a215e8ab4f5a40b2290915d7ed7e50c0cedef4bae8bf8484df5e90df045a90%2C96b8cd2a9bb21117f2fca7d9bc29b3f624913db9c6511816a8f8d8f4c96ab6bd%2C202b74cf377b8c40e3c001bc81ff4ecaceee6f1ee883dab94bdc2faaa7701aa6%2C270c7093e3d90d6ac164325676ae12c447cad5a5afa7410bb67ebbb2e768aacc → 200  10.212s  delay=1.667 min_gap=0.000 last=1784638368.258
14:52:48.258  PRE   POST /api/trade/search/Standard  delay=1.667 min_gap=0.000 last=1784638368.258
14:52:48.258  ENF   delay=1.667 min_gap=0.000 jitter=2.694 gap=4.360 since_last=0.000 sleep=4.360
14:52:52.897  PARSE Account 3:5:60 → 2.500s/req pen=60s (used=2); Ip 8:10:60 → 1.094s/req pen=60s (used=2); Ip 15:60:120 → 5.200s/req pen=120s (used=8); Ip 60:300:1800 → 5.375s/req pen=1800s (used=23)  delay 1.667→6.375  min_gap→0  max_usage=53%
14:52:52.898  RAW   content-type: application/json
14:52:52.898  RAW   x-rate-limit-policy: trade-search-request-limit
14:52:52.898  RAW   x-rate-limit-rules: Account,Ip
14:52:52.898  RAW   x-rate-limit-account: 3:5:60
14:52:52.898  RAW   x-rate-limit-account-state: 2:5:0
14:52:52.898  RAW   x-rate-limit-ip: 8:10:60,15:60:120,60:300:1800
14:52:52.898  RAW   x-rate-limit-ip-state: 2:10:0,8:60:0,23:300:0
14:52:52.898  RAW   cf-cache-status: DYNAMIC
14:52:52.898  RAW   cf-ray: a1ea5864e810780b-WAW
14:52:52.898  RESP  POST /api/trade/search/Standard → 200  4.640s  delay=6.375 min_gap=0.000 last=1784638372.898
14:52:52.898  PRE   GET /api/trade/fetch/fcd909c1f7cb653d2a35e1b688a94769e470d1117a4cc10f123e801e620b6073%2C5429f8056eb356298f7b98a655d76dca80534812d7950281c152e00920b74cb8%2C0c24722934d0577d8cc9e5220a0b9fad8720f765fe4743c12ed4a4e1f538867c%2C5af7257abb3aae9adfff6a4f3960d545cf464774b7ef3f23255a02b88b0e213f%2C6dcaf683b46c50084e1f4fb9c9d56523d5bae3121a34305810a8b326bd7c2130  delay=6.375 min_gap=0.000 last=1784638372.898
14:52:52.898  ENF   delay=6.375 min_gap=0.000 jitter=3.028 gap=9.403 since_last=0.000 sleep=9.403
14:53:02.587  PARSE Account 6:4:10 → 0.833s/req pen=10s (used=3); Ip 12:4:60 → 0.292s/req pen=60s (used=3); Ip 16:12:60 → 0.586s/req pen=60s (used=3)  delay 6.375→1.833  min_gap→0  max_usage=0%
14:53:02.587  RAW   content-type: application/json
14:53:02.587  RAW   x-rate-limit-policy: trade-fetch-request-limit
14:53:02.587  RAW   x-rate-limit-rules: Account,Ip
14:53:02.587  RAW   x-rate-limit-account: 6:4:10
14:53:02.587  RAW   x-rate-limit-account-state: 3:4:0
14:53:02.587  RAW   x-rate-limit-ip: 12:4:60,16:12:60
14:53:02.587  RAW   x-rate-limit-ip-state: 3:4:0,3:12:0
14:53:02.587  RAW   cf-cache-status: DYNAMIC
14:53:02.587  RAW   cf-ray: a1ea58a16a5a780b-WAW
14:53:02.587  RESP  GET /api/trade/fetch/fcd909c1f7cb653d2a35e1b688a94769e470d1117a4cc10f123e801e620b6073%2C5429f8056eb356298f7b98a655d76dca80534812d7950281c152e00920b74cb8%2C0c24722934d0577d8cc9e5220a0b9fad8720f765fe4743c12ed4a4e1f538867c%2C5af7257abb3aae9adfff6a4f3960d545cf464774b7ef3f23255a02b88b0e213f%2C6dcaf683b46c50084e1f4fb9c9d56523d5bae3121a34305810a8b326bd7c2130 → 200  9.689s  delay=1.833 min_gap=0.000 last=1784638382.588
14:53:02.614  PRE   POST /api/trade/search/Standard  delay=1.833 min_gap=0.000 last=1784638382.588
14:53:02.614  ENF   delay=1.833 min_gap=0.000 jitter=3.355 gap=5.189 since_last=0.027 sleep=5.162
14:53:08.053  PARSE Account 3:5:60 → 3.333s/req pen=60s (used=3); Ip 8:10:60 → 1.328s/req pen=60s (used=3); Ip 15:60:120 → 5.600s/req pen=120s (used=9); Ip 60:300:1800 → 5.750s/req pen=1800s (used=26)  delay 1.833→6.750  min_gap→0  max_usage=60%
14:53:08.054  RAW   content-type: application/json
14:53:08.054  RAW   x-rate-limit-policy: trade-search-request-limit
14:53:08.054  RAW   x-rate-limit-rules: Account,Ip
14:53:08.054  RAW   x-rate-limit-account: 3:5:60
14:53:08.054  RAW   x-rate-limit-account-state: 3:5:0
14:53:08.054  RAW   x-rate-limit-ip: 8:10:60,15:60:120,60:300:1800
14:53:08.054  RAW   x-rate-limit-ip-state: 3:10:0,9:60:0,26:300:0
14:53:08.054  RAW   cf-cache-status: DYNAMIC
14:53:08.054  RAW   cf-ray: a1ea58c39ffd780b-WAW
14:53:08.054  RESP  POST /api/trade/search/Standard → 200  5.440s  delay=6.750 min_gap=0.000 last=1784638388.054
14:53:08.054  PRE   GET /api/trade/fetch/0c24722934d0577d8cc9e5220a0b9fad8720f765fe4743c12ed4a4e1f538867c%2C6dcaf683b46c50084e1f4fb9c9d56523d5bae3121a34305810a8b326bd7c2130%2C89bfe0f5c200042bb8bae835efd3589e323c67c8f0dca9a85bc560a39ba2f3c9%2Cba349e8c26d00ff5685d585e84b036938ff818727e4e4b424d39a2eedacbde66%2C362ed8289b7128f54942c6f368bf9c7cde803a9f8f2174c34a5ac8491dda0f8c  delay=6.750 min_gap=0.000 last=1784638388.054
14:53:08.054  ENF   delay=6.750 min_gap=0.000 jitter=4.039 gap=10.789 since_last=0.000 sleep=10.789
14:53:19.151  PARSE Account 6:4:10 → 0.833s/req pen=10s (used=3); Ip 12:4:60 → 0.292s/req pen=60s (used=3); Ip 16:12:60 → 0.586s/req pen=60s (used=3)  delay 6.750→1.833  min_gap→0  max_usage=0%
14:53:19.151  RAW   content-type: application/json
14:53:19.151  RAW   x-rate-limit-policy: trade-fetch-request-limit
14:53:19.151  RAW   x-rate-limit-rules: Account,Ip
14:53:19.151  RAW   x-rate-limit-account: 6:4:10
14:53:19.151  RAW   x-rate-limit-account-state: 3:4:0
14:53:19.151  RAW   x-rate-limit-ip: 12:4:60,16:12:60
14:53:19.151  RAW   x-rate-limit-ip-state: 3:4:0,3:12:0
14:53:19.151  RAW   cf-cache-status: DYNAMIC
14:53:19.151  RAW   cf-ray: a1ea5908cca0780b-WAW
14:53:19.151  RESP  GET /api/trade/fetch/0c24722934d0577d8cc9e5220a0b9fad8720f765fe4743c12ed4a4e1f538867c%2C6dcaf683b46c50084e1f4fb9c9d56523d5bae3121a34305810a8b326bd7c2130%2C89bfe0f5c200042bb8bae835efd3589e323c67c8f0dca9a85bc560a39ba2f3c9%2Cba349e8c26d00ff5685d585e84b036938ff818727e4e4b424d39a2eedacbde66%2C362ed8289b7128f54942c6f368bf9c7cde803a9f8f2174c34a5ac8491dda0f8c → 200  11.097s  delay=1.833 min_gap=0.000 last=1784638399.152
14:53:19.152  PRE   POST /api/trade/search/Standard  delay=1.833 min_gap=0.000 last=1784638399.152
14:53:19.152  ENF   delay=1.833 min_gap=0.000 jitter=3.680 gap=5.514 since_last=0.000 sleep=5.514
14:53:24.954  PARSE Account 3:5:60 → 3.333s/req pen=60s (used=3); Ip 8:10:60 → 1.328s/req pen=60s (used=3); Ip 15:60:120 → 6.000s/req pen=120s (used=10); Ip 60:300:1800 → 6.125s/req pen=1800s (used=29)  delay 1.833→7.125  min_gap→0  max_usage=67%
14:53:24.954  RAW   content-type: application/json
14:53:24.954  RAW   x-rate-limit-policy: trade-search-request-limit
14:53:24.954  RAW   x-rate-limit-rules: Account,Ip
14:53:24.954  RAW   x-rate-limit-account: 3:5:60
14:53:24.954  RAW   x-rate-limit-account-state: 3:5:0
14:53:24.954  RAW   x-rate-limit-ip: 8:10:60,15:60:120,60:300:1800
14:53:24.954  RAW   x-rate-limit-ip-state: 3:10:0,10:60:0,29:300:0
14:53:24.954  RAW   cf-cache-status: DYNAMIC
14:53:24.954  RAW   cf-ray: a1ea592d28a5780b-WAW
14:53:24.954  RESP  POST /api/trade/search/Standard → 200  5.802s  delay=7.125 min_gap=0.000 last=1784638404.954
14:53:24.954  PRE   GET /api/trade/fetch/c5f811c44780de6c24bd51458de33695637d96b3a9a56fa9d4d36bb0b8734688%2Ca5a215e8ab4f5a40b2290915d7ed7e50c0cedef4bae8bf8484df5e90df045a90%2C270c7093e3d90d6ac164325676ae12c447cad5a5afa7410bb67ebbb2e768aacc%2C96b8cd2a9bb21117f2fca7d9bc29b3f624913db9c6511816a8f8d8f4c96ab6bd%2C7d7e2f3c3d70dad17d62c919768de0c05245787c879999c18423791e7b348d8c  delay=7.125 min_gap=0.000 last=1784638404.954
14:53:24.954  ENF   delay=7.125 min_gap=0.000 jitter=2.505 gap=9.630 since_last=0.000 sleep=9.630
14:53:34.848  PARSE Account 6:4:10 → 0.833s/req pen=10s (used=3); Ip 12:4:60 → 0.292s/req pen=60s (used=3); Ip 16:12:60 → 0.586s/req pen=60s (used=3)  delay 7.125→1.833  min_gap→0  max_usage=0%
14:53:34.848  RAW   content-type: application/json
14:53:34.848  RAW   x-rate-limit-policy: trade-fetch-request-limit
14:53:34.848  RAW   x-rate-limit-rules: Account,Ip
14:53:34.848  RAW   x-rate-limit-account: 6:4:10
14:53:34.848  RAW   x-rate-limit-account-state: 3:4:0
14:53:34.848  RAW   x-rate-limit-ip: 12:4:60,16:12:60
14:53:34.848  RAW   x-rate-limit-ip-state: 3:4:0,3:12:0
14:53:34.848  RAW   cf-cache-status: DYNAMIC
14:53:34.848  RAW   cf-ray: a1ea596b2a47780b-WAW
14:53:34.848  RESP  GET /api/trade/fetch/c5f811c44780de6c24bd51458de33695637d96b3a9a56fa9d4d36bb0b8734688%2Ca5a215e8ab4f5a40b2290915d7ed7e50c0cedef4bae8bf8484df5e90df045a90%2C270c7093e3d90d6ac164325676ae12c447cad5a5afa7410bb67ebbb2e768aacc%2C96b8cd2a9bb21117f2fca7d9bc29b3f624913db9c6511816a8f8d8f4c96ab6bd%2C7d7e2f3c3d70dad17d62c919768de0c05245787c879999c18423791e7b348d8c → 200  9.894s  delay=1.833 min_gap=0.000 last=1784638414.849
14:53:34.849  PRE   POST /api/trade/search/Standard  delay=1.833 min_gap=0.000 last=1784638414.849
14:53:34.849  ENF   delay=1.833 min_gap=0.000 jitter=2.246 gap=4.080 since_last=0.000 sleep=4.080
14:53:39.204  PARSE Account 3:5:60 → 2.500s/req pen=60s (used=2); Ip 8:10:60 → 1.094s/req pen=60s (used=2); Ip 15:60:120 → 6.000s/req pen=120s (used=10); Ip 60:300:1800 → 6.375s/req pen=1800s (used=31)  delay 1.833→7.375  min_gap→0  max_usage=67%
14:53:39.204  RAW   content-type: application/json
14:53:39.204  RAW   x-rate-limit-policy: trade-search-request-limit
14:53:39.204  RAW   x-rate-limit-rules: Account,Ip
14:53:39.204  RAW   x-rate-limit-account: 3:5:60
14:53:39.204  RAW   x-rate-limit-account-state: 2:5:0
14:53:39.204  RAW   x-rate-limit-ip: 8:10:60,15:60:120,60:300:1800
14:53:39.204  RAW   x-rate-limit-ip-state: 2:10:0,10:60:0,31:300:0
14:53:39.204  RAW   cf-cache-status: DYNAMIC
14:53:39.204  RAW   cf-ray: a1ea59865acc780b-WAW
14:53:39.204  RESP  POST /api/trade/search/Standard → 200  4.355s  delay=7.375 min_gap=0.000 last=1784638419.204
14:53:39.204  PRE   GET /api/trade/fetch/0c24722934d0577d8cc9e5220a0b9fad8720f765fe4743c12ed4a4e1f538867c%2C6dcaf683b46c50084e1f4fb9c9d56523d5bae3121a34305810a8b326bd7c2130%2C6c1c50f797fd2f5f86b05413e997f0f5e8585523804102d0248958fa228c84b5%2C705d268058821a6eab62a053ae5e785b71efc0025d2764fad41c5ed94cc99f66%2C950fa83ea9f7f26543972bb7cb5615c0f0ad1b950b1b02420786ee9a52f31536  delay=7.375 min_gap=0.000 last=1784638419.204
14:53:39.204  ENF   delay=7.375 min_gap=0.000 jitter=4.327 gap=11.702 since_last=0.000 sleep=11.702
14:53:51.175  PARSE Account 6:4:10 → 0.667s/req pen=10s (used=2); Ip 12:4:60 → 0.250s/req pen=60s (used=2); Ip 16:12:60 → 0.516s/req pen=60s (used=2)  delay 7.375→1.667  min_gap→0  max_usage=0%
14:53:51.175  RAW   content-type: application/json
14:53:51.175  RAW   x-rate-limit-policy: trade-fetch-request-limit
14:53:51.175  RAW   x-rate-limit-rules: Account,Ip
14:53:51.175  RAW   x-rate-limit-account: 6:4:10
14:53:51.175  RAW   x-rate-limit-account-state: 2:4:0
14:53:51.176  RAW   x-rate-limit-ip: 12:4:60,16:12:60
14:53:51.176  RAW   x-rate-limit-ip-state: 2:4:0,2:12:0
14:53:51.176  RAW   cf-cache-status: DYNAMIC
14:53:51.176  RAW   cf-ray: a1ea59d128b5780b-WAW
14:53:51.176  RESP  GET /api/trade/fetch/0c24722934d0577d8cc9e5220a0b9fad8720f765fe4743c12ed4a4e1f538867c%2C6dcaf683b46c50084e1f4fb9c9d56523d5bae3121a34305810a8b326bd7c2130%2C6c1c50f797fd2f5f86b05413e997f0f5e8585523804102d0248958fa228c84b5%2C705d268058821a6eab62a053ae5e785b71efc0025d2764fad41c5ed94cc99f66%2C950fa83ea9f7f26543972bb7cb5615c0f0ad1b950b1b02420786ee9a52f31536 → 200  11.972s  delay=1.667 min_gap=0.000 last=1784638431.176
14:53:51.202  PRE   POST /api/trade/search/Standard  delay=1.667 min_gap=0.000 last=1784638431.176
14:53:51.202  ENF   delay=1.667 min_gap=0.000 jitter=4.492 gap=6.159 since_last=0.027 sleep=6.132
14:53:57.603  PARSE Account 3:5:60 → 2.500s/req pen=60s (used=2); Ip 8:10:60 → 1.094s/req pen=60s (used=2); Ip 15:60:120 → 7.200s/req pen=120s (used=13); Ip 60:300:1800 → 7.000s/req pen=1800s (used=36)  delay 1.667→8.200  min_gap→0  max_usage=87%
14:53:57.603  BACK  set 167s backoff at 87% usage
14:53:57.603  RAW   content-type: application/json
14:53:57.603  RAW   x-rate-limit-policy: trade-search-request-limit
14:53:57.603  RAW   x-rate-limit-rules: Account,Ip
14:53:57.603  RAW   x-rate-limit-account: 3:5:60
14:53:57.603  RAW   x-rate-limit-account-state: 2:5:0
14:53:57.603  RAW   x-rate-limit-ip: 8:10:60,15:60:120,60:300:1800
14:53:57.603  RAW   x-rate-limit-ip-state: 2:10:0,13:60:0,36:300:0
14:53:57.603  RAW   cf-cache-status: DYNAMIC
14:53:57.603  RAW   cf-ray: a1ea59f95924780b-WAW
14:53:57.603  RESP  POST /api/trade/search/Standard → 200  6.401s  delay=8.200 min_gap=0.000 last=1784638437.604
14:53:57.603  PRE   GET /api/trade/fetch/6df60d4b89cf4669a70300984881106cda404631cce5ce0ad4393493048f2b0e%2C255d75f81a47a8e0f1cddb7a365c72c8b7ffded9806b8a3f551e36027a83c1df%2Cac1845cbe82bbb7b4aec8e5814efbd6c435a4a8f91bfc383d7936a9167baaaa1%2C607193030c211a809dbbe5cb336a8523f3c7de15b876fcdd42523942a8f340e2%2Cb40d81c478f379646c3548630ad49b057e5c9e37c25521130fdc1b268b9ff3ba  delay=8.200 min_gap=0.000 last=1784638437.604
14:53:57.603  BACK  sleep=166.7
