15:55:24.186  INIT  user_agent=test/0.1.0 delay=0.0 min_gap=1.0
15:55:24.186  PRE   POST /api/trade/search/Standard  delay=0.000 min_gap=1.000 last=1784642114.186
15:55:24.186  RESP  POST /api/trade/search/Standard → 429  0.000s  delay=0.000 min_gap=1.000 last=1784642124.187
15:55:24.186  BODY  req=(none)
15:55:24.186  BODY  resp=
15:55:24.186  !! 429 ! headers={'Server': 'cloudflare'}  state_delay=0.000 state_min_gap=1.000 state_last=1784642124.187
15:55:24.186  INIT  user_agent=test/0.1.0 delay=0.0 min_gap=1.0
15:55:24.186  PRE   POST /api/trade/search/Standard  delay=0.000 min_gap=1.000 last=1784642114.187
15:55:24.187  PARSE Account 1:5:60 → 1.500s/req pen=60s (used=0)  delay 0.000→2.500  min_gap→0  max_usage=0%
15:55:24.187  RAW   X-Rate-Limit-Rules: Account
15:55:24.187  RAW   X-Rate-Limit-Account: 1:5:60
15:55:24.187  RESP  POST /api/trade/search/Standard → 429  0.000s  delay=2.500 min_gap=0.000 last=1784642124.187
15:55:24.187  BODY  req=(none)
15:55:24.187  BODY  resp=
15:55:24.187  !! 429 ! headers={'X-Rate-Limit-Rules': 'Account', 'X-Rate-Limit-Account': '1:5:60'}  state_delay=2.500 state_min_gap=0.000 state_last=1784642124.187
15:55:24.187  INIT  user_agent=test/0.1.0 delay=0.0 min_gap=1.0
15:55:24.187  PRE   POST /api/trade/search/Standard  delay=0.000 min_gap=1.000 last=1784642124.187
15:55:24.187  ENF   delay=0.000 min_gap=1.000 jitter=0.000 gap=1.000 since_last=0.000 sleep=1.000
15:55:25.187  PARSE Account 1:1:1 → 0.300s/req pen=1s (used=0)  delay 0.000→1.300  min_gap→0  max_usage=0%
15:55:25.187  RAW   X-Rate-Limit-Rules: Account
15:55:25.187  RAW   X-Rate-Limit-Account: 1:1:1
15:55:25.187  RESP  POST /api/trade/search/Standard → 200  1.000s  delay=1.300 min_gap=0.000 last=1784642125.187
15:55:25.187  INIT  user_agent=test/0.1.0 delay=0.0 min_gap=1.0
15:55:25.187  PRE   POST /api/trade/search/Standard  delay=0.000 min_gap=1.000 last=1784642125.188
15:55:25.187  ENF   delay=0.000 min_gap=1.000 jitter=0.000 gap=1.000 since_last=0.000 sleep=1.000
15:55:25.188  PARSE Account 3:5:60 → 0.500s/req pen=60s (used=0)  delay 0.000→1.500  min_gap→0  max_usage=0%
15:55:25.188  RAW   X-Rate-Limit-Rules: Account
15:55:25.188  RAW   X-Rate-Limit-Account: 3:5:60
15:55:25.188  RESP  POST /api/trade/search/Standard → 200  0.000s  delay=1.500 min_gap=0.000 last=1784642125.188
15:55:25.188  PRE   GET /api/trade/fetch/a  delay=1.500 min_gap=0.000 last=1784642125.188
15:55:25.188  ENF   delay=1.500 min_gap=0.000 jitter=0.000 gap=1.500 since_last=0.000 sleep=1.500
15:55:25.188  PARSE Account 3:5:60 → 0.500s/req pen=60s (used=0)  delay 1.500→1.500  min_gap→0  max_usage=0%
15:55:25.188  RAW   X-Rate-Limit-Rules: Account
15:55:25.188  RAW   X-Rate-Limit-Account: 3:5:60
15:55:25.188  RESP  GET /api/trade/fetch/a → 200  0.000s  delay=1.500 min_gap=0.000 last=1784642125.188
15:55:25.188  INIT  user_agent=test/0.1.0 delay=0.0 min_gap=1.0
15:55:25.188  PRE   POST /api/trade/search/Standard  delay=0.000 min_gap=1.000 last=990.000
15:55:25.188  RESP  POST /api/trade/search/Standard → 200  0.000s  delay=0.000 min_gap=1.000 last=1000.000
15:55:25.188  PRE   POST /api/trade/search/Standard  delay=0.000 min_gap=1.000 last=1000.000
15:55:25.188  ENF   delay=0.000 min_gap=1.000 jitter=2.000 gap=3.000 since_last=0.000 sleep=3.000
15:55:25.188  RESP  POST /api/trade/search/Standard → 200  3.000s  delay=0.000 min_gap=1.000 last=1003.000
15:55:25.188  PRE   POST /api/trade/search/Standard  delay=0.000 min_gap=1.000 last=1003.000
15:55:25.188  ENF   delay=0.000 min_gap=1.000 jitter=2.000 gap=3.000 since_last=0.000 sleep=3.000
15:55:25.188  PARSE Account 3:5:60 → 0.500s/req pen=60s (used=0)  delay 0.000→1.500  min_gap→0  max_usage=0%
15:55:25.188  RAW   X-Rate-Limit-Rules: Account
15:55:25.188  RAW   X-Rate-Limit-Account: 3:5:60
15:55:25.188  RESP  POST /api/trade/search/Standard → 200  3.000s  delay=1.500 min_gap=0.000 last=1006.000
15:55:25.188  PRE   POST /api/trade/search/Standard  delay=1.500 min_gap=0.000 last=1006.000
15:55:25.188  ENF   delay=1.500 min_gap=0.000 jitter=2.000 gap=3.500 since_last=0.000 sleep=3.500
15:55:25.188  PARSE Account 3:5:60 → 0.500s/req pen=60s (used=0)  delay 1.500→1.500  min_gap→0  max_usage=0%
15:55:25.188  RAW   X-Rate-Limit-Rules: Account
15:55:25.188  RAW   X-Rate-Limit-Account: 3:5:60
15:55:25.188  RESP  POST /api/trade/search/Standard → 200  3.500s  delay=1.500 min_gap=0.000 last=1009.500
15:55:25.188  PRE   POST /api/trade/search/Standard  delay=1.500 min_gap=0.000 last=1009.500
15:55:25.188  ENF   delay=1.500 min_gap=0.000 jitter=2.000 gap=3.500 since_last=0.000 sleep=3.500
15:55:25.188  PARSE Ip 60:300:1800 → 1.500s/req pen=1800s (used=0)  delay 1.500→2.500  min_gap→0  max_usage=0%
15:55:25.188  RAW   X-Rate-Limit-Rules: Ip
15:55:25.188  RAW   X-Rate-Limit-Ip: 60:300:1800
15:55:25.188  RESP  POST /api/trade/search/Standard → 200  3.500s  delay=2.500 min_gap=0.000 last=1013.000
15:55:25.188  PRE   POST /api/trade/search/Standard  delay=2.500 min_gap=0.000 last=1013.000
15:55:25.188  ENF   delay=2.500 min_gap=0.000 jitter=2.000 gap=4.500 since_last=0.000 sleep=4.500
15:55:25.188  PARSE Ip 60:300:1800 → 1.500s/req pen=1800s (used=0)  delay 2.500→2.500  min_gap→0  max_usage=0%
15:55:25.188  RAW   X-Rate-Limit-Rules: Ip
15:55:25.188  RAW   X-Rate-Limit-Ip: 60:300:1800
15:55:25.188  RESP  POST /api/trade/search/Standard → 200  4.500s  delay=2.500 min_gap=0.000 last=1017.500
15:55:25.189  INIT  user_agent=test/0.1.0 delay=0.0 min_gap=1.0
15:55:25.189  PRE   POST /api/trade/search/Standard  delay=0.000 min_gap=1.000 last=1784642125.189
15:55:25.189  ENF   delay=0.000 min_gap=1.000 jitter=0.000 gap=1.000 since_last=0.000 sleep=1.000
15:55:26.189  PARSE Ip 60:300:1800 → 6.250s/req pen=1800s (used=30)  delay 0.000→7.250  min_gap→0  max_usage=50%
15:55:26.189  RAW   X-Rate-Limit-Rules: Ip
15:55:26.189  RAW   X-Rate-Limit-Ip: 60:300:1800
15:55:26.189  RAW   X-Rate-Limit-Ip-State: 30:300:0
15:55:26.189  RESP  POST /api/trade/search/Standard → 200  1.000s  delay=7.250 min_gap=0.000 last=1784642126.189
15:55:26.189  PRE   POST /api/trade/search/Standard  delay=7.250 min_gap=0.000 last=1784642126.189
15:55:26.189  ENF   delay=7.250 min_gap=0.000 jitter=0.000 gap=7.250 since_last=0.000 sleep=7.250
15:55:33.439  PARSE Ip 60:300:1800 → 2.875s/req pen=1800s (used=3)  delay 7.250→3.875  min_gap→0  max_usage=5%
15:55:33.439  RAW   X-Rate-Limit-Rules: Ip
15:55:33.439  RAW   X-Rate-Limit-Ip: 60:300:1800
15:55:33.439  RAW   X-Rate-Limit-Ip-State: 3:300:0
15:55:33.439  RESP  POST /api/trade/search/Standard → 200  7.250s  delay=3.875 min_gap=0.000 last=1784642133.440
15:55:33.439  INIT  user_agent=test/0.1.0 delay=0.0 min_gap=1.0
15:55:33.439  PRE   POST /api/trade/search/Standard  delay=0.000 min_gap=1.000 last=1784642133.440
15:55:33.439  ENF   delay=0.000 min_gap=1.000 jitter=0.000 gap=1.000 since_last=0.000 sleep=1.000
15:55:34.439  PARSE Ip 60:300:1800 → 1.500s/req pen=1800s (used=0)  delay 0.000→2.500  min_gap→0  max_usage=0%
15:55:34.439  RAW   X-Rate-Limit-Rules: Ip
15:55:34.439  RAW   X-Rate-Limit-Ip: 60:300:1800
15:55:34.439  RESP  POST /api/trade/search/Standard → 200  1.000s  delay=2.500 min_gap=0.000 last=1784642134.440
15:55:34.440  INIT  user_agent=test/0.1.0 delay=0.0 min_gap=1.0
15:55:34.440  PRE   POST /api/trade/search/Standard  delay=0.000 min_gap=1.000 last=1784642134.440
15:55:34.440  ENF   delay=0.000 min_gap=1.000 jitter=0.000 gap=1.000 since_last=0.000 sleep=1.000
15:55:34.440  RESP  POST /api/trade/search/Standard → 200  0.000s  delay=0.000 min_gap=1.000 last=1784642134.440
15:55:34.440  PRE   POST /api/trade/search/Standard  delay=0.000 min_gap=1.000 last=1784642134.441
15:55:34.440  ENF   delay=0.000 min_gap=1.000 jitter=0.000 gap=1.000 since_last=0.000 sleep=1.000
15:55:34.440  RESP  POST /api/trade/search/Standard → 200  0.000s  delay=0.000 min_gap=1.000 last=1784642134.441
15:55:34.440  INIT  user_agent=test/0.1.0 delay=0.0 min_gap=1.0
15:55:34.440  PRE   POST /api/trade/search/Standard  delay=0.000 min_gap=1.000 last=1784642134.441
15:55:34.440  ENF   delay=0.000 min_gap=1.000 jitter=0.000 gap=1.000 since_last=0.000 sleep=1.000
15:55:35.440  PARSE Account 3:5:60 → 0.500s/req pen=60s (used=0)  delay 0.000→1.500  min_gap→0  max_usage=0%
15:55:35.440  RAW   X-Rate-Limit-Rules: Account
15:55:35.440  RAW   X-Rate-Limit-Account: 3:5:60
15:55:35.440  RESP  POST /api/trade/search/Standard → 200  1.000s  delay=1.500 min_gap=0.000 last=1784642135.441
15:55:35.441  INIT  user_agent=test/0.1.0 delay=0.0 min_gap=1.0
15:55:35.441  PRE   POST /api/trade/search/Standard  delay=0.000 min_gap=1.000 last=1784642135.441
15:55:35.441  ENF   delay=0.000 min_gap=1.000 jitter=0.000 gap=1.000 since_last=0.000 sleep=1.000
15:55:36.441  PARSE Ip 60:300:1800 → 9.250s/req pen=1800s (used=54)  delay 0.000→10.250  min_gap→0  max_usage=90%
15:55:36.441  BACK  set 200s backoff at 90% usage
15:55:36.441  RAW   X-Rate-Limit-Rules: Ip
15:55:36.441  RAW   X-Rate-Limit-Ip: 60:300:1800
15:55:36.441  RAW   X-Rate-Limit-Ip-State: 54:300:0
15:55:36.441  RESP  POST /api/trade/search/Standard → 200  1.000s  delay=10.250 min_gap=0.000 last=1784642136.441
15:55:36.441  INIT  user_agent=test/0.1.0 delay=0.0 min_gap=1.0
15:55:36.441  LOCK  sleep=9999.000
15:55:36.441  ENF   delay=0.010 min_gap=1.000 jitter=0.000 gap=1.000 since_last=0.000 sleep=1.000
15:55:36.441  INIT  user_agent=test/0.1.0 delay=0.0 min_gap=1.0
15:55:36.441  PRE   POST /api/trade/search/Standard  delay=0.000 min_gap=1.000 last=1784642136.442
15:55:36.441  ENF   delay=0.000 min_gap=1.000 jitter=0.000 gap=1.000 since_last=0.000 sleep=1.000
15:55:37.441  PARSE Ip 60:300:1800 → 3.250s/req pen=1800s (used=6)  delay 0.000→4.250  min_gap→0  max_usage=10%
15:55:37.442  RAW   X-Rate-Limit-Rules: Ip
15:55:37.442  RAW   X-Rate-Limit-Ip: 60:300:1800
15:55:37.442  RAW   X-Rate-Limit-Ip-State: 6:300:0
15:55:37.442  RESP  POST /api/trade/search/Standard → 200  1.000s  delay=4.250 min_gap=0.000 last=1784642137.442
15:55:37.442  INIT  user_agent=test/0.1.0 delay=0.0 min_gap=1.0
15:55:37.442  PRE   POST /api/trade/search/Standard  delay=0.000 min_gap=1.000 last=1784642137.442
15:55:37.442  ENF   delay=0.000 min_gap=1.000 jitter=0.000 gap=1.000 since_last=0.000 sleep=1.000
15:55:38.442  PARSE Account 3:5:60 → 0.500s/req pen=60s (used=0)  delay 0.000→1.500  min_gap→0  max_usage=0%
15:55:38.442  RAW   X-Rate-Limit-Rules: Account
15:55:38.442  RAW   X-Rate-Limit-Account: 3:5:60
15:55:38.442  RESP  POST /api/trade/search/Standard → 200  1.000s  delay=1.500 min_gap=0.000 last=1784642138.442
15:55:38.442  INIT  user_agent=test/0.1.0 delay=0.0 min_gap=1.0
15:55:38.442  PRE   POST /api/trade/search/Standard  delay=0.000 min_gap=1.000 last=1784642138.443
15:55:38.442  ENF   delay=0.000 min_gap=1.000 jitter=0.000 gap=1.000 since_last=0.000 sleep=1.000
15:55:39.442  PARSE Ip 8:10:60 → 0.375s/req pen=60s (used=0); Ip 15:60:120 → 1.200s/req pen=120s (used=0); Ip 60:300:1800 → 1.500s/req pen=1800s (used=0)  delay 0.000→2.500  min_gap→0  max_usage=0%
15:55:39.442  RAW   X-Rate-Limit-Rules: Ip
15:55:39.442  RAW   X-Rate-Limit-Ip: 8:10:60,15:60:120,60:300:1800
15:55:39.442  RESP  POST /api/trade/search/Standard → 200  1.000s  delay=2.500 min_gap=0.000 last=1784642139.443
15:55:39.443  INIT  user_agent=test/0.1.0 delay=0.0 min_gap=1.0
15:55:39.443  PRE   POST /api/trade/search/Standard  delay=0.000 min_gap=1.000 last=1784642139.443
15:55:39.443  ENF   delay=0.000 min_gap=1.000 jitter=0.000 gap=1.000 since_last=0.000 sleep=1.000
15:55:40.443  PARSE Account 3:5:60 → 2.500s/req pen=60s (used=2); Ip 15:60:120 → 3.200s/req pen=120s (used=3)  delay 0.000→4.200  min_gap→0  max_usage=20%
15:55:40.443  RAW   X-Rate-Limit-Rules: Account,Ip
15:55:40.443  RAW   X-Rate-Limit-Account: 3:5:60
15:55:40.443  RAW   X-Rate-Limit-Account-State: 2:5:0
15:55:40.443  RAW   X-Rate-Limit-Ip: 15:60:120
15:55:40.443  RAW   X-Rate-Limit-Ip-State: 3:60:0
15:55:40.443  RESP  POST /api/trade/search/Standard → 200  1.000s  delay=4.200 min_gap=0.000 last=1784642140.443
15:55:40.443  INIT  user_agent=test/0.1.0 delay=0.0 min_gap=1.0
15:55:40.443  PRE   POST /api/trade/search/Standard  delay=0.000 min_gap=1.000 last=1784642140.443
15:55:40.443  ENF   delay=0.000 min_gap=1.000 jitter=0.000 gap=1.000 since_last=0.000 sleep=1.000
15:55:41.443  PARSE Account 3:5:60 → 0.500s/req pen=60s (used=0); Ip 60:300:1800 → 1.500s/req pen=1800s (used=0)  delay 0.000→2.500  min_gap→0  max_usage=0%
15:55:41.443  RAW   X-Rate-Limit-Rules: Account,Ip
15:55:41.443  RAW   X-Rate-Limit-Account: 3:5:60
15:55:41.443  RAW   X-Rate-Limit-Ip: 60:300:1800
15:55:41.443  RESP  POST /api/trade/search/Standard → 200  1.000s  delay=2.500 min_gap=0.000 last=1784642141.444
15:55:41.443  INIT  user_agent=test/0.1.0 delay=0.0 min_gap=1.0
15:55:41.443  PRE   POST /api/trade/search/Standard  delay=0.000 min_gap=1.000 last=1784642141.444
15:55:41.443  ENF   delay=0.000 min_gap=1.000 jitter=0.000 gap=1.000 since_last=0.000 sleep=1.000
15:55:42.443  RESP  POST /api/trade/search/Standard → 200  1.000s  delay=0.000 min_gap=1.000 last=1784642142.444
