14:34:41.025  INIT  user_agent=test/0.1.0 delay=0.0 min_gap=1.0
14:34:41.025  PRE   POST /api/trade/search/Standard  delay=0.000 min_gap=1.000 last=1784637271.025
14:34:41.025  RESP  POST /api/trade/search/Standard → 429  0.000s  delay=0.000 min_gap=1.000 last=1784637281.026
14:34:41.025  BODY  req=(none)
14:34:41.025  BODY  resp=
14:34:41.025  !! 429 ! headers={'Server': 'cloudflare'}  state_delay=0.000 state_min_gap=1.000 state_last=1784637281.026
14:34:41.025  INIT  user_agent=test/0.1.0 delay=0.0 min_gap=1.0
14:34:41.025  PRE   POST /api/trade/search/Standard  delay=0.000 min_gap=1.000 last=1784637271.026
14:34:41.025  PARSE Account 1:5:60 → 1.500s/req pen=60s (used=0)  delay 0.000→2.500  min_gap→0  max_usage=0%
14:34:41.025  RAW   X-Rate-Limit-Rules: Account
14:34:41.025  RAW   X-Rate-Limit-Account: 1:5:60
14:34:41.025  RESP  POST /api/trade/search/Standard → 429  0.000s  delay=2.500 min_gap=0.000 last=1784637281.026
14:34:41.025  BODY  req=(none)
14:34:41.026  BODY  resp=
14:34:41.026  !! 429 ! headers={'X-Rate-Limit-Rules': 'Account', 'X-Rate-Limit-Account': '1:5:60'}  state_delay=2.500 state_min_gap=0.000 state_last=1784637281.026
14:34:41.026  INIT  user_agent=test/0.1.0 delay=0.0 min_gap=1.0
14:34:41.026  PRE   POST /api/trade/search/Standard  delay=0.000 min_gap=1.000 last=1784637281.026
14:34:41.026  ENF   delay=0.000 min_gap=1.000 jitter=0.000 gap=1.000 since_last=0.000 sleep=1.000
14:34:42.026  PARSE Account 1:1:1 → 0.300s/req pen=1s (used=0)  delay 0.000→1.300  min_gap→0  max_usage=0%
14:34:42.026  RAW   X-Rate-Limit-Rules: Account
14:34:42.026  RAW   X-Rate-Limit-Account: 1:1:1
14:34:42.026  RESP  POST /api/trade/search/Standard → 200  1.000s  delay=1.300 min_gap=0.000 last=1784637282.026
14:34:42.026  INIT  user_agent=test/0.1.0 delay=0.0 min_gap=1.0
14:34:42.026  PRE   POST /api/trade/search/Standard  delay=0.000 min_gap=1.000 last=1784637282.026
14:34:42.026  ENF   delay=0.000 min_gap=1.000 jitter=0.000 gap=1.000 since_last=0.000 sleep=1.000
14:34:42.026  PARSE Account 3:5:60 → 0.500s/req pen=60s (used=0)  delay 0.000→1.500  min_gap→0  max_usage=0%
14:34:42.026  RAW   X-Rate-Limit-Rules: Account
14:34:42.026  RAW   X-Rate-Limit-Account: 3:5:60
14:34:42.026  RESP  POST /api/trade/search/Standard → 200  0.000s  delay=1.500 min_gap=0.000 last=1784637282.027
14:34:42.026  PRE   GET /api/trade/fetch/a  delay=1.500 min_gap=0.000 last=1784637282.027
14:34:42.027  ENF   delay=1.500 min_gap=0.000 jitter=0.000 gap=1.500 since_last=0.000 sleep=1.500
14:34:42.027  PARSE Account 3:5:60 → 0.500s/req pen=60s (used=0)  delay 1.500→1.500  min_gap→0  max_usage=0%
14:34:42.027  RAW   X-Rate-Limit-Rules: Account
14:34:42.027  RAW   X-Rate-Limit-Account: 3:5:60
14:34:42.027  RESP  GET /api/trade/fetch/a → 200  0.000s  delay=1.500 min_gap=0.000 last=1784637282.027
14:34:42.027  INIT  user_agent=test/0.1.0 delay=0.0 min_gap=1.0
14:34:42.027  PRE   POST /api/trade/search/Standard  delay=0.000 min_gap=1.000 last=990.000
14:34:42.027  RESP  POST /api/trade/search/Standard → 200  0.000s  delay=0.000 min_gap=1.000 last=1000.000
14:34:42.027  PRE   POST /api/trade/search/Standard  delay=0.000 min_gap=1.000 last=1000.000
14:34:42.027  ENF   delay=0.000 min_gap=1.000 jitter=2.000 gap=3.000 since_last=0.000 sleep=3.000
14:34:42.027  RESP  POST /api/trade/search/Standard → 200  3.000s  delay=0.000 min_gap=1.000 last=1003.000
14:34:42.027  PRE   POST /api/trade/search/Standard  delay=0.000 min_gap=1.000 last=1003.000
14:34:42.027  ENF   delay=0.000 min_gap=1.000 jitter=2.000 gap=3.000 since_last=0.000 sleep=3.000
14:34:42.027  PARSE Account 3:5:60 → 0.500s/req pen=60s (used=0)  delay 0.000→1.500  min_gap→0  max_usage=0%
14:34:42.027  RAW   X-Rate-Limit-Rules: Account
14:34:42.027  RAW   X-Rate-Limit-Account: 3:5:60
14:34:42.027  RESP  POST /api/trade/search/Standard → 200  3.000s  delay=1.500 min_gap=0.000 last=1006.000
14:34:42.027  PRE   POST /api/trade/search/Standard  delay=1.500 min_gap=0.000 last=1006.000
14:34:42.027  ENF   delay=1.500 min_gap=0.000 jitter=2.000 gap=3.500 since_last=0.000 sleep=3.500
14:34:42.027  PARSE Account 3:5:60 → 0.500s/req pen=60s (used=0)  delay 1.500→1.500  min_gap→0  max_usage=0%
14:34:42.027  RAW   X-Rate-Limit-Rules: Account
14:34:42.027  RAW   X-Rate-Limit-Account: 3:5:60
14:34:42.027  RESP  POST /api/trade/search/Standard → 200  3.500s  delay=1.500 min_gap=0.000 last=1009.500
14:34:42.027  PRE   POST /api/trade/search/Standard  delay=1.500 min_gap=0.000 last=1009.500
14:34:42.027  ENF   delay=1.500 min_gap=0.000 jitter=2.000 gap=3.500 since_last=0.000 sleep=3.500
14:34:42.027  PARSE Ip 60:300:1800 → 1.500s/req pen=1800s (used=0)  delay 1.500→2.500  min_gap→0  max_usage=0%
14:34:42.027  RAW   X-Rate-Limit-Rules: Ip
14:34:42.027  RAW   X-Rate-Limit-Ip: 60:300:1800
14:34:42.027  RESP  POST /api/trade/search/Standard → 200  3.500s  delay=2.500 min_gap=0.000 last=1013.000
14:34:42.027  PRE   POST /api/trade/search/Standard  delay=2.500 min_gap=0.000 last=1013.000
14:34:42.027  ENF   delay=2.500 min_gap=0.000 jitter=2.000 gap=4.500 since_last=0.000 sleep=4.500
14:34:42.027  PARSE Ip 60:300:1800 → 1.500s/req pen=1800s (used=0)  delay 2.500→2.500  min_gap→0  max_usage=0%
14:34:42.027  RAW   X-Rate-Limit-Rules: Ip
14:34:42.027  RAW   X-Rate-Limit-Ip: 60:300:1800
14:34:42.027  RESP  POST /api/trade/search/Standard → 200  4.500s  delay=2.500 min_gap=0.000 last=1017.500
14:34:42.028  INIT  user_agent=test/0.1.0 delay=0.0 min_gap=1.0
14:34:42.028  PRE   POST /api/trade/search/Standard  delay=0.000 min_gap=1.000 last=1784637282.028
14:34:42.028  ENF   delay=0.000 min_gap=1.000 jitter=0.000 gap=1.000 since_last=0.000 sleep=1.000
14:34:43.028  PARSE Ip 60:300:1800 → 6.250s/req pen=1800s (used=30)  delay 0.000→7.250  min_gap→0  max_usage=50%
14:34:43.028  RAW   X-Rate-Limit-Rules: Ip
14:34:43.028  RAW   X-Rate-Limit-Ip: 60:300:1800
14:34:43.028  RAW   X-Rate-Limit-Ip-State: 30:300:0
14:34:43.028  RESP  POST /api/trade/search/Standard → 200  1.000s  delay=7.250 min_gap=0.000 last=1784637283.028
14:34:43.028  PRE   POST /api/trade/search/Standard  delay=7.250 min_gap=0.000 last=1784637283.028
14:34:43.028  ENF   delay=7.250 min_gap=0.000 jitter=0.000 gap=7.250 since_last=0.000 sleep=7.250
14:34:50.278  PARSE Ip 60:300:1800 → 2.875s/req pen=1800s (used=3)  delay 7.250→3.875  min_gap→0  max_usage=5%
14:34:50.278  RAW   X-Rate-Limit-Rules: Ip
14:34:50.278  RAW   X-Rate-Limit-Ip: 60:300:1800
14:34:50.278  RAW   X-Rate-Limit-Ip-State: 3:300:0
14:34:50.278  RESP  POST /api/trade/search/Standard → 200  7.250s  delay=3.875 min_gap=0.000 last=1784637290.279
14:34:50.278  INIT  user_agent=test/0.1.0 delay=0.0 min_gap=1.0
14:34:50.278  PRE   POST /api/trade/search/Standard  delay=0.000 min_gap=1.000 last=1784637290.279
14:34:50.278  ENF   delay=0.000 min_gap=1.000 jitter=0.000 gap=1.000 since_last=0.000 sleep=1.000
14:34:51.278  PARSE Ip 60:300:1800 → 1.500s/req pen=1800s (used=0)  delay 0.000→2.500  min_gap→0  max_usage=0%
14:34:51.278  RAW   X-Rate-Limit-Rules: Ip
14:34:51.278  RAW   X-Rate-Limit-Ip: 60:300:1800
14:34:51.279  RESP  POST /api/trade/search/Standard → 200  1.000s  delay=2.500 min_gap=0.000 last=1784637291.279
14:34:51.279  INIT  user_agent=test/0.1.0 delay=0.0 min_gap=1.0
14:34:51.279  PRE   POST /api/trade/search/Standard  delay=0.000 min_gap=1.000 last=1784637291.279
14:34:51.279  ENF   delay=0.000 min_gap=1.000 jitter=0.000 gap=1.000 since_last=0.000 sleep=1.000
14:34:51.279  RESP  POST /api/trade/search/Standard → 200  0.000s  delay=0.000 min_gap=1.000 last=1784637291.279
14:34:51.279  PRE   POST /api/trade/search/Standard  delay=0.000 min_gap=1.000 last=1784637291.279
14:34:51.279  ENF   delay=0.000 min_gap=1.000 jitter=0.000 gap=1.000 since_last=0.000 sleep=1.000
14:34:51.279  RESP  POST /api/trade/search/Standard → 200  0.000s  delay=0.000 min_gap=1.000 last=1784637291.280
14:34:51.279  INIT  user_agent=test/0.1.0 delay=0.0 min_gap=1.0
14:34:51.279  PRE   POST /api/trade/search/Standard  delay=0.000 min_gap=1.000 last=1784637291.280
14:34:51.279  ENF   delay=0.000 min_gap=1.000 jitter=0.000 gap=1.000 since_last=0.000 sleep=1.000
14:34:52.279  PARSE Account 3:5:60 → 0.500s/req pen=60s (used=0)  delay 0.000→1.500  min_gap→0  max_usage=0%
14:34:52.279  RAW   X-Rate-Limit-Rules: Account
14:34:52.279  RAW   X-Rate-Limit-Account: 3:5:60
14:34:52.279  RESP  POST /api/trade/search/Standard → 200  1.000s  delay=1.500 min_gap=0.000 last=1784637292.280
14:34:52.280  INIT  user_agent=test/0.1.0 delay=0.0 min_gap=1.0
14:34:52.280  PRE   POST /api/trade/search/Standard  delay=0.000 min_gap=1.000 last=1784637292.280
14:34:52.280  ENF   delay=0.000 min_gap=1.000 jitter=0.000 gap=1.000 since_last=0.000 sleep=1.000
14:34:53.280  PARSE Ip 60:300:1800 → 9.250s/req pen=1800s (used=54)  delay 0.000→10.250  min_gap→0  max_usage=90%
14:34:53.280  BACK  set 200s backoff at 90% usage
14:34:53.280  RAW   X-Rate-Limit-Rules: Ip
14:34:53.280  RAW   X-Rate-Limit-Ip: 60:300:1800
14:34:53.280  RAW   X-Rate-Limit-Ip-State: 54:300:0
14:34:53.280  RESP  POST /api/trade/search/Standard → 200  1.000s  delay=10.250 min_gap=0.000 last=1784637293.280
14:34:53.280  INIT  user_agent=test/0.1.0 delay=0.0 min_gap=1.0
14:34:53.280  LOCK  sleep=9999.000
14:34:53.280  ENF   delay=0.010 min_gap=1.000 jitter=0.000 gap=1.000 since_last=0.000 sleep=1.000
14:34:53.281  INIT  user_agent=test/0.1.0 delay=0.0 min_gap=1.0
14:34:53.281  PRE   POST /api/trade/search/Standard  delay=0.000 min_gap=1.000 last=1784637293.281
14:34:53.281  ENF   delay=0.000 min_gap=1.000 jitter=0.000 gap=1.000 since_last=0.000 sleep=1.000
14:34:54.281  PARSE Ip 60:300:1800 → 3.250s/req pen=1800s (used=6)  delay 0.000→4.250  min_gap→0  max_usage=10%
14:34:54.281  RAW   X-Rate-Limit-Rules: Ip
14:34:54.281  RAW   X-Rate-Limit-Ip: 60:300:1800
14:34:54.281  RAW   X-Rate-Limit-Ip-State: 6:300:0
14:34:54.281  RESP  POST /api/trade/search/Standard → 200  1.000s  delay=4.250 min_gap=0.000 last=1784637294.281
14:34:54.281  INIT  user_agent=test/0.1.0 delay=0.0 min_gap=1.0
14:34:54.281  PRE   POST /api/trade/search/Standard  delay=0.000 min_gap=1.000 last=1784637294.281
14:34:54.281  ENF   delay=0.000 min_gap=1.000 jitter=0.000 gap=1.000 since_last=0.000 sleep=1.000
14:34:55.281  PARSE Account 3:5:60 → 0.500s/req pen=60s (used=0)  delay 0.000→1.500  min_gap→0  max_usage=0%
14:34:55.281  RAW   X-Rate-Limit-Rules: Account
14:34:55.281  RAW   X-Rate-Limit-Account: 3:5:60
14:34:55.281  RESP  POST /api/trade/search/Standard → 200  1.000s  delay=1.500 min_gap=0.000 last=1784637295.282
14:34:55.281  INIT  user_agent=test/0.1.0 delay=0.0 min_gap=1.0
14:34:55.281  PRE   POST /api/trade/search/Standard  delay=0.000 min_gap=1.000 last=1784637295.282
14:34:55.281  ENF   delay=0.000 min_gap=1.000 jitter=0.000 gap=1.000 since_last=0.000 sleep=1.000
14:34:56.281  PARSE Ip 8:10:60 → 0.375s/req pen=60s (used=0); Ip 15:60:120 → 1.200s/req pen=120s (used=0); Ip 60:300:1800 → 1.500s/req pen=1800s (used=0)  delay 0.000→2.500  min_gap→0  max_usage=0%
14:34:56.281  RAW   X-Rate-Limit-Rules: Ip
14:34:56.282  RAW   X-Rate-Limit-Ip: 8:10:60,15:60:120,60:300:1800
14:34:56.282  RESP  POST /api/trade/search/Standard → 200  1.000s  delay=2.500 min_gap=0.000 last=1784637296.282
14:34:56.282  INIT  user_agent=test/0.1.0 delay=0.0 min_gap=1.0
14:34:56.282  PRE   POST /api/trade/search/Standard  delay=0.000 min_gap=1.000 last=1784637296.282
14:34:56.282  ENF   delay=0.000 min_gap=1.000 jitter=0.000 gap=1.000 since_last=0.000 sleep=1.000
14:34:57.282  PARSE Account 3:5:60 → 2.500s/req pen=60s (used=2); Ip 15:60:120 → 3.200s/req pen=120s (used=3)  delay 0.000→4.200  min_gap→0  max_usage=20%
14:34:57.282  RAW   X-Rate-Limit-Rules: Account,Ip
14:34:57.282  RAW   X-Rate-Limit-Account: 3:5:60
14:34:57.282  RAW   X-Rate-Limit-Account-State: 2:5:0
14:34:57.282  RAW   X-Rate-Limit-Ip: 15:60:120
14:34:57.282  RAW   X-Rate-Limit-Ip-State: 3:60:0
14:34:57.282  RESP  POST /api/trade/search/Standard → 200  1.000s  delay=4.200 min_gap=0.000 last=1784637297.282
14:34:57.282  INIT  user_agent=test/0.1.0 delay=0.0 min_gap=1.0
14:34:57.282  PRE   POST /api/trade/search/Standard  delay=0.000 min_gap=1.000 last=1784637297.283
14:34:57.282  ENF   delay=0.000 min_gap=1.000 jitter=0.000 gap=1.000 since_last=0.000 sleep=1.000
14:34:58.282  PARSE Account 3:5:60 → 0.500s/req pen=60s (used=0); Ip 60:300:1800 → 1.500s/req pen=1800s (used=0)  delay 0.000→2.500  min_gap→0  max_usage=0%
14:34:58.282  RAW   X-Rate-Limit-Rules: Account,Ip
14:34:58.282  RAW   X-Rate-Limit-Account: 3:5:60
14:34:58.282  RAW   X-Rate-Limit-Ip: 60:300:1800
14:34:58.282  RESP  POST /api/trade/search/Standard → 200  1.000s  delay=2.500 min_gap=0.000 last=1784637298.283
14:34:58.283  INIT  user_agent=test/0.1.0 delay=0.0 min_gap=1.0
14:34:58.283  PRE   POST /api/trade/search/Standard  delay=0.000 min_gap=1.000 last=1784637298.283
14:34:58.283  ENF   delay=0.000 min_gap=1.000 jitter=0.000 gap=1.000 since_last=0.000 sleep=1.000
14:34:59.283  RESP  POST /api/trade/search/Standard → 200  1.000s  delay=0.000 min_gap=1.000 last=1784637299.283
